******************************************************************************
             TMS320C2000 Linker PC v20.2.5                     
******************************************************************************
>> Linked Fri Nov 11 18:12:50 2022

OUTPUT FILE NAME:   <lab2_v3.out>
ENTRY POINT SYMBOL: "_c_int00"  address: 003f1060


MEMORY CONFIGURATION

         name            origin    length      used     unused   attr    fill
----------------------  --------  ---------  --------  --------  ----  --------
PAGE 0:
  OTP                   003d7800   00000400  00000000  00000400  RWIX
  FLASH                 003f0000   00007f80  00002bc7  000053b9  RWIX
  CSM_RSVD              003f7f80   00000076  00000000  00000076  RWIX
  BEGIN                 003f7ff6   00000002  00000000  00000002  RWIX
  CSM_PWL               003f7ff8   00000008  00000000  00000008  RWIX
  IQTABLES              003fe000   00000b50  00000000  00000b50  RWIX
  IQTABLES2             003feb50   0000008c  00000000  0000008c  RWIX
  IQTABLES3             003febdc   000000aa  00000000  000000aa  RWIX
  ROM                   003ff27c   00000d44  00000000  00000d44  RWIX
  RESET                 003fffc0   00000002  00000000  00000002  RWIX
  VECTORS               003fffc2   0000003e  00000000  0000003e  RWIX

PAGE 1:
  M01SARAM              00000000   00000800  00000620  000001e0  RWIX
  DEV_EMU               00000880   00000105  00000004  00000101  RWIX
  SYS_PWR_CTL           00000985   00000003  00000003  00000000  RWIX
  FLASH_REGS            00000a80   00000060  00000008  00000058  RWIX
  CSM                   00000ae0   00000010  00000010  00000000  RWIX
  ADC_RESULT            00000b00   00000020  00000020  00000000  RWIX
  CPU_TIMER0            00000c00   00000008  00000008  00000000  RWIX
  CPU_TIMER1            00000c08   00000008  00000008  00000000  RWIX
  CPU_TIMER2            00000c10   00000008  00000008  00000000  RWIX
  PIE_CTRL              00000ce0   00000020  0000001a  00000006  RWIX
  PIEVECT               00000d00   00000100  00000000  00000100  RWIX
  COMP1                 00006400   00000020  00000020  00000000  RWIX
  COMP2                 00006420   00000020  00000020  00000000  RWIX
  EPWM1                 00006800   00000040  00000040  00000000  RWIX
  EPWM2                 00006840   00000040  00000040  00000000  RWIX
  EPWM3                 00006880   00000040  00000040  00000000  RWIX
  EPWM4                 000068c0   00000040  00000040  00000000  RWIX
  ECAP1                 00006a00   00000020  00000020  00000000  RWIX
  GPIOCTRL              00006f80   00000040  00000040  00000000  RWIX
  GPIODAT               00006fc0   00000020  00000020  00000000  RWIX
  GPIOINT               00006fe0   00000020  0000000a  00000016  RWIX
  SYSTEM                00007010   00000020  0000001f  00000001  RWIX
  SPIA                  00007040   00000010  00000010  00000000  RWIX
  SCIA                  00007050   00000010  00000010  00000000  RWIX
  NMIINTRUPT            00007060   00000010  00000010  00000000  RWIX
  XINTRUPT              00007070   00000010  00000010  00000000  RWIX
  ADC                   00007100   00000080  00000051  0000002f  RWIX
  I2CA                  00007900   00000040  00000022  0000001e  RWIX
  L0SARAM               00008000   00001000  00000120  00000ee0  RWIX
  PARTID                003d7fff   00000001  00000001  00000000  RWIX
  CSM_PWL               003f7ff8   00000008  00000008  00000000  RWIX


SECTION ALLOCATION MAP

 output                                  attributes/
section   page    origin      length       input sections
--------  ----  ----------  ----------   ----------------
PieVectTableFile 
*          0    00000d00    00000100     DSECT
                  00000d00    00000100     F2802x_GlobalVariableDefs.obj (PieVectTableFile)

EmuKeyVar 
*          0    00000d00    00000001     DSECT
                  00000d00    00000001     F2802x_GlobalVariableDefs.obj (EmuKeyVar)

EmuBModeVar 
*          0    00000d01    00000001     DSECT
                  00000d01    00000001     F2802x_GlobalVariableDefs.obj (EmuBModeVar)

FlashCallbackVar 
*          0    00000d02    00000002     DSECT
                  00000d02    00000002     F2802x_GlobalVariableDefs.obj (FlashCallbackVar)

FlashScalingVar 
*          0    00000d04    00000002     DSECT
                  00000d04    00000002     F2802x_GlobalVariableDefs.obj (FlashScalingVar)

.econst    0    003f2336    00000485     
                  003f2336    00000100     Lab2Idle_p28L.o28L (.econst:_ti_sysbios_family_c28_Hwi_vectors)
                  003f2436    0000006b     Lab2Idle_p28L.o28L (.econst:.string)
                  003f24a1    00000001     Lab2Idle_p28L.o28L (.econst:ti_sysbios_family_c28_Hwi_Module__id__C)
                  003f24a2    00000058     ti.targets.rts2800.a28L : Error.o28L (.econst:.string)
                  003f24fa    00000047                             : Log.o28L (.econst:.string)
                  003f2541    00000001     Lab2Idle_p28L.o28L (.econst:ti_sysbios_family_c28_Hwi_NUM_INTERRUPTS_ALL__C)
                  003f2542    00000031     ti.targets.rts2800.a28L : Text.o28L (.econst:.string)
                  003f2573    00000001     Lab2Idle_p28L.o28L (.econst:ti_sysbios_family_c28_Hwi_Object__count__C)
                  003f2574    0000002a     ti.targets.rts2800.a28L : Startup.o28L (.econst:.string)
                  003f259e    0000001f     Lab2Idle_main.obj (.econst:.string)
                  003f25bd    00000001     Lab2Idle_p28L.o28L (.econst:ti_sysbios_family_c28_TaskSupport_Module__id__C)
                  003f25be    0000001e     Lab2Idle_p28L.o28L (.econst:xdc_runtime_LoggerBuf_Module__FXNS__C)
                  003f25dc    00000019     ti.targets.rts2800.a28L : System.o28L (.econst:.string)
                  003f25f5    00000001     Lab2Idle_p28L.o28L (.econst:ti_sysbios_family_c28_Timer_startupNeeded__C)
                  003f25f6    00000016     Lab2Idle_p28L.o28L (.econst:xdc_runtime_Startup_sfxnTab__A)
                  003f260c    00000014     Lab2Idle_p28L.o28L (.econst:xdc_runtime_HeapStd_Module__FXNS__C)
                  003f2620    00000012     Lab2Idle_p28L.o28L (.econst:ti_sysbios_gates_GateHwi_Module__FXNS__C)
                  003f2632    00000012     Lab2Idle_p28L.o28L (.econst:ti_sysbios_gates_GateMutex_Module__FXNS__C)
                  003f2644    00000012     Lab2Idle_p28L.o28L (.econst:xdc_runtime_LoggerBuf_Object__PARAMS__C)
                  003f2656    00000010     Lab2Idle_p28L.o28L (.econst:ti_sysbios_gates_GateHwi_Object__DESC__C)
                  003f2666    00000010     Lab2Idle_p28L.o28L (.econst:ti_sysbios_gates_GateMutex_Object__DESC__C)
                  003f2676    00000010     Lab2Idle_p28L.o28L (.econst:ti_sysbios_knl_Queue_Object__DESC__C)
                  003f2686    00000010     Lab2Idle_p28L.o28L (.econst:ti_sysbios_knl_Semaphore_Object__DESC__C)
                  003f2696    00000010     Lab2Idle_p28L.o28L (.econst:ti_sysbios_knl_Semaphore_Object__PARAMS__C)
                  003f26a6    00000010     Lab2Idle_p28L.o28L (.econst:xdc_runtime_HeapStd_Object__DESC__C)
                  003f26b6    00000010     Lab2Idle_p28L.o28L (.econst:xdc_runtime_LoggerBuf_Object__DESC__C)
                  003f26c6    0000000e     Lab2Idle_p28L.o28L (.econst:xdc_runtime_HeapStd_Object__PARAMS__C)
                  003f26d4    0000000c     Lab2Idle_p28L.o28L (.econst:ti_sysbios_gates_GateHwi_Object__PARAMS__C)
                  003f26e0    0000000c     Lab2Idle_p28L.o28L (.econst:ti_sysbios_gates_GateMutex_Object__PARAMS__C)
                  003f26ec    0000000c     Lab2Idle_p28L.o28L (.econst:ti_sysbios_knl_Queue_Object__PARAMS__C)
                  003f26f8    0000000b     Lab2Idle_p28L.o28L (.econst:xdc_runtime_Startup_sfxnRts__A)
                  003f2703    00000001     Lab2Idle_p28L.o28L (.econst:ti_sysbios_family_c28_TimestampProvider_Module__id__C)
                  003f2704    00000006     Lab2Idle_p28L.o28L (.econst:ti_sysbios_knl_Idle_funcList__A)
                  003f270a    00000005     ti.targets.rts2800.a28L : Assert.o28L (.econst:.string)
                  003f270f    00000001     Lab2Idle_p28L.o28L (.econst:ti_sysbios_family_c28_TimestampProvider_useClockTimer__C)
                  003f2710    00000004     Lab2Idle_p28L.o28L (.econst:ti_sysbios_knl_Idle_funcList__C)
                  003f2714    00000004     Lab2Idle_p28L.o28L (.econst:xdc_runtime_Startup_firstFxns__C)
                  003f2718    00000004     Lab2Idle_p28L.o28L (.econst:xdc_runtime_Startup_lastFxns__C)
                  003f271c    00000002     Lab2Idle_p28L.o28L (.econst)
                  003f271e    00000002     Lab2Idle_p28L.o28L (.econst:ti_sysbios_family_c28_Hwi_A_badIntNum__C)
                  003f2720    00000002     Lab2Idle_p28L.o28L (.econst:ti_sysbios_family_c28_Hwi_A_invalidArg__C)
                  003f2722    00000002     Lab2Idle_p28L.o28L (.econst:ti_sysbios_family_c28_Hwi_E_unpluggedInterrupt__C)
                  003f2724    00000002     Lab2Idle_p28L.o28L (.econst:ti_sysbios_family_c28_Hwi_Module__diagsEnabled__C)
                  003f2726    00000002     Lab2Idle_p28L.o28L (.econst:ti_sysbios_family_c28_Hwi_Module__diagsIncluded__C)
                  003f2728    00000002     Lab2Idle_p28L.o28L (.econst:ti_sysbios_family_c28_Hwi_Module__diagsMask__C)
                  003f272a    00000002     Lab2Idle_p28L.o28L (.econst:ti_sysbios_family_c28_TaskSupport_E_invalidStack__C)
                  003f272c    00000002     Lab2Idle_p28L.o28L (.econst:ti_sysbios_family_c28_TimestampProvider_Module__diagsEnabled__C)
                  003f272e    00000002     Lab2Idle_p28L.o28L (.econst:ti_sysbios_family_c28_TimestampProvider_Module__diagsIncluded__C)
                  003f2730    00000002     Lab2Idle_p28L.o28L (.econst:ti_sysbios_family_c28_TimestampProvider_Module__diagsMask__C)
                  003f2732    00000002     Lab2Idle_p28L.o28L (.econst:ti_sysbios_gates_GateMutex_A_badContext__C)
                  003f2734    00000002     Lab2Idle_p28L.o28L (.econst:ti_sysbios_gates_GateMutex_Instance_State_sem__O)
                  003f2736    00000002     Lab2Idle_p28L.o28L (.econst:ti_sysbios_gates_GateMutex_Module__diagsEnabled__C)
                  003f2738    00000002     Lab2Idle_p28L.o28L (.econst:ti_sysbios_gates_GateMutex_Module__diagsIncluded__C)
                  003f273a    00000002     Lab2Idle_p28L.o28L (.econst:ti_sysbios_gates_GateMutex_Module__diagsMask__C)
                  003f273c    00000002     Lab2Idle_p28L.o28L (.econst:ti_sysbios_hal_Hwi_E_stackOverflow__C)
                  003f273e    00000002     Lab2Idle_p28L.o28L (.econst:ti_sysbios_knl_Clock_Module_State_clockQ__O)
                  003f2740    00000002     Lab2Idle_p28L.o28L (.econst:ti_sysbios_knl_Semaphore_A_badContext__C)
                  003f2742    00000002     Lab2Idle_p28L.o28L (.econst:ti_sysbios_knl_Semaphore_A_noEvents__C)
                  003f2744    00000002     Lab2Idle_p28L.o28L (.econst:ti_sysbios_knl_Semaphore_A_overflow__C)
                  003f2746    00000002     Lab2Idle_p28L.o28L (.econst:ti_sysbios_knl_Semaphore_A_pendTaskDisabled__C)
                  003f2748    00000002     Lab2Idle_p28L.o28L (.econst:ti_sysbios_knl_Semaphore_Instance_State_pendQ__O)
                  003f274a    00000002     Lab2Idle_p28L.o28L (.econst:ti_sysbios_knl_Semaphore_Module__diagsEnabled__C)
                  003f274c    00000002     Lab2Idle_p28L.o28L (.econst:ti_sysbios_knl_Semaphore_Module__diagsIncluded__C)
                  003f274e    00000002     Lab2Idle_p28L.o28L (.econst:ti_sysbios_knl_Semaphore_Module__diagsMask__C)
                  003f2750    00000002     Lab2Idle_p28L.o28L (.econst:ti_sysbios_knl_Task_E_spOutOfBounds__C)
                  003f2752    00000002     Lab2Idle_p28L.o28L (.econst:ti_sysbios_knl_Task_E_stackOverflow__C)
                  003f2754    00000002     Lab2Idle_p28L.o28L (.econst:ti_sysbios_knl_Task_Module_State_inactiveQ__O)
                  003f2756    00000002     Lab2Idle_p28L.o28L (.econst:ti_sysbios_knl_Task_allBlockedFunc__C)
                  003f2758    00000002     Lab2Idle_p28L.o28L (.econst:xdc_runtime_Assert_E_assertFailed__C)
                  003f275a    00000002     Lab2Idle_p28L.o28L (.econst:xdc_runtime_Core_A_initializedParams__C)
                  003f275c    00000002     Lab2Idle_p28L.o28L (.econst:xdc_runtime_Core_Module__diagsEnabled__C)
                  003f275e    00000002     Lab2Idle_p28L.o28L (.econst:xdc_runtime_Core_Module__diagsIncluded__C)
                  003f2760    00000002     Lab2Idle_p28L.o28L (.econst:xdc_runtime_Core_Module__diagsMask__C)
                  003f2762    00000002     Lab2Idle_p28L.o28L (.econst:xdc_runtime_Error_E_memory__C)
                  003f2764    00000002     Lab2Idle_p28L.o28L (.econst:xdc_runtime_Error_policyFxn__C)
                  003f2766    00000002     Lab2Idle_p28L.o28L (.econst:xdc_runtime_Error_raiseHook__C)
                  003f2768    00000002     Lab2Idle_p28L.o28L (.econst:xdc_runtime_HeapStd_A_align__C)
                  003f276a    00000002     Lab2Idle_p28L.o28L (.econst:xdc_runtime_HeapStd_A_invalidTotalFreeSize__C)
                  003f276c    00000002     Lab2Idle_p28L.o28L (.econst:xdc_runtime_HeapStd_A_zeroSize__C)
                  003f276e    00000002     Lab2Idle_p28L.o28L (.econst:xdc_runtime_HeapStd_E_noRTSMemory__C)
                  003f2770    00000002     Lab2Idle_p28L.o28L (.econst:xdc_runtime_HeapStd_Module__diagsEnabled__C)
                  003f2772    00000002     Lab2Idle_p28L.o28L (.econst:xdc_runtime_HeapStd_Module__diagsIncluded__C)
                  003f2774    00000002     Lab2Idle_p28L.o28L (.econst:xdc_runtime_HeapStd_Module__diagsMask__C)
                  003f2776    00000002     Lab2Idle_p28L.o28L (.econst:xdc_runtime_IFilterLogger_Interface__BASE__C)
                  003f2778    00000002     Lab2Idle_p28L.o28L (.econst:xdc_runtime_IGateProvider_Interface__BASE__C)
                  003f277a    00000002     Lab2Idle_p28L.o28L (.econst:xdc_runtime_IHeap_Interface__BASE__C)
                  003f277c    00000002     Lab2Idle_p28L.o28L (.econst:xdc_runtime_ILogger_Interface__BASE__C)
                  003f277e    00000002     Lab2Idle_p28L.o28L (.econst:xdc_runtime_IModule_Interface__BASE__C)
                  003f2780    00000002     Lab2Idle_p28L.o28L (.econst:xdc_runtime_LoggerBuf_E_badLevel__C)
                  003f2782    00000002     Lab2Idle_p28L.o28L (.econst:xdc_runtime_LoggerBuf_Module__gateObj__C)
                  003f2784    00000002     Lab2Idle_p28L.o28L (.econst:xdc_runtime_LoggerBuf_statusLogger__C)
                  003f2786    00000002     Lab2Idle_p28L.o28L (.econst:xdc_runtime_Memory_defaultHeapInstance__C)
                  003f2788    00000002     Lab2Idle_p28L.o28L (.econst:xdc_runtime_Startup_execImpl__C)
                  003f278a    00000002     Lab2Idle_p28L.o28L (.econst:xdc_runtime_Startup_firstFxns__A)
                  003f278c    00000002     Lab2Idle_p28L.o28L (.econst:xdc_runtime_Startup_lastFxns__A)
                  003f278e    00000002     Lab2Idle_p28L.o28L (.econst:xdc_runtime_Startup_sfxnRts__C)
                  003f2790    00000002     Lab2Idle_p28L.o28L (.econst:xdc_runtime_Startup_sfxnTab__C)
                  003f2792    00000002     Lab2Idle_p28L.o28L (.econst:xdc_runtime_SysMin_bufSize__C)
                  003f2794    00000002     Lab2Idle_p28L.o28L (.econst:xdc_runtime_SysMin_outputFunc__C)
                  003f2796    00000002     Lab2Idle_p28L.o28L (.econst:xdc_runtime_System_Module__gateObj__C)
                  003f2798    00000002     Lab2Idle_p28L.o28L (.econst:xdc_runtime_System_abortFxn__C)
                  003f279a    00000002     Lab2Idle_p28L.o28L (.econst:xdc_runtime_System_exitFxn__C)
                  003f279c    00000002     Lab2Idle_p28L.o28L (.econst:xdc_runtime_System_extendFxn__C)
                  003f279e    00000002     Lab2Idle_p28L.o28L (.econst:xdc_runtime_Text_charTab__C)
                  003f27a0    00000002     Lab2Idle_p28L.o28L (.econst:xdc_runtime_Text_nodeTab__A)
                  003f27a2    00000002     Lab2Idle_p28L.o28L (.econst:xdc_runtime_Text_visitRopeFxn__C)
                  003f27a4    00000001     Lab2Idle_p28L.o28L (.econst:ti_sysbios_gates_GateMutex_Module__id__C)
                  003f27a5    00000001     Lab2Idle_p28L.o28L (.econst:ti_sysbios_hal_Hwi_Module__id__C)
                  003f27a6    00000001     Lab2Idle_p28L.o28L (.econst:ti_sysbios_knl_Semaphore_Module__id__C)
                  003f27a7    00000001     Lab2Idle_p28L.o28L (.econst:ti_sysbios_knl_Swi_Object__count__C)
                  003f27a8    00000001     Lab2Idle_p28L.o28L (.econst:ti_sysbios_knl_Task_Module__id__C)
                  003f27a9    00000001     Lab2Idle_p28L.o28L (.econst:ti_sysbios_knl_Task_Object__count__C)
                  003f27aa    00000001     Lab2Idle_p28L.o28L (.econst:ti_sysbios_knl_Task_numConstructedTasks__C)
                  003f27ab    00000001     Lab2Idle_p28L.o28L (.econst:xdc_runtime_Core_Module__id__C)
                  003f27ac    00000001     Lab2Idle_p28L.o28L (.econst:xdc_runtime_Error_Module__loggerDefined__C)
                  003f27ad    00000001     Lab2Idle_p28L.o28L (.econst:xdc_runtime_Error_maxDepth__C)
                  003f27ae    00000001     Lab2Idle_p28L.o28L (.econst:xdc_runtime_Error_policy__C)
                  003f27af    00000001     Lab2Idle_p28L.o28L (.econst:xdc_runtime_HeapStd_Module__id__C)
                  003f27b0    00000001     Lab2Idle_p28L.o28L (.econst:xdc_runtime_LoggerBuf_Module__id__C)
                  003f27b1    00000001     Lab2Idle_p28L.o28L (.econst:xdc_runtime_LoggerBuf_Object__count__C)
                  003f27b2    00000001     Lab2Idle_p28L.o28L (.econst:xdc_runtime_LoggerBuf_filterByLevel__C)
                  003f27b3    00000001     Lab2Idle_p28L.o28L (.econst:xdc_runtime_Memory_Module__id__C)
                  003f27b4    00000001     Lab2Idle_p28L.o28L (.econst:xdc_runtime_Startup_maxPasses__C)
                  003f27b5    00000001     Lab2Idle_p28L.o28L (.econst:xdc_runtime_SysMin_flushAtExit__C)
                  003f27b6    00000001     Lab2Idle_p28L.o28L (.econst:xdc_runtime_System_maxAtexitHandlers__C)
                  003f27b7    00000001     Lab2Idle_p28L.o28L (.econst:xdc_runtime_Text_charTab__A)
                  003f27b8    00000001     Lab2Idle_p28L.o28L (.econst:xdc_runtime_Text_isLoaded__C)
                  003f27b9    00000001     Lab2Idle_p28L.o28L (.econst:xdc_runtime_Text_registryModsLastId__C)
                  003f27ba    00000001     Lab2Idle_p28L.o28L (.econst:xdc_runtime_Text_unnamedModsLastId__C)

.cinit     0    003f27bb    000003f0     
                  003f27bb    0000012c     Lab2Idle_p28L.o28L (.cinit)
                  003f28e7    00000103     Lab2Idle_p28L.o28L (.cinit:_ti_sysbios_family_c28_Hwi_Module_State_0_dispatchTable__A)
                  003f29ea    0000004b     Lab2Idle_p28L.o28L (.cinit:_ti_sysbios_family_c28_Timer_Object__table__V)
                  003f2a35    00000043     Lab2Idle_p28L.o28L (.cinit:_ti_sysbios_knl_Swi_Module_State_0_readyQ__A)
                  003f2a78    00000043     Lab2Idle_p28L.o28L (.cinit:_ti_sysbios_knl_Task_Module_State_0_readyQ__A)
                  003f2abb    00000033     Lab2Idle_p28L.o28L (.cinit:_ti_sysbios_family_c28_Hwi_Object__table__V)
                  003f2aee    0000002d     Lab2Idle_p28L.o28L (.cinit:_ti_sysbios_knl_Task_Object__table__V)
                  003f2b1b    00000017     Lab2Idle_p28L.o28L (.cinit:_ti_sysbios_knl_Swi_Object__table__V)
                  003f2b32    00000015     Lab2Idle_p28L.o28L (.cinit:_xdc_runtime_LoggerBuf_Object__table__V)
                  003f2b47    00000014     Lab2Idle_main.obj (.cinit)
                  003f2b5b    00000011     Lab2Idle_p28L.o28L (.cinit:_ti_sysbios_gates_GateMutex_Object__table__V)
                  003f2b6c    0000000e     rts2800_ml.lib : exit.c.obj (.cinit)
                  003f2b7a    0000000b     Lab2Idle_p28L.o28L (.cinit:_xdc_runtime_System_Module_State_0_atexitHandlers__A)
                  003f2b85    00000009     Lab2Idle_p28L.o28L (.cinit:_xdc_runtime_HeapStd_Object__table__V)
                  003f2b8e    00000007     Lab2Idle_p28L.o28L (.cinit:_ti_sysbios_hal_Timer_Object__table__V)
                  003f2b95    00000005     rts2800_ml.lib : _lock.c.obj (.cinit:__lock)
                  003f2b9a    00000005                    : _lock.c.obj (.cinit:__unlock)
                  003f2b9f    00000005     Lab2Idle_p28L.o28L (.cinit:_ti_sysbios_gates_GateHwi_Object__table__V)
                  003f2ba4    00000005     Lab2Idle_p28L.o28L (.cinit:_ti_sysbios_knl_Task_Module_State_0_idleTask__A)
                  003f2ba9    00000002     --HOLE-- [fill = 0]

.switch    0    003f2bac    0000001c     
                  003f2bac    0000001c     sysbios.a28L : BIOS.obj (.switch:_ti_sysbios_family_c28_Hwi_clearInterrupt__E)

.ebss      1    00000000    00000494     UNINITIALIZED
                  00000000    00000100     Lab2Idle_p28L.o28L (.ebss:_ti_sysbios_family_c28_Hwi_Module_State_0_dispatchTable__A)
                  00000100    00000100     Lab2Idle_p28L.o28L (.ebss:taskStackSection)
                  00000200    00000080     Lab2Idle_p28L.o28L (.ebss:_xdc_runtime_SysMin_Module_State_0_outbuf__A)
                  00000280    00000050     Lab2Idle_p28L.o28L (.ebss)
                  000002d0    00000030     Lab2Idle_p28L.o28L (.ebss:_ti_sysbios_family_c28_Hwi_Object__table__V)
                  00000300    00000048     Lab2Idle_p28L.o28L (.ebss:_ti_sysbios_family_c28_Timer_Object__table__V)
                  00000348    0000002a     Lab2Idle_p28L.o28L (.ebss:_ti_sysbios_knl_Task_Object__table__V)
                  00000372    0000000e     Lab2Idle_p28L.o28L (.ebss:_ti_sysbios_gates_GateMutex_Object__table__V)
                  00000380    00000040     Lab2Idle_p28L.o28L (.ebss:_ti_sysbios_knl_Swi_Module_State_0_readyQ__A)
                  000003c0    00000040     Lab2Idle_p28L.o28L (.ebss:_ti_sysbios_knl_Task_Module_State_0_readyQ__A)
                  00000400    00000040     Lab2Idle_p28L.o28L (.ebss:_xdc_runtime_LoggerBuf_Instance_State_0_entryArr__A)
                  00000440    00000014     Lab2Idle_p28L.o28L (.ebss:_ti_sysbios_knl_Swi_Object__table__V)
                  00000454    00000012     Lab2Idle_p28L.o28L (.ebss:_xdc_runtime_LoggerBuf_Object__table__V)
                  00000466    00000008     rts2800_ml.lib : hostopen.c.obj (.ebss:_parmbuf)
                  0000046e    00000008     Lab2Idle_p28L.o28L (.ebss:_xdc_runtime_System_Module_State_0_atexitHandlers__A)
                  00000476    00000006     Lab2Idle_p28L.o28L (.ebss:_xdc_runtime_HeapStd_Object__table__V)
                  0000047c    00000004     Lab2Idle_p28L.o28L (.ebss:_ti_sysbios_hal_Timer_Object__table__V)
                  00000480    00000006     rts2800_ml.lib : exit.c.obj (.ebss)
                  00000486    00000005     Lab2Idle_main.obj (.ebss)
                  0000048b    00000001     --HOLE--
                  0000048c    00000002     rts2800_ml.lib : _lock.c.obj (.ebss:__lock)
                  0000048e    00000002                    : _lock.c.obj (.ebss:__unlock)
                  00000490    00000002     Lab2Idle_p28L.o28L (.ebss:_ti_sysbios_gates_GateHwi_Object__table__V)
                  00000492    00000002     Lab2Idle_p28L.o28L (.ebss:_ti_sysbios_knl_Task_Module_State_0_idleTask__A)

DevEmuRegsFile 
*          1    00000880    00000004     UNINITIALIZED
                  00000880    00000004     F2802x_GlobalVariableDefs.obj (DevEmuRegsFile)

SysPwrCtrlRegsFile 
*          1    00000985    00000003     UNINITIALIZED
                  00000985    00000003     F2802x_GlobalVariableDefs.obj (SysPwrCtrlRegsFile)

FlashRegsFile 
*          1    00000a80    00000008     UNINITIALIZED
                  00000a80    00000008     F2802x_GlobalVariableDefs.obj (FlashRegsFile)

CsmRegsFile 
*          1    00000ae0    00000010     UNINITIALIZED
                  00000ae0    00000010     F2802x_GlobalVariableDefs.obj (CsmRegsFile)

AdcResultFile 
*          1    00000b00    00000020     UNINITIALIZED
                  00000b00    00000020     F2802x_GlobalVariableDefs.obj (AdcResultFile)

CpuTimer0RegsFile 
*          1    00000c00    00000008     UNINITIALIZED
                  00000c00    00000008     F2802x_GlobalVariableDefs.obj (CpuTimer0RegsFile)

CpuTimer1RegsFile 
*          1    00000c08    00000008     UNINITIALIZED
                  00000c08    00000008     F2802x_GlobalVariableDefs.obj (CpuTimer1RegsFile)

CpuTimer2RegsFile 
*          1    00000c10    00000008     UNINITIALIZED
                  00000c10    00000008     F2802x_GlobalVariableDefs.obj (CpuTimer2RegsFile)

PieCtrlRegsFile 
*          1    00000ce0    0000001a     UNINITIALIZED
                  00000ce0    0000001a     F2802x_GlobalVariableDefs.obj (PieCtrlRegsFile)

Comp1RegsFile 
*          1    00006400    00000020     UNINITIALIZED
                  00006400    00000020     F2802x_GlobalVariableDefs.obj (Comp1RegsFile)

Comp2RegsFile 
*          1    00006420    00000020     UNINITIALIZED
                  00006420    00000020     F2802x_GlobalVariableDefs.obj (Comp2RegsFile)

EPwm1RegsFile 
*          1    00006800    00000040     UNINITIALIZED
                  00006800    00000040     F2802x_GlobalVariableDefs.obj (EPwm1RegsFile)

EPwm2RegsFile 
*          1    00006840    00000040     UNINITIALIZED
                  00006840    00000040     F2802x_GlobalVariableDefs.obj (EPwm2RegsFile)

EPwm3RegsFile 
*          1    00006880    00000040     UNINITIALIZED
                  00006880    00000040     F2802x_GlobalVariableDefs.obj (EPwm3RegsFile)

EPwm4RegsFile 
*          1    000068c0    00000040     UNINITIALIZED
                  000068c0    00000040     F2802x_GlobalVariableDefs.obj (EPwm4RegsFile)

ECap1RegsFile 
*          1    00006a00    00000020     UNINITIALIZED
                  00006a00    00000020     F2802x_GlobalVariableDefs.obj (ECap1RegsFile)

GpioCtrlRegsFile 
*          1    00006f80    00000040     UNINITIALIZED
                  00006f80    00000040     F2802x_GlobalVariableDefs.obj (GpioCtrlRegsFile)

GpioDataRegsFile 
*          1    00006fc0    00000020     UNINITIALIZED
                  00006fc0    00000020     F2802x_GlobalVariableDefs.obj (GpioDataRegsFile)

GpioIntRegsFile 
*          1    00006fe0    0000000a     UNINITIALIZED
                  00006fe0    0000000a     F2802x_GlobalVariableDefs.obj (GpioIntRegsFile)

SysCtrlRegsFile 
*          1    00007010    0000001f     UNINITIALIZED
                  00007010    0000001f     F2802x_GlobalVariableDefs.obj (SysCtrlRegsFile)

SpiaRegsFile 
*          1    00007040    00000010     UNINITIALIZED
                  00007040    00000010     F2802x_GlobalVariableDefs.obj (SpiaRegsFile)

SciaRegsFile 
*          1    00007050    00000010     UNINITIALIZED
                  00007050    00000010     F2802x_GlobalVariableDefs.obj (SciaRegsFile)

NmiIntruptRegsFile 
*          1    00007060    00000010     UNINITIALIZED
                  00007060    00000010     F2802x_GlobalVariableDefs.obj (NmiIntruptRegsFile)

XIntruptRegsFile 
*          1    00007070    00000010     UNINITIALIZED
                  00007070    00000010     F2802x_GlobalVariableDefs.obj (XIntruptRegsFile)

AdcRegsFile 
*          1    00007100    00000051     UNINITIALIZED
                  00007100    00000051     F2802x_GlobalVariableDefs.obj (AdcRegsFile)

I2caRegsFile 
*          1    00007900    00000022     UNINITIALIZED
                  00007900    00000022     F2802x_GlobalVariableDefs.obj (I2caRegsFile)

PartIdRegsFile 
*          1    003d7fff    00000001     UNINITIALIZED
                  003d7fff    00000001     F2802x_GlobalVariableDefs.obj (PartIdRegsFile)

CsmPwlFile 
*          1    003f7ff8    00000008     UNINITIALIZED
                  003f7ff8    00000008     F2802x_GlobalVariableDefs.obj (CsmPwlFile)

.pinit     0    003f0000    00000000     UNINITIALIZED

.text      0    003f0000    00002336     
                  003f0000    00000234     ti.targets.rts2800.a28L : System.o28L (.text:_xdc_runtime_System_doPrint__I)
                  003f0234    0000019a     sysbios.a28L : BIOS.obj (.text:_ti_sysbios_knl_Semaphore_pend__E)
                  003f03ce    00000107     rts2800_ml.lib : ll_div28.asm.obj (.text)
                  003f04d5    000000ee     ti.targets.rts2800.a28L : HeapStd.o28L (.text:_xdc_runtime_HeapStd_alloc__E)
                  003f05c3    000000e0     sysbios.a28L : BIOS.obj (.text:_ti_sysbios_family_c28_Hwi_clearInterrupt__E)
                  003f06a3    000000bf                  : BIOS.obj (.text:_ti_sysbios_knl_Semaphore_Instance_init__E)
                  003f0762    000000bb     Lab2Idle_p28L.o28L (.text:_xdc_runtime_System_printfExtend__I)
                  003f081d    000000b5     ti.targets.rts2800.a28L : LoggerBuf.o28L (.text:_xdc_runtime_LoggerBuf_write8__E)
                  003f08d2    0000009f                             : Core-mem.o28L (.text:_xdc_runtime_Core_createObject__I)
                  003f0971    00000094     rts2800_ml.lib : trgmsg.c.obj (.text)
                  003f0a05    0000008e     sysbios.a28L : BIOS.obj (.text:_ti_sysbios_family_c28_Hwi_enableInterrupt__E)
                  003f0a93    00000089     ti.targets.rts2800.a28L : Core-smem.o28L (.text:_xdc_runtime_Core_constructObject__I)
                  003f0b1c    00000085     sysbios.a28L : c28_Hwi_disp_asm.obj (.text:_ti_sysbios_family_c28_Hwi_dispatch)
                  003f0ba1    00000082                  : BIOS.obj (.text:_ti_sysbios_knl_Semaphore_post__E)
                  003f0c23    00000082     ti.targets.rts2800.a28L : HeapStd.o28L (.text:_xdc_runtime_HeapStd_Instance_init__E)
                  003f0ca5    00000081     sysbios.a28L : BIOS.obj (.text:_ti_sysbios_family_c28_Hwi_disableInterrupt__E)
                  003f0d26    00000080                  : BIOS.obj (.text:_ti_sysbios_family_c28_Hwi_disablePIEIER__E)
                  003f0da6    0000007f                  : BIOS.obj (.text:_ti_sysbios_family_c28_Hwi_enablePIEIER__E)
                  003f0e25    00000079     ti.targets.rts2800.a28L : LoggerBuf.o28L (.text:_xdc_runtime_LoggerBuf_write4__E)
                  003f0e9e    00000073     sysbios.a28L : BIOS.obj (.text:_ti_sysbios_knl_Task_checkStacks__E)
                  003f0f11    00000072     ti.targets.rts2800.a28L : Startup.o28L (.text:_xdc_runtime_Startup_startMods__I)
                  003f0f83    00000071     sysbios.a28L : BIOS.obj (.text:_ti_sysbios_gates_GateMutex_enter__E)
                  003f0ff4    0000006c     ti.targets.rts2800.a28L : HeapStd.o28L (.text:_xdc_runtime_HeapStd_free__E)
                  003f1060    00000067     boot.a28L : boot_cg.o28L (.text)
                  003f10c7    00000066     sysbios.a28L : BIOS.obj (.text:_ti_sysbios_family_c28_Timer_stopAndClear__I)
                  003f112d    0000005e     ti.targets.rts2800.a28L : Error.o28L (.text:_xdc_runtime_Error_policyDefault__E)
                  003f118b    0000005d                             : Text.o28L (.text:_xdc_runtime_Text_putSite__E)
                  003f11e8    0000004d     sysbios.a28L : BIOS.obj (.text:_ti_sysbios_family_c28_Hwi_dispatchCore__I)
                  003f1235    00000048                  : BIOS.obj (.text:_ti_sysbios_knl_Task_postInit__I)
                  003f127d    00000047                  : BIOS.obj (.text:_ti_sysbios_family_c28_Hwi_Module_startup__E)
                  003f12c4    00000044     Lab2Idle_main.obj (.text)
                  003f1308    00000043     sysbios.a28L : BIOS.obj (.text:_ti_sysbios_family_c28_TimestampProvider_get64__E)
                  003f134b    00000041                  : BIOS.obj (.text:_ti_sysbios_knl_Clock_workFunc__E)
                  003f138c    00000041     ti.targets.rts2800.a28L : Text.o28L (.text:_xdc_runtime_Text_putLab__E)
                  003f13cd    0000003e                             : Memory.o28L (.text:_xdc_runtime_Memory_alloc__E)
                  003f140b    0000003d                             : Core-mem.o28L (.text:_xdc_runtime_Core_deleteObject__I)
                  003f1448    0000003d                             : LoggerBuf.o28L (.text:_xdc_runtime_LoggerBuf_getFilterLevel__E)
                  003f1485    0000003c     sysbios.a28L : BIOS.obj (.text:_ti_sysbios_family_c28_Timer_postInit__I)
                  003f14c1    0000003c                  : BIOS.obj (.text:_ti_sysbios_knl_Swi_restoreHwi__E)
                  003f14fd    0000003c                  : BIOS.obj (.text:_ti_sysbios_knl_Swi_run__I)
                  003f1539    0000003c     ti.targets.rts2800.a28L : LoggerBuf.o28L (.text:_xdc_runtime_LoggerBuf_setFilterLevel__E)
                  003f1575    00000038                             : Text.o28L (.text:_xdc_runtime_Text_putMod__E)
                  003f15ad    00000038     rts2800_ml.lib : hostwrite.c.obj (.text)
                  003f15e5    00000037     sysbios.a28L : BIOS.obj (.text:_ti_sysbios_family_c28_TaskSupport_start__E)
                  003f161c    00000036                  : BIOS.obj (.text:_ti_sysbios_family_c28_TimestampProvider_Module_startup__E)
                  003f1652    00000035                  : BIOS.obj (.text:_ti_sysbios_knl_Task_startCore__E)
                  003f1687    00000033     ti.targets.rts2800.a28L : System.o28L (.text:_xdc_runtime_System_formatNum__I)
                  003f16ba    00000032     sysbios.a28L : BIOS.obj (.text:_ti_sysbios_knl_Task_Module_startup__E)
                  003f16ec    00000031     ti.targets.rts2800.a28L : Error.o28L (.text:_xdc_runtime_Error_print__E)
                  003f171d    0000002f                             : LoggerBuf.o28L (.text:_xdc_runtime_LoggerBuf_Instance_init__E)
                  003f174c    0000002f                             : Startup.o28L (.text:_xdc_runtime_Startup_exec__E)
                  003f177b    0000002e     Boot.a28L : Boot.o28L (.text:.bootCodeSection:_ti_catalog_c2800_init_Boot_configurePll2802x)
                  003f17a9    0000002e     sysbios.a28L : BIOS.obj (.text:_ti_sysbios_knl_Swi_runLoop__I)
                  003f17d7    0000002e                  : BIOS.obj (.text:_ti_sysbios_knl_Swi_schedule__I)
                  003f1805    0000002e                  : BIOS.obj (.text:_ti_sysbios_knl_Task_schedule__I)
                  003f1833    0000002d                  : BIOS.obj (.text:_ti_sysbios_family_c28_Hwi_getInterruptFlag__E)
                  003f1860    0000002d     ti.targets.rts2800.a28L : Assert.o28L (.text:_xdc_runtime_Assert_raise__I)
                  003f188d    0000002d                             : Core-params.o28L (.text:_xdc_runtime_Core_assignParams__I)
                  003f18ba    0000002c     sysbios.a28L : BIOS.obj (.text:_ti_sysbios_family_c28_Timer_start__E)
                  003f18e6    0000002c     Lab2Idle_p28L.o28L (.text:_xdc_runtime_LoggerBuf_Object__create__S)
                  003f1912    0000002b     Lab2Idle_p28L.o28L (.text:_xdc_runtime_HeapStd_Object__create__S)
                  003f193d    0000002a     ti.targets.rts2800.a28L : Error.o28L (.text:_xdc_runtime_Error_setX__E)
                  003f1967    00000029     sysbios.a28L : BIOS.obj (.text:_ti_sysbios_family_c28_Hwi_getStackInfo__E)
                  003f1990    00000029                  : BIOS.obj (.text:_ti_sysbios_family_c28_Hwi_unPluggedInterrupt__I)
                  003f19b9    00000029     ti.targets.rts2800.a28L : Text.o28L (.text:_xdc_runtime_Text_xprintf__I)
                  003f19e2    00000029     rts2800_ml.lib : exit.c.obj (.text)
                  003f1a0b    00000028     sysbios.a28L : BIOS.obj (.text:_ti_sysbios_family_c28_Timer_getExpiredCounts64__E)
                  003f1a33    00000026     ti.targets.rts2800.a28L : SysMin.o28L (.text:_xdc_runtime_SysMin_flush__E)
                  003f1a59    00000025     sysbios.a28L : BIOS.obj (.text:_ti_sysbios_family_c28_Timer_getExpiredCounts__E)
                  003f1a7e    00000024     rts2800_ml.lib : cpy_tbl.c.obj (.text)
                  003f1aa2    00000023     ti.targets.rts2800.a28L : System.o28L (.text:_xdc_runtime_System_processAtExit__E)
                  003f1ac5    00000022     sysbios.a28L : BIOS.obj (.text:_ti_sysbios_knl_Swi_post__E)
                  003f1ae7    00000022                  : BIOS.obj (.text:_ti_sysbios_knl_Task_blockI__E)
                  003f1b09    00000020                  : BIOS.obj (.text:_ti_sysbios_family_c28_Timer_setPrescale__E)
                  003f1b29    00000020                  : BIOS.obj (.text:_ti_sysbios_knl_Task_allBlockedFunction__I)
                  003f1b49    00000020                  : BIOS.obj (.text:_ti_sysbios_knl_Task_exit__E)
                  003f1b69    0000001e     ti.targets.rts2800.a28L : LoggerBuf.o28L (.text:_xdc_runtime_LoggerBuf_filterOutEvent__I)
                  003f1b87    0000001e                             : System.o28L (.text:_xdc_runtime_System_atexit__E)
                  003f1ba5    0000001d     sysbios.a28L : c28_TaskSupport_asm.obj (.text:_ti_sysbios_family_c28_TaskSupport_buildTaskStack)
                  003f1bc2    0000001d     Lab2Idle_p28L.o28L (.text:_ti_sysbios_gates_GateHwi_Object__create__S)
                  003f1bdf    0000001d     Lab2Idle_p28L.o28L (.text:_ti_sysbios_gates_GateMutex_Object__create__S)
                  003f1bfc    0000001d     ti.targets.rts2800.a28L : SysMin.o28L (.text:_xdc_runtime_SysMin_putch__E)
                  003f1c19    0000001d     rts2800_ml.lib : memcpy.c.obj (.text)
                  003f1c36    0000001c     Lab2Idle_p28L.o28L (.text:_ti_sysbios_knl_Semaphore_construct)
                  003f1c52    0000001b     sysbios.a28L : c28_Hwi_asm.obj (.text:_ti_sysbios_family_c28_Hwi_switchAndDispatch__I)
                  003f1c6d    0000001b                  : BIOS.obj (.text:_ti_sysbios_hal_Hwi_checkStack)
                  003f1c88    0000001b                  : BIOS.obj (.text:_ti_sysbios_knl_Task_processVitalTaskFlag__I)
                  003f1ca3    0000001b                  : BIOS.obj (.text:_ti_sysbios_knl_Task_restore__E)
                  003f1cbe    0000001b     Lab2Idle_p28L.o28L (.text:_xdc_runtime_SysMin_output__I)
                  003f1cd9    0000001a     sysbios.a28L : BIOS.obj (.text:_ti_sysbios_hal_Hwi_initStack)
                  003f1cf3    0000001a     ti.targets.rts2800.a28L : System.o28L (.text:_xdc_runtime_System_avprintf__E)
                  003f1d0d    00000019     sysbios.a28L : BIOS.obj (.text:_ti_sysbios_knl_Swi_restore__E)
                  003f1d26    00000019     Lab2Idle_p28L.o28L (.text:_xdc_runtime_Error_policyLog__I)
                  003f1d3f    00000019     ti.targets.rts2800.a28L : System.o28L (.text:_xdc_runtime_System_vprintf__E)
                  003f1d58    00000018     Lab2Idle_DevInit.obj (.text)
                  003f1d70    00000018     sysbios.a28L : c28_Hwi_asm.obj (.text:_ti_sysbios_family_xxx_Hwi_switchAndRunFunc)
                  003f1d88    00000018     Lab2Idle_p28L.o28L (.text:_ti_sysbios_knl_Queue_construct)
                  003f1da0    00000018     ti.targets.rts2800.a28L : Memory.o28L (.text:_xdc_runtime_Memory_valloc__E)
                  003f1db8    00000018                             : System.o28L (.text:_xdc_runtime_System_putchar__I)
                  003f1dd0    00000017     sysbios.a28L : BIOS.obj (.text:_ti_sysbios_family_c28_Timer_startup__E)
                  003f1de7    00000017     Lab2Idle_p28L.o28L (.text:_ti_sysbios_knl_Clock_doTick__I)
                  003f1dfe    00000017     sysbios.a28L : BIOS.obj (.text:_ti_sysbios_knl_Semaphore_pendTimeout__I)
                  003f1e15    00000017                  : BIOS.obj (.text:_ti_sysbios_knl_Task_unblockI__E)
                  003f1e2c    00000017     ti.targets.rts2800.a28L : LoggerBuf.o28L (.text:_xdc_runtime_LoggerBuf_Module_startup__E)
                  003f1e43    00000017                             : SysMin.o28L (.text:_xdc_runtime_SysMin_abort__E)
                  003f1e5a    00000016     Lab2Idle_p28L.o28L (.text:_ti_sysbios_BIOS_atExitFunc__I)
                  003f1e70    00000016     sysbios.a28L : BIOS.obj (.text:_ti_sysbios_family_c28_Timer_Module_startup__E)
                  003f1e86    00000016     ti.targets.rts2800.a28L : LoggerBuf.o28L (.text:_xdc_runtime_LoggerBuf_reset__E)
                  003f1e9c    00000015     Lab2Idle_p28L.o28L (.text:_ti_sysbios_BIOS_startFunc__I)
                  003f1eb1    00000015     sysbios.a28L : BIOS.obj (.text:_ti_sysbios_knl_Swi_Module_startup__E)
                  003f1ec6    00000015                  : BIOS.obj (.text:_ti_sysbios_knl_Task_restoreHwi__E)
                  003f1edb    00000015     ti.targets.rts2800.a28L : Text.o28L (.text:_xdc_runtime_Text_printVisFxn__I)
                  003f1ef0    00000014     sysbios.a28L : BIOS.obj (.text:_ti_sysbios_knl_Idle_run__E)
                  003f1f04    00000013     Lab2Idle_p28L.o28L (.text:_ti_sysbios_gates_GateMutex_Object__delete__S)
                  003f1f17    00000012     Lab2Idle_p28L.o28L (.text:_ti_sysbios_gates_GateHwi_Object__delete__S)
                  003f1f29    00000012     sysbios.a28L : BIOS.obj (.text:_ti_sysbios_knl_Clock_Module_startup__E)
                  003f1f3b    00000012     Lab2Idle_p28L.o28L (.text:_xdc_runtime_LoggerBuf_Object__delete__S)
                  003f1f4d    00000011     Lab2Idle_p28L.o28L (.text:_ti_sysbios_BIOS_errorRaiseHook__I)
                  003f1f5e    00000011     Lab2Idle_p28L.o28L (.text:_xdc_runtime_HeapStd_Object__delete__S)
                  003f1f6f    00000011     rts2800_ml.lib : args_main.c.obj (.text)
                  003f1f80    00000010     sysbios.a28L : BIOS.obj (.text:_ti_sysbios_family_c28_Timer_stop__E)
                  003f1f90    00000010                  : BIOS.obj (.text:_ti_sysbios_knl_Task_enabled__E)
                  003f1fa0    00000010     ti.targets.rts2800.a28L : SysMin.o28L (.text:_xdc_runtime_SysMin_Module_startup__E)
                  003f1fb0    0000000f     Boot.a28L : Boot.o28L (.text:.bootCodeSection:_ti_catalog_c2800_init_Boot_disableWatchdog)
                  003f1fbf    0000000f     Lab2Idle_p28L.o28L (.text:_ti_sysbios_BIOS_removeRTSLock__I)
                  003f1fce    0000000f     sysbios.a28L : BIOS.obj (.text:_ti_sysbios_gates_GateMutex_Instance_init__E)
                  003f1fdd    0000000f     ti.targets.rts2800.a28L : Error.o28L (.text:_xdc_runtime_Error_raiseX__E)
                  003f1fec    0000000f                             : Registry.o28L (.text:_xdc_runtime_Registry_findById__E)
                  003f1ffb    0000000e     Lab2Idle_p28L.o28L (.text:_ti_sysbios_knl_Semaphore_destruct)
                  003f2009    0000000e     Lab2Idle_p28L.o28L (.text:_ti_sysbios_knl_Swi_Object__get__S)
                  003f2017    0000000e     Lab2Idle_p28L.o28L (.text:_ti_sysbios_knl_Task_Object__get__S)
                  003f2025    0000000e     Lab2Idle_p28L.o28L (.text:_xdc_runtime_LoggerBuf_Object__get__S)
                  003f2033    0000000d     Lab2Idle_p28L.o28L (.text:_ti_sysbios_BIOS_registerRTSLock__I)
                  003f2040    0000000d     Lab2Idle_p28L.o28L (.text:_ti_sysbios_BIOS_rtsLock__I)
                  003f204d    0000000d     sysbios.a28L : BIOS.obj (.text:_ti_sysbios_family_c28_Hwi_dispatchC__I)
                  003f205a    0000000d                  : BIOS.obj (.text:_ti_sysbios_family_c28_TaskSupport_checkStack__E)
                  003f2067    0000000d                  : c28_TaskSupport_asm.obj (.text:_ti_sysbios_family_c28_TaskSupport_swap__E)
                  003f2074    0000000d                  : BIOS.obj (.text:_ti_sysbios_knl_Clock_enqueueI__E)
                  003f2081    0000000d     Lab2Idle_p28L.o28L (.text:_ti_sysbios_knl_Queue_destruct)
                  003f208e    0000000d     sysbios.a28L : BIOS.obj (.text:_ti_sysbios_knl_Task_enter__I)
                  003f209b    0000000d     ti.targets.rts2800.a28L : Error.o28L (.text:_xdc_runtime_Error_check__E)
                  003f20a8    0000000d                             : System.o28L (.text:_xdc_runtime_System_abort__E)
                  003f20b5    0000000c     Lab2Idle_p28L.o28L (.text:_ti_sysbios_BIOS_exitFunc__I)
                  003f20c1    0000000c     Lab2Idle_p28L.o28L (.text:_ti_sysbios_family_c28_Hwi_disableIER__E)
                  003f20cd    0000000c     sysbios.a28L : BIOS.obj (.text:_ti_sysbios_gates_GateMutex_leave__E)
                  003f20d9    0000000c                  : BIOS.obj (.text:_ti_sysbios_knl_Queue_put__E)
                  003f20e5    0000000c     ti.targets.rts2800.a28L : LoggerBuf.o28L (.text:_xdc_runtime_LoggerBuf_write2__E)
                  003f20f1    0000000c                             : SysMin.o28L (.text:_xdc_runtime_SysMin_exit__E)
                  003f20fd    0000000b     Lab2Idle_p28L.o28L (.text:_ti_sysbios_family_c28_Hwi_Module__startupDone__F)
                  003f2108    0000000b     Lab2Idle_p28L.o28L (.text:_ti_sysbios_family_c28_Hwi_Object__get__S)
                  003f2113    0000000b     Lab2Idle_p28L.o28L (.text:_ti_sysbios_family_c28_Hwi_enableIER__E)
                  003f211e    0000000b     Lab2Idle_p28L.o28L (.text:_ti_sysbios_family_c28_Timer_Module__startupDone__F)
                  003f2129    0000000b     Lab2Idle_p28L.o28L (.text:_ti_sysbios_knl_Queue_Object__get__S)
                  003f2134    0000000b     ti.targets.rts2800.a28L : LoggerBuf.o28L (.text:_xdc_runtime_LoggerBuf_Instance_finalize__E)
                  003f213f    0000000b                             : LoggerBuf.o28L (.text:_xdc_runtime_LoggerBuf_write1__E)
                  003f214a    0000000b                             : Memory.o28L (.text:_xdc_runtime_Memory_free__E)
                  003f2155    0000000b                             : System.o28L (.text:_xdc_runtime_System_exit__E)
                  003f2160    0000000b     rts2800_ml.lib : u_div28.asm.obj (.text)
                  003f216b    0000000a     ti.targets.rts2800.a28L : Error.o28L (.text:_xdc_runtime_Error_init__E)
                  003f2175    0000000a                             : LoggerBuf.o28L (.text:_xdc_runtime_LoggerBuf_write0__E)
                  003f217f    0000000a                             : System.o28L (.text:_xdc_runtime_System_vsnprintf__E)
                  003f2189    0000000a                             : Text.o28L (.text:_xdc_runtime_Text_ropeText__E)
                  003f2193    00000009     Lab2Idle_p28L.o28L (.text:_ti_sysbios_BIOS_rtsUnlock__I)
                  003f219c    00000009     Lab2Idle_p28L.o28L (.text:_ti_sysbios_family_c28_Hwi_restoreIER__E)
                  003f21a5    00000009     sysbios.a28L : c28_TaskSupport_asm.obj (.text:_ti_sysbios_family_c28_TaskSupport_glue)
                  003f21ae    00000009     Lab2Idle_p28L.o28L (.text:_ti_sysbios_gates_GateHwi_Handle__label__S)
                  003f21b7    00000009     Lab2Idle_p28L.o28L (.text:_ti_sysbios_gates_GateMutex_Handle__label__S)
                  003f21c0    00000009     sysbios.a28L : BIOS.obj (.text:_ti_sysbios_hal_Hwi_Module_startup__E)
                  003f21c9    00000009                  : BIOS.obj (.text:_ti_sysbios_hal_Timer_Module_startup__E)
                  003f21d2    00000009     Lab2Idle_p28L.o28L (.text:_ti_sysbios_knl_Task_SupportProxy_start__E)
                  003f21db    00000009     sysbios.a28L : BIOS.obj (.text:_ti_sysbios_knl_Task_unblock__E)
                  003f21e4    00000009     Lab2Idle_p28L.o28L (.text:_xdc_runtime_HeapStd_Handle__label__S)
                  003f21ed    00000009     Lab2Idle_p28L.o28L (.text:_xdc_runtime_LoggerBuf_Handle__label__S)
                  003f21f6    00000009     Lab2Idle_p28L.o28L (.text:_xdc_runtime_Startup_exec__I)
                  003f21ff    00000009     rts2800_ml.lib : _lock.c.obj (.text)
                  003f2208    00000008     sysbios.a28L : BIOS.obj (.text:_ti_sysbios_BIOS_setThreadType__E)
                  003f2210    00000008                  : BIOS.obj (.text:_ti_sysbios_gates_GateMutex_Instance_finalize__E)
                  003f2218    00000008                  : BIOS.obj (.text:_ti_sysbios_gates_GateMutex_query__E)
                  003f2220    00000008                  : BIOS.obj (.text:_ti_sysbios_knl_Semaphore_Instance_finalize__E)
                  003f2228    00000008     Lab2Idle_p28L.o28L (.text:_xdc_runtime_IHeap_alloc)
                  003f2230    00000008     ti.targets.rts2800.a28L : Memory.o28L (.text:_xdc_runtime_Memory_calloc__E)
                  003f2238    00000008                             : SysMin.o28L (.text:_xdc_runtime_SysMin_ready__E)
                  003f2240    00000008     rts2800_ml.lib : strlen.c.obj (.text)
                  003f2248    00000007     Lab2Idle_p28L.o28L (.text:.bootCodeSection:_ti_catalog_c2800_init_Boot_init)
                  003f224f    00000007     sysbios.a28L : BIOS.obj (.text:_ti_sysbios_knl_Queue_empty__E)
                  003f2256    00000007     ti.targets.rts2800.a28L : HeapStd.o28L (.text:_xdc_runtime_HeapStd_getStats__E)
                  003f225d    00000007     Lab2Idle_p28L.o28L (.text:_xdc_runtime_System_aprintf__E)
                  003f2264    00000007     Lab2Idle_p28L.o28L (.text:_xdc_runtime_System_printf__E)
                  003f226b    00000007     rts2800_ml.lib : memset.c.obj (.text)
                  003f2272    00000006     sysbios.a28L : BIOS.obj (.text:_ti_sysbios_BIOS_start__E)
                  003f2278    00000006                  : c28_IntrinsicsSupport_asm.obj (.text:_ti_sysbios_family_c28_IntrinsicsSupport_maxbit__E)
                  003f227e    00000006                  : BIOS.obj (.text:_ti_sysbios_family_c28_TimestampProvider_rolloverFunc__E)
                  003f2284    00000006                  : BIOS.obj (.text:_ti_sysbios_family_c28_TimestampProvider_startTimer__E)
                  003f228a    00000006                  : BIOS.obj (.text:_ti_sysbios_knl_Swi_disable__E)
                  003f2290    00000006                  : BIOS.obj (.text:_ti_sysbios_knl_Task_disable__E)
                  003f2296    00000006     ti.targets.rts2800.a28L : Gate.o28L (.text:_xdc_runtime_Gate_enterSystem__E)
                  003f229c    00000006                             : Gate.o28L (.text:_xdc_runtime_Gate_leaveSystem__E)
                  003f22a2    00000006                             : LoggerBuf.o28L (.text:_xdc_runtime_LoggerBuf_enable__E)
                  003f22a8    00000005     sysbios.a28L : BIOS.obj (.text:_ti_sysbios_family_c28_Hwi_switchFromBootStack__E)
                  003f22ad    00000005                  : BIOS.obj (.text:_ti_sysbios_gates_GateHwi_enter__E)
                  003f22b2    00000005     ti.targets.rts2800.a28L : LoggerBuf.o28L (.text:_xdc_runtime_LoggerBuf_disable__E)
                  003f22b7    00000004     Lab2Idle_p28L.o28L (.text:_ti_sysbios_family_c28_Hwi_startup__E)
                  003f22bb    00000004     sysbios.a28L : BIOS.obj (.text:_ti_sysbios_knl_Swi_startup__E)
                  003f22bf    00000004     Lab2Idle_p28L.o28L (.text:_xdc_runtime_IHeap_free)
                  003f22c3    00000004     ti.targets.rts2800.a28L : Memory.o28L (.text:_xdc_runtime_Memory_getMaxDefaultTypeAlign__E)
                  003f22c7    00000004                             : Startup.o28L (.text:_xdc_runtime_Startup_rtsDone__E)
                  003f22cb    00000003                             : xdc_noinit.o28L (.text:___xdc__init)
                  003f22ce    00000003     Lab2Idle_p28L.o28L (.text:_ti_catalog_c2800_init_Boot_limpAbort)
                  003f22d1    00000003     Lab2Idle_p28L.o28L (.text:_ti_sysbios_BIOS_RtsGateProxy_enter__E)
                  003f22d4    00000003     Lab2Idle_p28L.o28L (.text:_ti_sysbios_BIOS_RtsGateProxy_leave__E)
                  003f22d7    00000003     sysbios.a28L : c28_Hwi_asm.obj (.text:_ti_sysbios_family_c28_Hwi_getIFR__I)
                  003f22da    00000003                  : BIOS.obj (.text:_ti_sysbios_gates_GateHwi_leave__E)
                  003f22dd    00000003     Lab2Idle_p28L.o28L (.text:_ti_sysbios_hal_Hwi_HwiProxy_getStackInfo__E)
                  003f22e0    00000003     Lab2Idle_p28L.o28L (.text:_ti_sysbios_hal_Hwi_HwiProxy_switchFromBootStack__E)
                  003f22e3    00000003     sysbios.a28L : BIOS.obj (.text:_ti_sysbios_hal_Hwi_startup__E)
                  003f22e6    00000003     Lab2Idle_p28L.o28L (.text:_ti_sysbios_knl_Clock_TimerProxy_getMaxTicks__E)
                  003f22e9    00000003     sysbios.a28L : BIOS.obj (.text:_ti_sysbios_knl_Idle_loop__E)
                  003f22ec    00000003                  : BIOS.obj (.text:_ti_sysbios_knl_Queue_Instance_init__E)
                  003f22ef    00000003     Lab2Idle_p28L.o28L (.text:_ti_sysbios_knl_Task_SupportProxy_checkStack__E)
                  003f22f2    00000003     Lab2Idle_p28L.o28L (.text:_ti_sysbios_knl_Task_SupportProxy_swap__E)
                  003f22f5    00000003     sysbios.a28L : BIOS.obj (.text:_ti_sysbios_knl_Task_startup__E)
                  003f22f8    00000003     Lab2Idle_p28L.o28L (.text:_xdc_runtime_LoggerBuf_Module_GateProxy_enter__E)
                  003f22fb    00000003     Lab2Idle_p28L.o28L (.text:_xdc_runtime_LoggerBuf_Module_GateProxy_leave__E)
                  003f22fe    00000003     Lab2Idle_p28L.o28L (.text:_xdc_runtime_LoggerBuf_TimestampProxy_get64__E)
                  003f2301    00000003     Lab2Idle_p28L.o28L (.text:_xdc_runtime_System_Module_GateProxy_enter__E)
                  003f2304    00000003     Lab2Idle_p28L.o28L (.text:_xdc_runtime_System_Module_GateProxy_leave__E)
                  003f2307    00000003     ti.targets.rts2800.a28L : System.o28L (.text:_xdc_runtime_System_Module_startup__E)
                  003f230a    00000003     Lab2Idle_p28L.o28L (.text:_xdc_runtime_System_SupportProxy_abort__E)
                  003f230d    00000003     Lab2Idle_p28L.o28L (.text:_xdc_runtime_System_SupportProxy_exit__E)
                  003f2310    00000003     Lab2Idle_p28L.o28L (.text:_xdc_runtime_System_SupportProxy_putch__E)
                  003f2313    00000003     Lab2Idle_p28L.o28L (.text:_xdc_runtime_System_SupportProxy_ready__E)
                  003f2316    00000003     ti.targets.rts2800.a28L : System.o28L (.text:_xdc_runtime_System_abortStd__E)
                  003f2319    00000003                             : System.o28L (.text:_xdc_runtime_System_exitStd__E)
                  003f231c    00000003     Lab2Idle_p28L.o28L (.text:_xdc_runtime_Text_visitRope__I)
                  003f231f    00000002     Lab2Idle_p28L.o28L (.text:_malloc)
                  003f2321    00000002     Boot.a28L : Boot.o28L (.text:_ti_catalog_c2800_init_Boot_defaultLimpAbortFunction)
                  003f2323    00000002     Lab2Idle_p28L.o28L (.text:_ti_sysbios_family_c28_TaskSupport_Module__startupDone__S)
                  003f2325    00000002     sysbios.a28L : BIOS.obj (.text:_ti_sysbios_family_c28_Timer_getMaxTicks__E)
                  003f2327    00000002                  : BIOS.obj (.text:_ti_sysbios_gates_GateHwi_query__E)
                  003f2329    00000002     ti.targets.rts2800.a28L : Error.o28L (.text:_xdc_runtime_Error_getSite__E)
                  003f232b    00000002                             : HeapStd.o28L (.text:_xdc_runtime_HeapStd_isBlocking__E)
                  003f232d    00000002     rts2800_ml.lib : pre_init.c.obj (.text)
                  003f232f    00000001     Lab2Idle_p28L.o28L (.text:_free)
                  003f2330    00000001     sysbios.a28L : BIOS.obj (.text:_ti_sysbios_BIOS_linkedWithIncorrectBootLibrary__E)
                  003f2331    00000001     Lab2Idle_p28L.o28L (.text:_ti_sysbios_BIOS_nullFunc__I)
                  003f2332    00000001     sysbios.a28L : c28_Hwi_asm.obj (.text:_ti_sysbios_family_c28_Hwi_interruptReturn__I)
                  003f2333    00000001                  : BIOS.obj (.text:_ti_sysbios_gates_GateHwi_Instance_init__E)
                  003f2334    00000001                  : BIOS.obj (.text:_ti_sysbios_knl_Clock_logTick__E)
                  003f2335    00000001     rts2800_ml.lib : startup.c.obj (.text)

ramfuncs   1    00008000    00000000     UNINITIALIZED

.stack     1    00000494    00000100     UNINITIALIZED
                  00000494    00000100     --HOLE--

.data      1    00000594    0000008c     UNINITIALIZED
                  00000594    00000020     Lab2Idle_p28L.o28L (.data:ti_sysbios_knl_Task_Module__state__V)
                  000005b4    0000000c     Lab2Idle_p28L.o28L (.data:ti_sysbios_knl_Swi_Module__state__V)
                  000005c0    00000016     Lab2Idle_p28L.o28L (.data:ti_sysbios_knl_Clock_Module__state__V)
                  000005d6    00000012     Lab2Idle_p28L.o28L (.data:ti_sysbios_BIOS_Module__state__V)
                  000005e8    00000010     Lab2Idle_p28L.o28L (.data:ti_sysbios_family_c28_Hwi_Module__state__V)
                  000005f8    00000008     Lab2Idle_p28L.o28L (.data:ti_sysbios_family_c28_Timer_Module__state__V)
                  00000600    00000004     Lab2Idle_p28L.o28L (.data:ti_sysbios_family_c28_TimestampProvider_Module__state__V)
                  00000604    00000004     Lab2Idle_p28L.o28L (.data:xdc_runtime_Registry_Module__state__V)
                  00000608    00000004     Lab2Idle_p28L.o28L (.data:xdc_runtime_Startup_Module__state__V)
                  0000060c    00000004     Lab2Idle_p28L.o28L (.data:xdc_runtime_SysMin_Module__state__V)
                  00000610    00000004     Lab2Idle_p28L.o28L (.data:xdc_runtime_System_Module__state__V)
                  00000614    00000004     Lab2Idle_p28L.o28L (.data:xdc_runtime_Text_Module__state__V)
                  00000618    00000003     Lab2Idle_p28L.o28L (.data:xdc_runtime_LoggerBuf_Module__state__V)
                  0000061b    00000001     Lab2Idle_p28L.o28L (.data:xdc_runtime_Error_Module__state__V)
                  0000061c    00000002     Lab2Idle_p28L.o28L (.data:xdc_runtime_HeapStd_Module__state__V)
                  0000061e    00000002     Lab2Idle_p28L.o28L (.data:xdc_runtime_Memory_Module__state__V)

.cio       1    00008000    00000120     UNINITIALIZED
                  00008000    00000120     rts2800_ml.lib : trgmsg.c.obj (.cio)

xdc.meta   0    00000000    000000df     COPY SECTION
                  00000000    000000df     Lab2Idle_p28L.o28L (xdc.meta)

xdc.noload 
*          0    00000000    00000000     COPY SECTION

.binit     0    003d7800    00000000     

MODULE SUMMARY

       Module                          code   initialized data   uninitialized data
       ------                          ----   ----------------   ------------------
    .\
       F2802x_GlobalVariableDefs.obj   0      0                  790               
       Lab2Idle_main.obj               68     51                 5                 
       Lab2Idle_DevInit.obj            24     0                  0                 
    +--+-------------------------------+------+------------------+--------------------+
       Total:                          92     51                 795               
                                                                                   
    C:\Users\jbate\workspace_v10\lab2_v3\Debug\configPkg\package\cfg\
       Lab2Idle_p28L.o28L              949    1808               1288              
    +--+-------------------------------+------+------------------+--------------------+
       Total:                          949    1808               1288              
                                                                                   
    C:\Users\jbate\workspace_v10\lab2_v3\src\sysbios\sysbios.a28L
       BIOS.obj                        3663   28                 0                 
       c28_Hwi_disp_asm.obj            133    0                  0                 
       c28_Hwi_asm.obj                 55     0                  0                 
       c28_TaskSupport_asm.obj         51     0                  0                 
       c28_IntrinsicsSupport_asm.obj   6      0                  0                 
    +--+-------------------------------+------+------------------+--------------------+
       Total:                          3908   28                 0                 
                                                                                   
    C:\ti\bios_6_83_00_18\packages\ti\catalog\c2800\init\lib\Boot.a28L
       Boot.o28L                       63     0                  0                 
    +--+-------------------------------+------+------------------+--------------------+
       Total:                          63     0                  0                 
                                                                                   
    C:\ti\bios_6_83_00_18\packages\ti\targets\rts2800\lib\boot.a28L
       boot_cg.o28L                    103    0                  0                 
    +--+-------------------------------+------+------------------+--------------------+
       Total:                          103    0                  0                 
                                                                                   
    C:\ti\bios_6_83_00_18\packages\ti\targets\rts2800\lib\ti.targets.rts2800.a28L
       System.o28L                     798    25                 0                 
       LoggerBuf.o28L                  600    0                  0                 
       HeapStd.o28L                    485    0                  0                 
       Text.o28L                       286    49                 0                 
       Error.o28L                      225    88                 0                 
       Core-mem.o28L                   220    0                  0                 
       Startup.o28L                    165    42                 0                 
       Core-smem.o28L                  137    0                  0                 
       SysMin.o28L                     126    0                  0                 
       Memory.o28L                     109    0                  0                 
       Log.o28L                        0      71                 0                 
       Assert.o28L                     45     5                  0                 
       Core-params.o28L                45     0                  0                 
       Registry.o28L                   15     0                  0                 
       Gate.o28L                       12     0                  0                 
       xdc_noinit.o28L                 3      0                  0                 
    +--+-------------------------------+------+------------------+--------------------+
       Total:                          3271   280                0                 
                                                                                   
    C:\ti\ccs1040\ccs\tools\compiler\ti-cgt-c2000_20.2.5.LTS\lib\rts2800_ml.lib
       trgmsg.c.obj                    148    0                  288               
       ll_div28.asm.obj                263    0                  0                 
       exit.c.obj                      41     14                 6                 
       hostwrite.c.obj                 56     0                  0                 
       cpy_tbl.c.obj                   36     0                  0                 
       memcpy.c.obj                    29     0                  0                 
       _lock.c.obj                     9      10                 4                 
       args_main.c.obj                 17     0                  0                 
       u_div28.asm.obj                 11     0                  0                 
       hostopen.c.obj                  0      0                  8                 
       strlen.c.obj                    8      0                  0                 
       memset.c.obj                    7      0                  0                 
       pre_init.c.obj                  2      0                  0                 
       startup.c.obj                   1      0                  0                 
    +--+-------------------------------+------+------------------+--------------------+
       Total:                          628    24                 306               
                                                                                   
       Stack:                          0      0                  256               
    +--+-------------------------------+------+------------------+--------------------+
       Grand Total:                    9014   2191               2645              


GLOBAL DATA SYMBOLS: SORTED BY DATA PAGE

address     data page           name
--------    ----------------    ----
00000000       0 (00000000)     ___ISA__
00000000       0 (00000000)     _ti_sysbios_family_c28_Hwi_Module_State_0_dispatchTable__A
00000011       0 (00000000)     ___TARG__
00000035       0 (00000000)     ___PLAT__

0000005b       1 (00000040)     ___TRDR__

00000082       2 (00000080)     ___ASM__

00000100       4 (00000100)     _ti_sysbios_knl_Task_Instance_State_0_stack__A

00000200       8 (00000200)     _xdc_runtime_SysMin_Module_State_0_outbuf__A

00000280       a (00000280)     ___xdc__init__addr
00000282       a (00000280)     _ti_sysbios_family_c28_Hwi_Module__root__V
00000286       a (00000280)     _ti_sysbios_family_c28_Timer_Module__root__V
0000028a       a (00000280)     _ti_sysbios_gates_GateHwi_Module__root__V
0000028e       a (00000280)     _ti_sysbios_gates_GateMutex_Module__root__V
00000292       a (00000280)     _ti_sysbios_hal_Hwi_Module__root__V
00000296       a (00000280)     _ti_sysbios_hal_Timer_Module__root__V
0000029a       a (00000280)     _ti_sysbios_knl_Clock_Module__root__V
0000029e       a (00000280)     _ti_sysbios_knl_Queue_Module__root__V
000002a2       a (00000280)     _ti_sysbios_knl_Semaphore_Module__root__V
000002a6       a (00000280)     _ti_sysbios_knl_Swi_Module__root__V
000002aa       a (00000280)     _ti_sysbios_knl_Task_Module__root__V
000002ae       a (00000280)     _xdc_runtime_HeapStd_Module__root__V
000002b2       a (00000280)     _xdc_runtime_LoggerBuf_Module__root__V

000002c0       b (000002c0)     _xdc_runtime_Error_IgnoreBlock
000002d0       b (000002c0)     _ti_sysbios_family_c28_Hwi_Object__table__V

00000300       c (00000300)     _ti_sysbios_family_c28_Timer_Object__table__V

00000348       d (00000340)     _ti_sysbios_knl_Task_Object__table__V
00000372       d (00000340)     _ti_sysbios_gates_GateMutex_Object__table__V

00000380       e (00000380)     _ti_sysbios_knl_Swi_Module_State_0_readyQ__A

000003c0       f (000003c0)     _ti_sysbios_knl_Task_Module_State_0_readyQ__A

00000400      10 (00000400)     _xdc_runtime_LoggerBuf_Instance_State_0_entryArr__A

00000440      11 (00000440)     _ti_sysbios_knl_Swi_Object__table__V
00000454      11 (00000440)     _xdc_runtime_LoggerBuf_Object__table__V
00000466      11 (00000440)     _parmbuf
0000046e      11 (00000440)     _xdc_runtime_System_Module_State_0_atexitHandlers__A
00000476      11 (00000440)     _xdc_runtime_HeapStd_Object__table__V
0000047c      11 (00000440)     _ti_sysbios_hal_Timer_Object__table__V

00000480      12 (00000480)     ___TI_enable_exit_profile_output
00000482      12 (00000480)     ___TI_cleanup_ptr
00000484      12 (00000480)     ___TI_dtors_ptr
00000486      12 (00000480)     _isrFlag
00000487      12 (00000480)     _isrFlag2
00000488      12 (00000480)     _tickCount
0000048c      12 (00000480)     __lock
0000048e      12 (00000480)     __unlock
00000490      12 (00000480)     _ti_sysbios_gates_GateHwi_Object__table__V
00000492      12 (00000480)     _ti_sysbios_knl_Task_Module_State_0_idleTask__A
00000494      12 (00000480)     __stack

00000594      16 (00000580)     _ti_sysbios_knl_Task_Module__state__V
000005b4      16 (00000580)     _ti_sysbios_knl_Swi_Module__state__V

000005c0      17 (000005c0)     _ti_sysbios_knl_Clock_Module__state__V
000005d6      17 (000005c0)     _ti_sysbios_BIOS_Module__state__V
000005e8      17 (000005c0)     _ti_sysbios_family_c28_Hwi_Module__state__V
000005f8      17 (000005c0)     _ti_sysbios_family_c28_Timer_Module__state__V

00000600      18 (00000600)     _ti_sysbios_family_c28_TimestampProvider_Module__state__V
00000604      18 (00000600)     _xdc_runtime_Registry_Module__state__V
00000608      18 (00000600)     _xdc_runtime_Startup_Module__state__V
0000060c      18 (00000600)     _xdc_runtime_SysMin_Module__state__V
00000610      18 (00000600)     _xdc_runtime_System_Module__state__V
00000614      18 (00000600)     _xdc_runtime_Text_Module__state__V
00000618      18 (00000600)     _xdc_runtime_LoggerBuf_Module__state__V
0000061b      18 (00000600)     _xdc_runtime_Error_Module__state__V
0000061c      18 (00000600)     _xdc_runtime_HeapStd_Module__state__V
0000061e      18 (00000600)     _xdc_runtime_Memory_Module__state__V

00000880      22 (00000880)     _DevEmuRegs

00000985      26 (00000980)     _SysPwrCtrlRegs

00000a80      2a (00000a80)     _FlashRegs

00000ae0      2b (00000ac0)     _CsmRegs

00000b00      2c (00000b00)     _AdcResult

00000c00      30 (00000c00)     _CpuTimer0Regs
00000c08      30 (00000c00)     _CpuTimer1Regs
00000c10      30 (00000c00)     _CpuTimer2Regs

00000ce0      33 (00000cc0)     _PieCtrlRegs

00000d00      34 (00000d00)     _EmuKey
00000d00      34 (00000d00)     _PieVectTable
00000d01      34 (00000d00)     _EmuBMode
00000d02      34 (00000d00)     _Flash_CallbackPtr
00000d04      34 (00000d00)     _Flash_CPUScaleFactor

00006400     190 (00006400)     _Comp1Regs
00006420     190 (00006400)     _Comp2Regs

00006800     1a0 (00006800)     _EPwm1Regs

00006840     1a1 (00006840)     _EPwm2Regs

00006880     1a2 (00006880)     _EPwm3Regs

000068c0     1a3 (000068c0)     _EPwm4Regs

00006a00     1a8 (00006a00)     _ECap1Regs

00006f80     1be (00006f80)     _GpioCtrlRegs

00006fc0     1bf (00006fc0)     _GpioDataRegs
00006fe0     1bf (00006fc0)     _GpioIntRegs

00007010     1c0 (00007000)     _SysCtrlRegs

00007040     1c1 (00007040)     _SpiaRegs
00007050     1c1 (00007040)     _SciaRegs
00007060     1c1 (00007040)     _NmiIntruptRegs
00007070     1c1 (00007040)     _XIntruptRegs

00007100     1c4 (00007100)     _AdcRegs

00007900     1e4 (00007900)     _I2caRegs

00008000     200 (00008000)     __CIOBUF_

003d7fff    f5ff (003d7fc0)     _PartIdRegs

003f2336    fc8c (003f2300)     _ti_sysbios_family_c28_Hwi_vectors

003f24a1    fc92 (003f2480)     _ti_sysbios_family_c28_Hwi_Module__id__C

003f2541    fc95 (003f2540)     _ti_sysbios_family_c28_Hwi_NUM_INTERRUPTS_ALL__C
003f2573    fc95 (003f2540)     _ti_sysbios_family_c28_Hwi_Object__count__C

003f25bd    fc96 (003f2580)     _ti_sysbios_family_c28_TaskSupport_Module__id__C
003f25be    fc96 (003f2580)     _xdc_runtime_LoggerBuf_Module__FXNS__C

003f25f5    fc97 (003f25c0)     _ti_sysbios_family_c28_Timer_startupNeeded__C
003f25f6    fc97 (003f25c0)     _xdc_runtime_Startup_sfxnTab__A

003f260c    fc98 (003f2600)     _xdc_runtime_HeapStd_Module__FXNS__C
003f2620    fc98 (003f2600)     _ti_sysbios_gates_GateHwi_Module__FXNS__C
003f2632    fc98 (003f2600)     _ti_sysbios_gates_GateMutex_Module__FXNS__C

003f2644    fc99 (003f2640)     _xdc_runtime_LoggerBuf_Object__PARAMS__C
003f2656    fc99 (003f2640)     _ti_sysbios_gates_GateHwi_Object__DESC__C
003f2666    fc99 (003f2640)     _ti_sysbios_gates_GateMutex_Object__DESC__C
003f2676    fc99 (003f2640)     _ti_sysbios_knl_Queue_Object__DESC__C

003f2686    fc9a (003f2680)     _ti_sysbios_knl_Semaphore_Object__DESC__C
003f2696    fc9a (003f2680)     _ti_sysbios_knl_Semaphore_Object__PARAMS__C
003f26a6    fc9a (003f2680)     _xdc_runtime_HeapStd_Object__DESC__C
003f26b6    fc9a (003f2680)     _xdc_runtime_LoggerBuf_Object__DESC__C

003f26c6    fc9b (003f26c0)     _xdc_runtime_HeapStd_Object__PARAMS__C
003f26d4    fc9b (003f26c0)     _ti_sysbios_gates_GateHwi_Object__PARAMS__C
003f26e0    fc9b (003f26c0)     _ti_sysbios_gates_GateMutex_Object__PARAMS__C
003f26ec    fc9b (003f26c0)     _ti_sysbios_knl_Queue_Object__PARAMS__C
003f26f8    fc9b (003f26c0)     _xdc_runtime_Startup_sfxnRts__A

003f2703    fc9c (003f2700)     _ti_sysbios_family_c28_TimestampProvider_Module__id__C
003f2704    fc9c (003f2700)     _ti_sysbios_knl_Idle_funcList__A
003f270f    fc9c (003f2700)     _ti_sysbios_family_c28_TimestampProvider_useClockTimer__C
003f2710    fc9c (003f2700)     _ti_sysbios_knl_Idle_funcList__C
003f2714    fc9c (003f2700)     _xdc_runtime_Startup_firstFxns__C
003f2718    fc9c (003f2700)     _xdc_runtime_Startup_lastFxns__C
003f271c    fc9c (003f2700)     _myTimer0
003f271e    fc9c (003f2700)     _ti_sysbios_family_c28_Hwi_A_badIntNum__C
003f2720    fc9c (003f2700)     _ti_sysbios_family_c28_Hwi_A_invalidArg__C
003f2722    fc9c (003f2700)     _ti_sysbios_family_c28_Hwi_E_unpluggedInterrupt__C
003f2724    fc9c (003f2700)     _ti_sysbios_family_c28_Hwi_Module__diagsEnabled__C
003f2726    fc9c (003f2700)     _ti_sysbios_family_c28_Hwi_Module__diagsIncluded__C
003f2728    fc9c (003f2700)     _ti_sysbios_family_c28_Hwi_Module__diagsMask__C
003f272a    fc9c (003f2700)     _ti_sysbios_family_c28_TaskSupport_E_invalidStack__C
003f272c    fc9c (003f2700)     _ti_sysbios_family_c28_TimestampProvider_Module__diagsEnabled__C
003f272e    fc9c (003f2700)     _ti_sysbios_family_c28_TimestampProvider_Module__diagsIncluded__C
003f2730    fc9c (003f2700)     _ti_sysbios_family_c28_TimestampProvider_Module__diagsMask__C
003f2732    fc9c (003f2700)     _ti_sysbios_gates_GateMutex_A_badContext__C
003f2734    fc9c (003f2700)     _ti_sysbios_gates_GateMutex_Instance_State_sem__O
003f2736    fc9c (003f2700)     _ti_sysbios_gates_GateMutex_Module__diagsEnabled__C
003f2738    fc9c (003f2700)     _ti_sysbios_gates_GateMutex_Module__diagsIncluded__C
003f273a    fc9c (003f2700)     _ti_sysbios_gates_GateMutex_Module__diagsMask__C
003f273c    fc9c (003f2700)     _ti_sysbios_hal_Hwi_E_stackOverflow__C
003f273e    fc9c (003f2700)     _ti_sysbios_knl_Clock_Module_State_clockQ__O

003f2740    fc9d (003f2740)     _ti_sysbios_knl_Semaphore_A_badContext__C
003f2742    fc9d (003f2740)     _ti_sysbios_knl_Semaphore_A_noEvents__C
003f2744    fc9d (003f2740)     _ti_sysbios_knl_Semaphore_A_overflow__C
003f2746    fc9d (003f2740)     _ti_sysbios_knl_Semaphore_A_pendTaskDisabled__C
003f2748    fc9d (003f2740)     _ti_sysbios_knl_Semaphore_Instance_State_pendQ__O
003f274a    fc9d (003f2740)     _ti_sysbios_knl_Semaphore_Module__diagsEnabled__C
003f274c    fc9d (003f2740)     _ti_sysbios_knl_Semaphore_Module__diagsIncluded__C
003f274e    fc9d (003f2740)     _ti_sysbios_knl_Semaphore_Module__diagsMask__C
003f2750    fc9d (003f2740)     _ti_sysbios_knl_Task_E_spOutOfBounds__C
003f2752    fc9d (003f2740)     _ti_sysbios_knl_Task_E_stackOverflow__C
003f2754    fc9d (003f2740)     _ti_sysbios_knl_Task_Module_State_inactiveQ__O
003f2756    fc9d (003f2740)     _ti_sysbios_knl_Task_allBlockedFunc__C
003f2758    fc9d (003f2740)     _xdc_runtime_Assert_E_assertFailed__C
003f275a    fc9d (003f2740)     _xdc_runtime_Core_A_initializedParams__C
003f275c    fc9d (003f2740)     _xdc_runtime_Core_Module__diagsEnabled__C
003f275e    fc9d (003f2740)     _xdc_runtime_Core_Module__diagsIncluded__C
003f2760    fc9d (003f2740)     _xdc_runtime_Core_Module__diagsMask__C
003f2762    fc9d (003f2740)     _xdc_runtime_Error_E_memory__C
003f2764    fc9d (003f2740)     _xdc_runtime_Error_policyFxn__C
003f2766    fc9d (003f2740)     _xdc_runtime_Error_raiseHook__C
003f2768    fc9d (003f2740)     _xdc_runtime_HeapStd_A_align__C
003f276a    fc9d (003f2740)     _xdc_runtime_HeapStd_A_invalidTotalFreeSize__C
003f276c    fc9d (003f2740)     _xdc_runtime_HeapStd_A_zeroSize__C
003f276e    fc9d (003f2740)     _xdc_runtime_HeapStd_E_noRTSMemory__C
003f2770    fc9d (003f2740)     _xdc_runtime_HeapStd_Module__diagsEnabled__C
003f2772    fc9d (003f2740)     _xdc_runtime_HeapStd_Module__diagsIncluded__C
003f2774    fc9d (003f2740)     _xdc_runtime_HeapStd_Module__diagsMask__C
003f2776    fc9d (003f2740)     _xdc_runtime_IFilterLogger_Interface__BASE__C
003f2778    fc9d (003f2740)     _xdc_runtime_IGateProvider_Interface__BASE__C
003f277a    fc9d (003f2740)     _xdc_runtime_IHeap_Interface__BASE__C
003f277c    fc9d (003f2740)     _xdc_runtime_ILogger_Interface__BASE__C
003f277e    fc9d (003f2740)     _xdc_runtime_IModule_Interface__BASE__C

003f2780    fc9e (003f2780)     _xdc_runtime_LoggerBuf_E_badLevel__C
003f2782    fc9e (003f2780)     _xdc_runtime_LoggerBuf_Module__gateObj__C
003f2784    fc9e (003f2780)     _xdc_runtime_LoggerBuf_statusLogger__C
003f2786    fc9e (003f2780)     _xdc_runtime_Memory_defaultHeapInstance__C
003f2788    fc9e (003f2780)     _xdc_runtime_Startup_execImpl__C
003f278a    fc9e (003f2780)     _xdc_runtime_Startup_firstFxns__A
003f278c    fc9e (003f2780)     _xdc_runtime_Startup_lastFxns__A
003f278e    fc9e (003f2780)     _xdc_runtime_Startup_sfxnRts__C
003f2790    fc9e (003f2780)     _xdc_runtime_Startup_sfxnTab__C
003f2792    fc9e (003f2780)     _xdc_runtime_SysMin_bufSize__C
003f2794    fc9e (003f2780)     _xdc_runtime_SysMin_outputFunc__C
003f2796    fc9e (003f2780)     _xdc_runtime_System_Module__gateObj__C
003f2798    fc9e (003f2780)     _xdc_runtime_System_abortFxn__C
003f279a    fc9e (003f2780)     _xdc_runtime_System_exitFxn__C
003f279c    fc9e (003f2780)     _xdc_runtime_System_extendFxn__C
003f279e    fc9e (003f2780)     _xdc_runtime_Text_charTab__C
003f27a0    fc9e (003f2780)     _xdc_runtime_Text_nodeTab__A
003f27a2    fc9e (003f2780)     _xdc_runtime_Text_visitRopeFxn__C
003f27a4    fc9e (003f2780)     _ti_sysbios_gates_GateMutex_Module__id__C
003f27a5    fc9e (003f2780)     _ti_sysbios_hal_Hwi_Module__id__C
003f27a6    fc9e (003f2780)     _ti_sysbios_knl_Semaphore_Module__id__C
003f27a7    fc9e (003f2780)     _ti_sysbios_knl_Swi_Object__count__C
003f27a8    fc9e (003f2780)     _ti_sysbios_knl_Task_Module__id__C
003f27a9    fc9e (003f2780)     _ti_sysbios_knl_Task_Object__count__C
003f27aa    fc9e (003f2780)     _ti_sysbios_knl_Task_numConstructedTasks__C
003f27ab    fc9e (003f2780)     _xdc_runtime_Core_Module__id__C
003f27ac    fc9e (003f2780)     _xdc_runtime_Error_Module__loggerDefined__C
003f27ad    fc9e (003f2780)     _xdc_runtime_Error_maxDepth__C
003f27ae    fc9e (003f2780)     _xdc_runtime_Error_policy__C
003f27af    fc9e (003f2780)     _xdc_runtime_HeapStd_Module__id__C
003f27b0    fc9e (003f2780)     _xdc_runtime_LoggerBuf_Module__id__C
003f27b1    fc9e (003f2780)     _xdc_runtime_LoggerBuf_Object__count__C
003f27b2    fc9e (003f2780)     _xdc_runtime_LoggerBuf_filterByLevel__C
003f27b3    fc9e (003f2780)     _xdc_runtime_Memory_Module__id__C
003f27b4    fc9e (003f2780)     _xdc_runtime_Startup_maxPasses__C
003f27b5    fc9e (003f2780)     _xdc_runtime_SysMin_flushAtExit__C
003f27b6    fc9e (003f2780)     _xdc_runtime_System_maxAtexitHandlers__C
003f27b7    fc9e (003f2780)     _xdc_runtime_Text_charTab__A
003f27b8    fc9e (003f2780)     _xdc_runtime_Text_isLoaded__C
003f27b9    fc9e (003f2780)     _xdc_runtime_Text_registryModsLastId__C
003f27ba    fc9e (003f2780)     _xdc_runtime_Text_unnamedModsLastId__C

003f7ff8    fdff (003f7fc0)     _CsmPwl


GLOBAL SYMBOLS: SORTED ALPHABETICALLY BY Name 

page  address   name                                                             
----  -------   ----                                                             
1     00000594  .data                                                            
0     003f0000  .text                                                            
0     003f19e2  C$$EXIT                                                          
0     003f09c4  C$$IO$$                                                          
0     003f03ce  LL$$DIV                                                          
[...]
0     003f232b  _xdc_runtime_HeapStd_isBlocking__E                               
0     003f232d  __system_pre_init                                                
0     003f232f  _free                                                            
0     003f2330  _ti_sysbios_BIOS_linkedWithIncorrectBootLibrary__E               
0     003f2331  _ti_sysbios_BIOS_nullFunc__I                                     
0     003f2332  _ti_sysbios_family_c28_Hwi_interruptReturn__I                    
0     003f2333  _ti_sysbios_gates_GateHwi_Instance_init__E                       
0     003f2334  _ti_sysbios_knl_Clock_logTick__E                                 
0     003f2335  __system_post_cinit                                              
0     003f2336  ___etext__                                                       
0     003f2336  _ti_sysbios_family_c28_Hwi_vectors                               
0     003f2336  etext                                                            
0     003f24a1  _ti_sysbios_family_c28_Hwi_Module__id__C                         
0     003f2541  _ti_sysbios_family_c28_Hwi_NUM_INTERRUPTS_ALL__C                 
0     003f2573  _ti_sysbios_family_c28_Hwi_Object__count__C                      
0     003f25bd  _ti_sysbios_family_c28_TaskSupport_Module__id__C                 
0     003f25be  _xdc_runtime_LoggerBuf_Module__FXNS__C                           
0     003f25f5  _ti_sysbios_family_c28_Timer_startupNeeded__C                    
0     003f25f6  _xdc_runtime_Startup_sfxnTab__A                                  
0     003f260c  _xdc_runtime_HeapStd_Module__FXNS__C                             
0     003f2620  _ti_sysbios_gates_GateHwi_Module__FXNS__C                        
0     003f2632  _ti_sysbios_gates_GateMutex_Module__FXNS__C                      
0     003f2644  _xdc_runtime_LoggerBuf_Object__PARAMS__C                         
0     003f2656  _ti_sysbios_gates_GateHwi_Object__DESC__C                        
0     003f2666  _ti_sysbios_gates_GateMutex_Object__DESC__C                      
0     003f2676  _ti_sysbios_knl_Queue_Object__DESC__C                            
0     003f2686  _ti_sysbios_knl_Semaphore_Object__DESC__C                        
0     003f2696  _ti_sysbios_knl_Semaphore_Object__PARAMS__C                      
0     003f26a6  _xdc_runtime_HeapStd_Object__DESC__C                             
0     003f26b6  _xdc_runtime_LoggerBuf_Object__DESC__C                           
0     003f26c6  _xdc_runtime_HeapStd_Object__PARAMS__C                           
0     003f26d4  _ti_sysbios_gates_GateHwi_Object__PARAMS__C                      
0     003f26e0  _ti_sysbios_gates_GateMutex_Object__PARAMS__C                    
0     003f26ec  _ti_sysbios_knl_Queue_Object__PARAMS__C                          
0     003f26f8  _xdc_runtime_Startup_sfxnRts__A                                  
0     003f2703  _ti_sysbios_family_c28_TimestampProvider_Module__id__C           
0     003f2704  _ti_sysbios_knl_Idle_funcList__A                                 
0     003f270f  _ti_sysbios_family_c28_TimestampProvider_useClockTimer__C        
0     003f2710  _ti_sysbios_knl_Idle_funcList__C                                 
0     003f2714  _xdc_runtime_Startup_firstFxns__C                                
0     003f2718  _xdc_runtime_Startup_lastFxns__C                                 
0     003f271c  _myTimer0                                                        
0     003f271e  _ti_sysbios_family_c28_Hwi_A_badIntNum__C                        
0     003f2720  _ti_sysbios_family_c28_Hwi_A_invalidArg__C                       
0     003f2722  _ti_sysbios_family_c28_Hwi_E_unpluggedInterrupt__C               
0     003f2724  _ti_sysbios_family_c28_Hwi_Module__diagsEnabled__C               
0     003f2726  _ti_sysbios_family_c28_Hwi_Module__diagsIncluded__C              
0     003f2728  _ti_sysbios_family_c28_Hwi_Module__diagsMask__C                  
0     003f272a  _ti_sysbios_family_c28_TaskSupport_E_invalidStack__C             
0     003f272c  _ti_sysbios_family_c28_TimestampProvider_Module__diagsEnabled__C 
0     003f272e  _ti_sysbios_family_c28_TimestampProvider_Module__diagsIncluded__C
0     003f2730  _ti_sysbios_family_c28_TimestampProvider_Module__diagsMask__C    
0     003f2732  _ti_sysbios_gates_GateMutex_A_badContext__C                      
0     003f2734  _ti_sysbios_gates_GateMutex_Instance_State_sem__O                
0     003f2736  _ti_sysbios_gates_GateMutex_Module__diagsEnabled__C              
0     003f2738  _ti_sysbios_gates_GateMutex_Module__diagsIncluded__C             
0     003f273a  _ti_sysbios_gates_GateMutex_Module__diagsMask__C                 
0     003f273c  _ti_sysbios_hal_Hwi_E_stackOverflow__C                           
0     003f273e  _ti_sysbios_knl_Clock_Module_State_clockQ__O                     
0     003f2740  _ti_sysbios_knl_Semaphore_A_badContext__C                        
0     003f2742  _ti_sysbios_knl_Semaphore_A_noEvents__C                          
0     003f2744  _ti_sysbios_knl_Semaphore_A_overflow__C                          
0     003f2746  _ti_sysbios_knl_Semaphore_A_pendTaskDisabled__C                  
0     003f2748  _ti_sysbios_knl_Semaphore_Instance_State_pendQ__O                
0     003f274a  _ti_sysbios_knl_Semaphore_Module__diagsEnabled__C                
0     003f274c  _ti_sysbios_knl_Semaphore_Module__diagsIncluded__C               
0     003f274e  _ti_sysbios_knl_Semaphore_Module__diagsMask__C                   
0     003f2750  _ti_sysbios_knl_Task_E_spOutOfBounds__C                          
0     003f2752  _ti_sysbios_knl_Task_E_stackOverflow__C                          
0     003f2754  _ti_sysbios_knl_Task_Module_State_inactiveQ__O                   
0     003f2756  _ti_sysbios_knl_Task_allBlockedFunc__C                           
0     003f2758  _xdc_runtime_Assert_E_assertFailed__C                            
0     003f275a  _xdc_runtime_Core_A_initializedParams__C                         
0     003f275c  _xdc_runtime_Core_Module__diagsEnabled__C                        
0     003f275e  _xdc_runtime_Core_Module__diagsIncluded__C                       
0     003f2760  _xdc_runtime_Core_Module__diagsMask__C                           
0     003f2762  _xdc_runtime_Error_E_memory__C                                   
0     003f2764  _xdc_runtime_Error_policyFxn__C                                  
0     003f2766  _xdc_runtime_Error_raiseHook__C                                  
0     003f2768  _xdc_runtime_HeapStd_A_align__C                                  
0     003f276a  _xdc_runtime_HeapStd_A_invalidTotalFreeSize__C                   
0     003f276c  _xdc_runtime_HeapStd_A_zeroSize__C                               
0     003f276e  _xdc_runtime_HeapStd_E_noRTSMemory__C                            
0     003f2770  _xdc_runtime_HeapStd_Module__diagsEnabled__C                     
0     003f2772  _xdc_runtime_HeapStd_Module__diagsIncluded__C                    
0     003f2774  _xdc_runtime_HeapStd_Module__diagsMask__C                        
0     003f2776  _xdc_runtime_IFilterLogger_Interface__BASE__C                    
0     003f2778  _xdc_runtime_IGateProvider_Interface__BASE__C                    
0     003f277a  _xdc_runtime_IHeap_Interface__BASE__C                            
0     003f277c  _xdc_runtime_ILogger_Interface__BASE__C                          
0     003f277e  _xdc_runtime_IModule_Interface__BASE__C                          
0     003f2780  _xdc_runtime_LoggerBuf_E_badLevel__C                             
0     003f2782  _xdc_runtime_LoggerBuf_Module__gateObj__C                        
0     003f2784  _xdc_runtime_LoggerBuf_statusLogger__C                           
0     003f2786  _xdc_runtime_Memory_defaultHeapInstance__C                       
0     003f2788  _xdc_runtime_Startup_execImpl__C                                 
0     003f278a  _xdc_runtime_Startup_firstFxns__A                                
0     003f278c  _xdc_runtime_Startup_lastFxns__A                                 
0     003f278e  _xdc_runtime_Startup_sfxnRts__C                                  
0     003f2790  _xdc_runtime_Startup_sfxnTab__C                                  
0     003f2792  _xdc_runtime_SysMin_bufSize__C                                   
0     003f2794  _xdc_runtime_SysMin_outputFunc__C                                
0     003f2796  _xdc_runtime_System_Module__gateObj__C                           
0     003f2798  _xdc_runtime_System_abortFxn__C                                  
0     003f279a  _xdc_runtime_System_exitFxn__C                                   
0     003f279c  _xdc_runtime_System_extendFxn__C                                 
0     003f279e  _xdc_runtime_Text_charTab__C                                     
0     003f27a0  _xdc_runtime_Text_nodeTab__A                                     
0     003f27a2  _xdc_runtime_Text_visitRopeFxn__C                                
0     003f27a4  _ti_sysbios_gates_GateMutex_Module__id__C                        
0     003f27a5  _ti_sysbios_hal_Hwi_Module__id__C                                
0     003f27a6  _ti_sysbios_knl_Semaphore_Module__id__C                          
0     003f27a7  _ti_sysbios_knl_Swi_Object__count__C                             
0     003f27a8  _ti_sysbios_knl_Task_Module__id__C                               
0     003f27a9  _ti_sysbios_knl_Task_Object__count__C                            
0     003f27aa  _ti_sysbios_knl_Task_numConstructedTasks__C                      
0     003f27ab  _xdc_runtime_Core_Module__id__C                                  
0     003f27ac  _xdc_runtime_Error_Module__loggerDefined__C                      
0     003f27ad  _xdc_runtime_Error_maxDepth__C                                   
0     003f27ae  _xdc_runtime_Error_policy__C                                     
0     003f27af  _xdc_runtime_HeapStd_Module__id__C                               
0     003f27b0  _xdc_runtime_LoggerBuf_Module__id__C                             
0     003f27b1  _xdc_runtime_LoggerBuf_Object__count__C                          
0     003f27b2  _xdc_runtime_LoggerBuf_filterByLevel__C                          
0     003f27b3  _xdc_runtime_Memory_Module__id__C                                
0     003f27b4  _xdc_runtime_Startup_maxPasses__C                                
0     003f27b5  _xdc_runtime_SysMin_flushAtExit__C                               
0     003f27b6  _xdc_runtime_System_maxAtexitHandlers__C                         
0     003f27b7  _xdc_runtime_Text_charTab__A                                     
0     003f27b8  _xdc_runtime_Text_isLoaded__C                                    
0     003f27b9  _xdc_runtime_Text_registryModsLastId__C                          
0     003f27ba  _xdc_runtime_Text_unnamedModsLastId__C                           
0     003f27bb  ___cinit__                                                       
0     003f27bb  cinit                                                            
1     00000000  _ti_sysbios_family_c28_Hwi_Module_State_0_dispatchTable__A       
1     00000100  _ti_sysbios_knl_Task_Instance_State_0_stack__A                   
1     00000200  _xdc_runtime_SysMin_Module_State_0_outbuf__A                     
1     00000280  ___xdc__init__addr                                               
1     00000282  _ti_sysbios_family_c28_Hwi_Module__root__V                       
1     00000286  _ti_sysbios_family_c28_Timer_Module__root__V                     
1     0000028a  _ti_sysbios_gates_GateHwi_Module__root__V                        
1     0000028e  _ti_sysbios_gates_GateMutex_Module__root__V                      
1     00000292  _ti_sysbios_hal_Hwi_Module__root__V                              
1     00000296  _ti_sysbios_hal_Timer_Module__root__V                            
1     0000029a  _ti_sysbios_knl_Clock_Module__root__V                            
1     0000029e  _ti_sysbios_knl_Queue_Module__root__V                            
1     000002a2  _ti_sysbios_knl_Semaphore_Module__root__V                        
1     000002a6  _ti_sysbios_knl_Swi_Module__root__V                              
1     000002aa  _ti_sysbios_knl_Task_Module__root__V                             
1     000002ae  _xdc_runtime_HeapStd_Module__root__V                             
1     000002b2  _xdc_runtime_LoggerBuf_Module__root__V                           
1     000002c0  _xdc_runtime_Error_IgnoreBlock                                   
1     000002d0  _ti_sysbios_family_c28_Hwi_Object__table__V                      
1     00000300  _ti_sysbios_family_c28_Timer_Object__table__V                    
1     00000348  _ti_sysbios_knl_Task_Object__table__V                            
1     00000372  _ti_sysbios_gates_GateMutex_Object__table__V                     
1     00000380  _ti_sysbios_knl_Swi_Module_State_0_readyQ__A                     
1     000003c0  _ti_sysbios_knl_Task_Module_State_0_readyQ__A                    
1     00000400  _xdc_runtime_LoggerBuf_Instance_State_0_entryArr__A              
1     00000440  _ti_sysbios_knl_Swi_Object__table__V                             
1     00000454  _xdc_runtime_LoggerBuf_Object__table__V                          
1     00000466  _parmbuf                                                         
1     0000046e  _xdc_runtime_System_Module_State_0_atexitHandlers__A             
1     00000476  _xdc_runtime_HeapStd_Object__table__V                            
1     0000047c  _ti_sysbios_hal_Timer_Object__table__V                           
1     00000480  ___TI_enable_exit_profile_output                                 
1     00000482  ___TI_cleanup_ptr                                                
1     00000484  ___TI_dtors_ptr                                                  
1     00000486  _isrFlag                                                         
1     00000487  _isrFlag2                                                        
1     00000488  _tickCount                                                       
1     0000048c  __lock                                                           
1     0000048e  __unlock                                                         
1     00000490  _ti_sysbios_gates_GateHwi_Object__table__V                       
1     00000492  _ti_sysbios_knl_Task_Module_State_0_idleTask__A                  
1     00000494  __stack                                                          
1     00000594  .data                                                            
1     00000594  __STACK_END                                                      
1     00000594  ___data__                                                        
1     00000594  _ti_sysbios_knl_Task_Module__state__V                            
1     000005b4  _ti_sysbios_knl_Swi_Module__state__V                             
1     000005c0  _ti_sysbios_knl_Clock_Module__state__V                           
1     000005d6  _ti_sysbios_BIOS_Module__state__V                                
1     000005e8  _ti_sysbios_family_c28_Hwi_Module__state__V                      
1     000005f8  _ti_sysbios_family_c28_Timer_Module__state__V                    
1     00000600  _ti_sysbios_family_c28_TimestampProvider_Module__state__V        
1     00000604  _xdc_runtime_Registry_Module__state__V                           
1     00000608  _xdc_runtime_Startup_Module__state__V                            
1     0000060c  _xdc_runtime_SysMin_Module__state__V                             
1     00000610  _xdc_runtime_System_Module__state__V                             
1     00000614  _xdc_runtime_Text_Module__state__V                               
1     00000618  _xdc_runtime_LoggerBuf_Module__state__V                          
1     0000061b  _xdc_runtime_Error_Module__state__V                              
1     0000061c  _xdc_runtime_HeapStd_Module__state__V                            
1     0000061e  _xdc_runtime_Memory_Module__state__V                             
1     00000620  ___edata__                                                       
1     00000620  edata                                                            
1     00000880  _DevEmuRegs                                                      
1     00000985  _SysPwrCtrlRegs                                                  
1     00000a80  _FlashRegs                                                       
1     00000ae0  _CsmRegs                                                         
1     00000b00  _AdcResult                                                       
1     00000c00  _CpuTimer0Regs                                                   
1     00000c08  _CpuTimer1Regs                                                   
1     00000c10  _CpuTimer2Regs                                                   
1     00000ce0  _PieCtrlRegs                                                     
1     00006400  _Comp1Regs                                                       
1     00006420  _Comp2Regs                                                       
1     00006800  _EPwm1Regs                                                       
1     00006840  _EPwm2Regs                                                       
1     00006880  _EPwm3Regs                                                       
1     000068c0  _EPwm4Regs                                                       
1     00006a00  _ECap1Regs                                                       
1     00006f80  _GpioCtrlRegs                                                    
1     00006fc0  _GpioDataRegs                                                    
1     00006fe0  _GpioIntRegs                                                     
1     00007010  _SysCtrlRegs                                                     
1     00007040  _SpiaRegs                                                        
1     00007050  _SciaRegs                                                        
1     00007060  _NmiIntruptRegs                                                  
1     00007070  _XIntruptRegs                                                    
1     00007100  _AdcRegs                                                         
1     00007900  _I2caRegs                                                        
1     00008000  _RamfuncsLoadEnd                                                 
1     00008000  _RamfuncsLoadStart                                               
1     00008000  _RamfuncsRunStart                                                
1     00008000  __CIOBUF_                                                        
1     003d7fff  _PartIdRegs                                                      
1     003f7ff8  _CsmPwl                                                          
abs   00000000  _RamfuncsLoadSize                                                
abs   00000001  _xdc_rov_runtime_Mon__checksum                                   
abs   00000001  _xdc_rov_runtime_Mon__write                                      
abs   00000001  _xdc_runtime_Startup__EXECFXN__C                                 
abs   00000001  _xdc_runtime_Startup__RESETFXN__C                                
abs   00000100  __STACK_SIZE                                                     
abs   ffffffff  ___TI_pprof_out_hndl                                             
abs   ffffffff  ___TI_prof_data_size                                             
abs   ffffffff  ___TI_prof_data_start                                            
abs   ffffffff  ___binit__                                                       
abs   ffffffff  ___c_args__                                                      
abs   ffffffff  ___pinit__                                                       
abs   ffffffff  binit                                                            
abs   ffffffff  pinit                                                            

[526 symbols]
