<?xml version="1.0" encoding="ISO-8859-1" ?>
<link_info>
   <banner>TMS320C2000 Linker PC v20.2.5.LTS</banner>
   <copyright>Copyright (c) 1996-2018 Texas Instruments Incorporated</copyright>
   <link_time>0x6384964e</link_time>
   <link_errors>0x0</link_errors>
   <output_file>PotBot.out</output_file>
   <entry_point>
      <name>_c_int00</name>
      <address>0x3f1c7b</address>
   </entry_point>
   <input_file_list>
      <input_file id="fl-2">
         <path>.\</path>
         <kind>object</kind>
         <file>F2802x_GlobalVariableDefs.obj</file>
         <name>F2802x_GlobalVariableDefs.obj</name>
      </input_file>
      <input_file id="fl-3">
         <path>.\</path>
         <kind>object</kind>
         <file>adc.obj</file>
         <name>adc.obj</name>
      </input_file>
      <input_file id="fl-4">
         <path>.\</path>
         <kind>object</kind>
         <file>dev_init.obj</file>
         <name>dev_init.obj</name>
      </input_file>
      <input_file id="fl-5">
         <path>.\</path>
         <kind>object</kind>
         <file>dsp.obj</file>
         <name>dsp.obj</name>
      </input_file>
      <input_file id="fl-6">
         <path>.\</path>
         <kind>object</kind>
         <file>main.obj</file>
         <name>main.obj</name>
      </input_file>
      <input_file id="fl-7">
         <path>.\</path>
         <kind>object</kind>
         <file>servo.obj</file>
         <name>servo.obj</name>
      </input_file>
      <input_file id="fl-8">
         <path>.\</path>
         <kind>object</kind>
         <file>spi.obj</file>
         <name>spi.obj</name>
      </input_file>
      <input_file id="fl-9">
         <path>.\</path>
         <kind>object</kind>
         <file>uart.obj</file>
         <name>uart.obj</name>
      </input_file>
      <input_file id="fl-d">
         <path>C:\Users\jbate\workspace_v10\PotBot\Debug\configPkg\package\cfg\</path>
         <kind>object</kind>
         <file>PotBot_p28L.o28L</file>
         <name>PotBot_p28L.o28L</name>
      </input_file>
      <input_file id="fl-14">
         <kind>object</kind>
         <file>&lt;internal&gt;</file>
         <name>&lt;internal&gt;</name>
      </input_file>
      <input_file id="fl-15">
         <path>C:\Users\jbate\workspace_v10\PotBot\src\sysbios\</path>
         <kind>archive</kind>
         <file>sysbios.a28L</file>
         <name>BIOS.obj</name>
      </input_file>
      <input_file id="fl-16">
         <path>C:\Users\jbate\workspace_v10\PotBot\src\sysbios\</path>
         <kind>archive</kind>
         <file>sysbios.a28L</file>
         <name>c28_Hwi_asm.obj</name>
      </input_file>
      <input_file id="fl-17">
         <path>C:\Users\jbate\workspace_v10\PotBot\src\sysbios\</path>
         <kind>archive</kind>
         <file>sysbios.a28L</file>
         <name>c28_Hwi_disp_asm.obj</name>
      </input_file>
      <input_file id="fl-18">
         <path>C:\Users\jbate\workspace_v10\PotBot\src\sysbios\</path>
         <kind>archive</kind>
         <file>sysbios.a28L</file>
         <name>c28_IntrinsicsSupport_asm.obj</name>
      </input_file>
      <input_file id="fl-19">
         <path>C:\Users\jbate\workspace_v10\PotBot\src\sysbios\</path>
         <kind>archive</kind>
         <file>sysbios.a28L</file>
         <name>c28_TaskSupport_asm.obj</name>
      </input_file>
      <input_file id="fl-1a">
         <path>C:\ti\bios_6_83_00_18\packages\ti\catalog\c2800\init\lib\</path>
         <kind>archive</kind>
         <file>Boot.a28L</file>
         <name>Boot.o28L</name>
      </input_file>
      <input_file id="fl-1b">
         <path>C:\ti\bios_6_83_00_18\packages\ti\catalog\c2800\init\lib\</path>
         <kind>archive</kind>
         <file>Boot.a28L</file>
         <name>Boot_asm.o28L</name>
      </input_file>
      <input_file id="fl-1c">
         <path>C:\ti\bios_6_83_00_18\packages\ti\targets\rts2800\lib\</path>
         <kind>archive</kind>
         <file>ti.targets.rts2800.a28L</file>
         <name>Assert.o28L</name>
      </input_file>
      <input_file id="fl-1d">
         <path>C:\ti\bios_6_83_00_18\packages\ti\targets\rts2800\lib\</path>
         <kind>archive</kind>
         <file>ti.targets.rts2800.a28L</file>
         <name>Core-mem.o28L</name>
      </input_file>
      <input_file id="fl-1e">
         <path>C:\ti\bios_6_83_00_18\packages\ti\targets\rts2800\lib\</path>
         <kind>archive</kind>
         <file>ti.targets.rts2800.a28L</file>
         <name>Core-smem.o28L</name>
      </input_file>
      <input_file id="fl-1f">
         <path>C:\ti\bios_6_83_00_18\packages\ti\targets\rts2800\lib\</path>
         <kind>archive</kind>
         <file>ti.targets.rts2800.a28L</file>
         <name>Core-params.o28L</name>
      </input_file>
      <input_file id="fl-20">
         <path>C:\ti\bios_6_83_00_18\packages\ti\targets\rts2800\lib\</path>
         <kind>archive</kind>
         <file>ti.targets.rts2800.a28L</file>
         <name>Error.o28L</name>
      </input_file>
      <input_file id="fl-21">
         <path>C:\ti\bios_6_83_00_18\packages\ti\targets\rts2800\lib\</path>
         <kind>archive</kind>
         <file>ti.targets.rts2800.a28L</file>
         <name>Gate.o28L</name>
      </input_file>
      <input_file id="fl-22">
         <path>C:\ti\bios_6_83_00_18\packages\ti\targets\rts2800\lib\</path>
         <kind>archive</kind>
         <file>ti.targets.rts2800.a28L</file>
         <name>HeapStd.o28L</name>
      </input_file>
      <input_file id="fl-23">
         <path>C:\ti\bios_6_83_00_18\packages\ti\targets\rts2800\lib\</path>
         <kind>archive</kind>
         <file>ti.targets.rts2800.a28L</file>
         <name>LoggerBuf.o28L</name>
      </input_file>
      <input_file id="fl-24">
         <path>C:\ti\bios_6_83_00_18\packages\ti\targets\rts2800\lib\</path>
         <kind>archive</kind>
         <file>ti.targets.rts2800.a28L</file>
         <name>Memory.o28L</name>
      </input_file>
      <input_file id="fl-25">
         <path>C:\ti\bios_6_83_00_18\packages\ti\targets\rts2800\lib\</path>
         <kind>archive</kind>
         <file>ti.targets.rts2800.a28L</file>
         <name>Startup.o28L</name>
      </input_file>
      <input_file id="fl-26">
         <path>C:\ti\bios_6_83_00_18\packages\ti\targets\rts2800\lib\</path>
         <kind>archive</kind>
         <file>ti.targets.rts2800.a28L</file>
         <name>System.o28L</name>
      </input_file>
      <input_file id="fl-27">
         <path>C:\ti\bios_6_83_00_18\packages\ti\targets\rts2800\lib\</path>
         <kind>archive</kind>
         <file>ti.targets.rts2800.a28L</file>
         <name>SysMin.o28L</name>
      </input_file>
      <input_file id="fl-28">
         <path>C:\ti\bios_6_83_00_18\packages\ti\targets\rts2800\lib\</path>
         <kind>archive</kind>
         <file>ti.targets.rts2800.a28L</file>
         <name>Text.o28L</name>
      </input_file>
      <input_file id="fl-29">
         <path>C:\ti\bios_6_83_00_18\packages\ti\targets\rts2800\lib\</path>
         <kind>archive</kind>
         <file>ti.targets.rts2800.a28L</file>
         <name>xdc_noinit.o28L</name>
      </input_file>
      <input_file id="fl-2a">
         <path>C:\ti\bios_6_83_00_18\packages\ti\targets\rts2800\lib\</path>
         <kind>archive</kind>
         <file>ti.targets.rts2800.a28L</file>
         <name>Log.o28L</name>
      </input_file>
      <input_file id="fl-2b">
         <path>C:\ti\bios_6_83_00_18\packages\ti\targets\rts2800\lib\</path>
         <kind>archive</kind>
         <file>ti.targets.rts2800.a28L</file>
         <name>Registry.o28L</name>
      </input_file>
      <input_file id="fl-2c">
         <path>C:\ti\bios_6_83_00_18\packages\ti\targets\rts2800\lib\</path>
         <kind>archive</kind>
         <file>boot.a28L</file>
         <name>boot_cg.o28L</name>
      </input_file>
      <input_file id="fl-38">
         <path>C:\ti\ccs1040\ccs\tools\compiler\ti-cgt-c2000_20.2.5.LTS\lib\</path>
         <kind>archive</kind>
         <file>rts2800_ml.lib</file>
         <name>fs_add28.asm.obj</name>
      </input_file>
      <input_file id="fl-39">
         <path>C:\ti\ccs1040\ccs\tools\compiler\ti-cgt-c2000_20.2.5.LTS\lib\</path>
         <kind>archive</kind>
         <file>rts2800_ml.lib</file>
         <name>fs_div28.asm.obj</name>
      </input_file>
      <input_file id="fl-3a">
         <path>C:\ti\ccs1040\ccs\tools\compiler\ti-cgt-c2000_20.2.5.LTS\lib\</path>
         <kind>archive</kind>
         <file>rts2800_ml.lib</file>
         <name>fs_mpy28.asm.obj</name>
      </input_file>
      <input_file id="fl-3b">
         <path>C:\ti\ccs1040\ccs\tools\compiler\ti-cgt-c2000_20.2.5.LTS\lib\</path>
         <kind>archive</kind>
         <file>rts2800_ml.lib</file>
         <name>fs_toi28.asm.obj</name>
      </input_file>
      <input_file id="fl-3c">
         <path>C:\ti\ccs1040\ccs\tools\compiler\ti-cgt-c2000_20.2.5.LTS\lib\</path>
         <kind>archive</kind>
         <file>rts2800_ml.lib</file>
         <name>fs_tou28.asm.obj</name>
      </input_file>
      <input_file id="fl-3d">
         <path>C:\ti\ccs1040\ccs\tools\compiler\ti-cgt-c2000_20.2.5.LTS\lib\</path>
         <kind>archive</kind>
         <file>rts2800_ml.lib</file>
         <name>ll_div28.asm.obj</name>
      </input_file>
      <input_file id="fl-3e">
         <path>C:\ti\ccs1040\ccs\tools\compiler\ti-cgt-c2000_20.2.5.LTS\lib\</path>
         <kind>archive</kind>
         <file>rts2800_ml.lib</file>
         <name>i_div28.asm.obj</name>
      </input_file>
      <input_file id="fl-3f">
         <path>C:\ti\ccs1040\ccs\tools\compiler\ti-cgt-c2000_20.2.5.LTS\lib\</path>
         <kind>archive</kind>
         <file>rts2800_ml.lib</file>
         <name>l_tofs28.asm.obj</name>
      </input_file>
      <input_file id="fl-40">
         <path>C:\ti\ccs1040\ccs\tools\compiler\ti-cgt-c2000_20.2.5.LTS\lib\</path>
         <kind>archive</kind>
         <file>rts2800_ml.lib</file>
         <name>l_div28.asm.obj</name>
      </input_file>
      <input_file id="fl-41">
         <path>C:\ti\ccs1040\ccs\tools\compiler\ti-cgt-c2000_20.2.5.LTS\lib\</path>
         <kind>archive</kind>
         <file>rts2800_ml.lib</file>
         <name>cpy_tbl.c.obj</name>
      </input_file>
      <input_file id="fl-42">
         <path>C:\ti\ccs1040\ccs\tools\compiler\ti-cgt-c2000_20.2.5.LTS\lib\</path>
         <kind>archive</kind>
         <file>rts2800_ml.lib</file>
         <name>memcpy.c.obj</name>
      </input_file>
      <input_file id="fl-43">
         <path>C:\ti\ccs1040\ccs\tools\compiler\ti-cgt-c2000_20.2.5.LTS\lib\</path>
         <kind>archive</kind>
         <file>rts2800_ml.lib</file>
         <name>pre_init.c.obj</name>
      </input_file>
      <input_file id="fl-44">
         <path>C:\ti\ccs1040\ccs\tools\compiler\ti-cgt-c2000_20.2.5.LTS\lib\</path>
         <kind>archive</kind>
         <file>rts2800_ml.lib</file>
         <name>startup.c.obj</name>
      </input_file>
      <input_file id="fl-45">
         <path>C:\ti\ccs1040\ccs\tools\compiler\ti-cgt-c2000_20.2.5.LTS\lib\</path>
         <kind>archive</kind>
         <file>rts2800_ml.lib</file>
         <name>exit.c.obj</name>
      </input_file>
      <input_file id="fl-46">
         <path>C:\ti\ccs1040\ccs\tools\compiler\ti-cgt-c2000_20.2.5.LTS\lib\</path>
         <kind>archive</kind>
         <file>rts2800_ml.lib</file>
         <name>_lock.c.obj</name>
      </input_file>
      <input_file id="fl-47">
         <path>C:\ti\ccs1040\ccs\tools\compiler\ti-cgt-c2000_20.2.5.LTS\lib\</path>
         <kind>archive</kind>
         <file>rts2800_ml.lib</file>
         <name>args_main.c.obj</name>
      </input_file>
      <input_file id="fl-48">
         <path>C:\ti\ccs1040\ccs\tools\compiler\ti-cgt-c2000_20.2.5.LTS\lib\</path>
         <kind>archive</kind>
         <file>rts2800_ml.lib</file>
         <name>memset.c.obj</name>
      </input_file>
      <input_file id="fl-49">
         <path>C:\ti\ccs1040\ccs\tools\compiler\ti-cgt-c2000_20.2.5.LTS\lib\</path>
         <kind>archive</kind>
         <file>rts2800_ml.lib</file>
         <name>strcmp.c.obj</name>
      </input_file>
      <input_file id="fl-4a">
         <path>C:\ti\ccs1040\ccs\tools\compiler\ti-cgt-c2000_20.2.5.LTS\lib\</path>
         <kind>archive</kind>
         <file>rts2800_ml.lib</file>
         <name>strcpy.c.obj</name>
      </input_file>
      <input_file id="fl-4b">
         <path>C:\ti\ccs1040\ccs\tools\compiler\ti-cgt-c2000_20.2.5.LTS\lib\</path>
         <kind>archive</kind>
         <file>rts2800_ml.lib</file>
         <name>strlen.c.obj</name>
      </input_file>
      <input_file id="fl-4c">
         <path>C:\ti\ccs1040\ccs\tools\compiler\ti-cgt-c2000_20.2.5.LTS\lib\</path>
         <kind>archive</kind>
         <file>rts2800_ml.lib</file>
         <name>hostwrite.c.obj</name>
      </input_file>
      <input_file id="fl-4d">
         <path>C:\ti\ccs1040\ccs\tools\compiler\ti-cgt-c2000_20.2.5.LTS\lib\</path>
         <kind>archive</kind>
         <file>rts2800_ml.lib</file>
         <name>trgmsg.c.obj</name>
      </input_file>
      <input_file id="fl-4e">
         <path>C:\ti\ccs1040\ccs\tools\compiler\ti-cgt-c2000_20.2.5.LTS\lib\</path>
         <kind>archive</kind>
         <file>rts2800_ml.lib</file>
         <name>hostopen.c.obj</name>
      </input_file>
   </input_file_list>
   <object_component_list>
      <object_component id="oc-5e">
         <name>PieVectTableFile</name>
         <uninitialized>true</uninitialized>
         <run_address>0xd00</run_address>
         <size>0x100</size>
         <input_file_ref idref="fl-2"/>
      </object_component>
      <object_component id="oc-3f">
         <name>EmuKeyVar</name>
         <uninitialized>true</uninitialized>
         <run_address>0xd00</run_address>
         <size>0x1</size>
         <input_file_ref idref="fl-2"/>
      </object_component>
      <object_component id="oc-40">
         <name>EmuBModeVar</name>
         <uninitialized>true</uninitialized>
         <run_address>0xd01</run_address>
         <size>0x1</size>
         <input_file_ref idref="fl-2"/>
      </object_component>
      <object_component id="oc-42">
         <name>FlashCallbackVar</name>
         <uninitialized>true</uninitialized>
         <run_address>0xd02</run_address>
         <size>0x2</size>
         <input_file_ref idref="fl-2"/>
      </object_component>
      <object_component id="oc-41">
         <name>FlashScalingVar</name>
         <uninitialized>true</uninitialized>
         <run_address>0xd04</run_address>
         <size>0x2</size>
         <input_file_ref idref="fl-2"/>
      </object_component>
      <object_component id="oc-44">
         <name>DevEmuRegsFile</name>
         <uninitialized>true</uninitialized>
         <run_address>0x880</run_address>
         <size>0x4</size>
         <input_file_ref idref="fl-2"/>
      </object_component>
      <object_component id="oc-43">
         <name>SysPwrCtrlRegsFile</name>
         <uninitialized>true</uninitialized>
         <run_address>0x985</run_address>
         <size>0x3</size>
         <input_file_ref idref="fl-2"/>
      </object_component>
      <object_component id="oc-49">
         <name>FlashRegsFile</name>
         <uninitialized>true</uninitialized>
         <run_address>0xa80</run_address>
         <size>0x8</size>
         <input_file_ref idref="fl-2"/>
      </object_component>
      <object_component id="oc-4b">
         <name>CsmRegsFile</name>
         <uninitialized>true</uninitialized>
         <run_address>0xae0</run_address>
         <size>0x10</size>
         <input_file_ref idref="fl-2"/>
      </object_component>
      <object_component id="oc-52">
         <name>AdcResultFile</name>
         <uninitialized>true</uninitialized>
         <run_address>0xb00</run_address>
         <size>0x20</size>
         <input_file_ref idref="fl-2"/>
      </object_component>
      <object_component id="oc-45">
         <name>CpuTimer0RegsFile</name>
         <uninitialized>true</uninitialized>
         <run_address>0xc00</run_address>
         <size>0x8</size>
         <input_file_ref idref="fl-2"/>
      </object_component>
      <object_component id="oc-46">
         <name>CpuTimer1RegsFile</name>
         <uninitialized>true</uninitialized>
         <run_address>0xc08</run_address>
         <size>0x8</size>
         <input_file_ref idref="fl-2"/>
      </object_component>
      <object_component id="oc-47">
         <name>CpuTimer2RegsFile</name>
         <uninitialized>true</uninitialized>
         <run_address>0xc10</run_address>
         <size>0x8</size>
         <input_file_ref idref="fl-2"/>
      </object_component>
      <object_component id="oc-50">
         <name>PieCtrlRegsFile</name>
         <uninitialized>true</uninitialized>
         <run_address>0xce0</run_address>
         <size>0x1a</size>
         <input_file_ref idref="fl-2"/>
      </object_component>
      <object_component id="oc-55">
         <name>ECap1RegsFile</name>
         <uninitialized>true</uninitialized>
         <run_address>0x6a00</run_address>
         <size>0x20</size>
         <input_file_ref idref="fl-2"/>
      </object_component>
      <object_component id="oc-5c">
         <name>GpioCtrlRegsFile</name>
         <uninitialized>true</uninitialized>
         <run_address>0x6f80</run_address>
         <size>0x40</size>
         <input_file_ref idref="fl-2"/>
      </object_component>
      <object_component id="oc-56">
         <name>GpioDataRegsFile</name>
         <uninitialized>true</uninitialized>
         <run_address>0x6fc0</run_address>
         <size>0x20</size>
         <input_file_ref idref="fl-2"/>
      </object_component>
      <object_component id="oc-4a">
         <name>GpioIntRegsFile</name>
         <uninitialized>true</uninitialized>
         <run_address>0x6fe0</run_address>
         <size>0xa</size>
         <input_file_ref idref="fl-2"/>
      </object_component>
      <object_component id="oc-51">
         <name>SysCtrlRegsFile</name>
         <uninitialized>true</uninitialized>
         <run_address>0x7010</run_address>
         <size>0x1f</size>
         <input_file_ref idref="fl-2"/>
      </object_component>
      <object_component id="oc-4e">
         <name>SpiaRegsFile</name>
         <uninitialized>true</uninitialized>
         <run_address>0x7040</run_address>
         <size>0x10</size>
         <input_file_ref idref="fl-2"/>
      </object_component>
      <object_component id="oc-4d">
         <name>SciaRegsFile</name>
         <uninitialized>true</uninitialized>
         <run_address>0x7050</run_address>
         <size>0x10</size>
         <input_file_ref idref="fl-2"/>
      </object_component>
      <object_component id="oc-4c">
         <name>NmiIntruptRegsFile</name>
         <uninitialized>true</uninitialized>
         <run_address>0x7060</run_address>
         <size>0x10</size>
         <input_file_ref idref="fl-2"/>
      </object_component>
      <object_component id="oc-4f">
         <name>XIntruptRegsFile</name>
         <uninitialized>true</uninitialized>
         <run_address>0x7070</run_address>
         <size>0x10</size>
         <input_file_ref idref="fl-2"/>
      </object_component>
      <object_component id="oc-5d">
         <name>AdcRegsFile</name>
         <uninitialized>true</uninitialized>
         <run_address>0x7100</run_address>
         <size>0x51</size>
         <input_file_ref idref="fl-2"/>
      </object_component>
      <object_component id="oc-57">
         <name>I2caRegsFile</name>
         <uninitialized>true</uninitialized>
         <run_address>0x7900</run_address>
         <size>0x22</size>
         <input_file_ref idref="fl-2"/>
      </object_component>
      <object_component id="oc-53">
         <name>Comp1RegsFile</name>
         <uninitialized>true</uninitialized>
         <run_address>0x6400</run_address>
         <size>0x20</size>
         <input_file_ref idref="fl-2"/>
      </object_component>
      <object_component id="oc-54">
         <name>Comp2RegsFile</name>
         <uninitialized>true</uninitialized>
         <run_address>0x6420</run_address>
         <size>0x20</size>
         <input_file_ref idref="fl-2"/>
      </object_component>
      <object_component id="oc-58">
         <name>EPwm1RegsFile</name>
         <uninitialized>true</uninitialized>
         <run_address>0x6800</run_address>
         <size>0x40</size>
         <input_file_ref idref="fl-2"/>
      </object_component>
      <object_component id="oc-59">
         <name>EPwm2RegsFile</name>
         <uninitialized>true</uninitialized>
         <run_address>0x6840</run_address>
         <size>0x40</size>
         <input_file_ref idref="fl-2"/>
      </object_component>
      <object_component id="oc-5a">
         <name>EPwm3RegsFile</name>
         <uninitialized>true</uninitialized>
         <run_address>0x6880</run_address>
         <size>0x40</size>
         <input_file_ref idref="fl-2"/>
      </object_component>
      <object_component id="oc-5b">
         <name>EPwm4RegsFile</name>
         <uninitialized>true</uninitialized>
         <run_address>0x68c0</run_address>
         <size>0x40</size>
         <input_file_ref idref="fl-2"/>
      </object_component>
      <object_component id="oc-48">
         <name>CsmPwlFile</name>
         <uninitialized>true</uninitialized>
         <run_address>0x3f7ff8</run_address>
         <size>0x8</size>
         <input_file_ref idref="fl-2"/>
      </object_component>
      <object_component id="oc-3e">
         <name>PartIdRegsFile</name>
         <uninitialized>true</uninitialized>
         <run_address>0x3d7fff</run_address>
         <size>0x1</size>
         <input_file_ref idref="fl-2"/>
      </object_component>
      <object_component id="oc-8a">
         <name>.cinit</name>
         <load_address>0x3f2f3e</load_address>
         <run_address>0x3f2f3e</run_address>
         <size>0x10c</size>
         <input_file_ref idref="fl-d"/>
      </object_component>
      <object_component id="oc-1a7">
         <name>.cinit:_ti_sysbios_family_c28_Hwi_Module_State_0_dispatchTable__A</name>
         <load_address>0x3f304a</load_address>
         <run_address>0x3f304a</run_address>
         <size>0x103</size>
         <input_file_ref idref="fl-d"/>
      </object_component>
      <object_component id="oc-1db">
         <name>.cinit:_x_array</name>
         <load_address>0x3f314d</load_address>
         <run_address>0x3f314d</run_address>
         <size>0xcb</size>
         <input_file_ref idref="fl-6"/>
      </object_component>
      <object_component id="oc-1dd">
         <name>.cinit:_y_array</name>
         <load_address>0x3f3218</load_address>
         <run_address>0x3f3218</run_address>
         <size>0xcb</size>
         <input_file_ref idref="fl-6"/>
      </object_component>
      <object_component id="oc-9e">
         <name>.cinit:_ti_sysbios_knl_Task_Object__table__V</name>
         <load_address>0x3f32e3</load_address>
         <run_address>0x3f32e3</run_address>
         <size>0xab</size>
         <input_file_ref idref="fl-d"/>
      </object_component>
      <object_component id="oc-1b1">
         <name>.cinit:_ti_sysbios_family_c28_Hwi_Object__table__V</name>
         <load_address>0x3f338e</load_address>
         <run_address>0x3f338e</run_address>
         <size>0x43</size>
         <input_file_ref idref="fl-d"/>
      </object_component>
      <object_component id="oc-1a5">
         <name>.cinit:_ti_sysbios_knl_Swi_Module_State_0_readyQ__A</name>
         <load_address>0x3f33d1</load_address>
         <run_address>0x3f33d1</run_address>
         <size>0x43</size>
         <input_file_ref idref="fl-d"/>
      </object_component>
      <object_component id="oc-1ad">
         <name>.cinit:_ti_sysbios_knl_Task_Module_State_0_readyQ__A</name>
         <load_address>0x3f3414</load_address>
         <run_address>0x3f3414</run_address>
         <size>0x43</size>
         <input_file_ref idref="fl-d"/>
      </object_component>
      <object_component id="oc-1a4">
         <name>.cinit:_ti_sysbios_knl_Swi_Object__table__V</name>
         <load_address>0x3f3457</load_address>
         <run_address>0x3f3457</run_address>
         <size>0x3f</size>
         <input_file_ref idref="fl-d"/>
      </object_component>
      <object_component id="oc-1b3">
         <name>.cinit:_ti_sysbios_knl_Semaphore_Object__table__V</name>
         <load_address>0x3f3496</load_address>
         <run_address>0x3f3496</run_address>
         <size>0x21</size>
         <input_file_ref idref="fl-d"/>
      </object_component>
      <object_component id="oc-19d">
         <name>.cinit:_ti_sysbios_family_c28_Timer_Object__table__V</name>
         <load_address>0x3f34b7</load_address>
         <run_address>0x3f34b7</run_address>
         <size>0x1b</size>
         <input_file_ref idref="fl-d"/>
      </object_component>
      <object_component id="oc-24c">
         <name>.cinit:_xdc_runtime_LoggerBuf_Object__table__V</name>
         <load_address>0x3f34d2</load_address>
         <run_address>0x3f34d2</run_address>
         <size>0x15</size>
         <input_file_ref idref="fl-d"/>
      </object_component>
      <object_component id="oc-1a9">
         <name>.cinit:_ti_sysbios_gates_GateMutex_Object__table__V</name>
         <load_address>0x3f34e7</load_address>
         <run_address>0x3f34e7</run_address>
         <size>0x11</size>
         <input_file_ref idref="fl-d"/>
      </object_component>
      <object_component id="oc-160">
         <name>.cinit</name>
         <load_address>0x3f34f8</load_address>
         <run_address>0x3f34f8</run_address>
         <size>0xe</size>
         <input_file_ref idref="fl-45"/>
      </object_component>
      <object_component id="oc-1a0">
         <name>.cinit:_xdc_runtime_System_Module_State_0_atexitHandlers__A</name>
         <load_address>0x3f3506</load_address>
         <run_address>0x3f3506</run_address>
         <size>0xb</size>
         <input_file_ref idref="fl-d"/>
      </object_component>
      <object_component id="oc-2cf">
         <name>.cinit:_xdc_runtime_HeapStd_Object__table__V</name>
         <load_address>0x3f3511</load_address>
         <run_address>0x3f3511</run_address>
         <size>0x9</size>
         <input_file_ref idref="fl-d"/>
      </object_component>
      <object_component id="oc-1f6">
         <name>.cinit:__lock</name>
         <load_address>0x3f351a</load_address>
         <run_address>0x3f351a</run_address>
         <size>0x5</size>
         <input_file_ref idref="fl-46"/>
      </object_component>
      <object_component id="oc-1f7">
         <name>.cinit:__unlock</name>
         <load_address>0x3f351f</load_address>
         <run_address>0x3f351f</run_address>
         <size>0x5</size>
         <input_file_ref idref="fl-46"/>
      </object_component>
      <object_component id="oc-265">
         <name>.cinit:_ti_sysbios_gates_GateHwi_Object__table__V</name>
         <load_address>0x3f3524</load_address>
         <run_address>0x3f3524</run_address>
         <size>0x5</size>
         <input_file_ref idref="fl-d"/>
      </object_component>
      <object_component id="oc-1af">
         <name>.cinit:_ti_sysbios_knl_Task_Module_State_0_idleTask__A</name>
         <load_address>0x3f3529</load_address>
         <run_address>0x3f3529</run_address>
         <size>0x5</size>
         <input_file_ref idref="fl-d"/>
      </object_component>
      <object_component id="oc-72">
         <name>.cinit</name>
         <load_address>0x3f352e</load_address>
         <run_address>0x3f352e</run_address>
         <size>0x4</size>
         <input_file_ref idref="fl-6"/>
      </object_component>
      <object_component id="oc-31d">
         <name>.text:_xdc_runtime_System_doPrint__I</name>
         <load_address>0x3f0000</load_address>
         <run_address>0x3f0000</run_address>
         <size>0x234</size>
         <input_file_ref idref="fl-26"/>
      </object_component>
      <object_component id="oc-1b6">
         <name>.text</name>
         <load_address>0x3f0234</load_address>
         <run_address>0x3f0234</run_address>
         <size>0x22c</size>
         <input_file_ref idref="fl-6"/>
      </object_component>
      <object_component id="oc-1d6">
         <name>.text</name>
         <load_address>0x3f0460</load_address>
         <run_address>0x3f0460</run_address>
         <size>0x21d</size>
         <input_file_ref idref="fl-7"/>
      </object_component>
      <object_component id="oc-1e2">
         <name>.text:_ti_sysbios_knl_Semaphore_pend__E</name>
         <load_address>0x3f067d</load_address>
         <run_address>0x3f067d</run_address>
         <size>0x1a0</size>
         <input_file_ref idref="fl-15"/>
      </object_component>
      <object_component id="oc-1de">
         <name>.text</name>
         <load_address>0x3f081d</load_address>
         <run_address>0x3f081d</run_address>
         <size>0x171</size>
         <input_file_ref idref="fl-5"/>
      </object_component>
      <object_component id="oc-1d7">
         <name>.text</name>
         <load_address>0x3f098e</load_address>
         <run_address>0x3f098e</run_address>
         <size>0x151</size>
         <input_file_ref idref="fl-3"/>
      </object_component>
      <object_component id="oc-1d1">
         <name>.text</name>
         <load_address>0x3f0adf</load_address>
         <run_address>0x3f0adf</run_address>
         <size>0x12f</size>
         <input_file_ref idref="fl-9"/>
      </object_component>
      <object_component id="oc-137">
         <name>.text</name>
         <load_address>0x3f0c0e</load_address>
         <run_address>0x3f0c0e</run_address>
         <size>0x107</size>
         <input_file_ref idref="fl-3d"/>
      </object_component>
      <object_component id="oc-30e">
         <name>.text:_xdc_runtime_HeapStd_alloc__E</name>
         <load_address>0x3f0d15</load_address>
         <run_address>0x3f0d15</run_address>
         <size>0xee</size>
         <input_file_ref idref="fl-22"/>
      </object_component>
      <object_component id="oc-23c">
         <name>.text:_ti_sysbios_family_c28_Hwi_clearInterrupt__E</name>
         <load_address>0x3f0e03</load_address>
         <run_address>0x3f0e03</run_address>
         <size>0xe0</size>
         <input_file_ref idref="fl-15"/>
      </object_component>
      <object_component id="oc-33d">
         <name>.text:_ti_sysbios_family_c28_Hwi_dispatchCore__I</name>
         <load_address>0x3f0ee3</load_address>
         <run_address>0x3f0ee3</run_address>
         <size>0xbf</size>
         <input_file_ref idref="fl-15"/>
      </object_component>
      <object_component id="oc-2a0">
         <name>.text:_ti_sysbios_knl_Semaphore_Instance_init__E</name>
         <load_address>0x3f0fa2</load_address>
         <run_address>0x3f0fa2</run_address>
         <size>0xbf</size>
         <input_file_ref idref="fl-15"/>
      </object_component>
      <object_component id="oc-33b">
         <name>.text:_xdc_runtime_System_printfExtend__I</name>
         <load_address>0x3f1061</load_address>
         <run_address>0x3f1061</run_address>
         <size>0xbb</size>
         <input_file_ref idref="fl-d"/>
      </object_component>
      <object_component id="oc-294">
         <name>.text:_xdc_runtime_LoggerBuf_write8__E</name>
         <load_address>0x3f111c</load_address>
         <run_address>0x3f111c</run_address>
         <size>0xb5</size>
         <input_file_ref idref="fl-23"/>
      </object_component>
      <object_component id="oc-1df">
         <name>.text:_ti_sysbios_knl_Semaphore_post__E</name>
         <load_address>0x3f11d1</load_address>
         <run_address>0x3f11d1</run_address>
         <size>0xb2</size>
         <input_file_ref idref="fl-15"/>
      </object_component>
      <object_component id="oc-290">
         <name>.text:_ti_sysbios_knl_Swi_run__I</name>
         <load_address>0x3f1283</load_address>
         <run_address>0x3f1283</run_address>
         <size>0xa8</size>
         <input_file_ref idref="fl-15"/>
      </object_component>
      <object_component id="oc-233">
         <name>.text:_xdc_runtime_Core_createObject__I</name>
         <load_address>0x3f132b</load_address>
         <run_address>0x3f132b</run_address>
         <size>0x9f</size>
         <input_file_ref idref="fl-1d"/>
      </object_component>
      <object_component id="oc-30b">
         <name>.text</name>
         <load_address>0x3f13ca</load_address>
         <run_address>0x3f13ca</run_address>
         <size>0x94</size>
         <input_file_ref idref="fl-4d"/>
      </object_component>
      <object_component id="oc-23d">
         <name>.text:_ti_sysbios_family_c28_Hwi_enableInterrupt__E</name>
         <load_address>0x3f145e</load_address>
         <run_address>0x3f145e</run_address>
         <size>0x8e</size>
         <input_file_ref idref="fl-15"/>
      </object_component>
      <object_component id="oc-29f">
         <name>.text:_xdc_runtime_Core_constructObject__I</name>
         <load_address>0x3f14ec</load_address>
         <run_address>0x3f14ec</run_address>
         <size>0x89</size>
         <input_file_ref idref="fl-1e"/>
      </object_component>
      <object_component id="oc-2fe">
         <name>.text:_ti_sysbios_family_c28_Hwi_dispatch</name>
         <load_address>0x3f1575</load_address>
         <run_address>0x3f1575</run_address>
         <size>0x85</size>
         <input_file_ref idref="fl-17"/>
      </object_component>
      <object_component id="oc-123">
         <name>.text</name>
         <load_address>0x3f15fa</load_address>
         <run_address>0x3f15fa</run_address>
         <size>0x83</size>
         <input_file_ref idref="fl-39"/>
      </object_component>
      <object_component id="oc-32d">
         <name>.text:_xdc_runtime_HeapStd_Instance_init__E</name>
         <load_address>0x3f167d</load_address>
         <run_address>0x3f167d</run_address>
         <size>0x82</size>
         <input_file_ref idref="fl-22"/>
      </object_component>
      <object_component id="oc-31f">
         <name>.text:_ti_sysbios_family_c28_Hwi_disableInterrupt__E</name>
         <load_address>0x3f16ff</load_address>
         <run_address>0x3f16ff</run_address>
         <size>0x81</size>
         <input_file_ref idref="fl-15"/>
      </object_component>
      <object_component id="oc-27e">
         <name>.text:_ti_sysbios_family_c28_Hwi_disablePIEIER__E</name>
         <load_address>0x3f1780</load_address>
         <run_address>0x3f1780</run_address>
         <size>0x80</size>
         <input_file_ref idref="fl-15"/>
      </object_component>
      <object_component id="oc-27d">
         <name>.text:_ti_sysbios_family_c28_Hwi_enablePIEIER__E</name>
         <load_address>0x3f1800</load_address>
         <run_address>0x3f1800</run_address>
         <size>0x7f</size>
         <input_file_ref idref="fl-15"/>
      </object_component>
      <object_component id="oc-24d">
         <name>.text:_xdc_runtime_LoggerBuf_write4__E</name>
         <load_address>0x3f187f</load_address>
         <run_address>0x3f187f</run_address>
         <size>0x79</size>
         <input_file_ref idref="fl-23"/>
      </object_component>
      <object_component id="oc-11e">
         <name>.text</name>
         <load_address>0x3f18f8</load_address>
         <run_address>0x3f18f8</run_address>
         <size>0x78</size>
         <input_file_ref idref="fl-38"/>
      </object_component>
      <object_component id="oc-240">
         <name>.text:_ti_sysbios_knl_Task_checkStacks__E</name>
         <load_address>0x3f1970</load_address>
         <run_address>0x3f1970</run_address>
         <size>0x73</size>
         <input_file_ref idref="fl-15"/>
      </object_component>
      <object_component id="oc-226">
         <name>.text:_xdc_runtime_Startup_startMods__I</name>
         <load_address>0x3f19e3</load_address>
         <run_address>0x3f19e3</run_address>
         <size>0x72</size>
         <input_file_ref idref="fl-25"/>
      </object_component>
      <object_component id="oc-1ee">
         <name>.text:_ti_sysbios_gates_GateMutex_enter__E</name>
         <load_address>0x3f1a55</load_address>
         <run_address>0x3f1a55</run_address>
         <size>0x71</size>
         <input_file_ref idref="fl-15"/>
      </object_component>
      <object_component id="oc-200">
         <name>.text:_ti_sysbios_knl_Task_startCore__E</name>
         <load_address>0x3f1ac6</load_address>
         <run_address>0x3f1ac6</run_address>
         <size>0x71</size>
         <input_file_ref idref="fl-15"/>
      </object_component>
      <object_component id="oc-255">
         <name>.text:_ti_sysbios_knl_Task_schedule__I</name>
         <load_address>0x3f1b37</load_address>
         <run_address>0x3f1b37</run_address>
         <size>0x6c</size>
         <input_file_ref idref="fl-15"/>
      </object_component>
      <object_component id="oc-30f">
         <name>.text:_xdc_runtime_HeapStd_free__E</name>
         <load_address>0x3f1ba3</load_address>
         <run_address>0x3f1ba3</run_address>
         <size>0x6c</size>
         <input_file_ref idref="fl-22"/>
      </object_component>
      <object_component id="oc-1d2">
         <name>.text</name>
         <load_address>0x3f1c0f</load_address>
         <run_address>0x3f1c0f</run_address>
         <size>0x6c</size>
         <input_file_ref idref="fl-8"/>
      </object_component>
      <object_component id="oc-3b">
         <name>.text</name>
         <load_address>0x3f1c7b</load_address>
         <run_address>0x3f1c7b</run_address>
         <size>0x67</size>
         <input_file_ref idref="fl-2c"/>
      </object_component>
      <object_component id="oc-1d0">
         <name>.text</name>
         <load_address>0x3f1ce2</load_address>
         <run_address>0x3f1ce2</run_address>
         <size>0x67</size>
         <input_file_ref idref="fl-4"/>
      </object_component>
      <object_component id="oc-2ff">
         <name>.text:_ti_sysbios_family_c28_Timer_stopAndClear__I</name>
         <load_address>0x3f1d49</load_address>
         <run_address>0x3f1d49</run_address>
         <size>0x66</size>
         <input_file_ref idref="fl-15"/>
      </object_component>
      <object_component id="oc-220">
         <name>.text:_ti_sysbios_knl_Task_blockI__E</name>
         <load_address>0x3f1daf</load_address>
         <run_address>0x3f1daf</run_address>
         <size>0x61</size>
         <input_file_ref idref="fl-15"/>
      </object_component>
      <object_component id="oc-1d9">
         <name>.text:_ti_sysbios_knl_Swi_post__E</name>
         <load_address>0x3f1e10</load_address>
         <run_address>0x3f1e10</run_address>
         <size>0x5f</size>
         <input_file_ref idref="fl-15"/>
      </object_component>
      <object_component id="oc-222">
         <name>.text:_xdc_runtime_Error_policyDefault__E</name>
         <load_address>0x3f1e6f</load_address>
         <run_address>0x3f1e6f</run_address>
         <size>0x5e</size>
         <input_file_ref idref="fl-20"/>
      </object_component>
      <object_component id="oc-2d8">
         <name>.text:_xdc_runtime_Text_putSite__E</name>
         <load_address>0x3f1ecd</load_address>
         <run_address>0x3f1ecd</run_address>
         <size>0x5d</size>
         <input_file_ref idref="fl-28"/>
      </object_component>
      <object_component id="oc-128">
         <name>.text</name>
         <load_address>0x3f1f2a</load_address>
         <run_address>0x3f1f2a</run_address>
         <size>0x5a</size>
         <input_file_ref idref="fl-3a"/>
      </object_component>
      <object_component id="oc-302">
         <name>.text:_ti_sysbios_knl_Task_exit__E</name>
         <load_address>0x3f1f84</load_address>
         <run_address>0x3f1f84</run_address>
         <size>0x58</size>
         <input_file_ref idref="fl-15"/>
      </object_component>
      <object_component id="oc-219">
         <name>.text:_ti_sysbios_knl_Task_unblockI__E</name>
         <load_address>0x3f1fdc</load_address>
         <run_address>0x3f1fdc</run_address>
         <size>0x52</size>
         <input_file_ref idref="fl-15"/>
      </object_component>
      <object_component id="oc-2e8">
         <name>.text:_ti_sysbios_knl_Task_postInit__I</name>
         <load_address>0x3f202e</load_address>
         <run_address>0x3f202e</run_address>
         <size>0x4a</size>
         <input_file_ref idref="fl-15"/>
      </object_component>
      <object_component id="oc-2bd">
         <name>.text:_ti_sysbios_family_c28_Hwi_Module_startup__E</name>
         <load_address>0x3f2078</load_address>
         <run_address>0x3f2078</run_address>
         <size>0x47</size>
         <input_file_ref idref="fl-15"/>
      </object_component>
      <object_component id="oc-33f">
         <name>.text:_xdc_runtime_Text_putLab__E</name>
         <load_address>0x3f20bf</load_address>
         <run_address>0x3f20bf</run_address>
         <size>0x41</size>
         <input_file_ref idref="fl-28"/>
      </object_component>
      <object_component id="oc-2c8">
         <name>.text:_xdc_runtime_Memory_alloc__E</name>
         <load_address>0x3f2100</load_address>
         <run_address>0x3f2100</run_address>
         <size>0x3e</size>
         <input_file_ref idref="fl-24"/>
      </object_component>
      <object_component id="oc-236">
         <name>.text:_xdc_runtime_Core_deleteObject__I</name>
         <load_address>0x3f213e</load_address>
         <run_address>0x3f213e</run_address>
         <size>0x3d</size>
         <input_file_ref idref="fl-1d"/>
      </object_component>
      <object_component id="oc-2ac">
         <name>.text:_xdc_runtime_LoggerBuf_getFilterLevel__E</name>
         <load_address>0x3f217b</load_address>
         <run_address>0x3f217b</run_address>
         <size>0x3d</size>
         <input_file_ref idref="fl-23"/>
      </object_component>
      <object_component id="oc-2e2">
         <name>.text:_ti_sysbios_family_c28_Timer_postInit__I</name>
         <load_address>0x3f21b8</load_address>
         <run_address>0x3f21b8</run_address>
         <size>0x3c</size>
         <input_file_ref idref="fl-15"/>
      </object_component>
      <object_component id="oc-346">
         <name>.text:_ti_sysbios_knl_Swi_restoreHwi__E</name>
         <load_address>0x3f21f4</load_address>
         <run_address>0x3f21f4</run_address>
         <size>0x3c</size>
         <input_file_ref idref="fl-15"/>
      </object_component>
      <object_component id="oc-2ab">
         <name>.text:_xdc_runtime_LoggerBuf_setFilterLevel__E</name>
         <load_address>0x3f2230</load_address>
         <run_address>0x3f2230</run_address>
         <size>0x3c</size>
         <input_file_ref idref="fl-23"/>
      </object_component>
      <object_component id="oc-2f9">
         <name>.text:_xdc_runtime_Text_putMod__E</name>
         <load_address>0x3f226c</load_address>
         <run_address>0x3f226c</run_address>
         <size>0x38</size>
         <input_file_ref idref="fl-28"/>
      </object_component>
      <object_component id="oc-2ee">
         <name>.text</name>
         <load_address>0x3f22a4</load_address>
         <run_address>0x3f22a4</run_address>
         <size>0x38</size>
         <input_file_ref idref="fl-4c"/>
      </object_component>
      <object_component id="oc-322">
         <name>.text:_ti_sysbios_family_c28_TaskSupport_start__E</name>
         <load_address>0x3f22dc</load_address>
         <run_address>0x3f22dc</run_address>
         <size>0x37</size>
         <input_file_ref idref="fl-15"/>
      </object_component>
      <object_component id="oc-331">
         <name>.text:_xdc_runtime_System_formatNum__I</name>
         <load_address>0x3f2313</load_address>
         <run_address>0x3f2313</run_address>
         <size>0x33</size>
         <input_file_ref idref="fl-26"/>
      </object_component>
      <object_component id="oc-2c0">
         <name>.text:_ti_sysbios_knl_Task_Module_startup__E</name>
         <load_address>0x3f2346</load_address>
         <run_address>0x3f2346</run_address>
         <size>0x32</size>
         <input_file_ref idref="fl-15"/>
      </object_component>
      <object_component id="oc-2b6">
         <name>.text:_xdc_runtime_Error_print__E</name>
         <load_address>0x3f2378</load_address>
         <run_address>0x3f2378</run_address>
         <size>0x31</size>
         <input_file_ref idref="fl-20"/>
      </object_component>
      <object_component id="oc-2d4">
         <name>.text:_xdc_runtime_LoggerBuf_Instance_init__E</name>
         <load_address>0x3f23a9</load_address>
         <run_address>0x3f23a9</run_address>
         <size>0x2f</size>
         <input_file_ref idref="fl-23"/>
      </object_component>
      <object_component id="oc-197">
         <name>.text:_xdc_runtime_Startup_exec__E</name>
         <load_address>0x3f23d8</load_address>
         <run_address>0x3f23d8</run_address>
         <size>0x2f</size>
         <input_file_ref idref="fl-25"/>
      </object_component>
      <object_component id="oc-1bc">
         <name>.text:.bootCodeSection:_ti_catalog_c2800_init_Boot_configurePll2802x</name>
         <load_address>0x3f2407</load_address>
         <run_address>0x3f2407</run_address>
         <size>0x2e</size>
         <input_file_ref idref="fl-1a"/>
      </object_component>
      <object_component id="oc-24e">
         <name>.text:_ti_sysbios_knl_Swi_runLoop__I</name>
         <load_address>0x3f2435</load_address>
         <run_address>0x3f2435</run_address>
         <size>0x2e</size>
         <input_file_ref idref="fl-15"/>
      </object_component>
      <object_component id="oc-20d">
         <name>.text:_ti_sysbios_knl_Swi_schedule__I</name>
         <load_address>0x3f2463</load_address>
         <run_address>0x3f2463</run_address>
         <size>0x2e</size>
         <input_file_ref idref="fl-15"/>
      </object_component>
      <object_component id="oc-2f8">
         <name>.text:_ti_sysbios_family_c28_Hwi_getInterruptFlag__E</name>
         <load_address>0x3f2491</load_address>
         <run_address>0x3f2491</run_address>
         <size>0x2d</size>
         <input_file_ref idref="fl-15"/>
      </object_component>
      <object_component id="oc-218">
         <name>.text:_xdc_runtime_Assert_raise__I</name>
         <load_address>0x3f24be</load_address>
         <run_address>0x3f24be</run_address>
         <size>0x2d</size>
         <input_file_ref idref="fl-1c"/>
      </object_component>
      <object_component id="oc-270">
         <name>.text:_xdc_runtime_Core_assignParams__I</name>
         <load_address>0x3f24eb</load_address>
         <run_address>0x3f24eb</run_address>
         <size>0x2d</size>
         <input_file_ref idref="fl-1f"/>
      </object_component>
      <object_component id="oc-1fd">
         <name>.text:_ti_sysbios_family_c28_Timer_start__E</name>
         <load_address>0x3f2518</load_address>
         <run_address>0x3f2518</run_address>
         <size>0x2c</size>
         <input_file_ref idref="fl-15"/>
      </object_component>
      <object_component id="oc-2ad">
         <name>.text:_xdc_runtime_LoggerBuf_Object__create__S</name>
         <load_address>0x3f2544</load_address>
         <run_address>0x3f2544</run_address>
         <size>0x2c</size>
         <input_file_ref idref="fl-d"/>
      </object_component>
      <object_component id="oc-312">
         <name>.text:_xdc_runtime_HeapStd_Object__create__S</name>
         <load_address>0x3f2570</load_address>
         <run_address>0x3f2570</run_address>
         <size>0x2b</size>
         <input_file_ref idref="fl-d"/>
      </object_component>
      <object_component id="oc-259">
         <name>.text:_xdc_runtime_Error_setX__E</name>
         <load_address>0x3f259b</load_address>
         <run_address>0x3f259b</run_address>
         <size>0x2a</size>
         <input_file_ref idref="fl-20"/>
      </object_component>
      <object_component id="oc-146">
         <name>.text</name>
         <load_address>0x3f25c5</load_address>
         <run_address>0x3f25c5</run_address>
         <size>0x2a</size>
         <input_file_ref idref="fl-40"/>
      </object_component>
      <object_component id="oc-298">
         <name>.text:_ti_sysbios_family_c28_Hwi_getStackInfo__E</name>
         <load_address>0x3f25ef</load_address>
         <run_address>0x3f25ef</run_address>
         <size>0x29</size>
         <input_file_ref idref="fl-15"/>
      </object_component>
      <object_component id="oc-a5">
         <name>.text:_ti_sysbios_family_c28_Hwi_unPluggedInterrupt__I</name>
         <load_address>0x3f2618</load_address>
         <run_address>0x3f2618</run_address>
         <size>0x29</size>
         <input_file_ref idref="fl-15"/>
      </object_component>
      <object_component id="oc-2fa">
         <name>.text:_xdc_runtime_Text_xprintf__I</name>
         <load_address>0x3f2641</load_address>
         <run_address>0x3f2641</run_address>
         <size>0x29</size>
         <input_file_ref idref="fl-28"/>
      </object_component>
      <object_component id="oc-22a">
         <name>.text</name>
         <load_address>0x3f266a</load_address>
         <run_address>0x3f266a</run_address>
         <size>0x29</size>
         <input_file_ref idref="fl-45"/>
      </object_component>
      <object_component id="oc-2d6">
         <name>.text:_ti_sysbios_family_c28_Timer_getExpiredCounts64__E</name>
         <load_address>0x3f2693</load_address>
         <run_address>0x3f2693</run_address>
         <size>0x28</size>
         <input_file_ref idref="fl-15"/>
      </object_component>
      <object_component id="oc-269">
         <name>.text:_xdc_runtime_SysMin_flush__E</name>
         <load_address>0x3f26bb</load_address>
         <run_address>0x3f26bb</run_address>
         <size>0x26</size>
         <input_file_ref idref="fl-27"/>
      </object_component>
      <object_component id="oc-12d">
         <name>.text</name>
         <load_address>0x3f26e1</load_address>
         <run_address>0x3f26e1</run_address>
         <size>0x25</size>
         <input_file_ref idref="fl-3b"/>
      </object_component>
      <object_component id="oc-196">
         <name>.text</name>
         <load_address>0x3f2706</load_address>
         <run_address>0x3f2706</run_address>
         <size>0x24</size>
         <input_file_ref idref="fl-41"/>
      </object_component>
      <object_component id="oc-1c1">
         <name>.text:_xdc_runtime_System_processAtExit__E</name>
         <load_address>0x3f272a</load_address>
         <run_address>0x3f272a</run_address>
         <size>0x23</size>
         <input_file_ref idref="fl-26"/>
      </object_component>
      <object_component id="oc-13c">
         <name>.text</name>
         <load_address>0x3f274d</load_address>
         <run_address>0x3f274d</run_address>
         <size>0x22</size>
         <input_file_ref idref="fl-3e"/>
      </object_component>
      <object_component id="oc-301">
         <name>.text:_ti_sysbios_family_c28_Timer_setPrescale__E</name>
         <load_address>0x3f276f</load_address>
         <run_address>0x3f276f</run_address>
         <size>0x20</size>
         <input_file_ref idref="fl-15"/>
      </object_component>
      <object_component id="oc-23e">
         <name>.text:_ti_sysbios_knl_Task_allBlockedFunction__I</name>
         <load_address>0x3f278f</load_address>
         <run_address>0x3f278f</run_address>
         <size>0x20</size>
         <input_file_ref idref="fl-15"/>
      </object_component>
      <object_component id="oc-28a">
         <name>.text:_xdc_runtime_LoggerBuf_filterOutEvent__I</name>
         <load_address>0x3f27af</load_address>
         <run_address>0x3f27af</run_address>
         <size>0x1e</size>
         <input_file_ref idref="fl-23"/>
      </object_component>
      <object_component id="oc-1c8">
         <name>.text:_xdc_runtime_System_atexit__E</name>
         <load_address>0x3f27cd</load_address>
         <run_address>0x3f27cd</run_address>
         <size>0x1e</size>
         <input_file_ref idref="fl-26"/>
      </object_component>
      <object_component id="oc-338">
         <name>.text:_ti_sysbios_family_c28_TaskSupport_buildTaskStack</name>
         <load_address>0x3f27eb</load_address>
         <run_address>0x3f27eb</run_address>
         <size>0x1d</size>
         <input_file_ref idref="fl-19"/>
      </object_component>
      <object_component id="oc-2c4">
         <name>.text:_ti_sysbios_gates_GateHwi_Object__create__S</name>
         <load_address>0x3f2808</load_address>
         <run_address>0x3f2808</run_address>
         <size>0x1d</size>
         <input_file_ref idref="fl-d"/>
      </object_component>
      <object_component id="oc-1f0">
         <name>.text:_ti_sysbios_gates_GateMutex_Object__create__S</name>
         <load_address>0x3f2825</load_address>
         <run_address>0x3f2825</run_address>
         <size>0x1d</size>
         <input_file_ref idref="fl-d"/>
      </object_component>
      <object_component id="oc-2db">
         <name>.text:_xdc_runtime_SysMin_putch__E</name>
         <load_address>0x3f2842</load_address>
         <run_address>0x3f2842</run_address>
         <size>0x1d</size>
         <input_file_ref idref="fl-27"/>
      </object_component>
      <object_component id="oc-132">
         <name>.text</name>
         <load_address>0x3f285f</load_address>
         <run_address>0x3f285f</run_address>
         <size>0x1d</size>
         <input_file_ref idref="fl-3c"/>
      </object_component>
      <object_component id="oc-1bd">
         <name>.text</name>
         <load_address>0x3f287c</load_address>
         <run_address>0x3f287c</run_address>
         <size>0x1d</size>
         <input_file_ref idref="fl-42"/>
      </object_component>
      <object_component id="oc-272">
         <name>.text:_ti_sysbios_knl_Semaphore_construct</name>
         <load_address>0x3f2899</load_address>
         <run_address>0x3f2899</run_address>
         <size>0x1c</size>
         <input_file_ref idref="fl-d"/>
      </object_component>
      <object_component id="oc-333">
         <name>.text:_ti_sysbios_family_c28_Hwi_switchAndDispatch__I</name>
         <load_address>0x3f28b5</load_address>
         <run_address>0x3f28b5</run_address>
         <size>0x1b</size>
         <input_file_ref idref="fl-16"/>
      </object_component>
      <object_component id="oc-292">
         <name>.text:_ti_sysbios_hal_Hwi_checkStack</name>
         <load_address>0x3f28d0</load_address>
         <run_address>0x3f28d0</run_address>
         <size>0x1b</size>
         <input_file_ref idref="fl-15"/>
      </object_component>
      <object_component id="oc-321">
         <name>.text:_ti_sysbios_knl_Task_processVitalTaskFlag__I</name>
         <load_address>0x3f28eb</load_address>
         <run_address>0x3f28eb</run_address>
         <size>0x1b</size>
         <input_file_ref idref="fl-15"/>
      </object_component>
      <object_component id="oc-21a">
         <name>.text:_ti_sysbios_knl_Task_restore__E</name>
         <load_address>0x3f2906</load_address>
         <run_address>0x3f2906</run_address>
         <size>0x1b</size>
         <input_file_ref idref="fl-15"/>
      </object_component>
      <object_component id="oc-2c7">
         <name>.text:_xdc_runtime_SysMin_output__I</name>
         <load_address>0x3f2921</load_address>
         <run_address>0x3f2921</run_address>
         <size>0x1b</size>
         <input_file_ref idref="fl-d"/>
      </object_component>
      <object_component id="oc-225">
         <name>.text:_ti_sysbios_hal_Hwi_initStack</name>
         <load_address>0x3f293c</load_address>
         <run_address>0x3f293c</run_address>
         <size>0x1a</size>
         <input_file_ref idref="fl-15"/>
      </object_component>
      <object_component id="oc-2fc">
         <name>.text:_xdc_runtime_System_avprintf__E</name>
         <load_address>0x3f2956</load_address>
         <run_address>0x3f2956</run_address>
         <size>0x1a</size>
         <input_file_ref idref="fl-26"/>
      </object_component>
      <object_component id="oc-141">
         <name>.text</name>
         <load_address>0x3f2970</load_address>
         <run_address>0x3f2970</run_address>
         <size>0x1a</size>
         <input_file_ref idref="fl-3f"/>
      </object_component>
      <object_component id="oc-1ff">
         <name>.text:_ti_sysbios_knl_Swi_restore__E</name>
         <load_address>0x3f298a</load_address>
         <run_address>0x3f298a</run_address>
         <size>0x19</size>
         <input_file_ref idref="fl-15"/>
      </object_component>
      <object_component id="oc-25b">
         <name>.text:_xdc_runtime_Error_policyLog__I</name>
         <load_address>0x3f29a3</load_address>
         <run_address>0x3f29a3</run_address>
         <size>0x19</size>
         <input_file_ref idref="fl-d"/>
      </object_component>
      <object_component id="oc-2fd">
         <name>.text:_xdc_runtime_System_vprintf__E</name>
         <load_address>0x3f29bc</load_address>
         <run_address>0x3f29bc</run_address>
         <size>0x19</size>
         <input_file_ref idref="fl-26"/>
      </object_component>
      <object_component id="oc-24f">
         <name>.text:_ti_sysbios_family_xxx_Hwi_switchAndRunFunc</name>
         <load_address>0x3f29d5</load_address>
         <run_address>0x3f29d5</run_address>
         <size>0x18</size>
         <input_file_ref idref="fl-16"/>
      </object_component>
      <object_component id="oc-2cc">
         <name>.text:_ti_sysbios_knl_Queue_construct</name>
         <load_address>0x3f29ed</load_address>
         <run_address>0x3f29ed</run_address>
         <size>0x18</size>
         <input_file_ref idref="fl-d"/>
      </object_component>
      <object_component id="oc-29d">
         <name>.text:_xdc_runtime_Memory_valloc__E</name>
         <load_address>0x3f2a05</load_address>
         <run_address>0x3f2a05</run_address>
         <size>0x18</size>
         <input_file_ref idref="fl-24"/>
      </object_component>
      <object_component id="oc-332">
         <name>.text:_xdc_runtime_System_putchar__I</name>
         <load_address>0x3f2a1d</load_address>
         <run_address>0x3f2a1d</run_address>
         <size>0x18</size>
         <input_file_ref idref="fl-26"/>
      </object_component>
      <object_component id="oc-1ca">
         <name>.text:_ti_sysbios_family_c28_Timer_startup__E</name>
         <load_address>0x3f2a35</load_address>
         <run_address>0x3f2a35</run_address>
         <size>0x17</size>
         <input_file_ref idref="fl-15"/>
      </object_component>
      <object_component id="oc-2b9">
         <name>.text:_xdc_runtime_LoggerBuf_Module_startup__E</name>
         <load_address>0x3f2a4c</load_address>
         <run_address>0x3f2a4c</run_address>
         <size>0x17</size>
         <input_file_ref idref="fl-23"/>
      </object_component>
      <object_component id="oc-2b7">
         <name>.text:_xdc_runtime_SysMin_abort__E</name>
         <load_address>0x3f2a63</load_address>
         <run_address>0x3f2a63</run_address>
         <size>0x17</size>
         <input_file_ref idref="fl-27"/>
      </object_component>
      <object_component id="oc-1c7">
         <name>.text:_ti_sysbios_BIOS_atExitFunc__I</name>
         <load_address>0x3f2a7a</load_address>
         <run_address>0x3f2a7a</run_address>
         <size>0x16</size>
         <input_file_ref idref="fl-d"/>
      </object_component>
      <object_component id="oc-2be">
         <name>.text:_ti_sysbios_family_c28_Timer_Module_startup__E</name>
         <load_address>0x3f2a90</load_address>
         <run_address>0x3f2a90</run_address>
         <size>0x16</size>
         <input_file_ref idref="fl-15"/>
      </object_component>
      <object_component id="oc-2de">
         <name>.text:_xdc_runtime_LoggerBuf_reset__E</name>
         <load_address>0x3f2aa6</load_address>
         <run_address>0x3f2aa6</run_address>
         <size>0x16</size>
         <input_file_ref idref="fl-23"/>
      </object_component>
      <object_component id="oc-1aa">
         <name>.text:_ti_sysbios_BIOS_startFunc__I</name>
         <load_address>0x3f2abc</load_address>
         <run_address>0x3f2abc</run_address>
         <size>0x15</size>
         <input_file_ref idref="fl-d"/>
      </object_component>
      <object_component id="oc-2bf">
         <name>.text:_ti_sysbios_knl_Swi_Module_startup__E</name>
         <load_address>0x3f2ad1</load_address>
         <run_address>0x3f2ad1</run_address>
         <size>0x15</size>
         <input_file_ref idref="fl-15"/>
      </object_component>
      <object_component id="oc-334">
         <name>.text:_ti_sysbios_knl_Task_restoreHwi__E</name>
         <load_address>0x3f2ae6</load_address>
         <run_address>0x3f2ae6</run_address>
         <size>0x15</size>
         <input_file_ref idref="fl-15"/>
      </object_component>
      <object_component id="oc-31a">
         <name>.text:_xdc_runtime_Text_printVisFxn__I</name>
         <load_address>0x3f2afb</load_address>
         <run_address>0x3f2afb</run_address>
         <size>0x15</size>
         <input_file_ref idref="fl-28"/>
      </object_component>
      <object_component id="oc-1e3">
         <name>.text:_ti_sysbios_knl_Idle_run__E</name>
         <load_address>0x3f2b10</load_address>
         <run_address>0x3f2b10</run_address>
         <size>0x14</size>
         <input_file_ref idref="fl-15"/>
      </object_component>
      <object_component id="oc-1f1">
         <name>.text:_ti_sysbios_gates_GateMutex_Object__delete__S</name>
         <load_address>0x3f2b24</load_address>
         <run_address>0x3f2b24</run_address>
         <size>0x13</size>
         <input_file_ref idref="fl-d"/>
      </object_component>
      <object_component id="oc-2c5">
         <name>.text:_ti_sysbios_gates_GateHwi_Object__delete__S</name>
         <load_address>0x3f2b37</load_address>
         <run_address>0x3f2b37</run_address>
         <size>0x12</size>
         <input_file_ref idref="fl-d"/>
      </object_component>
      <object_component id="oc-2ae">
         <name>.text:_xdc_runtime_LoggerBuf_Object__delete__S</name>
         <load_address>0x3f2b49</load_address>
         <run_address>0x3f2b49</run_address>
         <size>0x12</size>
         <input_file_ref idref="fl-d"/>
      </object_component>
      <object_component id="oc-295">
         <name>.text:_ti_sysbios_BIOS_errorRaiseHook__I</name>
         <load_address>0x3f2b5b</load_address>
         <run_address>0x3f2b5b</run_address>
         <size>0x11</size>
         <input_file_ref idref="fl-d"/>
      </object_component>
      <object_component id="oc-313">
         <name>.text:_xdc_runtime_HeapStd_Object__delete__S</name>
         <load_address>0x3f2b6c</load_address>
         <run_address>0x3f2b6c</run_address>
         <size>0x11</size>
         <input_file_ref idref="fl-d"/>
      </object_component>
      <object_component id="oc-199">
         <name>.text</name>
         <load_address>0x3f2b7d</load_address>
         <run_address>0x3f2b7d</run_address>
         <size>0x11</size>
         <input_file_ref idref="fl-47"/>
      </object_component>
      <object_component id="oc-300">
         <name>.text:_ti_sysbios_family_c28_Timer_stop__E</name>
         <load_address>0x3f2b8e</load_address>
         <run_address>0x3f2b8e</run_address>
         <size>0x10</size>
         <input_file_ref idref="fl-15"/>
      </object_component>
      <object_component id="oc-2b0">
         <name>.text:_ti_sysbios_family_c28_TimestampProvider_get64__E</name>
         <load_address>0x3f2b9e</load_address>
         <run_address>0x3f2b9e</run_address>
         <size>0x10</size>
         <input_file_ref idref="fl-15"/>
      </object_component>
      <object_component id="oc-21f">
         <name>.text:_ti_sysbios_knl_Task_enabled__E</name>
         <load_address>0x3f2bae</load_address>
         <run_address>0x3f2bae</run_address>
         <size>0x10</size>
         <input_file_ref idref="fl-15"/>
      </object_component>
      <object_component id="oc-2bb">
         <name>.text:_xdc_runtime_SysMin_Module_startup__E</name>
         <load_address>0x3f2bbe</load_address>
         <run_address>0x3f2bbe</run_address>
         <size>0x10</size>
         <input_file_ref idref="fl-27"/>
      </object_component>
      <object_component id="oc-1bb">
         <name>.text:.bootCodeSection:_ti_catalog_c2800_init_Boot_disableWatchdog</name>
         <load_address>0x3f2bce</load_address>
         <run_address>0x3f2bce</run_address>
         <size>0xf</size>
         <input_file_ref idref="fl-1a"/>
      </object_component>
      <object_component id="oc-1ce">
         <name>.text:_ti_sysbios_BIOS_removeRTSLock__I</name>
         <load_address>0x3f2bdd</load_address>
         <run_address>0x3f2bdd</run_address>
         <size>0xf</size>
         <input_file_ref idref="fl-d"/>
      </object_component>
      <object_component id="oc-234">
         <name>.text:_ti_sysbios_gates_GateMutex_Instance_init__E</name>
         <load_address>0x3f2bec</load_address>
         <run_address>0x3f2bec</run_address>
         <size>0xf</size>
         <input_file_ref idref="fl-15"/>
      </object_component>
      <object_component id="oc-1ba">
         <name>.text:_xdc_runtime_Error_raiseX__E</name>
         <load_address>0x3f2bfb</load_address>
         <run_address>0x3f2bfb</run_address>
         <size>0xf</size>
         <input_file_ref idref="fl-20"/>
      </object_component>
      <object_component id="oc-318">
         <name>.text:_xdc_runtime_Registry_findById__E</name>
         <load_address>0x3f2c0a</load_address>
         <run_address>0x3f2c0a</run_address>
         <size>0xf</size>
         <input_file_ref idref="fl-2b"/>
      </object_component>
      <object_component id="oc-273">
         <name>.text:_ti_sysbios_knl_Semaphore_destruct</name>
         <load_address>0x3f2c19</load_address>
         <run_address>0x3f2c19</run_address>
         <size>0xe</size>
         <input_file_ref idref="fl-d"/>
      </object_component>
      <object_component id="oc-2e4">
         <name>.text:_ti_sysbios_knl_Swi_Object__get__S</name>
         <load_address>0x3f2c27</load_address>
         <run_address>0x3f2c27</run_address>
         <size>0xe</size>
         <input_file_ref idref="fl-d"/>
      </object_component>
      <object_component id="oc-2e7">
         <name>.text:_ti_sysbios_knl_Task_Object__get__S</name>
         <load_address>0x3f2c35</load_address>
         <run_address>0x3f2c35</run_address>
         <size>0xe</size>
         <input_file_ref idref="fl-d"/>
      </object_component>
      <object_component id="oc-2dd">
         <name>.text:_xdc_runtime_LoggerBuf_Object__get__S</name>
         <load_address>0x3f2c43</load_address>
         <run_address>0x3f2c43</run_address>
         <size>0xe</size>
         <input_file_ref idref="fl-d"/>
      </object_component>
      <object_component id="oc-1c9">
         <name>.text:_ti_sysbios_BIOS_registerRTSLock__I</name>
         <load_address>0x3f2c51</load_address>
         <run_address>0x3f2c51</run_address>
         <size>0xd</size>
         <input_file_ref idref="fl-d"/>
      </object_component>
      <object_component id="oc-1fa">
         <name>.text:_ti_sysbios_BIOS_rtsLock__I</name>
         <load_address>0x3f2c5e</load_address>
         <run_address>0x3f2c5e</run_address>
         <size>0xd</size>
         <input_file_ref idref="fl-d"/>
      </object_component>
      <object_component id="oc-31e">
         <name>.text:_ti_sysbios_family_c28_Hwi_dispatchC__I</name>
         <load_address>0x3f2c6b</load_address>
         <run_address>0x3f2c6b</run_address>
         <size>0xd</size>
         <input_file_ref idref="fl-15"/>
      </object_component>
      <object_component id="oc-2a5">
         <name>.text:_ti_sysbios_family_c28_TaskSupport_checkStack__E</name>
         <load_address>0x3f2c78</load_address>
         <run_address>0x3f2c78</run_address>
         <size>0xd</size>
         <input_file_ref idref="fl-15"/>
      </object_component>
      <object_component id="oc-286">
         <name>.text:_ti_sysbios_family_c28_TaskSupport_swap__E</name>
         <load_address>0x3f2c85</load_address>
         <run_address>0x3f2c85</run_address>
         <size>0xd</size>
         <input_file_ref idref="fl-19"/>
      </object_component>
      <object_component id="oc-2cd">
         <name>.text:_ti_sysbios_knl_Queue_destruct</name>
         <load_address>0x3f2c92</load_address>
         <run_address>0x3f2c92</run_address>
         <size>0xd</size>
         <input_file_ref idref="fl-d"/>
      </object_component>
      <object_component id="oc-303">
         <name>.text:_ti_sysbios_knl_Task_enter__I</name>
         <load_address>0x3f2c9f</load_address>
         <run_address>0x3f2c9f</run_address>
         <size>0xd</size>
         <input_file_ref idref="fl-15"/>
      </object_component>
      <object_component id="oc-2ef">
         <name>.text:_xdc_runtime_Error_check__E</name>
         <load_address>0x3f2cac</load_address>
         <run_address>0x3f2cac</run_address>
         <size>0xd</size>
         <input_file_ref idref="fl-20"/>
      </object_component>
      <object_component id="oc-25f">
         <name>.text:_xdc_runtime_System_abort__E</name>
         <load_address>0x3f2cb9</load_address>
         <run_address>0x3f2cb9</run_address>
         <size>0xd</size>
         <input_file_ref idref="fl-26"/>
      </object_component>
      <object_component id="oc-1ab">
         <name>.text:_ti_sysbios_BIOS_exitFunc__I</name>
         <load_address>0x3f2cc6</load_address>
         <run_address>0x3f2cc6</run_address>
         <size>0xc</size>
         <input_file_ref idref="fl-d"/>
      </object_component>
      <object_component id="oc-335">
         <name>.text:_ti_sysbios_family_c28_Hwi_disableIER__E</name>
         <load_address>0x3f2cd2</load_address>
         <run_address>0x3f2cd2</run_address>
         <size>0xc</size>
         <input_file_ref idref="fl-d"/>
      </object_component>
      <object_component id="oc-1ef">
         <name>.text:_ti_sysbios_gates_GateMutex_leave__E</name>
         <load_address>0x3f2cde</load_address>
         <run_address>0x3f2cde</run_address>
         <size>0xc</size>
         <input_file_ref idref="fl-15"/>
      </object_component>
      <object_component id="oc-308">
         <name>.text:_ti_sysbios_knl_Queue_put__E</name>
         <load_address>0x3f2cea</load_address>
         <run_address>0x3f2cea</run_address>
         <size>0xc</size>
         <input_file_ref idref="fl-15"/>
      </object_component>
      <object_component id="oc-250">
         <name>.text:_xdc_runtime_LoggerBuf_write2__E</name>
         <load_address>0x3f2cf6</load_address>
         <run_address>0x3f2cf6</run_address>
         <size>0xc</size>
         <input_file_ref idref="fl-23"/>
      </object_component>
      <object_component id="oc-229">
         <name>.text:_xdc_runtime_SysMin_exit__E</name>
         <load_address>0x3f2d02</load_address>
         <run_address>0x3f2d02</run_address>
         <size>0xc</size>
         <input_file_ref idref="fl-27"/>
      </object_component>
      <object_component id="oc-2ea">
         <name>.text:_ti_sysbios_family_c28_Hwi_Module__startupDone__F</name>
         <load_address>0x3f2d0e</load_address>
         <run_address>0x3f2d0e</run_address>
         <size>0xb</size>
         <input_file_ref idref="fl-d"/>
      </object_component>
      <object_component id="oc-2e1">
         <name>.text:_ti_sysbios_family_c28_Hwi_Object__get__S</name>
         <load_address>0x3f2d19</load_address>
         <run_address>0x3f2d19</run_address>
         <size>0xb</size>
         <input_file_ref idref="fl-d"/>
      </object_component>
      <object_component id="oc-27b">
         <name>.text:_ti_sysbios_family_c28_Hwi_enableIER__E</name>
         <load_address>0x3f2d24</load_address>
         <run_address>0x3f2d24</run_address>
         <size>0xb</size>
         <input_file_ref idref="fl-d"/>
      </object_component>
      <object_component id="oc-2eb">
         <name>.text:_ti_sysbios_family_c28_Timer_Module__startupDone__F</name>
         <load_address>0x3f2d2f</load_address>
         <run_address>0x3f2d2f</run_address>
         <size>0xb</size>
         <input_file_ref idref="fl-d"/>
      </object_component>
      <object_component id="oc-305">
         <name>.text:_ti_sysbios_knl_Queue_Object__get__S</name>
         <load_address>0x3f2d3a</load_address>
         <run_address>0x3f2d3a</run_address>
         <size>0xb</size>
         <input_file_ref idref="fl-d"/>
      </object_component>
      <object_component id="oc-306">
         <name>.text:_ti_sysbios_knl_Task_unblock__E</name>
         <load_address>0x3f2d45</load_address>
         <run_address>0x3f2d45</run_address>
         <size>0xb</size>
         <input_file_ref idref="fl-15"/>
      </object_component>
      <object_component id="oc-2d5">
         <name>.text:_xdc_runtime_LoggerBuf_Instance_finalize__E</name>
         <load_address>0x3f2d50</load_address>
         <run_address>0x3f2d50</run_address>
         <size>0xb</size>
         <input_file_ref idref="fl-23"/>
      </object_component>
      <object_component id="oc-2aa">
         <name>.text:_xdc_runtime_LoggerBuf_write1__E</name>
         <load_address>0x3f2d5b</load_address>
         <run_address>0x3f2d5b</run_address>
         <size>0xb</size>
         <input_file_ref idref="fl-23"/>
      </object_component>
      <object_component id="oc-274">
         <name>.text:_xdc_runtime_Memory_free__E</name>
         <load_address>0x3f2d66</load_address>
         <run_address>0x3f2d66</run_address>
         <size>0xb</size>
         <input_file_ref idref="fl-24"/>
      </object_component>
      <object_component id="oc-19a">
         <name>.text:_xdc_runtime_System_exit__E</name>
         <load_address>0x3f2d71</load_address>
         <run_address>0x3f2d71</run_address>
         <size>0xb</size>
         <input_file_ref idref="fl-26"/>
      </object_component>
      <object_component id="oc-293">
         <name>.text:_xdc_runtime_Error_init__E</name>
         <load_address>0x3f2d7c</load_address>
         <run_address>0x3f2d7c</run_address>
         <size>0xa</size>
         <input_file_ref idref="fl-20"/>
      </object_component>
      <object_component id="oc-2a9">
         <name>.text:_xdc_runtime_LoggerBuf_write0__E</name>
         <load_address>0x3f2d86</load_address>
         <run_address>0x3f2d86</run_address>
         <size>0xa</size>
         <input_file_ref idref="fl-23"/>
      </object_component>
      <object_component id="oc-31b">
         <name>.text:_xdc_runtime_System_vsnprintf__E</name>
         <load_address>0x3f2d90</load_address>
         <run_address>0x3f2d90</run_address>
         <size>0xa</size>
         <input_file_ref idref="fl-26"/>
      </object_component>
      <object_component id="oc-252">
         <name>.text:_xdc_runtime_Text_ropeText__E</name>
         <load_address>0x3f2d9a</load_address>
         <run_address>0x3f2d9a</run_address>
         <size>0xa</size>
         <input_file_ref idref="fl-28"/>
      </object_component>
      <object_component id="oc-1fb">
         <name>.text:_ti_sysbios_BIOS_rtsUnlock__I</name>
         <load_address>0x3f2da4</load_address>
         <run_address>0x3f2da4</run_address>
         <size>0x9</size>
         <input_file_ref idref="fl-d"/>
      </object_component>
      <object_component id="oc-27f">
         <name>.text:_ti_sysbios_family_c28_Hwi_restoreIER__E</name>
         <load_address>0x3f2dad</load_address>
         <run_address>0x3f2dad</run_address>
         <size>0x9</size>
         <input_file_ref idref="fl-d"/>
      </object_component>
      <object_component id="oc-33e">
         <name>.text:_ti_sysbios_family_c28_TaskSupport_glue</name>
         <load_address>0x3f2db6</load_address>
         <run_address>0x3f2db6</run_address>
         <size>0x9</size>
         <input_file_ref idref="fl-19"/>
      </object_component>
      <object_component id="oc-2c6">
         <name>.text:_ti_sysbios_gates_GateHwi_Handle__label__S</name>
         <load_address>0x3f2dbf</load_address>
         <run_address>0x3f2dbf</run_address>
         <size>0x9</size>
         <input_file_ref idref="fl-d"/>
      </object_component>
      <object_component id="oc-1f2">
         <name>.text:_ti_sysbios_gates_GateMutex_Handle__label__S</name>
         <load_address>0x3f2dc8</load_address>
         <run_address>0x3f2dc8</run_address>
         <size>0x9</size>
         <input_file_ref idref="fl-d"/>
      </object_component>
      <object_component id="oc-2c1">
         <name>.text:_ti_sysbios_hal_Hwi_Module_startup__E</name>
         <load_address>0x3f2dd1</load_address>
         <run_address>0x3f2dd1</run_address>
         <size>0x9</size>
         <input_file_ref idref="fl-15"/>
      </object_component>
      <object_component id="oc-2c2">
         <name>.text:_ti_sysbios_hal_Timer_Module_startup__E</name>
         <load_address>0x3f2dda</load_address>
         <run_address>0x3f2dda</run_address>
         <size>0x9</size>
         <input_file_ref idref="fl-15"/>
      </object_component>
      <object_component id="oc-304">
         <name>.text:_ti_sysbios_knl_Task_SupportProxy_start__E</name>
         <load_address>0x3f2de3</load_address>
         <run_address>0x3f2de3</run_address>
         <size>0x9</size>
         <input_file_ref idref="fl-d"/>
      </object_component>
      <object_component id="oc-314">
         <name>.text:_xdc_runtime_HeapStd_Handle__label__S</name>
         <load_address>0x3f2dec</load_address>
         <run_address>0x3f2dec</run_address>
         <size>0x9</size>
         <input_file_ref idref="fl-d"/>
      </object_component>
      <object_component id="oc-2af">
         <name>.text:_xdc_runtime_LoggerBuf_Handle__label__S</name>
         <load_address>0x3f2df5</load_address>
         <run_address>0x3f2df5</run_address>
         <size>0x9</size>
         <input_file_ref idref="fl-d"/>
      </object_component>
      <object_component id="oc-1e8">
         <name>.text:_xdc_runtime_Startup_exec__I</name>
         <load_address>0x3f2dfe</load_address>
         <run_address>0x3f2dfe</run_address>
         <size>0x9</size>
         <input_file_ref idref="fl-d"/>
      </object_component>
      <object_component id="oc-1f5">
         <name>.text</name>
         <load_address>0x3f2e07</load_address>
         <run_address>0x3f2e07</run_address>
         <size>0x9</size>
         <input_file_ref idref="fl-46"/>
      </object_component>
      <object_component id="oc-1cf">
         <name>.text:_ti_sysbios_BIOS_setThreadType__E</name>
         <load_address>0x3f2e10</load_address>
         <run_address>0x3f2e10</run_address>
         <size>0x8</size>
         <input_file_ref idref="fl-15"/>
      </object_component>
      <object_component id="oc-235">
         <name>.text:_ti_sysbios_gates_GateMutex_Instance_finalize__E</name>
         <load_address>0x3f2e18</load_address>
         <run_address>0x3f2e18</run_address>
         <size>0x8</size>
         <input_file_ref idref="fl-15"/>
      </object_component>
      <object_component id="oc-1ed">
         <name>.text:_ti_sysbios_gates_GateMutex_query__E</name>
         <load_address>0x3f2e20</load_address>
         <run_address>0x3f2e20</run_address>
         <size>0x8</size>
         <input_file_ref idref="fl-15"/>
      </object_component>
      <object_component id="oc-2a1">
         <name>.text:_ti_sysbios_knl_Semaphore_Instance_finalize__E</name>
         <load_address>0x3f2e28</load_address>
         <run_address>0x3f2e28</run_address>
         <size>0x8</size>
         <input_file_ref idref="fl-15"/>
      </object_component>
      <object_component id="oc-2f1">
         <name>.text:_xdc_runtime_IHeap_alloc</name>
         <load_address>0x3f2e30</load_address>
         <run_address>0x3f2e30</run_address>
         <size>0x8</size>
         <input_file_ref idref="fl-d"/>
      </object_component>
      <object_component id="oc-271">
         <name>.text:_xdc_runtime_Memory_calloc__E</name>
         <load_address>0x3f2e38</load_address>
[...]
      </symbol>
      <symbol id="sm-a0b">
         <name>_ti_catalog_c2800_init_Boot_defaultLimpAbortFunction</name>
         <value>0x3f2f2c</value>
         <object_component_ref idref="oc-223"/>
      </symbol>
      <symbol id="sm-a17">
         <name>_ti_catalog_c2800_init_Boot_entry</name>
         <value>0x3f7ff6</value>
         <object_component_ref idref="oc-3c"/>
      </symbol>
      <symbol id="sm-a2c">
         <name>_xdc_runtime_Assert_raise__I</name>
         <value>0x3f24be</value>
         <object_component_ref idref="oc-218"/>
      </symbol>
      <symbol id="sm-a4c">
         <name>_xdc_runtime_Core_deleteObject__I</name>
         <value>0x3f213e</value>
         <object_component_ref idref="oc-236"/>
      </symbol>
      <symbol id="sm-a4d">
         <name>_xdc_runtime_Core_createObject__I</name>
         <value>0x3f132b</value>
         <object_component_ref idref="oc-233"/>
      </symbol>
      <symbol id="sm-a65">
         <name>_xdc_runtime_Core_constructObject__I</name>
         <value>0x3f14ec</value>
         <object_component_ref idref="oc-29f"/>
      </symbol>
      <symbol id="sm-a73">
         <name>_xdc_runtime_Core_assignParams__I</name>
         <value>0x3f24eb</value>
         <object_component_ref idref="oc-270"/>
      </symbol>
      <symbol id="sm-a9e">
         <name>_xdc_runtime_Error_getSite__E</name>
         <value>0x3f2f32</value>
         <object_component_ref idref="oc-2d7"/>
      </symbol>
      <symbol id="sm-a9f">
         <name>_xdc_runtime_Error_print__E</name>
         <value>0x3f2378</value>
         <object_component_ref idref="oc-2b6"/>
      </symbol>
      <symbol id="sm-aa0">
         <name>_xdc_runtime_Error_policyDefault__E</name>
         <value>0x3f1e6f</value>
         <object_component_ref idref="oc-222"/>
      </symbol>
      <symbol id="sm-aa1">
         <name>_xdc_runtime_Error_init__E</name>
         <value>0x3f2d7c</value>
         <object_component_ref idref="oc-293"/>
      </symbol>
      <symbol id="sm-aa2">
         <name>_xdc_runtime_Error_raiseX__E</name>
         <value>0x3f2bfb</value>
         <object_component_ref idref="oc-1ba"/>
      </symbol>
      <symbol id="sm-aa3">
         <name>_xdc_runtime_Error_check__E</name>
         <value>0x3f2cac</value>
         <object_component_ref idref="oc-2ef"/>
      </symbol>
      <symbol id="sm-aa4">
         <name>_xdc_runtime_Error_setX__E</name>
         <value>0x3f259b</value>
         <object_component_ref idref="oc-259"/>
      </symbol>
      <symbol id="sm-ab2">
         <name>_xdc_runtime_Gate_leaveSystem__E</name>
         <value>0x3f2e9d</value>
         <object_component_ref idref="oc-1f9"/>
      </symbol>
      <symbol id="sm-ab3">
         <name>_xdc_runtime_Gate_enterSystem__E</name>
         <value>0x3f2e97</value>
         <object_component_ref idref="oc-1e9"/>
      </symbol>
      <symbol id="sm-af4">
         <name>_xdc_runtime_HeapStd_isBlocking__E</name>
         <value>0x3f2f34</value>
         <object_component_ref idref="oc-310"/>
      </symbol>
      <symbol id="sm-af5">
         <name>_xdc_runtime_HeapStd_getStats__E</name>
         <value>0x3f2e57</value>
         <object_component_ref idref="oc-311"/>
      </symbol>
      <symbol id="sm-af6">
         <name>_xdc_runtime_HeapStd_free__E</name>
         <value>0x3f1ba3</value>
         <object_component_ref idref="oc-30f"/>
      </symbol>
      <symbol id="sm-af7">
         <name>_xdc_runtime_HeapStd_Instance_init__E</name>
         <value>0x3f167d</value>
         <object_component_ref idref="oc-32d"/>
      </symbol>
      <symbol id="sm-af8">
         <name>_xdc_runtime_HeapStd_alloc__E</name>
         <value>0x3f0d15</value>
         <object_component_ref idref="oc-30e"/>
      </symbol>
      <symbol id="sm-b47">
         <name>_xdc_runtime_LoggerBuf_write0__E</name>
         <value>0x3f2d86</value>
         <object_component_ref idref="oc-2a9"/>
      </symbol>
      <symbol id="sm-b48">
         <name>_xdc_runtime_LoggerBuf_Instance_init__E</name>
         <value>0x3f23a9</value>
         <object_component_ref idref="oc-2d4"/>
      </symbol>
      <symbol id="sm-b49">
         <name>_xdc_runtime_LoggerBuf_Module_startup__E</name>
         <value>0x3f2a4c</value>
         <object_component_ref idref="oc-2b9"/>
      </symbol>
      <symbol id="sm-b4a">
         <name>_xdc_runtime_LoggerBuf_reset__E</name>
         <value>0x3f2aa6</value>
         <object_component_ref idref="oc-2de"/>
      </symbol>
      <symbol id="sm-b4b">
         <name>_xdc_runtime_LoggerBuf_Instance_finalize__E</name>
         <value>0x3f2d50</value>
         <object_component_ref idref="oc-2d5"/>
      </symbol>
      <symbol id="sm-b4c">
         <name>_xdc_runtime_LoggerBuf_write4__E</name>
         <value>0x3f187f</value>
         <object_component_ref idref="oc-24d"/>
      </symbol>
      <symbol id="sm-b4d">
         <name>_xdc_runtime_LoggerBuf_getFilterLevel__E</name>
         <value>0x3f217b</value>
         <object_component_ref idref="oc-2ac"/>
      </symbol>
      <symbol id="sm-b4e">
         <name>_xdc_runtime_LoggerBuf_disable__E</name>
         <value>0x3f2eb3</value>
         <object_component_ref idref="oc-2a8"/>
      </symbol>
      <symbol id="sm-b4f">
         <name>_xdc_runtime_LoggerBuf_setFilterLevel__E</name>
         <value>0x3f2230</value>
         <object_component_ref idref="oc-2ab"/>
      </symbol>
      <symbol id="sm-b50">
         <name>_xdc_runtime_LoggerBuf_write8__E</name>
         <value>0x3f111c</value>
         <object_component_ref idref="oc-294"/>
      </symbol>
      <symbol id="sm-b51">
         <name>_xdc_runtime_LoggerBuf_write2__E</name>
         <value>0x3f2cf6</value>
         <object_component_ref idref="oc-250"/>
      </symbol>
      <symbol id="sm-b52">
         <name>_xdc_runtime_LoggerBuf_filterOutEvent__I</name>
         <value>0x3f27af</value>
         <object_component_ref idref="oc-28a"/>
      </symbol>
      <symbol id="sm-b53">
         <name>_xdc_runtime_LoggerBuf_write1__E</name>
         <value>0x3f2d5b</value>
         <object_component_ref idref="oc-2aa"/>
      </symbol>
      <symbol id="sm-b54">
         <name>_xdc_runtime_LoggerBuf_enable__E</name>
         <value>0x3f2ea3</value>
         <object_component_ref idref="oc-2a7"/>
      </symbol>
      <symbol id="sm-b6f">
         <name>_xdc_runtime_Memory_calloc__E</name>
         <value>0x3f2e38</value>
         <object_component_ref idref="oc-271"/>
      </symbol>
      <symbol id="sm-b70">
         <name>_xdc_runtime_Memory_free__E</name>
         <value>0x3f2d66</value>
         <object_component_ref idref="oc-274"/>
      </symbol>
      <symbol id="sm-b71">
         <name>_xdc_runtime_Memory_valloc__E</name>
         <value>0x3f2a05</value>
         <object_component_ref idref="oc-29d"/>
      </symbol>
      <symbol id="sm-b72">
         <name>_xdc_runtime_Memory_alloc__E</name>
         <value>0x3f2100</value>
         <object_component_ref idref="oc-2c8"/>
      </symbol>
      <symbol id="sm-b73">
         <name>_xdc_runtime_Memory_getMaxDefaultTypeAlign__E</name>
         <value>0x3f2ece</value>
         <object_component_ref idref="oc-2f0"/>
      </symbol>
      <symbol id="sm-b95">
         <name>_xdc_runtime_Startup_startMods__I</name>
         <value>0x3f19e3</value>
         <object_component_ref idref="oc-226"/>
      </symbol>
      <symbol id="sm-b96">
         <name>_xdc_runtime_Startup_rtsDone__E</name>
         <value>0x3f2ed2</value>
         <object_component_ref idref="oc-1c5"/>
      </symbol>
      <symbol id="sm-b97">
         <name>_xdc_runtime_Startup_exec__E</name>
         <value>0x3f23d8</value>
         <object_component_ref idref="oc-197"/>
      </symbol>
      <symbol id="sm-c1e">
         <name>_xdc_runtime_System_formatNum__I</name>
         <value>0x3f2313</value>
         <object_component_ref idref="oc-331"/>
      </symbol>
      <symbol id="sm-c1f">
         <name>_xdc_runtime_System_exit__E</name>
         <value>0x3f2d71</value>
         <object_component_ref idref="oc-19a"/>
      </symbol>
      <symbol id="sm-c20">
         <name>_xdc_runtime_System_exitStd__E</name>
         <value>0x3f2f24</value>
         <object_component_ref idref="oc-1eb"/>
      </symbol>
      <symbol id="sm-c21">
         <name>_xdc_runtime_System_printf_va__F</name>
         <value>0x3f29bc</value>
         <object_component_ref idref="oc-2fd"/>
      </symbol>
      <symbol id="sm-c22">
         <name>_xdc_runtime_System_atexit__E</name>
         <value>0x3f27cd</value>
         <object_component_ref idref="oc-1c8"/>
      </symbol>
      <symbol id="sm-c23">
         <name>_xdc_runtime_System_abortStd__E</name>
         <value>0x3f2f21</value>
         <object_component_ref idref="oc-2b8"/>
      </symbol>
      <symbol id="sm-c24">
         <name>_xdc_runtime_System_putchar__I</name>
         <value>0x3f2a1d</value>
         <object_component_ref idref="oc-332"/>
      </symbol>
      <symbol id="sm-c25">
         <name>_xdc_runtime_System_snprintf_va__F</name>
         <value>0x3f2d90</value>
         <object_component_ref idref="oc-31b"/>
      </symbol>
      <symbol id="sm-c26">
         <name>_xdc_runtime_System_Module_startup__E</name>
         <value>0x3f2f12</value>
         <object_component_ref idref="oc-2ba"/>
      </symbol>
      <symbol id="sm-c27">
         <name>_xdc_runtime_System_avprintf__E</name>
         <value>0x3f2956</value>
         <object_component_ref idref="oc-2fc"/>
      </symbol>
      <symbol id="sm-c28">
         <name>_xdc_runtime_System_vprintf__E</name>
         <value>0x3f29bc</value>
         <object_component_ref idref="oc-2fd"/>
      </symbol>
      <symbol id="sm-c29">
         <name>_xdc_runtime_System_aprintf_va__F</name>
         <value>0x3f2956</value>
         <object_component_ref idref="oc-2fc"/>
      </symbol>
      <symbol id="sm-c2a">
         <name>_xdc_runtime_System_doPrint__I</name>
         <value>0x3f0000</value>
         <object_component_ref idref="oc-31d"/>
      </symbol>
      <symbol id="sm-c2b">
         <name>_xdc_runtime_System_processAtExit__E</name>
         <value>0x3f272a</value>
         <object_component_ref idref="oc-1c1"/>
      </symbol>
      <symbol id="sm-c2c">
         <name>_xdc_runtime_System_vsnprintf__E</name>
         <value>0x3f2d90</value>
         <object_component_ref idref="oc-31b"/>
      </symbol>
      <symbol id="sm-c2d">
         <name>_xdc_runtime_System_abort__E</name>
         <value>0x3f2cb9</value>
         <object_component_ref idref="oc-25f"/>
      </symbol>
      <symbol id="sm-c4b">
         <name>_xdc_runtime_SysMin_abort__E</name>
         <value>0x3f2a63</value>
         <object_component_ref idref="oc-2b7"/>
      </symbol>
      <symbol id="sm-c4c">
         <name>_xdc_runtime_SysMin_ready__E</name>
         <value>0x3f2e40</value>
         <object_component_ref idref="oc-32f"/>
      </symbol>
      <symbol id="sm-c4d">
         <name>_xdc_runtime_SysMin_flush__E</name>
         <value>0x3f26bb</value>
         <object_component_ref idref="oc-269"/>
      </symbol>
      <symbol id="sm-c4e">
         <name>_xdc_runtime_SysMin_Module_startup__E</name>
         <value>0x3f2bbe</value>
         <object_component_ref idref="oc-2bb"/>
      </symbol>
      <symbol id="sm-c4f">
         <name>_xdc_runtime_SysMin_putch__E</name>
         <value>0x3f2842</value>
         <object_component_ref idref="oc-2db"/>
      </symbol>
      <symbol id="sm-c50">
         <name>_xdc_runtime_SysMin_exit__E</name>
         <value>0x3f2d02</value>
         <object_component_ref idref="oc-229"/>
      </symbol>
      <symbol id="sm-c8a">
         <name>_xdc_runtime_Text_putLab__E</name>
         <value>0x3f20bf</value>
         <object_component_ref idref="oc-33f"/>
      </symbol>
      <symbol id="sm-c8b">
         <name>_xdc_runtime_Text_printVisFxn__I</name>
         <value>0x3f2afb</value>
         <object_component_ref idref="oc-31a"/>
      </symbol>
      <symbol id="sm-c8c">
         <name>_xdc_runtime_Text_putMod__E</name>
         <value>0x3f226c</value>
         <object_component_ref idref="oc-2f9"/>
      </symbol>
      <symbol id="sm-c8d">
         <name>_xdc_runtime_Text_xprintf__I</name>
         <value>0x3f2641</value>
         <object_component_ref idref="oc-2fa"/>
      </symbol>
      <symbol id="sm-c8e">
         <name>_xdc_runtime_Text_ropeText__E</name>
         <value>0x3f2d9a</value>
         <object_component_ref idref="oc-252"/>
      </symbol>
      <symbol id="sm-c8f">
         <name>_xdc_runtime_Text_putSite__E</name>
         <value>0x3f1ecd</value>
         <object_component_ref idref="oc-2d8"/>
      </symbol>
      <symbol id="sm-c9b">
         <name>___xdc__init</name>
         <value>0x3f2ed6</value>
         <object_component_ref idref="oc-19b"/>
      </symbol>
      <symbol id="sm-cbb">
         <name>_xdc_runtime_Registry_findById__E</name>
         <value>0x3f2c0a</value>
         <object_component_ref idref="oc-318"/>
      </symbol>
      <symbol id="sm-cd6">
         <name>_c_int00</name>
         <value>0x3f1c7b</value>
         <object_component_ref idref="oc-3b"/>
      </symbol>
      <symbol id="sm-cd7">
         <name>__stack</name>
         <value>0x0</value>
         <object_component_ref idref="oc-119"/>
      </symbol>
      <symbol id="sm-cf1">
         <name>FS$$ADD</name>
         <value>0x3f18fd</value>
         <object_component_ref idref="oc-11e"/>
      </symbol>
      <symbol id="sm-cf2">
         <name>FS$$SUB</name>
         <value>0x3f18f8</value>
         <object_component_ref idref="oc-11e"/>
      </symbol>
      <symbol id="sm-d03">
         <name>FS$$DIV</name>
         <value>0x3f15fa</value>
         <object_component_ref idref="oc-123"/>
      </symbol>
      <symbol id="sm-d14">
         <name>FS$$MPY</name>
         <value>0x3f1f2a</value>
         <object_component_ref idref="oc-128"/>
      </symbol>
      <symbol id="sm-d25">
         <name>FS$$TOI</name>
         <value>0x3f26e1</value>
         <object_component_ref idref="oc-12d"/>
      </symbol>
      <symbol id="sm-d36">
         <name>FS$$TOU</name>
         <value>0x3f285f</value>
         <object_component_ref idref="oc-132"/>
      </symbol>
      <symbol id="sm-d62">
         <name>ULL$$MOD</name>
         <value>0x3f0cb3</value>
         <object_component_ref idref="oc-137"/>
      </symbol>
      <symbol id="sm-d63">
         <name>ULL$$DIV</name>
         <value>0x3f0c84</value>
         <object_component_ref idref="oc-137"/>
      </symbol>
      <symbol id="sm-d64">
         <name>LL$$MOD</name>
         <value>0x3f0c4a</value>
         <object_component_ref idref="oc-137"/>
      </symbol>
      <symbol id="sm-d65">
         <name>LL$$DIV</name>
         <value>0x3f0c0e</value>
         <object_component_ref idref="oc-137"/>
      </symbol>
      <symbol id="sm-d73">
         <name>I$$MOD</name>
         <value>0x3f275e</value>
         <object_component_ref idref="oc-13c"/>
      </symbol>
      <symbol id="sm-d74">
         <name>I$$DIV</name>
         <value>0x3f274d</value>
         <object_component_ref idref="oc-13c"/>
      </symbol>
      <symbol id="sm-d83">
         <name>L$$TOFS</name>
         <value>0x3f2970</value>
         <object_component_ref idref="oc-141"/>
      </symbol>
      <symbol id="sm-d8f">
         <name>UL$$MOD</name>
         <value>0x3f25e9</value>
         <object_component_ref idref="oc-146"/>
      </symbol>
      <symbol id="sm-d90">
         <name>L$$MOD</name>
         <value>0x3f25d4</value>
         <object_component_ref idref="oc-146"/>
      </symbol>
      <symbol id="sm-d91">
         <name>L$$DIV</name>
         <value>0x3f25c5</value>
         <object_component_ref idref="oc-146"/>
      </symbol>
      <symbol id="sm-d92">
         <name>UL$$DIV</name>
         <value>0x3f25e2</value>
         <object_component_ref idref="oc-146"/>
      </symbol>
      <symbol id="sm-da1">
         <name>_copy_in</name>
         <value>0x3f2706</value>
         <object_component_ref idref="oc-196"/>
      </symbol>
      <symbol id="sm-db3">
         <name>_memcpy</name>
         <value>0x3f287c</value>
         <object_component_ref idref="oc-1bd"/>
      </symbol>
      <symbol id="sm-dc0">
         <name>__system_pre_init</name>
         <value>0x3f2f36</value>
         <object_component_ref idref="oc-194"/>
      </symbol>
      <symbol id="sm-dce">
         <name>__system_post_cinit</name>
         <value>0x3f2f3d</value>
         <object_component_ref idref="oc-198"/>
      </symbol>
      <symbol id="sm-de3">
         <name>C$$EXIT</name>
         <value>0x3f266a</value>
         <object_component_ref idref="oc-22a"/>
      </symbol>
      <symbol id="sm-de4">
         <name>_exit</name>
         <value>0x3f266c</value>
         <object_component_ref idref="oc-22a"/>
      </symbol>
      <symbol id="sm-de6">
         <name>___TI_cleanup_ptr</name>
         <value>0x8a10</value>
         <object_component_ref idref="oc-161"/>
      </symbol>
      <symbol id="sm-de7">
         <name>___TI_enable_exit_profile_output</name>
         <value>0x8a0e</value>
         <object_component_ref idref="oc-161"/>
      </symbol>
      <symbol id="sm-de8">
         <name>_abort</name>
         <value>0x3f266a</value>
         <object_component_ref idref="oc-22a"/>
      </symbol>
      <symbol id="sm-dea">
         <name>___TI_dtors_ptr</name>
         <value>0x8a12</value>
         <object_component_ref idref="oc-161"/>
      </symbol>
      <symbol id="sm-dfe">
         <name>__unlock</name>
         <value>0x88bc</value>
         <object_component_ref idref="oc-237"/>
      </symbol>
      <symbol id="sm-dff">
         <name>__lock</name>
         <value>0x87be</value>
         <object_component_ref idref="oc-238"/>
      </symbol>
      <symbol id="sm-e00">
         <name>__register_lock</name>
         <value>0x3f2e0b</value>
         <object_component_ref idref="oc-1f5"/>
      </symbol>
      <symbol id="sm-e02">
         <name>__nop</name>
         <value>0x3f2e0f</value>
         <object_component_ref idref="oc-1f5"/>
      </symbol>
      <symbol id="sm-e04">
         <name>__register_unlock</name>
         <value>0x3f2e07</value>
         <object_component_ref idref="oc-1f5"/>
      </symbol>
      <symbol id="sm-e14">
         <name>__args_main</name>
         <value>0x3f2b7d</value>
         <object_component_ref idref="oc-199"/>
      </symbol>
      <symbol id="sm-e23">
         <name>_memset</name>
         <value>0x3f2e6c</value>
         <object_component_ref idref="oc-2c9"/>
      </symbol>
      <symbol id="sm-e3a">
         <name>_strcpy</name>
         <value>0x3f2ebd</value>
         <object_component_ref idref="oc-1e1"/>
      </symbol>
      <symbol id="sm-e48">
         <name>_strlen</name>
         <value>0x3f2e48</value>
         <object_component_ref idref="oc-2fb"/>
      </symbol>
      <symbol id="sm-e56">
         <name>_HOSTwrite</name>
         <value>0x3f22a4</value>
         <object_component_ref idref="oc-2ee"/>
      </symbol>
      <symbol id="sm-e6f">
         <name>___TI_readmsg</name>
         <value>0x3f1422</value>
         <object_component_ref idref="oc-30b"/>
      </symbol>
      <symbol id="sm-e71">
         <name>C$$IO$$</name>
         <value>0x3f141d</value>
         <object_component_ref idref="oc-30b"/>
      </symbol>
      <symbol id="sm-e72">
         <name>__CIOBUF_</name>
         <value>0x8a40</value>
         <object_component_ref idref="oc-18a"/>
      </symbol>
      <symbol id="sm-e73">
         <name>___TI_writemsg</name>
         <value>0x3f13ca</value>
         <object_component_ref idref="oc-30b"/>
      </symbol>
      <symbol id="sm-e80">
         <name>_parmbuf</name>
         <value>0x88b4</value>
         <object_component_ref idref="oc-30a"/>
      </symbol>
   </symbol_table>
   <title>Link successful</title>
</link_info>
