******************************************************************************
             TMS320C2000 Linker PC v20.2.5                     
******************************************************************************
>> Linked Wed Nov 23 01:06:18 2022

OUTPUT FILE NAME:   <PotBot.out>
ENTRY POINT SYMBOL: "_c_int00"  address: 003f1930


MEMORY CONFIGURATION

         name            origin    length      used     unused   attr    fill
----------------------  --------  ---------  --------  --------  ----  --------
PAGE 0:
  OTP                   003d7800   00000400  00000000  00000400  RWIX
  FLASH                 003f0000   00007f80  000035f4  0000498c  RWIX
  CSM_RSVD              003f7f80   00000076  00000000  00000076  RWIX
  BEGIN                 003f7ff6   00000002  00000000  00000002  RWIX
  CSM_PWL               003f7ff8   00000008  00000000  00000008  RWIX
  IQTABLES              003fe000   00000b50  00000000  00000b50  RWIX
  IQTABLES2             003feb50   0000008c  00000000  0000008c  RWIX
  IQTABLES3             003febdc   000000aa  00000000  000000aa  RWIX
  ROM                   003ff27c   00000d44  00000000  00000d44  RWIX
  RESET                 003fffc0   00000002  00000000  00000002  RWIX
  VECTORS               003fffc2   0000003e  00000000  0000003e  RWIX

PAGE 1:
  M01SARAM              00000000   00000800  00000176  0000068a  RWIX
  DEV_EMU               00000880   00000105  00000004  00000101  RWIX
  SYS_PWR_CTL           00000985   00000003  00000003  00000000  RWIX
  FLASH_REGS            00000a80   00000060  00000008  00000058  RWIX
  CSM                   00000ae0   00000010  00000010  00000000  RWIX
  ADC_RESULT            00000b00   00000020  00000020  00000000  RWIX
  CPU_TIMER0            00000c00   00000008  00000008  00000000  RWIX
  CPU_TIMER1            00000c08   00000008  00000008  00000000  RWIX
  CPU_TIMER2            00000c10   00000008  00000008  00000000  RWIX
  PIE_CTRL              00000ce0   00000020  0000001a  00000006  RWIX
  PIEVECT               00000d00   00000100  00000000  00000100  RWIX
  COMP1                 00006400   00000020  00000020  00000000  RWIX
  COMP2                 00006420   00000020  00000020  00000000  RWIX
  EPWM1                 00006800   00000040  00000040  00000000  RWIX
  EPWM2                 00006840   00000040  00000040  00000000  RWIX
  EPWM3                 00006880   00000040  00000040  00000000  RWIX
  EPWM4                 000068c0   00000040  00000040  00000000  RWIX
  ECAP1                 00006a00   00000020  00000020  00000000  RWIX
  GPIOCTRL              00006f80   00000040  00000040  00000000  RWIX
  GPIODAT               00006fc0   00000020  00000020  00000000  RWIX
  GPIOINT               00006fe0   00000020  0000000a  00000016  RWIX
  SYSTEM                00007010   00000020  0000001f  00000001  RWIX
  SPIA                  00007040   00000010  00000010  00000000  RWIX
  SCIA                  00007050   00000010  00000010  00000000  RWIX
  NMIINTRUPT            00007060   00000010  00000010  00000000  RWIX
  XINTRUPT              00007070   00000010  00000010  00000000  RWIX
  ADC                   00007100   00000080  00000051  0000002f  RWIX
  I2CA                  00007900   00000040  00000022  0000001e  RWIX
  L0SARAM               00008000   00001000  00000b48  000004b8  RWIX
  PARTID                003d7fff   00000001  00000001  00000000  RWIX
  CSM_PWL               003f7ff8   00000008  00000008  00000000  RWIX


SECTION ALLOCATION MAP

 output                                  attributes/
section   page    origin      length       input sections
--------  ----  ----------  ----------   ----------------
PieVectTableFile 
*          0    00000d00    00000100     DSECT
                  00000d00    00000100     F2802x_GlobalVariableDefs.obj (PieVectTableFile)

EmuKeyVar 
*          0    00000d00    00000001     DSECT
                  00000d00    00000001     F2802x_GlobalVariableDefs.obj (EmuKeyVar)

EmuBModeVar 
*          0    00000d01    00000001     DSECT
                  00000d01    00000001     F2802x_GlobalVariableDefs.obj (EmuBModeVar)

FlashCallbackVar 
*          0    00000d02    00000002     DSECT
                  00000d02    00000002     F2802x_GlobalVariableDefs.obj (FlashCallbackVar)

FlashScalingVar 
*          0    00000d04    00000002     DSECT
                  00000d04    00000002     F2802x_GlobalVariableDefs.obj (FlashScalingVar)

.cinit     0    003f2b3e    00000609     
                  003f2b3e    0000010c     PotBot_p28L.o28L (.cinit)
                  003f2c4a    00000103     PotBot_p28L.o28L (.cinit:_ti_sysbios_family_c28_Hwi_Module_State_0_dispatchTable__A)
                  003f2d4d    000000cb     main.obj (.cinit:_x_array)
                  003f2e18    000000cb     main.obj (.cinit:_y_array)
                  003f2ee3    000000ab     PotBot_p28L.o28L (.cinit:_ti_sysbios_knl_Task_Object__table__V)
                  003f2f8e    00000043     PotBot_p28L.o28L (.cinit:_ti_sysbios_family_c28_Hwi_Object__table__V)
                  003f2fd1    00000043     PotBot_p28L.o28L (.cinit:_ti_sysbios_knl_Swi_Module_State_0_readyQ__A)
                  003f3014    00000043     PotBot_p28L.o28L (.cinit:_ti_sysbios_knl_Task_Module_State_0_readyQ__A)
                  003f3057    0000003f     PotBot_p28L.o28L (.cinit:_ti_sysbios_knl_Swi_Object__table__V)
                  003f3096    00000021     PotBot_p28L.o28L (.cinit:_ti_sysbios_knl_Semaphore_Object__table__V)
                  003f30b7    0000001b     PotBot_p28L.o28L (.cinit:_ti_sysbios_family_c28_Timer_Object__table__V)
                  003f30d2    00000017     main.obj (.cinit:_z_array)
                  003f30e9    00000015     PotBot_p28L.o28L (.cinit:_xdc_runtime_LoggerBuf_Object__table__V)
                  003f30fe    00000011     PotBot_p28L.o28L (.cinit:_ti_sysbios_gates_GateMutex_Object__table__V)
                  003f310f    0000000e     rts2800_ml.lib : exit.c.obj (.cinit)
                  003f311d    0000000b     PotBot_p28L.o28L (.cinit:_xdc_runtime_System_Module_State_0_atexitHandlers__A)
                  003f3128    00000009     PotBot_p28L.o28L (.cinit:_xdc_runtime_HeapStd_Object__table__V)
                  003f3131    00000005     rts2800_ml.lib : _lock.c.obj (.cinit:__lock)
                  003f3136    00000005                    : _lock.c.obj (.cinit:__unlock)
                  003f313b    00000005     PotBot_p28L.o28L (.cinit:_ti_sysbios_gates_GateHwi_Object__table__V)
                  003f3140    00000005     PotBot_p28L.o28L (.cinit:_ti_sysbios_knl_Task_Module_State_0_idleTask__A)
                  003f3145    00000002     --HOLE-- [fill = 0]

.econst    0    003f3148    00000491     
                  003f3148    00000100     PotBot_p28L.o28L (.econst:_ti_sysbios_family_c28_Hwi_vectors)
                  003f3248    0000006b     PotBot_p28L.o28L (.econst:.string)
                  003f32b3    00000001     PotBot_p28L.o28L (.econst:ti_sysbios_family_c28_Hwi_Module__id__C)
                  003f32b4    00000058     ti.targets.rts2800.a28L : Error.o28L (.econst:.string)
                  003f330c    00000047                             : Log.o28L (.econst:.string)
                  003f3353    00000001     PotBot_p28L.o28L (.econst:ti_sysbios_family_c28_Hwi_NUM_INTERRUPTS_ALL__C)
                  003f3354    00000031     ti.targets.rts2800.a28L : Text.o28L (.econst:.string)
                  003f3385    00000001     PotBot_p28L.o28L (.econst:ti_sysbios_family_c28_Hwi_Object__count__C)
                  003f3386    0000002a     ti.targets.rts2800.a28L : Startup.o28L (.econst:.string)
                  003f33b0    0000001e     PotBot_p28L.o28L (.econst:xdc_runtime_LoggerBuf_Module__FXNS__C)
                  003f33ce    00000019     ti.targets.rts2800.a28L : System.o28L (.econst:.string)
                  003f33e7    00000001     PotBot_p28L.o28L (.econst:ti_sysbios_family_c28_TaskSupport_Module__id__C)
                  003f33e8    00000018     PotBot_p28L.o28L (.econst)
                  003f3400    00000014     PotBot_p28L.o28L (.econst:xdc_runtime_HeapStd_Module__FXNS__C)
                  003f3414    00000014     PotBot_p28L.o28L (.econst:xdc_runtime_Startup_sfxnTab__A)
                  003f3428    00000012     PotBot_p28L.o28L (.econst:ti_sysbios_gates_GateHwi_Module__FXNS__C)
                  003f343a    00000012     PotBot_p28L.o28L (.econst:ti_sysbios_gates_GateMutex_Module__FXNS__C)
                  003f344c    00000012     PotBot_p28L.o28L (.econst:xdc_runtime_LoggerBuf_Object__PARAMS__C)
                  003f345e    00000010     main.obj (.econst:_$P$T0$1)
                  003f346e    00000010     main.obj (.econst:_$P$T1$2)
                  003f347e    00000010     PotBot_p28L.o28L (.econst:ti_sysbios_gates_GateHwi_Object__DESC__C)
                  003f348e    00000010     PotBot_p28L.o28L (.econst:ti_sysbios_gates_GateMutex_Object__DESC__C)
                  003f349e    00000010     PotBot_p28L.o28L (.econst:ti_sysbios_knl_Queue_Object__DESC__C)
                  003f34ae    00000010     PotBot_p28L.o28L (.econst:ti_sysbios_knl_Semaphore_Object__DESC__C)
                  003f34be    00000010     PotBot_p28L.o28L (.econst:ti_sysbios_knl_Semaphore_Object__PARAMS__C)
                  003f34ce    00000010     PotBot_p28L.o28L (.econst:xdc_runtime_HeapStd_Object__DESC__C)
                  003f34de    00000010     PotBot_p28L.o28L (.econst:xdc_runtime_LoggerBuf_Object__DESC__C)
                  003f34ee    0000000e     PotBot_p28L.o28L (.econst:xdc_runtime_HeapStd_Object__PARAMS__C)
                  003f34fc    0000000c     PotBot_p28L.o28L (.econst:ti_sysbios_gates_GateHwi_Object__PARAMS__C)
                  003f3508    0000000c     PotBot_p28L.o28L (.econst:ti_sysbios_gates_GateMutex_Object__PARAMS__C)
                  003f3514    0000000c     PotBot_p28L.o28L (.econst:ti_sysbios_knl_Queue_Object__PARAMS__C)
                  003f3520    0000000a     PotBot_p28L.o28L (.econst:xdc_runtime_Startup_sfxnRts__A)
                  003f352a    00000005     ti.targets.rts2800.a28L : Assert.o28L (.econst:.string)
                  003f352f    00000001     PotBot_p28L.o28L (.econst:ti_sysbios_family_c28_Timer_startupNeeded__C)
                  003f3530    00000004     uart.obj (.econst:.string)
                  003f3534    00000004     PotBot_p28L.o28L (.econst:ti_sysbios_knl_Idle_funcList__A)
                  003f3538    00000004     PotBot_p28L.o28L (.econst:ti_sysbios_knl_Idle_funcList__C)
                  003f353c    00000004     PotBot_p28L.o28L (.econst:xdc_runtime_Startup_firstFxns__C)
                  003f3540    00000004     PotBot_p28L.o28L (.econst:xdc_runtime_Startup_lastFxns__C)
                  003f3544    00000002     PotBot_p28L.o28L (.econst:ti_sysbios_family_c28_Hwi_A_badIntNum__C)
                  003f3546    00000002     PotBot_p28L.o28L (.econst:ti_sysbios_family_c28_Hwi_A_invalidArg__C)
                  003f3548    00000002     PotBot_p28L.o28L (.econst:ti_sysbios_family_c28_Hwi_E_unpluggedInterrupt__C)
                  003f354a    00000002     PotBot_p28L.o28L (.econst:ti_sysbios_family_c28_Hwi_Module__diagsEnabled__C)
                  003f354c    00000002     PotBot_p28L.o28L (.econst:ti_sysbios_family_c28_Hwi_Module__diagsIncluded__C)
                  003f354e    00000002     PotBot_p28L.o28L (.econst:ti_sysbios_family_c28_Hwi_Module__diagsMask__C)
                  003f3550    00000002     PotBot_p28L.o28L (.econst:ti_sysbios_family_c28_TaskSupport_E_invalidStack__C)
                  003f3552    00000002     PotBot_p28L.o28L (.econst:ti_sysbios_gates_GateMutex_A_badContext__C)
                  003f3554    00000002     PotBot_p28L.o28L (.econst:ti_sysbios_gates_GateMutex_Instance_State_sem__O)
                  003f3556    00000002     PotBot_p28L.o28L (.econst:ti_sysbios_gates_GateMutex_Module__diagsEnabled__C)
                  003f3558    00000002     PotBot_p28L.o28L (.econst:ti_sysbios_gates_GateMutex_Module__diagsIncluded__C)
                  003f355a    00000002     PotBot_p28L.o28L (.econst:ti_sysbios_gates_GateMutex_Module__diagsMask__C)
                  003f355c    00000002     PotBot_p28L.o28L (.econst:ti_sysbios_hal_Hwi_E_stackOverflow__C)
                  003f355e    00000002     PotBot_p28L.o28L (.econst:ti_sysbios_knl_Semaphore_A_badContext__C)
                  003f3560    00000002     PotBot_p28L.o28L (.econst:ti_sysbios_knl_Semaphore_A_noEvents__C)
                  003f3562    00000002     PotBot_p28L.o28L (.econst:ti_sysbios_knl_Semaphore_A_overflow__C)
                  003f3564    00000002     PotBot_p28L.o28L (.econst:ti_sysbios_knl_Semaphore_A_pendTaskDisabled__C)
                  003f3566    00000002     PotBot_p28L.o28L (.econst:ti_sysbios_knl_Semaphore_Instance_State_pendQ__O)
                  003f3568    00000002     PotBot_p28L.o28L (.econst:ti_sysbios_knl_Semaphore_Module__diagsEnabled__C)
                  003f356a    00000002     PotBot_p28L.o28L (.econst:ti_sysbios_knl_Semaphore_Module__diagsIncluded__C)
                  003f356c    00000002     PotBot_p28L.o28L (.econst:ti_sysbios_knl_Semaphore_Module__diagsMask__C)
                  003f356e    00000002     PotBot_p28L.o28L (.econst:ti_sysbios_knl_Task_E_spOutOfBounds__C)
                  003f3570    00000002     PotBot_p28L.o28L (.econst:ti_sysbios_knl_Task_E_stackOverflow__C)
                  003f3572    00000002     PotBot_p28L.o28L (.econst:ti_sysbios_knl_Task_Module_State_inactiveQ__O)
                  003f3574    00000002     PotBot_p28L.o28L (.econst:ti_sysbios_knl_Task_allBlockedFunc__C)
                  003f3576    00000002     PotBot_p28L.o28L (.econst:xdc_runtime_Assert_E_assertFailed__C)
                  003f3578    00000002     PotBot_p28L.o28L (.econst:xdc_runtime_Core_A_initializedParams__C)
                  003f357a    00000002     PotBot_p28L.o28L (.econst:xdc_runtime_Core_Module__diagsEnabled__C)
                  003f357c    00000002     PotBot_p28L.o28L (.econst:xdc_runtime_Core_Module__diagsIncluded__C)
                  003f357e    00000002     PotBot_p28L.o28L (.econst:xdc_runtime_Core_Module__diagsMask__C)
                  003f3580    00000002     PotBot_p28L.o28L (.econst:xdc_runtime_Error_E_memory__C)
                  003f3582    00000002     PotBot_p28L.o28L (.econst:xdc_runtime_Error_policyFxn__C)
                  003f3584    00000002     PotBot_p28L.o28L (.econst:xdc_runtime_Error_raiseHook__C)
                  003f3586    00000002     PotBot_p28L.o28L (.econst:xdc_runtime_HeapStd_A_align__C)
                  003f3588    00000002     PotBot_p28L.o28L (.econst:xdc_runtime_HeapStd_A_invalidTotalFreeSize__C)
                  003f358a    00000002     PotBot_p28L.o28L (.econst:xdc_runtime_HeapStd_A_zeroSize__C)
                  003f358c    00000002     PotBot_p28L.o28L (.econst:xdc_runtime_HeapStd_E_noRTSMemory__C)
                  003f358e    00000002     PotBot_p28L.o28L (.econst:xdc_runtime_HeapStd_Module__diagsEnabled__C)
                  003f3590    00000002     PotBot_p28L.o28L (.econst:xdc_runtime_HeapStd_Module__diagsIncluded__C)
                  003f3592    00000002     PotBot_p28L.o28L (.econst:xdc_runtime_HeapStd_Module__diagsMask__C)
                  003f3594    00000002     PotBot_p28L.o28L (.econst:xdc_runtime_IFilterLogger_Interface__BASE__C)
                  003f3596    00000002     PotBot_p28L.o28L (.econst:xdc_runtime_IGateProvider_Interface__BASE__C)
                  003f3598    00000002     PotBot_p28L.o28L (.econst:xdc_runtime_IHeap_Interface__BASE__C)
                  003f359a    00000002     PotBot_p28L.o28L (.econst:xdc_runtime_ILogger_Interface__BASE__C)
                  003f359c    00000002     PotBot_p28L.o28L (.econst:xdc_runtime_IModule_Interface__BASE__C)
                  003f359e    00000002     PotBot_p28L.o28L (.econst:xdc_runtime_LoggerBuf_E_badLevel__C)
                  003f35a0    00000002     PotBot_p28L.o28L (.econst:xdc_runtime_LoggerBuf_Module__gateObj__C)
                  003f35a2    00000002     PotBot_p28L.o28L (.econst:xdc_runtime_LoggerBuf_statusLogger__C)
                  003f35a4    00000002     PotBot_p28L.o28L (.econst:xdc_runtime_Memory_defaultHeapInstance__C)
                  003f35a6    00000002     PotBot_p28L.o28L (.econst:xdc_runtime_Startup_execImpl__C)
                  003f35a8    00000002     PotBot_p28L.o28L (.econst:xdc_runtime_Startup_firstFxns__A)
                  003f35aa    00000002     PotBot_p28L.o28L (.econst:xdc_runtime_Startup_lastFxns__A)
                  003f35ac    00000002     PotBot_p28L.o28L (.econst:xdc_runtime_Startup_sfxnRts__C)
                  003f35ae    00000002     PotBot_p28L.o28L (.econst:xdc_runtime_Startup_sfxnTab__C)
                  003f35b0    00000002     PotBot_p28L.o28L (.econst:xdc_runtime_SysMin_bufSize__C)
                  003f35b2    00000002     PotBot_p28L.o28L (.econst:xdc_runtime_SysMin_outputFunc__C)
                  003f35b4    00000002     PotBot_p28L.o28L (.econst:xdc_runtime_System_Module__gateObj__C)
                  003f35b6    00000002     PotBot_p28L.o28L (.econst:xdc_runtime_System_abortFxn__C)
                  003f35b8    00000002     PotBot_p28L.o28L (.econst:xdc_runtime_System_exitFxn__C)
                  003f35ba    00000002     PotBot_p28L.o28L (.econst:xdc_runtime_System_extendFxn__C)
                  003f35bc    00000002     PotBot_p28L.o28L (.econst:xdc_runtime_Text_charTab__C)
                  003f35be    00000002     PotBot_p28L.o28L (.econst:xdc_runtime_Text_nodeTab__A)
                  003f35c0    00000002     PotBot_p28L.o28L (.econst:xdc_runtime_Text_visitRopeFxn__C)
                  003f35c2    00000001     PotBot_p28L.o28L (.econst:ti_sysbios_gates_GateMutex_Module__id__C)
                  003f35c3    00000001     PotBot_p28L.o28L (.econst:ti_sysbios_hal_Hwi_Module__id__C)
                  003f35c4    00000001     PotBot_p28L.o28L (.econst:ti_sysbios_knl_Semaphore_Module__id__C)
                  003f35c5    00000001     PotBot_p28L.o28L (.econst:ti_sysbios_knl_Swi_Object__count__C)
                  003f35c6    00000001     PotBot_p28L.o28L (.econst:ti_sysbios_knl_Task_Module__id__C)
                  003f35c7    00000001     PotBot_p28L.o28L (.econst:ti_sysbios_knl_Task_Object__count__C)
                  003f35c8    00000001     PotBot_p28L.o28L (.econst:ti_sysbios_knl_Task_numConstructedTasks__C)
                  003f35c9    00000001     PotBot_p28L.o28L (.econst:xdc_runtime_Core_Module__id__C)
                  003f35ca    00000001     PotBot_p28L.o28L (.econst:xdc_runtime_Error_Module__loggerDefined__C)
                  003f35cb    00000001     PotBot_p28L.o28L (.econst:xdc_runtime_Error_maxDepth__C)
                  003f35cc    00000001     PotBot_p28L.o28L (.econst:xdc_runtime_Error_policy__C)
                  003f35cd    00000001     PotBot_p28L.o28L (.econst:xdc_runtime_HeapStd_Module__id__C)
                  003f35ce    00000001     PotBot_p28L.o28L (.econst:xdc_runtime_LoggerBuf_Module__id__C)
                  003f35cf    00000001     PotBot_p28L.o28L (.econst:xdc_runtime_LoggerBuf_Object__count__C)
                  003f35d0    00000001     PotBot_p28L.o28L (.econst:xdc_runtime_LoggerBuf_filterByLevel__C)
                  003f35d1    00000001     PotBot_p28L.o28L (.econst:xdc_runtime_Memory_Module__id__C)
                  003f35d2    00000001     PotBot_p28L.o28L (.econst:xdc_runtime_Startup_maxPasses__C)
                  003f35d3    00000001     PotBot_p28L.o28L (.econst:xdc_runtime_SysMin_flushAtExit__C)
                  003f35d4    00000001     PotBot_p28L.o28L (.econst:xdc_runtime_System_maxAtexitHandlers__C)
                  003f35d5    00000001     PotBot_p28L.o28L (.econst:xdc_runtime_Text_charTab__A)
                  003f35d6    00000001     PotBot_p28L.o28L (.econst:xdc_runtime_Text_isLoaded__C)
                  003f35d7    00000001     PotBot_p28L.o28L (.econst:xdc_runtime_Text_registryModsLastId__C)
                  003f35d8    00000001     PotBot_p28L.o28L (.econst:xdc_runtime_Text_unnamedModsLastId__C)

.switch    0    003f35da    0000001c     
                  003f35da    0000001c     sysbios.a28L : BIOS.obj (.switch:_ti_sysbios_family_c28_Hwi_clearInterrupt__E)

.data      1    00000100    00000076     UNINITIALIZED
                  00000100    00000020     PotBot_p28L.o28L (.data:ti_sysbios_knl_Task_Module__state__V)
                  00000120    00000012     PotBot_p28L.o28L (.data:ti_sysbios_BIOS_Module__state__V)
                  00000132    0000000c     PotBot_p28L.o28L (.data:ti_sysbios_knl_Swi_Module__state__V)
                  0000013e    00000002     PotBot_p28L.o28L (.data:xdc_runtime_HeapStd_Module__state__V)
                  00000140    00000010     PotBot_p28L.o28L (.data:ti_sysbios_family_c28_Hwi_Module__state__V)
                  00000150    00000008     PotBot_p28L.o28L (.data:ti_sysbios_family_c28_Timer_Module__state__V)
                  00000158    00000004     PotBot_p28L.o28L (.data:ti_sysbios_family_c28_TimestampProvider_Module__state__V)
                  0000015c    00000004     PotBot_p28L.o28L (.data:xdc_runtime_Registry_Module__state__V)
                  00000160    00000004     PotBot_p28L.o28L (.data:xdc_runtime_Startup_Module__state__V)
                  00000164    00000004     PotBot_p28L.o28L (.data:xdc_runtime_SysMin_Module__state__V)
                  00000168    00000004     PotBot_p28L.o28L (.data:xdc_runtime_System_Module__state__V)
                  0000016c    00000004     PotBot_p28L.o28L (.data:xdc_runtime_Text_Module__state__V)
                  00000170    00000003     PotBot_p28L.o28L (.data:xdc_runtime_LoggerBuf_Module__state__V)
                  00000173    00000001     PotBot_p28L.o28L (.data:xdc_runtime_Error_Module__state__V)
                  00000174    00000002     PotBot_p28L.o28L (.data:xdc_runtime_Memory_Module__state__V)

DevEmuRegsFile 
*          1    00000880    00000004     UNINITIALIZED
                  00000880    00000004     F2802x_GlobalVariableDefs.obj (DevEmuRegsFile)

SysPwrCtrlRegsFile 
*          1    00000985    00000003     UNINITIALIZED
                  00000985    00000003     F2802x_GlobalVariableDefs.obj (SysPwrCtrlRegsFile)

FlashRegsFile 
*          1    00000a80    00000008     UNINITIALIZED
                  00000a80    00000008     F2802x_GlobalVariableDefs.obj (FlashRegsFile)

CsmRegsFile 
*          1    00000ae0    00000010     UNINITIALIZED
                  00000ae0    00000010     F2802x_GlobalVariableDefs.obj (CsmRegsFile)

AdcResultFile 
*          1    00000b00    00000020     UNINITIALIZED
                  00000b00    00000020     F2802x_GlobalVariableDefs.obj (AdcResultFile)

CpuTimer0RegsFile 
*          1    00000c00    00000008     UNINITIALIZED
                  00000c00    00000008     F2802x_GlobalVariableDefs.obj (CpuTimer0RegsFile)

CpuTimer1RegsFile 
*          1    00000c08    00000008     UNINITIALIZED
                  00000c08    00000008     F2802x_GlobalVariableDefs.obj (CpuTimer1RegsFile)

CpuTimer2RegsFile 
*          1    00000c10    00000008     UNINITIALIZED
                  00000c10    00000008     F2802x_GlobalVariableDefs.obj (CpuTimer2RegsFile)

PieCtrlRegsFile 
*          1    00000ce0    0000001a     UNINITIALIZED
                  00000ce0    0000001a     F2802x_GlobalVariableDefs.obj (PieCtrlRegsFile)

Comp1RegsFile 
*          1    00006400    00000020     UNINITIALIZED
                  00006400    00000020     F2802x_GlobalVariableDefs.obj (Comp1RegsFile)

Comp2RegsFile 
*          1    00006420    00000020     UNINITIALIZED
                  00006420    00000020     F2802x_GlobalVariableDefs.obj (Comp2RegsFile)

EPwm1RegsFile 
*          1    00006800    00000040     UNINITIALIZED
                  00006800    00000040     F2802x_GlobalVariableDefs.obj (EPwm1RegsFile)

EPwm2RegsFile 
*          1    00006840    00000040     UNINITIALIZED
                  00006840    00000040     F2802x_GlobalVariableDefs.obj (EPwm2RegsFile)

EPwm3RegsFile 
*          1    00006880    00000040     UNINITIALIZED
                  00006880    00000040     F2802x_GlobalVariableDefs.obj (EPwm3RegsFile)

EPwm4RegsFile 
*          1    000068c0    00000040     UNINITIALIZED
                  000068c0    00000040     F2802x_GlobalVariableDefs.obj (EPwm4RegsFile)

ECap1RegsFile 
*          1    00006a00    00000020     UNINITIALIZED
                  00006a00    00000020     F2802x_GlobalVariableDefs.obj (ECap1RegsFile)

GpioCtrlRegsFile 
*          1    00006f80    00000040     UNINITIALIZED
                  00006f80    00000040     F2802x_GlobalVariableDefs.obj (GpioCtrlRegsFile)

GpioDataRegsFile 
*          1    00006fc0    00000020     UNINITIALIZED
                  00006fc0    00000020     F2802x_GlobalVariableDefs.obj (GpioDataRegsFile)

GpioIntRegsFile 
*          1    00006fe0    0000000a     UNINITIALIZED
                  00006fe0    0000000a     F2802x_GlobalVariableDefs.obj (GpioIntRegsFile)

SysCtrlRegsFile 
*          1    00007010    0000001f     UNINITIALIZED
                  00007010    0000001f     F2802x_GlobalVariableDefs.obj (SysCtrlRegsFile)

SpiaRegsFile 
*          1    00007040    00000010     UNINITIALIZED
                  00007040    00000010     F2802x_GlobalVariableDefs.obj (SpiaRegsFile)

SciaRegsFile 
*          1    00007050    00000010     UNINITIALIZED
                  00007050    00000010     F2802x_GlobalVariableDefs.obj (SciaRegsFile)

NmiIntruptRegsFile 
*          1    00007060    00000010     UNINITIALIZED
                  00007060    00000010     F2802x_GlobalVariableDefs.obj (NmiIntruptRegsFile)

XIntruptRegsFile 
*          1    00007070    00000010     UNINITIALIZED
                  00007070    00000010     F2802x_GlobalVariableDefs.obj (XIntruptRegsFile)

AdcRegsFile 
*          1    00007100    00000051     UNINITIALIZED
                  00007100    00000051     F2802x_GlobalVariableDefs.obj (AdcRegsFile)

I2caRegsFile 
*          1    00007900    00000022     UNINITIALIZED
                  00007900    00000022     F2802x_GlobalVariableDefs.obj (I2caRegsFile)

PartIdRegsFile 
*          1    003d7fff    00000001     UNINITIALIZED
                  003d7fff    00000001     F2802x_GlobalVariableDefs.obj (PartIdRegsFile)

CsmPwlFile 
*          1    003f7ff8    00000008     UNINITIALIZED
                  003f7ff8    00000008     F2802x_GlobalVariableDefs.obj (CsmPwlFile)

.pinit     0    003f0000    00000000     UNINITIALIZED

.text      0    003f0000    00002b3e     
                  003f0000    00000234     ti.targets.rts2800.a28L : System.o28L (.text:_xdc_runtime_System_doPrint__I)
                  003f0234    000001f8     main.obj (.text)
                  003f042c    000001d7     servo.obj (.text)
                  003f0603    00000164     sysbios.a28L : BIOS.obj (.text:_ti_sysbios_knl_Semaphore_pend__E)
                  003f0767    0000015a     dsp.obj (.text)
                  003f08c1    00000151     adc.obj (.text)
                  003f0a12    0000012d     uart.obj (.text)
                  003f0b3f    00000107     rts2800_ml.lib : ll_div28.asm.obj (.text)
                  003f0c46    000000ee     ti.targets.rts2800.a28L : HeapStd.o28L (.text:_xdc_runtime_HeapStd_alloc__E)
                  003f0d34    000000e0     sysbios.a28L : BIOS.obj (.text:_ti_sysbios_family_c28_Hwi_clearInterrupt__E)
                  003f0e14    000000bf                  : BIOS.obj (.text:_ti_sysbios_knl_Semaphore_Instance_init__E)
                  003f0ed3    000000bb     PotBot_p28L.o28L (.text:_xdc_runtime_System_printfExtend__I)
                  003f0f8e    000000b5     ti.targets.rts2800.a28L : LoggerBuf.o28L (.text:_xdc_runtime_LoggerBuf_write8__E)
                  003f1043    0000009f                             : Core-mem.o28L (.text:_xdc_runtime_Core_createObject__I)
                  003f10e2    00000094     rts2800_ml.lib : trgmsg.c.obj (.text)
                  003f1176    0000008e     sysbios.a28L : BIOS.obj (.text:_ti_sysbios_family_c28_Hwi_enableInterrupt__E)
                  003f1204    00000089     ti.targets.rts2800.a28L : Core-smem.o28L (.text:_xdc_runtime_Core_constructObject__I)
                  003f128d    00000085     sysbios.a28L : c28_Hwi_disp_asm.obj (.text:_ti_sysbios_family_c28_Hwi_dispatch)
                  003f1312    00000083     rts2800_ml.lib : fs_div28.asm.obj (.text)
                  003f1395    00000082     ti.targets.rts2800.a28L : HeapStd.o28L (.text:_xdc_runtime_HeapStd_Instance_init__E)
                  003f1417    00000081     sysbios.a28L : BIOS.obj (.text:_ti_sysbios_family_c28_Hwi_disableInterrupt__E)
                  003f1498    00000080                  : BIOS.obj (.text:_ti_sysbios_family_c28_Hwi_disablePIEIER__E)
                  003f1518    0000007f                  : BIOS.obj (.text:_ti_sysbios_family_c28_Hwi_enablePIEIER__E)
                  003f1597    0000007d                  : BIOS.obj (.text:_ti_sysbios_knl_Semaphore_post__E)
                  003f1614    00000079     ti.targets.rts2800.a28L : LoggerBuf.o28L (.text:_xdc_runtime_LoggerBuf_write4__E)
                  003f168d    00000078     rts2800_ml.lib : fs_add28.asm.obj (.text)
                  003f1705    00000073     sysbios.a28L : BIOS.obj (.text:_ti_sysbios_knl_Task_checkStacks__E)
                  003f1778    00000072     ti.targets.rts2800.a28L : Startup.o28L (.text:_xdc_runtime_Startup_startMods__I)
                  003f17ea    00000071     sysbios.a28L : BIOS.obj (.text:_ti_sysbios_gates_GateMutex_enter__E)
                  003f185b    0000006c     ti.targets.rts2800.a28L : HeapStd.o28L (.text:_xdc_runtime_HeapStd_free__E)
                  003f18c7    00000069     dev_init.obj (.text)
                  003f1930    00000067     boot.a28L : boot_cg.o28L (.text)
                  003f1997    00000066     sysbios.a28L : BIOS.obj (.text:_ti_sysbios_family_c28_Timer_stopAndClear__I)
                  003f19fd    0000005e     ti.targets.rts2800.a28L : Error.o28L (.text:_xdc_runtime_Error_policyDefault__E)
                  003f1a5b    0000005d                             : Text.o28L (.text:_xdc_runtime_Text_putSite__E)
                  003f1ab8    0000005a     rts2800_ml.lib : fs_mpy28.asm.obj (.text)
                  003f1b12    0000004d     sysbios.a28L : BIOS.obj (.text:_ti_sysbios_family_c28_Hwi_dispatchCore__I)
                  003f1b5f    00000048                  : BIOS.obj (.text:_ti_sysbios_knl_Task_postInit__I)
                  003f1ba7    00000047                  : BIOS.obj (.text:_ti_sysbios_family_c28_Hwi_Module_startup__E)
                  003f1bee    00000041     ti.targets.rts2800.a28L : Text.o28L (.text:_xdc_runtime_Text_putLab__E)
                  003f1c2f    0000003e                             : Memory.o28L (.text:_xdc_runtime_Memory_alloc__E)
                  003f1c6d    0000003d                             : Core-mem.o28L (.text:_xdc_runtime_Core_deleteObject__I)
                  003f1caa    0000003d                             : LoggerBuf.o28L (.text:_xdc_runtime_LoggerBuf_getFilterLevel__E)
                  003f1ce7    0000003c     sysbios.a28L : BIOS.obj (.text:_ti_sysbios_family_c28_Timer_postInit__I)
                  003f1d23    0000003c                  : BIOS.obj (.text:_ti_sysbios_knl_Swi_restoreHwi__E)
                  003f1d5f    0000003c                  : BIOS.obj (.text:_ti_sysbios_knl_Swi_run__I)
                  003f1d9b    0000003c     ti.targets.rts2800.a28L : LoggerBuf.o28L (.text:_xdc_runtime_LoggerBuf_setFilterLevel__E)
                  003f1dd7    00000038                             : Text.o28L (.text:_xdc_runtime_Text_putMod__E)
                  003f1e0f    00000038     rts2800_ml.lib : hostwrite.c.obj (.text)
                  003f1e47    00000037     sysbios.a28L : BIOS.obj (.text:_ti_sysbios_family_c28_TaskSupport_start__E)
                  003f1e7e    00000035                  : BIOS.obj (.text:_ti_sysbios_knl_Task_startCore__E)
                  003f1eb3    00000033     ti.targets.rts2800.a28L : System.o28L (.text:_xdc_runtime_System_formatNum__I)
                  003f1ee6    00000032     sysbios.a28L : BIOS.obj (.text:_ti_sysbios_knl_Task_Module_startup__E)
                  003f1f18    00000031     ti.targets.rts2800.a28L : Error.o28L (.text:_xdc_runtime_Error_print__E)
                  003f1f49    0000002f                             : LoggerBuf.o28L (.text:_xdc_runtime_LoggerBuf_Instance_init__E)
                  003f1f78    0000002f                             : Startup.o28L (.text:_xdc_runtime_Startup_exec__E)
                  003f1fa7    0000002e     Boot.a28L : Boot.o28L (.text:.bootCodeSection:_ti_catalog_c2800_init_Boot_configurePll2802x)
                  003f1fd5    0000002e     sysbios.a28L : BIOS.obj (.text:_ti_sysbios_knl_Swi_runLoop__I)
                  003f2003    0000002e                  : BIOS.obj (.text:_ti_sysbios_knl_Swi_schedule__I)
                  003f2031    0000002e                  : BIOS.obj (.text:_ti_sysbios_knl_Task_schedule__I)
                  003f205f    0000002d                  : BIOS.obj (.text:_ti_sysbios_family_c28_Hwi_getInterruptFlag__E)
                  003f208c    0000002d     ti.targets.rts2800.a28L : Assert.o28L (.text:_xdc_runtime_Assert_raise__I)
                  003f20b9    0000002d                             : Core-params.o28L (.text:_xdc_runtime_Core_assignParams__I)
                  003f20e6    0000002c     sysbios.a28L : BIOS.obj (.text:_ti_sysbios_family_c28_Timer_start__E)
                  003f2112    0000002c     PotBot_p28L.o28L (.text:_xdc_runtime_LoggerBuf_Object__create__S)
                  003f213e    0000002b     PotBot_p28L.o28L (.text:_xdc_runtime_HeapStd_Object__create__S)
                  003f2169    0000002a     ti.targets.rts2800.a28L : Error.o28L (.text:_xdc_runtime_Error_setX__E)
                  003f2193    0000002a     rts2800_ml.lib : l_div28.asm.obj (.text)
                  003f21bd    00000029     sysbios.a28L : BIOS.obj (.text:_ti_sysbios_family_c28_Hwi_getStackInfo__E)
                  003f21e6    00000029                  : BIOS.obj (.text:_ti_sysbios_family_c28_Hwi_unPluggedInterrupt__I)
                  003f220f    00000029     ti.targets.rts2800.a28L : Text.o28L (.text:_xdc_runtime_Text_xprintf__I)
                  003f2238    00000029     rts2800_ml.lib : exit.c.obj (.text)
                  003f2261    00000028     sysbios.a28L : BIOS.obj (.text:_ti_sysbios_family_c28_Timer_getExpiredCounts64__E)
                  003f2289    00000026     ti.targets.rts2800.a28L : SysMin.o28L (.text:_xdc_runtime_SysMin_flush__E)
                  003f22af    00000024     rts2800_ml.lib : cpy_tbl.c.obj (.text)
                  003f22d3    00000023     ti.targets.rts2800.a28L : System.o28L (.text:_xdc_runtime_System_processAtExit__E)
                  003f22f6    00000022     sysbios.a28L : BIOS.obj (.text:_ti_sysbios_knl_Swi_post__E)
                  003f2318    00000022                  : BIOS.obj (.text:_ti_sysbios_knl_Task_blockI__E)
                  003f233a    00000020                  : BIOS.obj (.text:_ti_sysbios_family_c28_Timer_setPrescale__E)
                  003f235a    00000020                  : BIOS.obj (.text:_ti_sysbios_knl_Task_allBlockedFunction__I)
                  003f237a    00000020                  : BIOS.obj (.text:_ti_sysbios_knl_Task_exit__E)
                  003f239a    0000001e     ti.targets.rts2800.a28L : LoggerBuf.o28L (.text:_xdc_runtime_LoggerBuf_filterOutEvent__I)
                  003f23b8    0000001e                             : System.o28L (.text:_xdc_runtime_System_atexit__E)
                  003f23d6    0000001d     sysbios.a28L : c28_TaskSupport_asm.obj (.text:_ti_sysbios_family_c28_TaskSupport_buildTaskStack)
                  003f23f3    0000001d     PotBot_p28L.o28L (.text:_ti_sysbios_gates_GateHwi_Object__create__S)
                  003f2410    0000001d     PotBot_p28L.o28L (.text:_ti_sysbios_gates_GateMutex_Object__create__S)
                  003f242d    0000001d     ti.targets.rts2800.a28L : SysMin.o28L (.text:_xdc_runtime_SysMin_putch__E)
                  003f244a    0000001d     rts2800_ml.lib : fs_tou28.asm.obj (.text)
                  003f2467    0000001d                    : memcpy.c.obj (.text)
                  003f2484    0000001c     PotBot_p28L.o28L (.text:_ti_sysbios_knl_Semaphore_construct)
                  003f24a0    0000001b     sysbios.a28L : c28_Hwi_asm.obj (.text:_ti_sysbios_family_c28_Hwi_switchAndDispatch__I)
                  003f24bb    0000001b                  : BIOS.obj (.text:_ti_sysbios_hal_Hwi_checkStack)
                  003f24d6    0000001b                  : BIOS.obj (.text:_ti_sysbios_knl_Task_processVitalTaskFlag__I)
                  003f24f1    0000001b                  : BIOS.obj (.text:_ti_sysbios_knl_Task_restore__E)
                  003f250c    0000001b     PotBot_p28L.o28L (.text:_xdc_runtime_SysMin_output__I)
                  003f2527    0000001a     sysbios.a28L : BIOS.obj (.text:_ti_sysbios_hal_Hwi_initStack)
                  003f2541    0000001a     ti.targets.rts2800.a28L : System.o28L (.text:_xdc_runtime_System_avprintf__E)
                  003f255b    0000001a     rts2800_ml.lib : l_tofs28.asm.obj (.text)
                  003f2575    00000019     sysbios.a28L : BIOS.obj (.text:_ti_sysbios_knl_Swi_restore__E)
                  003f258e    00000019     PotBot_p28L.o28L (.text:_xdc_runtime_Error_policyLog__I)
                  003f25a7    00000019     ti.targets.rts2800.a28L : System.o28L (.text:_xdc_runtime_System_vprintf__E)
                  003f25c0    00000018     sysbios.a28L : c28_Hwi_asm.obj (.text:_ti_sysbios_family_xxx_Hwi_switchAndRunFunc)
                  003f25d8    00000018     PotBot_p28L.o28L (.text:_ti_sysbios_knl_Queue_construct)
                  003f25f0    00000018     ti.targets.rts2800.a28L : Memory.o28L (.text:_xdc_runtime_Memory_valloc__E)
                  003f2608    00000018                             : System.o28L (.text:_xdc_runtime_System_putchar__I)
                  003f2620    00000017     sysbios.a28L : BIOS.obj (.text:_ti_sysbios_family_c28_Timer_startup__E)
                  003f2637    00000017                  : BIOS.obj (.text:_ti_sysbios_knl_Task_unblockI__E)
                  003f264e    00000017     ti.targets.rts2800.a28L : LoggerBuf.o28L (.text:_xdc_runtime_LoggerBuf_Module_startup__E)
                  003f2665    00000017                             : SysMin.o28L (.text:_xdc_runtime_SysMin_abort__E)
                  003f267c    00000016     PotBot_p28L.o28L (.text:_ti_sysbios_BIOS_atExitFunc__I)
                  003f2692    00000016     sysbios.a28L : BIOS.obj (.text:_ti_sysbios_family_c28_Timer_Module_startup__E)
                  003f26a8    00000016     ti.targets.rts2800.a28L : LoggerBuf.o28L (.text:_xdc_runtime_LoggerBuf_reset__E)
                  003f26be    00000015     PotBot_p28L.o28L (.text:_ti_sysbios_BIOS_startFunc__I)
                  003f26d3    00000015     sysbios.a28L : BIOS.obj (.text:_ti_sysbios_knl_Swi_Module_startup__E)
                  003f26e8    00000015                  : BIOS.obj (.text:_ti_sysbios_knl_Task_restoreHwi__E)
                  003f26fd    00000015     ti.targets.rts2800.a28L : Text.o28L (.text:_xdc_runtime_Text_printVisFxn__I)
                  003f2712    00000014     sysbios.a28L : BIOS.obj (.text:_ti_sysbios_knl_Idle_run__E)
                  003f2726    00000013     PotBot_p28L.o28L (.text:_ti_sysbios_gates_GateMutex_Object__delete__S)
                  003f2739    00000012     PotBot_p28L.o28L (.text:_ti_sysbios_gates_GateHwi_Object__delete__S)
                  003f274b    00000012     PotBot_p28L.o28L (.text:_xdc_runtime_LoggerBuf_Object__delete__S)
                  003f275d    00000011     PotBot_p28L.o28L (.text:_ti_sysbios_BIOS_errorRaiseHook__I)
                  003f276e    00000011     PotBot_p28L.o28L (.text:_xdc_runtime_HeapStd_Object__delete__S)
                  003f277f    00000011     rts2800_ml.lib : args_main.c.obj (.text)
                  003f2790    00000010     sysbios.a28L : BIOS.obj (.text:_ti_sysbios_family_c28_Timer_stop__E)
                  003f27a0    00000010                  : BIOS.obj (.text:_ti_sysbios_family_c28_TimestampProvider_get64__E)
                  003f27b0    00000010                  : BIOS.obj (.text:_ti_sysbios_knl_Task_enabled__E)
                  003f27c0    00000010     ti.targets.rts2800.a28L : SysMin.o28L (.text:_xdc_runtime_SysMin_Module_startup__E)
                  003f27d0    0000000f     Boot.a28L : Boot.o28L (.text:.bootCodeSection:_ti_catalog_c2800_init_Boot_disableWatchdog)
                  003f27df    0000000f     PotBot_p28L.o28L (.text:_ti_sysbios_BIOS_removeRTSLock__I)
                  003f27ee    0000000f     sysbios.a28L : BIOS.obj (.text:_ti_sysbios_gates_GateMutex_Instance_init__E)
                  003f27fd    0000000f     ti.targets.rts2800.a28L : Error.o28L (.text:_xdc_runtime_Error_raiseX__E)
                  003f280c    0000000f                             : Registry.o28L (.text:_xdc_runtime_Registry_findById__E)
                  003f281b    0000000e     PotBot_p28L.o28L (.text:_ti_sysbios_knl_Semaphore_destruct)
                  003f2829    0000000e     PotBot_p28L.o28L (.text:_ti_sysbios_knl_Swi_Object__get__S)
                  003f2837    0000000e     PotBot_p28L.o28L (.text:_ti_sysbios_knl_Task_Object__get__S)
                  003f2845    0000000e     PotBot_p28L.o28L (.text:_xdc_runtime_LoggerBuf_Object__get__S)
                  003f2853    0000000d     PotBot_p28L.o28L (.text:_ti_sysbios_BIOS_registerRTSLock__I)
                  003f2860    0000000d     PotBot_p28L.o28L (.text:_ti_sysbios_BIOS_rtsLock__I)
                  003f286d    0000000d     sysbios.a28L : BIOS.obj (.text:_ti_sysbios_family_c28_Hwi_dispatchC__I)
                  003f287a    0000000d                  : BIOS.obj (.text:_ti_sysbios_family_c28_TaskSupport_checkStack__E)
                  003f2887    0000000d                  : c28_TaskSupport_asm.obj (.text:_ti_sysbios_family_c28_TaskSupport_swap__E)
                  003f2894    0000000d     PotBot_p28L.o28L (.text:_ti_sysbios_knl_Queue_destruct)
                  003f28a1    0000000d     sysbios.a28L : BIOS.obj (.text:_ti_sysbios_knl_Task_enter__I)
                  003f28ae    0000000d     ti.targets.rts2800.a28L : Error.o28L (.text:_xdc_runtime_Error_check__E)
                  003f28bb    0000000d                             : System.o28L (.text:_xdc_runtime_System_abort__E)
                  003f28c8    0000000c     PotBot_p28L.o28L (.text:_ti_sysbios_BIOS_exitFunc__I)
                  003f28d4    0000000c     PotBot_p28L.o28L (.text:_ti_sysbios_family_c28_Hwi_disableIER__E)
                  003f28e0    0000000c     sysbios.a28L : BIOS.obj (.text:_ti_sysbios_gates_GateMutex_leave__E)
                  003f28ec    0000000c                  : BIOS.obj (.text:_ti_sysbios_knl_Queue_put__E)
                  003f28f8    0000000c     ti.targets.rts2800.a28L : LoggerBuf.o28L (.text:_xdc_runtime_LoggerBuf_write2__E)
                  003f2904    0000000c                             : SysMin.o28L (.text:_xdc_runtime_SysMin_exit__E)
                  003f2910    0000000b     PotBot_p28L.o28L (.text:_ti_sysbios_family_c28_Hwi_Module__startupDone__F)
                  003f291b    0000000b     PotBot_p28L.o28L (.text:_ti_sysbios_family_c28_Hwi_Object__get__S)
                  003f2926    0000000b     PotBot_p28L.o28L (.text:_ti_sysbios_family_c28_Hwi_enableIER__E)
                  003f2931    0000000b     PotBot_p28L.o28L (.text:_ti_sysbios_family_c28_Timer_Module__startupDone__F)
                  003f293c    0000000b     PotBot_p28L.o28L (.text:_ti_sysbios_knl_Queue_Object__get__S)
                  003f2947    0000000b     ti.targets.rts2800.a28L : LoggerBuf.o28L (.text:_xdc_runtime_LoggerBuf_Instance_finalize__E)
                  003f2952    0000000b                             : LoggerBuf.o28L (.text:_xdc_runtime_LoggerBuf_write1__E)
                  003f295d    0000000b                             : Memory.o28L (.text:_xdc_runtime_Memory_free__E)
                  003f2968    0000000b                             : System.o28L (.text:_xdc_runtime_System_exit__E)
                  003f2973    0000000a                             : Error.o28L (.text:_xdc_runtime_Error_init__E)
                  003f297d    0000000a                             : LoggerBuf.o28L (.text:_xdc_runtime_LoggerBuf_write0__E)
                  003f2987    0000000a                             : System.o28L (.text:_xdc_runtime_System_vsnprintf__E)
                  003f2991    0000000a                             : Text.o28L (.text:_xdc_runtime_Text_ropeText__E)
                  003f299b    00000009     PotBot_p28L.o28L (.text:_ti_sysbios_BIOS_rtsUnlock__I)
                  003f29a4    00000009     PotBot_p28L.o28L (.text:_ti_sysbios_family_c28_Hwi_restoreIER__E)
                  003f29ad    00000009     sysbios.a28L : c28_TaskSupport_asm.obj (.text:_ti_sysbios_family_c28_TaskSupport_glue)
                  003f29b6    00000009     PotBot_p28L.o28L (.text:_ti_sysbios_gates_GateHwi_Handle__label__S)
                  003f29bf    00000009     PotBot_p28L.o28L (.text:_ti_sysbios_gates_GateMutex_Handle__label__S)
                  003f29c8    00000009     sysbios.a28L : BIOS.obj (.text:_ti_sysbios_hal_Hwi_Module_startup__E)
                  003f29d1    00000009                  : BIOS.obj (.text:_ti_sysbios_hal_Timer_Module_startup__E)
                  003f29da    00000009     PotBot_p28L.o28L (.text:_ti_sysbios_knl_Task_SupportProxy_start__E)
                  003f29e3    00000009     sysbios.a28L : BIOS.obj (.text:_ti_sysbios_knl_Task_unblock__E)
                  003f29ec    00000009     PotBot_p28L.o28L (.text:_xdc_runtime_HeapStd_Handle__label__S)
                  003f29f5    00000009     PotBot_p28L.o28L (.text:_xdc_runtime_LoggerBuf_Handle__label__S)
                  003f29fe    00000009     PotBot_p28L.o28L (.text:_xdc_runtime_Startup_exec__I)
                  003f2a07    00000009     rts2800_ml.lib : _lock.c.obj (.text)
                  003f2a10    00000008     sysbios.a28L : BIOS.obj (.text:_ti_sysbios_BIOS_setThreadType__E)
                  003f2a18    00000008                  : BIOS.obj (.text:_ti_sysbios_gates_GateMutex_Instance_finalize__E)
                  003f2a20    00000008                  : BIOS.obj (.text:_ti_sysbios_gates_GateMutex_query__E)
                  003f2a28    00000008                  : BIOS.obj (.text:_ti_sysbios_knl_Semaphore_Instance_finalize__E)
                  003f2a30    00000008     PotBot_p28L.o28L (.text:_xdc_runtime_IHeap_alloc)
                  003f2a38    00000008     ti.targets.rts2800.a28L : Memory.o28L (.text:_xdc_runtime_Memory_calloc__E)
                  003f2a40    00000008                             : SysMin.o28L (.text:_xdc_runtime_SysMin_ready__E)
                  003f2a48    00000008     rts2800_ml.lib : strlen.c.obj (.text)
                  003f2a50    00000007     PotBot_p28L.o28L (.text:.bootCodeSection:_ti_catalog_c2800_init_Boot_init)
                  003f2a57    00000007     ti.targets.rts2800.a28L : HeapStd.o28L (.text:_xdc_runtime_HeapStd_getStats__E)
                  003f2a5e    00000007     PotBot_p28L.o28L (.text:_xdc_runtime_System_aprintf__E)
                  003f2a65    00000007     PotBot_p28L.o28L (.text:_xdc_runtime_System_printf__E)
                  003f2a6c    00000007     rts2800_ml.lib : memset.c.obj (.text)
                  003f2a73    00000006     sysbios.a28L : BIOS.obj (.text:_ti_sysbios_BIOS_start__E)
                  003f2a79    00000006                  : c28_IntrinsicsSupport_asm.obj (.text:_ti_sysbios_family_c28_IntrinsicsSupport_maxbit__E)
                  003f2a7f    00000006                  : BIOS.obj (.text:_ti_sysbios_family_c28_TimestampProvider_rolloverFunc__E)
                  003f2a85    00000006                  : BIOS.obj (.text:_ti_sysbios_family_c28_TimestampProvider_startTimer__E)
                  003f2a8b    00000006                  : BIOS.obj (.text:_ti_sysbios_knl_Swi_disable__E)
                  003f2a91    00000006                  : BIOS.obj (.text:_ti_sysbios_knl_Task_disable__E)
                  003f2a97    00000006     ti.targets.rts2800.a28L : Gate.o28L (.text:_xdc_runtime_Gate_enterSystem__E)
                  003f2a9d    00000006                             : Gate.o28L (.text:_xdc_runtime_Gate_leaveSystem__E)
                  003f2aa3    00000006                             : LoggerBuf.o28L (.text:_xdc_runtime_LoggerBuf_enable__E)
                  003f2aa9    00000005     sysbios.a28L : BIOS.obj (.text:_ti_sysbios_family_c28_Hwi_switchFromBootStack__E)
                  003f2aae    00000005                  : BIOS.obj (.text:_ti_sysbios_gates_GateHwi_enter__E)
                  003f2ab3    00000005     ti.targets.rts2800.a28L : LoggerBuf.o28L (.text:_xdc_runtime_LoggerBuf_disable__E)
                  003f2ab8    00000005     dev_init.obj (.text:retain)
                  003f2abd    00000005     rts2800_ml.lib : strcpy.c.obj (.text)
                  003f2ac2    00000004     PotBot_p28L.o28L (.text:_ti_sysbios_family_c28_Hwi_startup__E)
                  003f2ac6    00000004     sysbios.a28L : BIOS.obj (.text:_ti_sysbios_knl_Swi_startup__E)
                  003f2aca    00000004     PotBot_p28L.o28L (.text:_xdc_runtime_IHeap_free)
                  003f2ace    00000004     ti.targets.rts2800.a28L : Memory.o28L (.text:_xdc_runtime_Memory_getMaxDefaultTypeAlign__E)
                  003f2ad2    00000004                             : Startup.o28L (.text:_xdc_runtime_Startup_rtsDone__E)
                  003f2ad6    00000003                             : xdc_noinit.o28L (.text:___xdc__init)
                  003f2ad9    00000003     PotBot_p28L.o28L (.text:_ti_catalog_c2800_init_Boot_limpAbort)
                  003f2adc    00000003     PotBot_p28L.o28L (.text:_ti_sysbios_BIOS_RtsGateProxy_enter__E)
                  003f2adf    00000003     PotBot_p28L.o28L (.text:_ti_sysbios_BIOS_RtsGateProxy_leave__E)
                  003f2ae2    00000003     sysbios.a28L : c28_Hwi_asm.obj (.text:_ti_sysbios_family_c28_Hwi_getIFR__I)
                  003f2ae5    00000003                  : BIOS.obj (.text:_ti_sysbios_family_c28_TimestampProvider_Module_startup__E)
                  003f2ae8    00000003                  : BIOS.obj (.text:_ti_sysbios_gates_GateHwi_leave__E)
                  003f2aeb    00000003     PotBot_p28L.o28L (.text:_ti_sysbios_hal_Hwi_HwiProxy_getStackInfo__E)
                  003f2aee    00000003     PotBot_p28L.o28L (.text:_ti_sysbios_hal_Hwi_HwiProxy_switchFromBootStack__E)
                  003f2af1    00000003     sysbios.a28L : BIOS.obj (.text:_ti_sysbios_hal_Hwi_startup__E)
                  003f2af4    00000003                  : BIOS.obj (.text:_ti_sysbios_knl_Idle_loop__E)
                  003f2af7    00000003                  : BIOS.obj (.text:_ti_sysbios_knl_Queue_Instance_init__E)
                  003f2afa    00000003     PotBot_p28L.o28L (.text:_ti_sysbios_knl_Task_SupportProxy_checkStack__E)
                  003f2afd    00000003     PotBot_p28L.o28L (.text:_ti_sysbios_knl_Task_SupportProxy_swap__E)
                  003f2b00    00000003     sysbios.a28L : BIOS.obj (.text:_ti_sysbios_knl_Task_startup__E)
                  003f2b03    00000003     PotBot_p28L.o28L (.text:_xdc_runtime_LoggerBuf_Module_GateProxy_enter__E)
                  003f2b06    00000003     PotBot_p28L.o28L (.text:_xdc_runtime_LoggerBuf_Module_GateProxy_leave__E)
                  003f2b09    00000003     PotBot_p28L.o28L (.text:_xdc_runtime_LoggerBuf_TimestampProxy_get64__E)
                  003f2b0c    00000003     PotBot_p28L.o28L (.text:_xdc_runtime_System_Module_GateProxy_enter__E)
                  003f2b0f    00000003     PotBot_p28L.o28L (.text:_xdc_runtime_System_Module_GateProxy_leave__E)
                  003f2b12    00000003     ti.targets.rts2800.a28L : System.o28L (.text:_xdc_runtime_System_Module_startup__E)
                  003f2b15    00000003     PotBot_p28L.o28L (.text:_xdc_runtime_System_SupportProxy_abort__E)
                  003f2b18    00000003     PotBot_p28L.o28L (.text:_xdc_runtime_System_SupportProxy_exit__E)
                  003f2b1b    00000003     PotBot_p28L.o28L (.text:_xdc_runtime_System_SupportProxy_putch__E)
                  003f2b1e    00000003     PotBot_p28L.o28L (.text:_xdc_runtime_System_SupportProxy_ready__E)
                  003f2b21    00000003     ti.targets.rts2800.a28L : System.o28L (.text:_xdc_runtime_System_abortStd__E)
                  003f2b24    00000003                             : System.o28L (.text:_xdc_runtime_System_exitStd__E)
                  003f2b27    00000003     PotBot_p28L.o28L (.text:_xdc_runtime_Text_visitRope__I)
                  003f2b2a    00000002     PotBot_p28L.o28L (.text:_malloc)
                  003f2b2c    00000002     Boot.a28L : Boot.o28L (.text:_ti_catalog_c2800_init_Boot_defaultLimpAbortFunction)
                  003f2b2e    00000002     PotBot_p28L.o28L (.text:_ti_sysbios_family_c28_TaskSupport_Module__startupDone__S)
                  003f2b30    00000002     sysbios.a28L : BIOS.obj (.text:_ti_sysbios_gates_GateHwi_query__E)
                  003f2b32    00000002     ti.targets.rts2800.a28L : Error.o28L (.text:_xdc_runtime_Error_getSite__E)
                  003f2b34    00000002                             : HeapStd.o28L (.text:_xdc_runtime_HeapStd_isBlocking__E)
                  003f2b36    00000002     rts2800_ml.lib : pre_init.c.obj (.text)
                  003f2b38    00000001     PotBot_p28L.o28L (.text:_free)
                  003f2b39    00000001     sysbios.a28L : BIOS.obj (.text:_ti_sysbios_BIOS_linkedWithIncorrectBootLibrary__E)
                  003f2b3a    00000001     PotBot_p28L.o28L (.text:_ti_sysbios_BIOS_nullFunc__I)
                  003f2b3b    00000001     sysbios.a28L : c28_Hwi_asm.obj (.text:_ti_sysbios_family_c28_Hwi_interruptReturn__I)
                  003f2b3c    00000001                  : BIOS.obj (.text:_ti_sysbios_gates_GateHwi_Instance_init__E)
                  003f2b3d    00000001     rts2800_ml.lib : startup.c.obj (.text)

ramfuncs   1    00008000    00000000     UNINITIALIZED

.stack     1    00000000    00000100     UNINITIALIZED
                  00000000    00000100     --HOLE--

.ebss      1    00008000    00000a28     UNINITIALIZED
                  00008000    00000400     PotBot_p28L.o28L (.ebss:taskStackSection)
                  00008400    00000100     PotBot_p28L.o28L (.ebss:_ti_sysbios_family_c28_Hwi_Module_State_0_dispatchTable__A)
                  00008500    000000c8     main.obj (.ebss:_x_array)
                  000085c8    0000001e     PotBot_p28L.o28L (.ebss:_ti_sysbios_knl_Semaphore_Object__table__V)
                  000085e6    00000018     PotBot_p28L.o28L (.ebss:_ti_sysbios_family_c28_Timer_Object__table__V)
                  000085fe    00000002     rts2800_ml.lib : _lock.c.obj (.ebss:__lock)
                  00008600    000000c8     main.obj (.ebss:_y_array)
                  000086c8    00000018     main.obj (.ebss)
                  000086e0    00000014     main.obj (.ebss:_z_array)
                  000086f4    00000008     servo.obj (.ebss:___servos_c_pwm_max)
                  000086fc    00000002     rts2800_ml.lib : _lock.c.obj (.ebss:__unlock)
                  000086fe    00000002     PotBot_p28L.o28L (.ebss:_ti_sysbios_gates_GateHwi_Object__table__V)
                  00008700    000000a8     PotBot_p28L.o28L (.ebss:_ti_sysbios_knl_Task_Object__table__V)
                  000087a8    00000012     PotBot_p28L.o28L (.ebss:_xdc_runtime_LoggerBuf_Object__table__V)
                  000087ba    00000006     PotBot_p28L.o28L (.ebss:_xdc_runtime_HeapStd_Object__table__V)
                  000087c0    00000080     PotBot_p28L.o28L (.ebss:_xdc_runtime_SysMin_Module_State_0_outbuf__A)
                  00008840    00000050     PotBot_p28L.o28L (.ebss)
                  00008890    0000000e     uart.obj (.ebss:___uart_c_buffer_string)
                  0000889e    0000000e     main.obj (.ebss:_buffer_string)
                  000088ac    0000000e     main.obj (.ebss:_completed_string)
                  000088ba    00000006     rts2800_ml.lib : exit.c.obj (.ebss)
                  000088c0    00000040     PotBot_p28L.o28L (.ebss:_ti_sysbios_family_c28_Hwi_Object__table__V)
                  00008900    00000040     PotBot_p28L.o28L (.ebss:_ti_sysbios_knl_Swi_Module_State_0_readyQ__A)
                  00008940    00000040     PotBot_p28L.o28L (.ebss:_ti_sysbios_knl_Task_Module_State_0_readyQ__A)
                  00008980    00000040     PotBot_p28L.o28L (.ebss:_xdc_runtime_LoggerBuf_Instance_State_0_entryArr__A)
                  000089c0    0000003c     PotBot_p28L.o28L (.ebss:_ti_sysbios_knl_Swi_Object__table__V)
                  000089fc    00000002     PotBot_p28L.o28L (.ebss:_ti_sysbios_knl_Task_Module_State_0_idleTask__A)
                  000089fe    00000002     adc.obj (.ebss)
                  00008a00    0000000e     PotBot_p28L.o28L (.ebss:_ti_sysbios_gates_GateMutex_Object__table__V)
                  00008a0e    00000008     servo.obj (.ebss:___servos_c_pwm_min)
                  00008a16    00000008     rts2800_ml.lib : hostopen.c.obj (.ebss:_parmbuf)
                  00008a1e    00000008     PotBot_p28L.o28L (.ebss:_xdc_runtime_System_Module_State_0_atexitHandlers__A)
                  00008a26    00000001     servo.obj (.ebss)
                  00008a27    00000001     uart.obj (.ebss)

.cio       1    00008a40    00000120     UNINITIALIZED
                  00008a40    00000120     rts2800_ml.lib : trgmsg.c.obj (.cio)

xdc.meta   0    00000000    000000dc     COPY SECTION
                  00000000    000000dc     PotBot_p28L.o28L (xdc.meta)

xdc.noload 
*          0    00000000    00000000     COPY SECTION

.binit     0    003d7800    00000000     

MODULE SUMMARY

       Module                          code    initialized data   uninitialized data
       ------                          ----    ----------------   ------------------
    .\
       main.obj                        504     461                472               
       F2802x_GlobalVariableDefs.obj   0       0                  790               
       servo.obj                       471     0                  17                
       dsp.obj                         346     0                  0                 
       adc.obj                         337     0                  2                 
       uart.obj                        301     4                  15                
       dev_init.obj                    110     0                  0                 
    +--+-------------------------------+-------+------------------+--------------------+
       Total:                          2069    465                1296              
                                                                                    
    C:\Users\jbate\workspace_v10\PotBot\Debug\configPkg\package\cfg\
       PotBot_p28L.o28L                923     1943               2194              
    +--+-------------------------------+-------+------------------+--------------------+
       Total:                          923     1943               2194              
                                                                                    
    C:\Users\jbate\workspace_v10\PotBot\src\sysbios\sysbios.a28L
       BIOS.obj                        3336    28                 0                 
       c28_Hwi_disp_asm.obj            133     0                  0                 
       c28_Hwi_asm.obj                 55      0                  0                 
       c28_TaskSupport_asm.obj         51      0                  0                 
       c28_IntrinsicsSupport_asm.obj   6       0                  0                 
    +--+-------------------------------+-------+------------------+--------------------+
       Total:                          3581    28                 0                 
                                                                                    
    C:\ti\bios_6_83_00_18\packages\ti\catalog\c2800\init\lib\Boot.a28L
       Boot.o28L                       63      0                  0                 
    +--+-------------------------------+-------+------------------+--------------------+
       Total:                          63      0                  0                 
                                                                                    
    C:\ti\bios_6_83_00_18\packages\ti\targets\rts2800\lib\boot.a28L
       boot_cg.o28L                    103     0                  0                 
    +--+-------------------------------+-------+------------------+--------------------+
       Total:                          103     0                  0                 
                                                                                    
    C:\ti\bios_6_83_00_18\packages\ti\targets\rts2800\lib\ti.targets.rts2800.a28L
       System.o28L                     798     25                 0                 
       LoggerBuf.o28L                  600     0                  0                 
       HeapStd.o28L                    485     0                  0                 
       Text.o28L                       286     49                 0                 
       Error.o28L                      225     88                 0                 
       Core-mem.o28L                   220     0                  0                 
       Startup.o28L                    165     42                 0                 
       Core-smem.o28L                  137     0                  0                 
       SysMin.o28L                     126     0                  0                 
       Memory.o28L                     109     0                  0                 
       Log.o28L                        0       71                 0                 
       Assert.o28L                     45      5                  0                 
       Core-params.o28L                45      0                  0                 
       Registry.o28L                   15      0                  0                 
       Gate.o28L                       12      0                  0                 
       xdc_noinit.o28L                 3       0                  0                 
    +--+-------------------------------+-------+------------------+--------------------+
       Total:                          3271    280                0                 
                                                                                    
    C:\ti\ccs1040\ccs\tools\compiler\ti-cgt-c2000_20.2.5.LTS\lib\rts2800_ml.lib
       trgmsg.c.obj                    148     0                  288               
       ll_div28.asm.obj                263     0                  0                 
       fs_div28.asm.obj                131     0                  0                 
       fs_add28.asm.obj                120     0                  0                 
       fs_mpy28.asm.obj                90      0                  0                 
       exit.c.obj                      41      14                 6                 
       hostwrite.c.obj                 56      0                  0                 
       l_div28.asm.obj                 42      0                  0                 
       cpy_tbl.c.obj                   36      0                  0                 
       fs_tou28.asm.obj                29      0                  0                 
       memcpy.c.obj                    29      0                  0                 
       l_tofs28.asm.obj                26      0                  0                 
       _lock.c.obj                     9       10                 4                 
       args_main.c.obj                 17      0                  0                 
       hostopen.c.obj                  0       0                  8                 
       strlen.c.obj                    8       0                  0                 
       memset.c.obj                    7       0                  0                 
       strcpy.c.obj                    5       0                  0                 
       pre_init.c.obj                  2       0                  0                 
       startup.c.obj                   1       0                  0                 
    +--+-------------------------------+-------+------------------+--------------------+
       Total:                          1060    24                 306               
                                                                                    
       Stack:                          0       0                  256               
    +--+-------------------------------+-------+------------------+--------------------+
       Grand Total:                    11070   2740               4052              


GLOBAL DATA SYMBOLS: SORTED BY DATA PAGE

address     data page           name
--------    ----------------    ----
00000000       0 (00000000)     ___ISA__
00000000       0 (00000000)     __stack
00000011       0 (00000000)     ___TARG__
00000035       0 (00000000)     ___PLAT__

0000005b       1 (00000040)     ___TRDR__

00000082       2 (00000080)     ___ASM__

00000100       4 (00000100)     _ti_sysbios_knl_Task_Module__state__V
00000120       4 (00000100)     _ti_sysbios_BIOS_Module__state__V
00000132       4 (00000100)     _ti_sysbios_knl_Swi_Module__state__V
0000013e       4 (00000100)     _xdc_runtime_HeapStd_Module__state__V

00000140       5 (00000140)     _ti_sysbios_family_c28_Hwi_Module__state__V
00000150       5 (00000140)     _ti_sysbios_family_c28_Timer_Module__state__V
00000158       5 (00000140)     _ti_sysbios_family_c28_TimestampProvider_Module__state__V
0000015c       5 (00000140)     _xdc_runtime_Registry_Module__state__V
00000160       5 (00000140)     _xdc_runtime_Startup_Module__state__V
00000164       5 (00000140)     _xdc_runtime_SysMin_Module__state__V
00000168       5 (00000140)     _xdc_runtime_System_Module__state__V
0000016c       5 (00000140)     _xdc_runtime_Text_Module__state__V
00000170       5 (00000140)     _xdc_runtime_LoggerBuf_Module__state__V
00000173       5 (00000140)     _xdc_runtime_Error_Module__state__V
00000174       5 (00000140)     _xdc_runtime_Memory_Module__state__V

00000880      22 (00000880)     _DevEmuRegs

00000985      26 (00000980)     _SysPwrCtrlRegs

00000a80      2a (00000a80)     _FlashRegs

00000ae0      2b (00000ac0)     _CsmRegs

00000b00      2c (00000b00)     _AdcResult

00000c00      30 (00000c00)     _CpuTimer0Regs
00000c08      30 (00000c00)     _CpuTimer1Regs
00000c10      30 (00000c00)     _CpuTimer2Regs

00000ce0      33 (00000cc0)     _PieCtrlRegs

00000d00      34 (00000d00)     _EmuKey
00000d00      34 (00000d00)     _PieVectTable
00000d01      34 (00000d00)     _EmuBMode
00000d02      34 (00000d00)     _Flash_CallbackPtr
00000d04      34 (00000d00)     _Flash_CPUScaleFactor

00006400     190 (00006400)     _Comp1Regs
00006420     190 (00006400)     _Comp2Regs

00006800     1a0 (00006800)     _EPwm1Regs

00006840     1a1 (00006840)     _EPwm2Regs

00006880     1a2 (00006880)     _EPwm3Regs

000068c0     1a3 (000068c0)     _EPwm4Regs

00006a00     1a8 (00006a00)     _ECap1Regs

00006f80     1be (00006f80)     _GpioCtrlRegs

00006fc0     1bf (00006fc0)     _GpioDataRegs
00006fe0     1bf (00006fc0)     _GpioIntRegs

00007010     1c0 (00007000)     _SysCtrlRegs

00007040     1c1 (00007040)     _SpiaRegs
00007050     1c1 (00007040)     _SciaRegs
00007060     1c1 (00007040)     _NmiIntruptRegs
00007070     1c1 (00007040)     _XIntruptRegs

00007100     1c4 (00007100)     _AdcRegs

00007900     1e4 (00007900)     _I2caRegs

00008000     200 (00008000)     _ti_sysbios_knl_Task_Instance_State_0_stack__A

00008100     204 (00008100)     _ti_sysbios_knl_Task_Instance_State_1_stack__A

00008200     208 (00008200)     _ti_sysbios_knl_Task_Instance_State_2_stack__A

00008300     20c (00008300)     _ti_sysbios_knl_Task_Instance_State_3_stack__A

00008400     210 (00008400)     _ti_sysbios_family_c28_Hwi_Module_State_0_dispatchTable__A

00008500     214 (00008500)     _x_array

000085c8     217 (000085c0)     _ti_sysbios_knl_Semaphore_Object__table__V
000085e6     217 (000085c0)     _ti_sysbios_family_c28_Timer_Object__table__V
000085fe     217 (000085c0)     __lock

00008600     218 (00008600)     _y_array

000086c8     21b (000086c0)     _asdf_test
000086c9     21b (000086c0)     _adsf_test_2
000086ca     21b (000086c0)     _x
000086cb     21b (000086c0)     _y
000086cc     21b (000086c0)     _z
000086cd     21b (000086c0)     _x_adc_next
000086ce     21b (000086c0)     _y_adc_next
000086cf     21b (000086c0)     _z_switch_next
000086d0     21b (000086c0)     _x_uart_next
000086d1     21b (000086c0)     _y_uart_next
000086d2     21b (000086c0)     _z_uart_next
000086d3     21b (000086c0)     _fir_N
000086d4     21b (000086c0)     _x_counter
000086d5     21b (000086c0)     _y_counter
000086d6     21b (000086c0)     _z_counter
000086d7     21b (000086c0)     _buffer_index
000086d8     21b (000086c0)     _buffer_string_ready
000086d9     21b (000086c0)     _joint_1
000086da     21b (000086c0)     _joint_2
000086db     21b (000086c0)     _sample_select
000086dc     21b (000086c0)     _c2000_temp
000086de     21b (000086c0)     _real_temp
000086e0     21b (000086c0)     _z_array
000086f4     21b (000086c0)     ___servos_c_pwm_max
000086fc     21b (000086c0)     __unlock
000086fe     21b (000086c0)     _ti_sysbios_gates_GateHwi_Object__table__V

00008700     21c (00008700)     _ti_sysbios_knl_Task_Object__table__V

000087a8     21e (00008780)     _xdc_runtime_LoggerBuf_Object__table__V
000087ba     21e (00008780)     _xdc_runtime_HeapStd_Object__table__V

000087c0     21f (000087c0)     _xdc_runtime_SysMin_Module_State_0_outbuf__A

00008840     221 (00008840)     ___xdc__init__addr
00008842     221 (00008840)     _ti_sysbios_family_c28_Hwi_Module__root__V
00008846     221 (00008840)     _ti_sysbios_family_c28_Timer_Module__root__V
0000884a     221 (00008840)     _ti_sysbios_gates_GateHwi_Module__root__V
0000884e     221 (00008840)     _ti_sysbios_gates_GateMutex_Module__root__V
00008852     221 (00008840)     _ti_sysbios_hal_Hwi_Module__root__V
00008856     221 (00008840)     _ti_sysbios_hal_Timer_Module__root__V
0000885a     221 (00008840)     _ti_sysbios_knl_Queue_Module__root__V
0000885e     221 (00008840)     _ti_sysbios_knl_Semaphore_Module__root__V
00008862     221 (00008840)     _ti_sysbios_knl_Swi_Module__root__V
00008866     221 (00008840)     _ti_sysbios_knl_Task_Module__root__V
0000886a     221 (00008840)     _xdc_runtime_HeapStd_Module__root__V
0000886e     221 (00008840)     _xdc_runtime_LoggerBuf_Module__root__V

00008880     222 (00008880)     _xdc_runtime_Error_IgnoreBlock
00008890     222 (00008880)     ___uart_c_buffer_string
0000889e     222 (00008880)     _buffer_string
000088ac     222 (00008880)     _completed_string
000088ba     222 (00008880)     ___TI_enable_exit_profile_output
000088bc     222 (00008880)     ___TI_cleanup_ptr
000088be     222 (00008880)     ___TI_dtors_ptr

000088c0     223 (000088c0)     _ti_sysbios_family_c28_Hwi_Object__table__V

00008900     224 (00008900)     _ti_sysbios_knl_Swi_Module_State_0_readyQ__A

00008940     225 (00008940)     _ti_sysbios_knl_Task_Module_State_0_readyQ__A

00008980     226 (00008980)     _xdc_runtime_LoggerBuf_Instance_State_0_entryArr__A

000089c0     227 (000089c0)     _ti_sysbios_knl_Swi_Object__table__V
000089fc     227 (000089c0)     _ti_sysbios_knl_Task_Module_State_0_idleTask__A
000089fe     227 (000089c0)     ___adc_c_temp_slope
000089ff     227 (000089c0)     ___adc_c_temp_offset

00008a00     228 (00008a00)     _ti_sysbios_gates_GateMutex_Object__table__V
00008a0e     228 (00008a00)     ___servos_c_pwm_min
00008a16     228 (00008a00)     _parmbuf
00008a1e     228 (00008a00)     _xdc_runtime_System_Module_State_0_atexitHandlers__A
00008a26     228 (00008a00)     _input_conv
00008a27     228 (00008a00)     ___uart_c_buffer_index

00008a40     229 (00008a40)     __CIOBUF_

003d7fff    f5ff (003d7fc0)     _PartIdRegs

003f3148    fcc5 (003f3140)     _ti_sysbios_family_c28_Hwi_vectors

003f32b3    fcca (003f3280)     _ti_sysbios_family_c28_Hwi_Module__id__C

003f3353    fccd (003f3340)     _ti_sysbios_family_c28_Hwi_NUM_INTERRUPTS_ALL__C

003f3385    fcce (003f3380)     _ti_sysbios_family_c28_Hwi_Object__count__C
003f33b0    fcce (003f3380)     _xdc_runtime_LoggerBuf_Module__FXNS__C

003f33e7    fccf (003f33c0)     _ti_sysbios_family_c28_TaskSupport_Module__id__C
003f33e8    fccf (003f33c0)     _uart_isr
003f33ea    fccf (003f33c0)     _epwm_1_isr
003f33ec    fccf (003f33c0)     _epwm_2_isr
003f33ee    fccf (003f33c0)     _sem_parse
003f33f0    fccf (003f33c0)     _sem_spi
003f33f2    fccf (003f33c0)     _tsk_parse_rx
003f33f4    fccf (003f33c0)     _sem_uart_tx
003f33f6    fccf (003f33c0)     _swi_uart_rx
003f33f8    fccf (003f33c0)     _swi_epwm_1
003f33fa    fccf (003f33c0)     _swi_epwm_2
003f33fc    fccf (003f33c0)     _tsk_uart_tx
003f33fe    fccf (003f33c0)     _tsk_spi

003f3400    fcd0 (003f3400)     _xdc_runtime_HeapStd_Module__FXNS__C
003f3414    fcd0 (003f3400)     _xdc_runtime_Startup_sfxnTab__A
003f3428    fcd0 (003f3400)     _ti_sysbios_gates_GateHwi_Module__FXNS__C
003f343a    fcd0 (003f3400)     _ti_sysbios_gates_GateMutex_Module__FXNS__C

003f344c    fcd1 (003f3440)     _xdc_runtime_LoggerBuf_Object__PARAMS__C
003f347e    fcd1 (003f3440)     _ti_sysbios_gates_GateHwi_Object__DESC__C

003f348e    fcd2 (003f3480)     _ti_sysbios_gates_GateMutex_Object__DESC__C
003f349e    fcd2 (003f3480)     _ti_sysbios_knl_Queue_Object__DESC__C
003f34ae    fcd2 (003f3480)     _ti_sysbios_knl_Semaphore_Object__DESC__C
003f34be    fcd2 (003f3480)     _ti_sysbios_knl_Semaphore_Object__PARAMS__C

003f34ce    fcd3 (003f34c0)     _xdc_runtime_HeapStd_Object__DESC__C
003f34de    fcd3 (003f34c0)     _xdc_runtime_LoggerBuf_Object__DESC__C
003f34ee    fcd3 (003f34c0)     _xdc_runtime_HeapStd_Object__PARAMS__C
003f34fc    fcd3 (003f34c0)     _ti_sysbios_gates_GateHwi_Object__PARAMS__C

003f3508    fcd4 (003f3500)     _ti_sysbios_gates_GateMutex_Object__PARAMS__C
003f3514    fcd4 (003f3500)     _ti_sysbios_knl_Queue_Object__PARAMS__C
003f3520    fcd4 (003f3500)     _xdc_runtime_Startup_sfxnRts__A
003f352f    fcd4 (003f3500)     _ti_sysbios_family_c28_Timer_startupNeeded__C
003f3534    fcd4 (003f3500)     _ti_sysbios_knl_Idle_funcList__A
003f3538    fcd4 (003f3500)     _ti_sysbios_knl_Idle_funcList__C
003f353c    fcd4 (003f3500)     _xdc_runtime_Startup_firstFxns__C

003f3540    fcd5 (003f3540)     _xdc_runtime_Startup_lastFxns__C
003f3544    fcd5 (003f3540)     _ti_sysbios_family_c28_Hwi_A_badIntNum__C
003f3546    fcd5 (003f3540)     _ti_sysbios_family_c28_Hwi_A_invalidArg__C
003f3548    fcd5 (003f3540)     _ti_sysbios_family_c28_Hwi_E_unpluggedInterrupt__C
003f354a    fcd5 (003f3540)     _ti_sysbios_family_c28_Hwi_Module__diagsEnabled__C
003f354c    fcd5 (003f3540)     _ti_sysbios_family_c28_Hwi_Module__diagsIncluded__C
003f354e    fcd5 (003f3540)     _ti_sysbios_family_c28_Hwi_Module__diagsMask__C
003f3550    fcd5 (003f3540)     _ti_sysbios_family_c28_TaskSupport_E_invalidStack__C
003f3552    fcd5 (003f3540)     _ti_sysbios_gates_GateMutex_A_badContext__C
003f3554    fcd5 (003f3540)     _ti_sysbios_gates_GateMutex_Instance_State_sem__O
003f3556    fcd5 (003f3540)     _ti_sysbios_gates_GateMutex_Module__diagsEnabled__C
003f3558    fcd5 (003f3540)     _ti_sysbios_gates_GateMutex_Module__diagsIncluded__C
003f355a    fcd5 (003f3540)     _ti_sysbios_gates_GateMutex_Module__diagsMask__C
003f355c    fcd5 (003f3540)     _ti_sysbios_hal_Hwi_E_stackOverflow__C
003f355e    fcd5 (003f3540)     _ti_sysbios_knl_Semaphore_A_badContext__C
003f3560    fcd5 (003f3540)     _ti_sysbios_knl_Semaphore_A_noEvents__C
003f3562    fcd5 (003f3540)     _ti_sysbios_knl_Semaphore_A_overflow__C
003f3564    fcd5 (003f3540)     _ti_sysbios_knl_Semaphore_A_pendTaskDisabled__C
003f3566    fcd5 (003f3540)     _ti_sysbios_knl_Semaphore_Instance_State_pendQ__O
003f3568    fcd5 (003f3540)     _ti_sysbios_knl_Semaphore_Module__diagsEnabled__C
003f356a    fcd5 (003f3540)     _ti_sysbios_knl_Semaphore_Module__diagsIncluded__C
003f356c    fcd5 (003f3540)     _ti_sysbios_knl_Semaphore_Module__diagsMask__C
003f356e    fcd5 (003f3540)     _ti_sysbios_knl_Task_E_spOutOfBounds__C
003f3570    fcd5 (003f3540)     _ti_sysbios_knl_Task_E_stackOverflow__C
003f3572    fcd5 (003f3540)     _ti_sysbios_knl_Task_Module_State_inactiveQ__O
003f3574    fcd5 (003f3540)     _ti_sysbios_knl_Task_allBlockedFunc__C
003f3576    fcd5 (003f3540)     _xdc_runtime_Assert_E_assertFailed__C
003f3578    fcd5 (003f3540)     _xdc_runtime_Core_A_initializedParams__C
003f357a    fcd5 (003f3540)     _xdc_runtime_Core_Module__diagsEnabled__C
003f357c    fcd5 (003f3540)     _xdc_runtime_Core_Module__diagsIncluded__C
003f357e    fcd5 (003f3540)     _xdc_runtime_Core_Module__diagsMask__C

003f3580    fcd6 (003f3580)     _xdc_runtime_Error_E_memory__C
003f3582    fcd6 (003f3580)     _xdc_runtime_Error_policyFxn__C
003f3584    fcd6 (003f3580)     _xdc_runtime_Error_raiseHook__C
003f3586    fcd6 (003f3580)     _xdc_runtime_HeapStd_A_align__C
003f3588    fcd6 (003f3580)     _xdc_runtime_HeapStd_A_invalidTotalFreeSize__C
003f358a    fcd6 (003f3580)     _xdc_runtime_HeapStd_A_zeroSize__C
003f358c    fcd6 (003f3580)     _xdc_runtime_HeapStd_E_noRTSMemory__C
003f358e    fcd6 (003f3580)     _xdc_runtime_HeapStd_Module__diagsEnabled__C
003f3590    fcd6 (003f3580)     _xdc_runtime_HeapStd_Module__diagsIncluded__C
003f3592    fcd6 (003f3580)     _xdc_runtime_HeapStd_Module__diagsMask__C
003f3594    fcd6 (003f3580)     _xdc_runtime_IFilterLogger_Interface__BASE__C
003f3596    fcd6 (003f3580)     _xdc_runtime_IGateProvider_Interface__BASE__C
003f3598    fcd6 (003f3580)     _xdc_runtime_IHeap_Interface__BASE__C
003f359a    fcd6 (003f3580)     _xdc_runtime_ILogger_Interface__BASE__C
003f359c    fcd6 (003f3580)     _xdc_runtime_IModule_Interface__BASE__C
003f359e    fcd6 (003f3580)     _xdc_runtime_LoggerBuf_E_badLevel__C
003f35a0    fcd6 (003f3580)     _xdc_runtime_LoggerBuf_Module__gateObj__C
003f35a2    fcd6 (003f3580)     _xdc_runtime_LoggerBuf_statusLogger__C
003f35a4    fcd6 (003f3580)     _xdc_runtime_Memory_defaultHeapInstance__C
003f35a6    fcd6 (003f3580)     _xdc_runtime_Startup_execImpl__C
003f35a8    fcd6 (003f3580)     _xdc_runtime_Startup_firstFxns__A
003f35aa    fcd6 (003f3580)     _xdc_runtime_Startup_lastFxns__A
003f35ac    fcd6 (003f3580)     _xdc_runtime_Startup_sfxnRts__C
003f35ae    fcd6 (003f3580)     _xdc_runtime_Startup_sfxnTab__C
003f35b0    fcd6 (003f3580)     _xdc_runtime_SysMin_bufSize__C
003f35b2    fcd6 (003f3580)     _xdc_runtime_SysMin_outputFunc__C
003f35b4    fcd6 (003f3580)     _xdc_runtime_System_Module__gateObj__C
003f35b6    fcd6 (003f3580)     _xdc_runtime_System_abortFxn__C
003f35b8    fcd6 (003f3580)     _xdc_runtime_System_exitFxn__C
003f35ba    fcd6 (003f3580)     _xdc_runtime_System_extendFxn__C
003f35bc    fcd6 (003f3580)     _xdc_runtime_Text_charTab__C
003f35be    fcd6 (003f3580)     _xdc_runtime_Text_nodeTab__A

003f35c0    fcd7 (003f35c0)     _xdc_runtime_Text_visitRopeFxn__C
003f35c2    fcd7 (003f35c0)     _ti_sysbios_gates_GateMutex_Module__id__C
003f35c3    fcd7 (003f35c0)     _ti_sysbios_hal_Hwi_Module__id__C
003f35c4    fcd7 (003f35c0)     _ti_sysbios_knl_Semaphore_Module__id__C
003f35c5    fcd7 (003f35c0)     _ti_sysbios_knl_Swi_Object__count__C
003f35c6    fcd7 (003f35c0)     _ti_sysbios_knl_Task_Module__id__C
003f35c7    fcd7 (003f35c0)     _ti_sysbios_knl_Task_Object__count__C
003f35c8    fcd7 (003f35c0)     _ti_sysbios_knl_Task_numConstructedTasks__C
003f35c9    fcd7 (003f35c0)     _xdc_runtime_Core_Module__id__C
[...]
0     003f32b3  _ti_sysbios_family_c28_Hwi_Module__id__C                  
0     003f3353  _ti_sysbios_family_c28_Hwi_NUM_INTERRUPTS_ALL__C          
0     003f3385  _ti_sysbios_family_c28_Hwi_Object__count__C               
0     003f33b0  _xdc_runtime_LoggerBuf_Module__FXNS__C                    
0     003f33e7  _ti_sysbios_family_c28_TaskSupport_Module__id__C          
0     003f33e8  _uart_isr                                                 
0     003f33ea  _epwm_1_isr                                               
0     003f33ec  _epwm_2_isr                                               
0     003f33ee  _sem_parse                                                
0     003f33f0  _sem_spi                                                  
0     003f33f2  _tsk_parse_rx                                             
0     003f33f4  _sem_uart_tx                                              
0     003f33f6  _swi_uart_rx                                              
0     003f33f8  _swi_epwm_1                                               
0     003f33fa  _swi_epwm_2                                               
0     003f33fc  _tsk_uart_tx                                              
0     003f33fe  _tsk_spi                                                  
0     003f3400  _xdc_runtime_HeapStd_Module__FXNS__C                      
0     003f3414  _xdc_runtime_Startup_sfxnTab__A                           
0     003f3428  _ti_sysbios_gates_GateHwi_Module__FXNS__C                 
0     003f343a  _ti_sysbios_gates_GateMutex_Module__FXNS__C               
0     003f344c  _xdc_runtime_LoggerBuf_Object__PARAMS__C                  
0     003f347e  _ti_sysbios_gates_GateHwi_Object__DESC__C                 
0     003f348e  _ti_sysbios_gates_GateMutex_Object__DESC__C               
0     003f349e  _ti_sysbios_knl_Queue_Object__DESC__C                     
0     003f34ae  _ti_sysbios_knl_Semaphore_Object__DESC__C                 
0     003f34be  _ti_sysbios_knl_Semaphore_Object__PARAMS__C               
0     003f34ce  _xdc_runtime_HeapStd_Object__DESC__C                      
0     003f34de  _xdc_runtime_LoggerBuf_Object__DESC__C                    
0     003f34ee  _xdc_runtime_HeapStd_Object__PARAMS__C                    
0     003f34fc  _ti_sysbios_gates_GateHwi_Object__PARAMS__C               
0     003f3508  _ti_sysbios_gates_GateMutex_Object__PARAMS__C             
0     003f3514  _ti_sysbios_knl_Queue_Object__PARAMS__C                   
0     003f3520  _xdc_runtime_Startup_sfxnRts__A                           
0     003f352f  _ti_sysbios_family_c28_Timer_startupNeeded__C             
0     003f3534  _ti_sysbios_knl_Idle_funcList__A                          
0     003f3538  _ti_sysbios_knl_Idle_funcList__C                          
0     003f353c  _xdc_runtime_Startup_firstFxns__C                         
0     003f3540  _xdc_runtime_Startup_lastFxns__C                          
0     003f3544  _ti_sysbios_family_c28_Hwi_A_badIntNum__C                 
0     003f3546  _ti_sysbios_family_c28_Hwi_A_invalidArg__C                
0     003f3548  _ti_sysbios_family_c28_Hwi_E_unpluggedInterrupt__C        
0     003f354a  _ti_sysbios_family_c28_Hwi_Module__diagsEnabled__C        
0     003f354c  _ti_sysbios_family_c28_Hwi_Module__diagsIncluded__C       
0     003f354e  _ti_sysbios_family_c28_Hwi_Module__diagsMask__C           
0     003f3550  _ti_sysbios_family_c28_TaskSupport_E_invalidStack__C      
0     003f3552  _ti_sysbios_gates_GateMutex_A_badContext__C               
0     003f3554  _ti_sysbios_gates_GateMutex_Instance_State_sem__O         
0     003f3556  _ti_sysbios_gates_GateMutex_Module__diagsEnabled__C       
0     003f3558  _ti_sysbios_gates_GateMutex_Module__diagsIncluded__C      
0     003f355a  _ti_sysbios_gates_GateMutex_Module__diagsMask__C          
0     003f355c  _ti_sysbios_hal_Hwi_E_stackOverflow__C                    
0     003f355e  _ti_sysbios_knl_Semaphore_A_badContext__C                 
0     003f3560  _ti_sysbios_knl_Semaphore_A_noEvents__C                   
0     003f3562  _ti_sysbios_knl_Semaphore_A_overflow__C                   
0     003f3564  _ti_sysbios_knl_Semaphore_A_pendTaskDisabled__C           
0     003f3566  _ti_sysbios_knl_Semaphore_Instance_State_pendQ__O         
0     003f3568  _ti_sysbios_knl_Semaphore_Module__diagsEnabled__C         
0     003f356a  _ti_sysbios_knl_Semaphore_Module__diagsIncluded__C        
0     003f356c  _ti_sysbios_knl_Semaphore_Module__diagsMask__C            
0     003f356e  _ti_sysbios_knl_Task_E_spOutOfBounds__C                   
0     003f3570  _ti_sysbios_knl_Task_E_stackOverflow__C                   
0     003f3572  _ti_sysbios_knl_Task_Module_State_inactiveQ__O            
0     003f3574  _ti_sysbios_knl_Task_allBlockedFunc__C                    
0     003f3576  _xdc_runtime_Assert_E_assertFailed__C                     
0     003f3578  _xdc_runtime_Core_A_initializedParams__C                  
0     003f357a  _xdc_runtime_Core_Module__diagsEnabled__C                 
0     003f357c  _xdc_runtime_Core_Module__diagsIncluded__C                
0     003f357e  _xdc_runtime_Core_Module__diagsMask__C                    
0     003f3580  _xdc_runtime_Error_E_memory__C                            
0     003f3582  _xdc_runtime_Error_policyFxn__C                           
0     003f3584  _xdc_runtime_Error_raiseHook__C                           
0     003f3586  _xdc_runtime_HeapStd_A_align__C                           
0     003f3588  _xdc_runtime_HeapStd_A_invalidTotalFreeSize__C            
0     003f358a  _xdc_runtime_HeapStd_A_zeroSize__C                        
0     003f358c  _xdc_runtime_HeapStd_E_noRTSMemory__C                     
0     003f358e  _xdc_runtime_HeapStd_Module__diagsEnabled__C              
0     003f3590  _xdc_runtime_HeapStd_Module__diagsIncluded__C             
0     003f3592  _xdc_runtime_HeapStd_Module__diagsMask__C                 
0     003f3594  _xdc_runtime_IFilterLogger_Interface__BASE__C             
0     003f3596  _xdc_runtime_IGateProvider_Interface__BASE__C             
0     003f3598  _xdc_runtime_IHeap_Interface__BASE__C                     
0     003f359a  _xdc_runtime_ILogger_Interface__BASE__C                   
0     003f359c  _xdc_runtime_IModule_Interface__BASE__C                   
0     003f359e  _xdc_runtime_LoggerBuf_E_badLevel__C                      
0     003f35a0  _xdc_runtime_LoggerBuf_Module__gateObj__C                 
0     003f35a2  _xdc_runtime_LoggerBuf_statusLogger__C                    
0     003f35a4  _xdc_runtime_Memory_defaultHeapInstance__C                
0     003f35a6  _xdc_runtime_Startup_execImpl__C                          
0     003f35a8  _xdc_runtime_Startup_firstFxns__A                         
0     003f35aa  _xdc_runtime_Startup_lastFxns__A                          
0     003f35ac  _xdc_runtime_Startup_sfxnRts__C                           
0     003f35ae  _xdc_runtime_Startup_sfxnTab__C                           
0     003f35b0  _xdc_runtime_SysMin_bufSize__C                            
0     003f35b2  _xdc_runtime_SysMin_outputFunc__C                         
0     003f35b4  _xdc_runtime_System_Module__gateObj__C                    
0     003f35b6  _xdc_runtime_System_abortFxn__C                           
0     003f35b8  _xdc_runtime_System_exitFxn__C                            
0     003f35ba  _xdc_runtime_System_extendFxn__C                          
0     003f35bc  _xdc_runtime_Text_charTab__C                              
0     003f35be  _xdc_runtime_Text_nodeTab__A                              
0     003f35c0  _xdc_runtime_Text_visitRopeFxn__C                         
0     003f35c2  _ti_sysbios_gates_GateMutex_Module__id__C                 
0     003f35c3  _ti_sysbios_hal_Hwi_Module__id__C                         
0     003f35c4  _ti_sysbios_knl_Semaphore_Module__id__C                   
0     003f35c5  _ti_sysbios_knl_Swi_Object__count__C                      
0     003f35c6  _ti_sysbios_knl_Task_Module__id__C                        
0     003f35c7  _ti_sysbios_knl_Task_Object__count__C                     
0     003f35c8  _ti_sysbios_knl_Task_numConstructedTasks__C               
0     003f35c9  _xdc_runtime_Core_Module__id__C                           
0     003f35ca  _xdc_runtime_Error_Module__loggerDefined__C               
0     003f35cb  _xdc_runtime_Error_maxDepth__C                            
0     003f35cc  _xdc_runtime_Error_policy__C                              
0     003f35cd  _xdc_runtime_HeapStd_Module__id__C                        
0     003f35ce  _xdc_runtime_LoggerBuf_Module__id__C                      
0     003f35cf  _xdc_runtime_LoggerBuf_Object__count__C                   
0     003f35d0  _xdc_runtime_LoggerBuf_filterByLevel__C                   
0     003f35d1  _xdc_runtime_Memory_Module__id__C                         
0     003f35d2  _xdc_runtime_Startup_maxPasses__C                         
0     003f35d3  _xdc_runtime_SysMin_flushAtExit__C                        
0     003f35d4  _xdc_runtime_System_maxAtexitHandlers__C                  
0     003f35d5  _xdc_runtime_Text_charTab__A                              
0     003f35d6  _xdc_runtime_Text_isLoaded__C                             
0     003f35d7  _xdc_runtime_Text_registryModsLastId__C                   
0     003f35d8  _xdc_runtime_Text_unnamedModsLastId__C                    
1     00000000  __stack                                                   
1     00000100  .data                                                     
1     00000100  __STACK_END                                               
1     00000100  ___data__                                                 
1     00000100  _ti_sysbios_knl_Task_Module__state__V                     
1     00000120  _ti_sysbios_BIOS_Module__state__V                         
1     00000132  _ti_sysbios_knl_Swi_Module__state__V                      
1     0000013e  _xdc_runtime_HeapStd_Module__state__V                     
1     00000140  _ti_sysbios_family_c28_Hwi_Module__state__V               
1     00000150  _ti_sysbios_family_c28_Timer_Module__state__V             
1     00000158  _ti_sysbios_family_c28_TimestampProvider_Module__state__V 
1     0000015c  _xdc_runtime_Registry_Module__state__V                    
1     00000160  _xdc_runtime_Startup_Module__state__V                     
1     00000164  _xdc_runtime_SysMin_Module__state__V                      
1     00000168  _xdc_runtime_System_Module__state__V                      
1     0000016c  _xdc_runtime_Text_Module__state__V                        
1     00000170  _xdc_runtime_LoggerBuf_Module__state__V                   
1     00000173  _xdc_runtime_Error_Module__state__V                       
1     00000174  _xdc_runtime_Memory_Module__state__V                      
1     00000176  ___edata__                                                
1     00000176  edata                                                     
1     00000880  _DevEmuRegs                                               
1     00000985  _SysPwrCtrlRegs                                           
1     00000a80  _FlashRegs                                                
1     00000ae0  _CsmRegs                                                  
1     00000b00  _AdcResult                                                
1     00000c00  _CpuTimer0Regs                                            
1     00000c08  _CpuTimer1Regs                                            
1     00000c10  _CpuTimer2Regs                                            
1     00000ce0  _PieCtrlRegs                                              
1     00006400  _Comp1Regs                                                
1     00006420  _Comp2Regs                                                
1     00006800  _EPwm1Regs                                                
1     00006840  _EPwm2Regs                                                
1     00006880  _EPwm3Regs                                                
1     000068c0  _EPwm4Regs                                                
1     00006a00  _ECap1Regs                                                
1     00006f80  _GpioCtrlRegs                                             
1     00006fc0  _GpioDataRegs                                             
1     00006fe0  _GpioIntRegs                                              
1     00007010  _SysCtrlRegs                                              
1     00007040  _SpiaRegs                                                 
1     00007050  _SciaRegs                                                 
1     00007060  _NmiIntruptRegs                                           
1     00007070  _XIntruptRegs                                             
1     00007100  _AdcRegs                                                  
1     00007900  _I2caRegs                                                 
1     00008000  _RamfuncsLoadEnd                                          
1     00008000  _RamfuncsLoadStart                                        
1     00008000  _RamfuncsRunStart                                         
1     00008000  _ti_sysbios_knl_Task_Instance_State_0_stack__A            
1     00008100  _ti_sysbios_knl_Task_Instance_State_1_stack__A            
1     00008200  _ti_sysbios_knl_Task_Instance_State_2_stack__A            
1     00008300  _ti_sysbios_knl_Task_Instance_State_3_stack__A            
1     00008400  _ti_sysbios_family_c28_Hwi_Module_State_0_dispatchTable__A
1     00008500  _x_array                                                  
1     000085c8  _ti_sysbios_knl_Semaphore_Object__table__V                
1     000085e6  _ti_sysbios_family_c28_Timer_Object__table__V             
1     000085fe  __lock                                                    
1     00008600  _y_array                                                  
1     000086c8  _asdf_test                                                
1     000086c9  _adsf_test_2                                              
1     000086ca  _x                                                        
1     000086cb  _y                                                        
1     000086cc  _z                                                        
1     000086cd  _x_adc_next                                               
1     000086ce  _y_adc_next                                               
1     000086cf  _z_switch_next                                            
1     000086d0  _x_uart_next                                              
1     000086d1  _y_uart_next                                              
1     000086d2  _z_uart_next                                              
1     000086d3  _fir_N                                                    
1     000086d4  _x_counter                                                
1     000086d5  _y_counter                                                
1     000086d6  _z_counter                                                
1     000086d7  _buffer_index                                             
1     000086d8  _buffer_string_ready                                      
1     000086d9  _joint_1                                                  
1     000086da  _joint_2                                                  
1     000086db  _sample_select                                            
1     000086dc  _c2000_temp                                               
1     000086de  _real_temp                                                
1     000086e0  _z_array                                                  
1     000086f4  ___servos_c_pwm_max                                       
1     000086fc  __unlock                                                  
1     000086fe  _ti_sysbios_gates_GateHwi_Object__table__V                
1     00008700  _ti_sysbios_knl_Task_Object__table__V                     
1     000087a8  _xdc_runtime_LoggerBuf_Object__table__V                   
1     000087ba  _xdc_runtime_HeapStd_Object__table__V                     
1     000087c0  _xdc_runtime_SysMin_Module_State_0_outbuf__A              
1     00008840  ___xdc__init__addr                                        
1     00008842  _ti_sysbios_family_c28_Hwi_Module__root__V                
1     00008846  _ti_sysbios_family_c28_Timer_Module__root__V              
1     0000884a  _ti_sysbios_gates_GateHwi_Module__root__V                 
1     0000884e  _ti_sysbios_gates_GateMutex_Module__root__V               
1     00008852  _ti_sysbios_hal_Hwi_Module__root__V                       
1     00008856  _ti_sysbios_hal_Timer_Module__root__V                     
1     0000885a  _ti_sysbios_knl_Queue_Module__root__V                     
1     0000885e  _ti_sysbios_knl_Semaphore_Module__root__V                 
1     00008862  _ti_sysbios_knl_Swi_Module__root__V                       
1     00008866  _ti_sysbios_knl_Task_Module__root__V                      
1     0000886a  _xdc_runtime_HeapStd_Module__root__V                      
1     0000886e  _xdc_runtime_LoggerBuf_Module__root__V                    
1     00008880  _xdc_runtime_Error_IgnoreBlock                            
1     00008890  ___uart_c_buffer_string                                   
1     0000889e  _buffer_string                                            
1     000088ac  _completed_string                                         
1     000088ba  ___TI_enable_exit_profile_output                          
1     000088bc  ___TI_cleanup_ptr                                         
1     000088be  ___TI_dtors_ptr                                           
1     000088c0  _ti_sysbios_family_c28_Hwi_Object__table__V               
1     00008900  _ti_sysbios_knl_Swi_Module_State_0_readyQ__A              
1     00008940  _ti_sysbios_knl_Task_Module_State_0_readyQ__A             
1     00008980  _xdc_runtime_LoggerBuf_Instance_State_0_entryArr__A       
1     000089c0  _ti_sysbios_knl_Swi_Object__table__V                      
1     000089fc  _ti_sysbios_knl_Task_Module_State_0_idleTask__A           
1     000089fe  ___adc_c_temp_slope                                       
1     000089ff  ___adc_c_temp_offset                                      
1     00008a00  _ti_sysbios_gates_GateMutex_Object__table__V              
1     00008a0e  ___servos_c_pwm_min                                       
1     00008a16  _parmbuf                                                  
1     00008a1e  _xdc_runtime_System_Module_State_0_atexitHandlers__A      
1     00008a26  _input_conv                                               
1     00008a27  ___uart_c_buffer_index                                    
1     00008a40  __CIOBUF_                                                 
1     003d7fff  _PartIdRegs                                               
1     003f7ff8  _CsmPwl                                                   
abs   00000000  _RamfuncsLoadSize                                         
abs   00000001  _xdc_rov_runtime_Mon__checksum                            
abs   00000001  _xdc_rov_runtime_Mon__write                               
abs   00000001  _xdc_runtime_Startup__EXECFXN__C                          
abs   00000001  _xdc_runtime_Startup__RESETFXN__C                         
abs   00000100  __STACK_SIZE                                              
abs   ffffffff  ___TI_pprof_out_hndl                                      
abs   ffffffff  ___TI_prof_data_size                                      
abs   ffffffff  ___TI_prof_data_start                                     
abs   ffffffff  ___binit__                                                
abs   ffffffff  ___c_args__                                               
abs   ffffffff  ___pinit__                                                
abs   ffffffff  binit                                                     
abs   ffffffff  pinit                                                     

[586 symbols]
