<?xml version="1.0" encoding="ISO-8859-1" ?>
<link_info>
   <banner>TMS320C2000 Linker PC v20.2.5.LTS</banner>
   <copyright>Copyright (c) 1996-2018 Texas Instruments Incorporated</copyright>
   <link_time>0x636f020b</link_time>
   <link_errors>0x0</link_errors>
   <output_file>PotBot_V3.out</output_file>
   <entry_point>
      <name>_c_int00</name>
      <address>0x3f1179</address>
   </entry_point>
   <input_file_list>
      <input_file id="fl-2">
         <path>.\</path>
         <kind>object</kind>
         <file>F2802x_GlobalVariableDefs.obj</file>
         <name>F2802x_GlobalVariableDefs.obj</name>
      </input_file>
      <input_file id="fl-3">
         <path>.\</path>
         <kind>object</kind>
         <file>adc.obj</file>
         <name>adc.obj</name>
      </input_file>
      <input_file id="fl-4">
         <path>.\</path>
         <kind>object</kind>
         <file>dev_init.obj</file>
         <name>dev_init.obj</name>
      </input_file>
      <input_file id="fl-5">
         <path>.\</path>
         <kind>object</kind>
         <file>main.obj</file>
         <name>main.obj</name>
      </input_file>
      <input_file id="fl-6">
         <path>.\</path>
         <kind>object</kind>
         <file>servo.obj</file>
         <name>servo.obj</name>
      </input_file>
      <input_file id="fl-a">
         <path>C:\Users\jbate\workspace_v10\PotBot_V3\Debug\configPkg\package\cfg\</path>
         <kind>object</kind>
         <file>Lab2Idle_p28L.o28L</file>
         <name>Lab2Idle_p28L.o28L</name>
      </input_file>
      <input_file id="fl-11">
         <kind>object</kind>
         <file>&lt;internal&gt;</file>
         <name>&lt;internal&gt;</name>
      </input_file>
      <input_file id="fl-12">
         <path>C:\Users\jbate\workspace_v10\PotBot_V3\src\sysbios\</path>
         <kind>archive</kind>
         <file>sysbios.a28L</file>
         <name>BIOS.obj</name>
      </input_file>
      <input_file id="fl-13">
         <path>C:\Users\jbate\workspace_v10\PotBot_V3\src\sysbios\</path>
         <kind>archive</kind>
         <file>sysbios.a28L</file>
         <name>c28_Hwi_asm.obj</name>
      </input_file>
      <input_file id="fl-14">
         <path>C:\Users\jbate\workspace_v10\PotBot_V3\src\sysbios\</path>
         <kind>archive</kind>
         <file>sysbios.a28L</file>
         <name>c28_Hwi_disp_asm.obj</name>
      </input_file>
      <input_file id="fl-15">
         <path>C:\Users\jbate\workspace_v10\PotBot_V3\src\sysbios\</path>
         <kind>archive</kind>
         <file>sysbios.a28L</file>
         <name>c28_IntrinsicsSupport_asm.obj</name>
      </input_file>
      <input_file id="fl-16">
         <path>C:\Users\jbate\workspace_v10\PotBot_V3\src\sysbios\</path>
         <kind>archive</kind>
         <file>sysbios.a28L</file>
         <name>c28_TaskSupport_asm.obj</name>
      </input_file>
      <input_file id="fl-17">
         <path>C:\ti\bios_6_83_00_18\packages\ti\catalog\c2800\init\lib\</path>
         <kind>archive</kind>
         <file>Boot.a28L</file>
         <name>Boot.o28L</name>
      </input_file>
      <input_file id="fl-18">
         <path>C:\ti\bios_6_83_00_18\packages\ti\targets\rts2800\lib\</path>
         <kind>archive</kind>
         <file>ti.targets.rts2800.a28L</file>
         <name>Assert.o28L</name>
      </input_file>
      <input_file id="fl-19">
         <path>C:\ti\bios_6_83_00_18\packages\ti\targets\rts2800\lib\</path>
         <kind>archive</kind>
         <file>ti.targets.rts2800.a28L</file>
         <name>Core-mem.o28L</name>
      </input_file>
      <input_file id="fl-1a">
         <path>C:\ti\bios_6_83_00_18\packages\ti\targets\rts2800\lib\</path>
         <kind>archive</kind>
         <file>ti.targets.rts2800.a28L</file>
         <name>Core-smem.o28L</name>
      </input_file>
      <input_file id="fl-1b">
         <path>C:\ti\bios_6_83_00_18\packages\ti\targets\rts2800\lib\</path>
         <kind>archive</kind>
         <file>ti.targets.rts2800.a28L</file>
         <name>Core-params.o28L</name>
      </input_file>
      <input_file id="fl-1c">
         <path>C:\ti\bios_6_83_00_18\packages\ti\targets\rts2800\lib\</path>
         <kind>archive</kind>
         <file>ti.targets.rts2800.a28L</file>
         <name>Error.o28L</name>
      </input_file>
      <input_file id="fl-1d">
         <path>C:\ti\bios_6_83_00_18\packages\ti\targets\rts2800\lib\</path>
         <kind>archive</kind>
         <file>ti.targets.rts2800.a28L</file>
         <name>Gate.o28L</name>
      </input_file>
      <input_file id="fl-1e">
         <path>C:\ti\bios_6_83_00_18\packages\ti\targets\rts2800\lib\</path>
         <kind>archive</kind>
         <file>ti.targets.rts2800.a28L</file>
         <name>HeapStd.o28L</name>
      </input_file>
      <input_file id="fl-1f">
         <path>C:\ti\bios_6_83_00_18\packages\ti\targets\rts2800\lib\</path>
         <kind>archive</kind>
         <file>ti.targets.rts2800.a28L</file>
         <name>LoggerBuf.o28L</name>
      </input_file>
      <input_file id="fl-20">
         <path>C:\ti\bios_6_83_00_18\packages\ti\targets\rts2800\lib\</path>
         <kind>archive</kind>
         <file>ti.targets.rts2800.a28L</file>
         <name>Memory.o28L</name>
      </input_file>
      <input_file id="fl-21">
         <path>C:\ti\bios_6_83_00_18\packages\ti\targets\rts2800\lib\</path>
         <kind>archive</kind>
         <file>ti.targets.rts2800.a28L</file>
         <name>Startup.o28L</name>
      </input_file>
      <input_file id="fl-22">
         <path>C:\ti\bios_6_83_00_18\packages\ti\targets\rts2800\lib\</path>
         <kind>archive</kind>
         <file>ti.targets.rts2800.a28L</file>
         <name>System.o28L</name>
      </input_file>
      <input_file id="fl-23">
         <path>C:\ti\bios_6_83_00_18\packages\ti\targets\rts2800\lib\</path>
         <kind>archive</kind>
         <file>ti.targets.rts2800.a28L</file>
         <name>SysMin.o28L</name>
      </input_file>
      <input_file id="fl-24">
         <path>C:\ti\bios_6_83_00_18\packages\ti\targets\rts2800\lib\</path>
         <kind>archive</kind>
         <file>ti.targets.rts2800.a28L</file>
         <name>Text.o28L</name>
      </input_file>
      <input_file id="fl-25">
         <path>C:\ti\bios_6_83_00_18\packages\ti\targets\rts2800\lib\</path>
         <kind>archive</kind>
         <file>ti.targets.rts2800.a28L</file>
         <name>xdc_noinit.o28L</name>
      </input_file>
      <input_file id="fl-26">
         <path>C:\ti\bios_6_83_00_18\packages\ti\targets\rts2800\lib\</path>
         <kind>archive</kind>
         <file>ti.targets.rts2800.a28L</file>
         <name>Log.o28L</name>
      </input_file>
      <input_file id="fl-27">
         <path>C:\ti\bios_6_83_00_18\packages\ti\targets\rts2800\lib\</path>
         <kind>archive</kind>
         <file>ti.targets.rts2800.a28L</file>
         <name>Registry.o28L</name>
      </input_file>
      <input_file id="fl-28">
         <path>C:\ti\bios_6_83_00_18\packages\ti\targets\rts2800\lib\</path>
         <kind>archive</kind>
         <file>boot.a28L</file>
         <name>boot_cg.o28L</name>
      </input_file>
      <input_file id="fl-34">
         <path>C:\ti\ccs1040\ccs\tools\compiler\ti-cgt-c2000_20.2.5.LTS\lib\</path>
         <kind>archive</kind>
         <file>rts2800_ml.lib</file>
         <name>fs_mpy28.asm.obj</name>
      </input_file>
      <input_file id="fl-35">
         <path>C:\ti\ccs1040\ccs\tools\compiler\ti-cgt-c2000_20.2.5.LTS\lib\</path>
         <kind>archive</kind>
         <file>rts2800_ml.lib</file>
         <name>fs_tou28.asm.obj</name>
      </input_file>
      <input_file id="fl-36">
         <path>C:\ti\ccs1040\ccs\tools\compiler\ti-cgt-c2000_20.2.5.LTS\lib\</path>
         <kind>archive</kind>
         <file>rts2800_ml.lib</file>
         <name>ll_div28.asm.obj</name>
      </input_file>
      <input_file id="fl-37">
         <path>C:\ti\ccs1040\ccs\tools\compiler\ti-cgt-c2000_20.2.5.LTS\lib\</path>
         <kind>archive</kind>
         <file>rts2800_ml.lib</file>
         <name>u_div28.asm.obj</name>
      </input_file>
      <input_file id="fl-38">
         <path>C:\ti\ccs1040\ccs\tools\compiler\ti-cgt-c2000_20.2.5.LTS\lib\</path>
         <kind>archive</kind>
         <file>rts2800_ml.lib</file>
         <name>cpy_tbl.c.obj</name>
      </input_file>
      <input_file id="fl-39">
         <path>C:\ti\ccs1040\ccs\tools\compiler\ti-cgt-c2000_20.2.5.LTS\lib\</path>
         <kind>archive</kind>
         <file>rts2800_ml.lib</file>
         <name>memcpy.c.obj</name>
      </input_file>
      <input_file id="fl-3a">
         <path>C:\ti\ccs1040\ccs\tools\compiler\ti-cgt-c2000_20.2.5.LTS\lib\</path>
         <kind>archive</kind>
         <file>rts2800_ml.lib</file>
         <name>pre_init.c.obj</name>
      </input_file>
      <input_file id="fl-3b">
         <path>C:\ti\ccs1040\ccs\tools\compiler\ti-cgt-c2000_20.2.5.LTS\lib\</path>
         <kind>archive</kind>
         <file>rts2800_ml.lib</file>
         <name>startup.c.obj</name>
      </input_file>
      <input_file id="fl-3c">
         <path>C:\ti\ccs1040\ccs\tools\compiler\ti-cgt-c2000_20.2.5.LTS\lib\</path>
         <kind>archive</kind>
         <file>rts2800_ml.lib</file>
         <name>exit.c.obj</name>
      </input_file>
      <input_file id="fl-3d">
         <path>C:\ti\ccs1040\ccs\tools\compiler\ti-cgt-c2000_20.2.5.LTS\lib\</path>
         <kind>archive</kind>
         <file>rts2800_ml.lib</file>
         <name>_lock.c.obj</name>
      </input_file>
      <input_file id="fl-3e">
         <path>C:\ti\ccs1040\ccs\tools\compiler\ti-cgt-c2000_20.2.5.LTS\lib\</path>
         <kind>archive</kind>
         <file>rts2800_ml.lib</file>
         <name>args_main.c.obj</name>
      </input_file>
      <input_file id="fl-3f">
         <path>C:\ti\ccs1040\ccs\tools\compiler\ti-cgt-c2000_20.2.5.LTS\lib\</path>
         <kind>archive</kind>
         <file>rts2800_ml.lib</file>
         <name>memset.c.obj</name>
      </input_file>
      <input_file id="fl-40">
         <path>C:\ti\ccs1040\ccs\tools\compiler\ti-cgt-c2000_20.2.5.LTS\lib\</path>
         <kind>archive</kind>
         <file>rts2800_ml.lib</file>
         <name>strcmp.c.obj</name>
      </input_file>
      <input_file id="fl-41">
         <path>C:\ti\ccs1040\ccs\tools\compiler\ti-cgt-c2000_20.2.5.LTS\lib\</path>
         <kind>archive</kind>
         <file>rts2800_ml.lib</file>
         <name>strlen.c.obj</name>
      </input_file>
      <input_file id="fl-42">
         <path>C:\ti\ccs1040\ccs\tools\compiler\ti-cgt-c2000_20.2.5.LTS\lib\</path>
         <kind>archive</kind>
         <file>rts2800_ml.lib</file>
         <name>hostwrite.c.obj</name>
      </input_file>
      <input_file id="fl-43">
         <path>C:\ti\ccs1040\ccs\tools\compiler\ti-cgt-c2000_20.2.5.LTS\lib\</path>
         <kind>archive</kind>
         <file>rts2800_ml.lib</file>
         <name>trgmsg.c.obj</name>
      </input_file>
      <input_file id="fl-44">
         <path>C:\ti\ccs1040\ccs\tools\compiler\ti-cgt-c2000_20.2.5.LTS\lib\</path>
         <kind>archive</kind>
         <file>rts2800_ml.lib</file>
         <name>hostopen.c.obj</name>
      </input_file>
   </input_file_list>
   <object_component_list>
      <object_component id="oc-5c">
         <name>PieVectTableFile</name>
         <uninitialized>true</uninitialized>
         <run_address>0xd00</run_address>
         <size>0x100</size>
         <input_file_ref idref="fl-2"/>
      </object_component>
      <object_component id="oc-3d">
         <name>EmuKeyVar</name>
         <uninitialized>true</uninitialized>
         <run_address>0xd00</run_address>
         <size>0x1</size>
         <input_file_ref idref="fl-2"/>
      </object_component>
      <object_component id="oc-3e">
         <name>EmuBModeVar</name>
         <uninitialized>true</uninitialized>
         <run_address>0xd01</run_address>
         <size>0x1</size>
         <input_file_ref idref="fl-2"/>
      </object_component>
      <object_component id="oc-40">
         <name>FlashCallbackVar</name>
         <uninitialized>true</uninitialized>
         <run_address>0xd02</run_address>
         <size>0x2</size>
         <input_file_ref idref="fl-2"/>
      </object_component>
      <object_component id="oc-3f">
         <name>FlashScalingVar</name>
         <uninitialized>true</uninitialized>
         <run_address>0xd04</run_address>
         <size>0x2</size>
         <input_file_ref idref="fl-2"/>
      </object_component>
      <object_component id="oc-42">
         <name>DevEmuRegsFile</name>
         <uninitialized>true</uninitialized>
         <run_address>0x880</run_address>
         <size>0x4</size>
         <input_file_ref idref="fl-2"/>
      </object_component>
      <object_component id="oc-41">
         <name>SysPwrCtrlRegsFile</name>
         <uninitialized>true</uninitialized>
         <run_address>0x985</run_address>
         <size>0x3</size>
         <input_file_ref idref="fl-2"/>
      </object_component>
      <object_component id="oc-47">
         <name>FlashRegsFile</name>
         <uninitialized>true</uninitialized>
         <run_address>0xa80</run_address>
         <size>0x8</size>
         <input_file_ref idref="fl-2"/>
      </object_component>
      <object_component id="oc-49">
         <name>CsmRegsFile</name>
         <uninitialized>true</uninitialized>
         <run_address>0xae0</run_address>
         <size>0x10</size>
         <input_file_ref idref="fl-2"/>
      </object_component>
      <object_component id="oc-50">
         <name>AdcResultFile</name>
         <uninitialized>true</uninitialized>
         <run_address>0xb00</run_address>
         <size>0x20</size>
         <input_file_ref idref="fl-2"/>
      </object_component>
      <object_component id="oc-43">
         <name>CpuTimer0RegsFile</name>
         <uninitialized>true</uninitialized>
         <run_address>0xc00</run_address>
         <size>0x8</size>
         <input_file_ref idref="fl-2"/>
      </object_component>
      <object_component id="oc-44">
         <name>CpuTimer1RegsFile</name>
         <uninitialized>true</uninitialized>
         <run_address>0xc08</run_address>
         <size>0x8</size>
         <input_file_ref idref="fl-2"/>
      </object_component>
      <object_component id="oc-45">
         <name>CpuTimer2RegsFile</name>
         <uninitialized>true</uninitialized>
         <run_address>0xc10</run_address>
         <size>0x8</size>
         <input_file_ref idref="fl-2"/>
      </object_component>
      <object_component id="oc-4e">
         <name>PieCtrlRegsFile</name>
         <uninitialized>true</uninitialized>
         <run_address>0xce0</run_address>
         <size>0x1a</size>
         <input_file_ref idref="fl-2"/>
      </object_component>
      <object_component id="oc-53">
         <name>ECap1RegsFile</name>
         <uninitialized>true</uninitialized>
         <run_address>0x6a00</run_address>
         <size>0x20</size>
         <input_file_ref idref="fl-2"/>
      </object_component>
      <object_component id="oc-5a">
         <name>GpioCtrlRegsFile</name>
         <uninitialized>true</uninitialized>
         <run_address>0x6f80</run_address>
         <size>0x40</size>
         <input_file_ref idref="fl-2"/>
      </object_component>
      <object_component id="oc-54">
         <name>GpioDataRegsFile</name>
         <uninitialized>true</uninitialized>
         <run_address>0x6fc0</run_address>
         <size>0x20</size>
         <input_file_ref idref="fl-2"/>
      </object_component>
      <object_component id="oc-48">
         <name>GpioIntRegsFile</name>
         <uninitialized>true</uninitialized>
         <run_address>0x6fe0</run_address>
         <size>0xa</size>
         <input_file_ref idref="fl-2"/>
      </object_component>
      <object_component id="oc-4f">
         <name>SysCtrlRegsFile</name>
         <uninitialized>true</uninitialized>
         <run_address>0x7010</run_address>
         <size>0x1f</size>
         <input_file_ref idref="fl-2"/>
      </object_component>
      <object_component id="oc-4c">
         <name>SpiaRegsFile</name>
         <uninitialized>true</uninitialized>
         <run_address>0x7040</run_address>
         <size>0x10</size>
         <input_file_ref idref="fl-2"/>
      </object_component>
      <object_component id="oc-4b">
         <name>SciaRegsFile</name>
         <uninitialized>true</uninitialized>
         <run_address>0x7050</run_address>
         <size>0x10</size>
         <input_file_ref idref="fl-2"/>
      </object_component>
      <object_component id="oc-4a">
         <name>NmiIntruptRegsFile</name>
         <uninitialized>true</uninitialized>
         <run_address>0x7060</run_address>
         <size>0x10</size>
         <input_file_ref idref="fl-2"/>
      </object_component>
      <object_component id="oc-4d">
         <name>XIntruptRegsFile</name>
         <uninitialized>true</uninitialized>
         <run_address>0x7070</run_address>
         <size>0x10</size>
         <input_file_ref idref="fl-2"/>
      </object_component>
      <object_component id="oc-5b">
         <name>AdcRegsFile</name>
         <uninitialized>true</uninitialized>
         <run_address>0x7100</run_address>
         <size>0x51</size>
         <input_file_ref idref="fl-2"/>
      </object_component>
      <object_component id="oc-55">
         <name>I2caRegsFile</name>
         <uninitialized>true</uninitialized>
         <run_address>0x7900</run_address>
         <size>0x22</size>
         <input_file_ref idref="fl-2"/>
      </object_component>
      <object_component id="oc-51">
         <name>Comp1RegsFile</name>
         <uninitialized>true</uninitialized>
         <run_address>0x6400</run_address>
         <size>0x20</size>
         <input_file_ref idref="fl-2"/>
      </object_component>
      <object_component id="oc-52">
         <name>Comp2RegsFile</name>
         <uninitialized>true</uninitialized>
         <run_address>0x6420</run_address>
         <size>0x20</size>
         <input_file_ref idref="fl-2"/>
      </object_component>
      <object_component id="oc-56">
         <name>EPwm1RegsFile</name>
         <uninitialized>true</uninitialized>
         <run_address>0x6800</run_address>
         <size>0x40</size>
         <input_file_ref idref="fl-2"/>
      </object_component>
      <object_component id="oc-57">
         <name>EPwm2RegsFile</name>
         <uninitialized>true</uninitialized>
         <run_address>0x6840</run_address>
         <size>0x40</size>
         <input_file_ref idref="fl-2"/>
      </object_component>
      <object_component id="oc-58">
         <name>EPwm3RegsFile</name>
         <uninitialized>true</uninitialized>
         <run_address>0x6880</run_address>
         <size>0x40</size>
         <input_file_ref idref="fl-2"/>
      </object_component>
      <object_component id="oc-59">
         <name>EPwm4RegsFile</name>
         <uninitialized>true</uninitialized>
         <run_address>0x68c0</run_address>
         <size>0x40</size>
         <input_file_ref idref="fl-2"/>
      </object_component>
      <object_component id="oc-46">
         <name>CsmPwlFile</name>
         <uninitialized>true</uninitialized>
         <run_address>0x3f7ff8</run_address>
         <size>0x8</size>
         <input_file_ref idref="fl-2"/>
      </object_component>
      <object_component id="oc-3c">
         <name>PartIdRegsFile</name>
         <uninitialized>true</uninitialized>
         <run_address>0x3d7fff</run_address>
         <size>0x1</size>
         <input_file_ref idref="fl-2"/>
      </object_component>
      <object_component id="oc-78">
         <name>.cinit</name>
         <load_address>0x3f2939</load_address>
         <run_address>0x3f2939</run_address>
         <size>0x12c</size>
         <input_file_ref idref="fl-a"/>
      </object_component>
      <object_component id="oc-175">
         <name>.cinit:_ti_sysbios_family_c28_Hwi_Module_State_0_dispatchTable__A</name>
         <load_address>0x3f2a65</load_address>
         <run_address>0x3f2a65</run_address>
         <size>0x103</size>
         <input_file_ref idref="fl-a"/>
      </object_component>
      <object_component id="oc-16a">
         <name>.cinit:_ti_sysbios_family_c28_Timer_Object__table__V</name>
         <load_address>0x3f2b68</load_address>
         <run_address>0x3f2b68</run_address>
         <size>0x4b</size>
         <input_file_ref idref="fl-a"/>
      </object_component>
      <object_component id="oc-172">
         <name>.cinit:_ti_sysbios_knl_Swi_Module_State_0_readyQ__A</name>
         <load_address>0x3f2bb3</load_address>
         <run_address>0x3f2bb3</run_address>
         <size>0x43</size>
         <input_file_ref idref="fl-a"/>
      </object_component>
      <object_component id="oc-17c">
         <name>.cinit:_ti_sysbios_knl_Task_Module_State_0_readyQ__A</name>
         <load_address>0x3f2bf6</load_address>
         <run_address>0x3f2bf6</run_address>
         <size>0x43</size>
         <input_file_ref idref="fl-a"/>
      </object_component>
      <object_component id="oc-18c">
         <name>.cinit:_ti_sysbios_family_c28_Hwi_Object__table__V</name>
         <load_address>0x3f2c39</load_address>
         <run_address>0x3f2c39</run_address>
         <size>0x33</size>
         <input_file_ref idref="fl-a"/>
      </object_component>
      <object_component id="oc-8d">
         <name>.cinit:_ti_sysbios_knl_Task_Object__table__V</name>
         <load_address>0x3f2c6c</load_address>
         <run_address>0x3f2c6c</run_address>
         <size>0x2d</size>
         <input_file_ref idref="fl-a"/>
      </object_component>
      <object_component id="oc-173">
         <name>.cinit:_ti_sysbios_knl_Swi_Object__table__V</name>
         <load_address>0x3f2c99</load_address>
         <run_address>0x3f2c99</run_address>
         <size>0x17</size>
         <input_file_ref idref="fl-a"/>
      </object_component>
      <object_component id="oc-235">
         <name>.cinit:_xdc_runtime_LoggerBuf_Object__table__V</name>
         <load_address>0x3f2cb0</load_address>
         <run_address>0x3f2cb0</run_address>
         <size>0x15</size>
         <input_file_ref idref="fl-a"/>
      </object_component>
      <object_component id="oc-6b">
         <name>.cinit</name>
         <load_address>0x3f2cc5</load_address>
         <run_address>0x3f2cc5</run_address>
         <size>0x14</size>
         <input_file_ref idref="fl-5"/>
      </object_component>
      <object_component id="oc-177">
         <name>.cinit:_ti_sysbios_gates_GateMutex_Object__table__V</name>
         <load_address>0x3f2cd9</load_address>
         <run_address>0x3f2cd9</run_address>
         <size>0x11</size>
         <input_file_ref idref="fl-a"/>
      </object_component>
      <object_component id="oc-132">
         <name>.cinit</name>
         <load_address>0x3f2cea</load_address>
         <run_address>0x3f2cea</run_address>
         <size>0xe</size>
         <input_file_ref idref="fl-3c"/>
      </object_component>
      <object_component id="oc-16e">
         <name>.cinit:_xdc_runtime_System_Module_State_0_atexitHandlers__A</name>
         <load_address>0x3f2cf8</load_address>
         <run_address>0x3f2cf8</run_address>
         <size>0xb</size>
         <input_file_ref idref="fl-a"/>
      </object_component>
      <object_component id="oc-276">
         <name>.cinit:_xdc_runtime_HeapStd_Object__table__V</name>
         <load_address>0x3f2d03</load_address>
         <run_address>0x3f2d03</run_address>
         <size>0x9</size>
         <input_file_ref idref="fl-a"/>
      </object_component>
      <object_component id="oc-16b">
         <name>.cinit:_ti_sysbios_hal_Timer_Object__table__V</name>
         <load_address>0x3f2d0c</load_address>
         <run_address>0x3f2d0c</run_address>
         <size>0x7</size>
         <input_file_ref idref="fl-a"/>
      </object_component>
      <object_component id="oc-1ba">
         <name>.cinit:__lock</name>
         <load_address>0x3f2d13</load_address>
         <run_address>0x3f2d13</run_address>
         <size>0x5</size>
         <input_file_ref idref="fl-3d"/>
      </object_component>
      <object_component id="oc-1b9">
         <name>.cinit:__unlock</name>
         <load_address>0x3f2d18</load_address>
         <run_address>0x3f2d18</run_address>
         <size>0x5</size>
         <input_file_ref idref="fl-3d"/>
      </object_component>
      <object_component id="oc-1fc">
         <name>.cinit:_ti_sysbios_gates_GateHwi_Object__table__V</name>
         <load_address>0x3f2d1d</load_address>
         <run_address>0x3f2d1d</run_address>
         <size>0x5</size>
         <input_file_ref idref="fl-a"/>
      </object_component>
      <object_component id="oc-17e">
         <name>.cinit:_ti_sysbios_knl_Task_Module_State_0_idleTask__A</name>
         <load_address>0x3f2d22</load_address>
         <run_address>0x3f2d22</run_address>
         <size>0x5</size>
         <input_file_ref idref="fl-a"/>
      </object_component>
      <object_component id="oc-1fa">
         <name>.text:_xdc_runtime_System_doPrint__I</name>
         <load_address>0x3f0000</load_address>
         <run_address>0x3f0000</run_address>
         <size>0x234</size>
         <input_file_ref idref="fl-22"/>
      </object_component>
      <object_component id="oc-1d9">
         <name>.text:_ti_sysbios_knl_Semaphore_pend__E</name>
         <load_address>0x3f0234</load_address>
         <run_address>0x3f0234</run_address>
         <size>0x19a</size>
         <input_file_ref idref="fl-12"/>
      </object_component>
      <object_component id="oc-1a6">
         <name>.text</name>
         <load_address>0x3f03ce</load_address>
         <run_address>0x3f03ce</run_address>
         <size>0x119</size>
         <input_file_ref idref="fl-4"/>
      </object_component>
      <object_component id="oc-113">
         <name>.text</name>
         <load_address>0x3f04e7</load_address>
         <run_address>0x3f04e7</run_address>
         <size>0x107</size>
         <input_file_ref idref="fl-36"/>
      </object_component>
      <object_component id="oc-2c6">
         <name>.text:_xdc_runtime_HeapStd_alloc__E</name>
         <load_address>0x3f05ee</load_address>
         <run_address>0x3f05ee</run_address>
         <size>0xee</size>
         <input_file_ref idref="fl-1e"/>
      </object_component>
      <object_component id="oc-1e5">
         <name>.text:_ti_sysbios_family_c28_Hwi_clearInterrupt__E</name>
         <load_address>0x3f06dc</load_address>
         <run_address>0x3f06dc</run_address>
         <size>0xe0</size>
         <input_file_ref idref="fl-12"/>
      </object_component>
      <object_component id="oc-249">
         <name>.text:_ti_sysbios_knl_Semaphore_Instance_init__E</name>
         <load_address>0x3f07bc</load_address>
         <run_address>0x3f07bc</run_address>
         <size>0xbf</size>
         <input_file_ref idref="fl-12"/>
      </object_component>
      <object_component id="oc-268">
         <name>.text:_xdc_runtime_System_printfExtend__I</name>
         <load_address>0x3f087b</load_address>
         <run_address>0x3f087b</run_address>
         <size>0xbb</size>
         <input_file_ref idref="fl-a"/>
      </object_component>
      <object_component id="oc-236">
         <name>.text:_xdc_runtime_LoggerBuf_write8__E</name>
         <load_address>0x3f0936</load_address>
         <run_address>0x3f0936</run_address>
         <size>0xb5</size>
         <input_file_ref idref="fl-1f"/>
      </object_component>
      <object_component id="oc-1dc">
         <name>.text:_xdc_runtime_Core_createObject__I</name>
         <load_address>0x3f09eb</load_address>
         <run_address>0x3f09eb</run_address>
         <size>0x9f</size>
         <input_file_ref idref="fl-19"/>
      </object_component>
      <object_component id="oc-2c3">
         <name>.text</name>
         <load_address>0x3f0a8a</load_address>
         <run_address>0x3f0a8a</run_address>
         <size>0x94</size>
         <input_file_ref idref="fl-43"/>
      </object_component>
      <object_component id="oc-1e6">
         <name>.text:_ti_sysbios_family_c28_Hwi_enableInterrupt__E</name>
         <load_address>0x3f0b1e</load_address>
         <run_address>0x3f0b1e</run_address>
         <size>0x8e</size>
         <input_file_ref idref="fl-12"/>
      </object_component>
      <object_component id="oc-248">
         <name>.text:_xdc_runtime_Core_constructObject__I</name>
         <load_address>0x3f0bac</load_address>
         <run_address>0x3f0bac</run_address>
         <size>0x89</size>
         <input_file_ref idref="fl-1a"/>
      </object_component>
      <object_component id="oc-2b5">
         <name>.text:_ti_sysbios_family_c28_Hwi_dispatch</name>
         <load_address>0x3f0c35</load_address>
         <run_address>0x3f0c35</run_address>
         <size>0x85</size>
         <input_file_ref idref="fl-14"/>
      </object_component>
      <object_component id="oc-1da">
         <name>.text:_ti_sysbios_knl_Semaphore_post__E</name>
         <load_address>0x3f0cba</load_address>
         <run_address>0x3f0cba</run_address>
         <size>0x82</size>
         <input_file_ref idref="fl-12"/>
      </object_component>
      <object_component id="oc-2e3">
         <name>.text:_xdc_runtime_HeapStd_Instance_init__E</name>
         <load_address>0x3f0d3c</load_address>
         <run_address>0x3f0d3c</run_address>
         <size>0x82</size>
         <input_file_ref idref="fl-1e"/>
      </object_component>
      <object_component id="oc-2d6">
         <name>.text:_ti_sysbios_family_c28_Hwi_disableInterrupt__E</name>
         <load_address>0x3f0dbe</load_address>
         <run_address>0x3f0dbe</run_address>
         <size>0x81</size>
         <input_file_ref idref="fl-12"/>
      </object_component>
      <object_component id="oc-227">
         <name>.text:_ti_sysbios_family_c28_Hwi_disablePIEIER__E</name>
         <load_address>0x3f0e3f</load_address>
         <run_address>0x3f0e3f</run_address>
         <size>0x80</size>
         <input_file_ref idref="fl-12"/>
      </object_component>
      <object_component id="oc-226">
         <name>.text:_ti_sysbios_family_c28_Hwi_enablePIEIER__E</name>
         <load_address>0x3f0ebf</load_address>
         <run_address>0x3f0ebf</run_address>
         <size>0x7f</size>
         <input_file_ref idref="fl-12"/>
      </object_component>
      <object_component id="oc-27d">
         <name>.text:_xdc_runtime_LoggerBuf_write4__E</name>
         <load_address>0x3f0f3e</load_address>
         <run_address>0x3f0f3e</run_address>
         <size>0x79</size>
         <input_file_ref idref="fl-1f"/>
      </object_component>
      <object_component id="oc-1ea">
         <name>.text:_ti_sysbios_knl_Task_checkStacks__E</name>
         <load_address>0x3f0fb7</load_address>
         <run_address>0x3f0fb7</run_address>
         <size>0x73</size>
         <input_file_ref idref="fl-12"/>
      </object_component>
      <object_component id="oc-1ca">
         <name>.text:_xdc_runtime_Startup_startMods__I</name>
         <load_address>0x3f102a</load_address>
         <run_address>0x3f102a</run_address>
         <size>0x72</size>
         <input_file_ref idref="fl-21"/>
      </object_component>
      <object_component id="oc-1b1">
         <name>.text:_ti_sysbios_gates_GateMutex_enter__E</name>
         <load_address>0x3f109c</load_address>
         <run_address>0x3f109c</run_address>
         <size>0x71</size>
         <input_file_ref idref="fl-12"/>
      </object_component>
      <object_component id="oc-2c7">
         <name>.text:_xdc_runtime_HeapStd_free__E</name>
         <load_address>0x3f110d</load_address>
         <run_address>0x3f110d</run_address>
         <size>0x6c</size>
         <input_file_ref idref="fl-1e"/>
      </object_component>
      <object_component id="oc-3a">
         <name>.text</name>
         <load_address>0x3f1179</load_address>
         <run_address>0x3f1179</run_address>
         <size>0x67</size>
         <input_file_ref idref="fl-28"/>
      </object_component>
      <object_component id="oc-2b6">
         <name>.text:_ti_sysbios_family_c28_Timer_stopAndClear__I</name>
         <load_address>0x3f11e0</load_address>
         <run_address>0x3f11e0</run_address>
         <size>0x66</size>
         <input_file_ref idref="fl-12"/>
      </object_component>
      <object_component id="oc-1c6">
         <name>.text:_xdc_runtime_Error_policyDefault__E</name>
         <load_address>0x3f1246</load_address>
         <run_address>0x3f1246</run_address>
         <size>0x5e</size>
         <input_file_ref idref="fl-1c"/>
      </object_component>
      <object_component id="oc-285">
         <name>.text:_xdc_runtime_Text_putSite__E</name>
         <load_address>0x3f12a4</load_address>
         <run_address>0x3f12a4</run_address>
         <size>0x5d</size>
         <input_file_ref idref="fl-24"/>
      </object_component>
      <object_component id="oc-109">
         <name>.text</name>
         <load_address>0x3f1301</load_address>
         <run_address>0x3f1301</run_address>
         <size>0x5a</size>
         <input_file_ref idref="fl-34"/>
      </object_component>
      <object_component id="oc-2ee">
         <name>.text:_ti_sysbios_family_c28_Hwi_dispatchCore__I</name>
         <load_address>0x3f135b</load_address>
         <run_address>0x3f135b</run_address>
         <size>0x4d</size>
         <input_file_ref idref="fl-12"/>
      </object_component>
      <object_component id="oc-29b">
         <name>.text:_ti_sysbios_knl_Task_postInit__I</name>
         <load_address>0x3f13a8</load_address>
         <run_address>0x3f13a8</run_address>
         <size>0x48</size>
         <input_file_ref idref="fl-12"/>
      </object_component>
      <object_component id="oc-261">
         <name>.text:_ti_sysbios_family_c28_Hwi_Module_startup__E</name>
         <load_address>0x3f13f0</load_address>
         <run_address>0x3f13f0</run_address>
         <size>0x47</size>
         <input_file_ref idref="fl-12"/>
      </object_component>
      <object_component id="oc-18b">
         <name>.text</name>
         <load_address>0x3f1437</load_address>
         <run_address>0x3f1437</run_address>
         <size>0x44</size>
         <input_file_ref idref="fl-5"/>
      </object_component>
      <object_component id="oc-283">
         <name>.text:_ti_sysbios_family_c28_TimestampProvider_get64__E</name>
         <load_address>0x3f147b</load_address>
         <run_address>0x3f147b</run_address>
         <size>0x43</size>
         <input_file_ref idref="fl-12"/>
      </object_component>
      <object_component id="oc-192">
         <name>.text:_ti_sysbios_knl_Clock_workFunc__E</name>
         <load_address>0x3f14be</load_address>
         <run_address>0x3f14be</run_address>
         <size>0x41</size>
         <input_file_ref idref="fl-12"/>
      </object_component>
      <object_component id="oc-29e">
         <name>.text:_xdc_runtime_Text_putLab__E</name>
         <load_address>0x3f14ff</load_address>
         <run_address>0x3f14ff</run_address>
         <size>0x41</size>
         <input_file_ref idref="fl-24"/>
      </object_component>
      <object_component id="oc-26f">
         <name>.text:_xdc_runtime_Memory_alloc__E</name>
         <load_address>0x3f1540</load_address>
         <run_address>0x3f1540</run_address>
         <size>0x3e</size>
         <input_file_ref idref="fl-20"/>
      </object_component>
      <object_component id="oc-1df">
         <name>.text:_xdc_runtime_Core_deleteObject__I</name>
         <load_address>0x3f157e</load_address>
         <run_address>0x3f157e</run_address>
         <size>0x3d</size>
         <input_file_ref idref="fl-19"/>
      </object_component>
      <object_component id="oc-27f">
         <name>.text:_xdc_runtime_LoggerBuf_getFilterLevel__E</name>
         <load_address>0x3f15bb</load_address>
         <run_address>0x3f15bb</run_address>
         <size>0x3d</size>
         <input_file_ref idref="fl-1f"/>
      </object_component>
      <object_component id="oc-293">
         <name>.text:_ti_sysbios_family_c28_Timer_postInit__I</name>
         <load_address>0x3f15f8</load_address>
         <run_address>0x3f15f8</run_address>
         <size>0x3c</size>
         <input_file_ref idref="fl-12"/>
      </object_component>
      <object_component id="oc-2f0">
         <name>.text:_ti_sysbios_knl_Swi_restoreHwi__E</name>
         <load_address>0x3f1634</load_address>
         <run_address>0x3f1634</run_address>
         <size>0x3c</size>
         <input_file_ref idref="fl-12"/>
      </object_component>
      <object_component id="oc-244">
         <name>.text:_ti_sysbios_knl_Swi_run__I</name>
         <load_address>0x3f1670</load_address>
         <run_address>0x3f1670</run_address>
         <size>0x3c</size>
         <input_file_ref idref="fl-12"/>
      </object_component>
      <object_component id="oc-27e">
         <name>.text:_xdc_runtime_LoggerBuf_setFilterLevel__E</name>
         <load_address>0x3f16ac</load_address>
         <run_address>0x3f16ac</run_address>
         <size>0x3c</size>
         <input_file_ref idref="fl-1f"/>
      </object_component>
      <object_component id="oc-2b2">
         <name>.text:_xdc_runtime_Text_putMod__E</name>
         <load_address>0x3f16e8</load_address>
         <run_address>0x3f16e8</run_address>
         <size>0x38</size>
         <input_file_ref idref="fl-24"/>
      </object_component>
      <object_component id="oc-2a1">
         <name>.text</name>
         <load_address>0x3f1720</load_address>
         <run_address>0x3f1720</run_address>
         <size>0x38</size>
         <input_file_ref idref="fl-42"/>
      </object_component>
      <object_component id="oc-2d8">
         <name>.text:_ti_sysbios_family_c28_TaskSupport_start__E</name>
         <load_address>0x3f1758</load_address>
         <run_address>0x3f1758</run_address>
         <size>0x37</size>
         <input_file_ref idref="fl-12"/>
      </object_component>
      <object_component id="oc-260">
         <name>.text:_ti_sysbios_family_c28_TimestampProvider_Module_startup__E</name>
         <load_address>0x3f178f</load_address>
         <run_address>0x3f178f</run_address>
         <size>0x36</size>
         <input_file_ref idref="fl-12"/>
      </object_component>
      <object_component id="oc-1c3">
         <name>.text:_ti_sysbios_knl_Task_startCore__E</name>
         <load_address>0x3f17c5</load_address>
         <run_address>0x3f17c5</run_address>
         <size>0x35</size>
         <input_file_ref idref="fl-12"/>
      </object_component>
      <object_component id="oc-240">
         <name>.text:_xdc_runtime_System_formatNum__I</name>
         <load_address>0x3f17fa</load_address>
         <run_address>0x3f17fa</run_address>
         <size>0x33</size>
         <input_file_ref idref="fl-22"/>
      </object_component>
      <object_component id="oc-265">
         <name>.text:_ti_sysbios_knl_Task_Module_startup__E</name>
         <load_address>0x3f182d</load_address>
         <run_address>0x3f182d</run_address>
         <size>0x32</size>
         <input_file_ref idref="fl-12"/>
      </object_component>
      <object_component id="oc-25a">
         <name>.text:_xdc_runtime_Error_print__E</name>
         <load_address>0x3f185f</load_address>
         <run_address>0x3f185f</run_address>
         <size>0x31</size>
         <input_file_ref idref="fl-1c"/>
      </object_component>
      <object_component id="oc-2ae">
         <name>.text:_xdc_runtime_LoggerBuf_Instance_init__E</name>
         <load_address>0x3f1890</load_address>
         <run_address>0x3f1890</run_address>
         <size>0x2f</size>
         <input_file_ref idref="fl-1f"/>
      </object_component>
      <object_component id="oc-164">
         <name>.text:_xdc_runtime_Startup_exec__E</name>
         <load_address>0x3f18bf</load_address>
         <run_address>0x3f18bf</run_address>
         <size>0x2f</size>
         <input_file_ref idref="fl-21"/>
      </object_component>
      <object_component id="oc-186">
         <name>.text:.bootCodeSection:_ti_catalog_c2800_init_Boot_configurePll2802x</name>
         <load_address>0x3f18ee</load_address>
         <run_address>0x3f18ee</run_address>
         <size>0x2e</size>
         <input_file_ref idref="fl-17"/>
      </object_component>
      <object_component id="oc-201">
         <name>.text:_ti_sysbios_knl_Swi_runLoop__I</name>
         <load_address>0x3f191c</load_address>
         <run_address>0x3f191c</run_address>
         <size>0x2e</size>
         <input_file_ref idref="fl-12"/>
      </object_component>
      <object_component id="oc-1d0">
         <name>.text:_ti_sysbios_knl_Swi_schedule__I</name>
         <load_address>0x3f194a</load_address>
         <run_address>0x3f194a</run_address>
         <size>0x2e</size>
         <input_file_ref idref="fl-12"/>
      </object_component>
      <object_component id="oc-22a">
         <name>.text:_ti_sysbios_knl_Task_schedule__I</name>
         <load_address>0x3f1978</load_address>
         <run_address>0x3f1978</run_address>
         <size>0x2e</size>
         <input_file_ref idref="fl-12"/>
      </object_component>
      <object_component id="oc-2ce">
         <name>.text:_ti_sysbios_family_c28_Hwi_getInterruptFlag__E</name>
         <load_address>0x3f19a6</load_address>
         <run_address>0x3f19a6</run_address>
         <size>0x2d</size>
         <input_file_ref idref="fl-12"/>
      </object_component>
      <object_component id="oc-1d7">
         <name>.text:_xdc_runtime_Assert_raise__I</name>
         <load_address>0x3f19d3</load_address>
         <run_address>0x3f19d3</run_address>
         <size>0x2d</size>
         <input_file_ref idref="fl-18"/>
      </object_component>
      <object_component id="oc-219">
         <name>.text:_xdc_runtime_Core_assignParams__I</name>
         <load_address>0x3f1a00</load_address>
         <run_address>0x3f1a00</run_address>
         <size>0x2d</size>
         <input_file_ref idref="fl-1b"/>
      </object_component>
      <object_component id="oc-1c0">
         <name>.text:_ti_sysbios_family_c28_Timer_start__E</name>
         <load_address>0x3f1a2d</load_address>
         <run_address>0x3f1a2d</run_address>
         <size>0x2c</size>
         <input_file_ref idref="fl-12"/>
      </object_component>
      <object_component id="oc-280">
         <name>.text:_xdc_runtime_LoggerBuf_Object__create__S</name>
         <load_address>0x3f1a59</load_address>
         <run_address>0x3f1a59</run_address>
         <size>0x2c</size>
         <input_file_ref idref="fl-a"/>
      </object_component>
      <object_component id="oc-2ca">
         <name>.text:_xdc_runtime_HeapStd_Object__create__S</name>
         <load_address>0x3f1a85</load_address>
         <run_address>0x3f1a85</run_address>
         <size>0x2b</size>
         <input_file_ref idref="fl-a"/>
      </object_component>
      <object_component id="oc-1ee">
         <name>.text:_xdc_runtime_Error_setX__E</name>
         <load_address>0x3f1ab0</load_address>
         <run_address>0x3f1ab0</run_address>
         <size>0x2a</size>
         <input_file_ref idref="fl-1c"/>
      </object_component>
      <object_component id="oc-23a">
         <name>.text:_ti_sysbios_family_c28_Hwi_getStackInfo__E</name>
         <load_address>0x3f1ada</load_address>
         <run_address>0x3f1ada</run_address>
         <size>0x29</size>
         <input_file_ref idref="fl-12"/>
      </object_component>
      <object_component id="oc-94">
         <name>.text:_ti_sysbios_family_c28_Hwi_unPluggedInterrupt__I</name>
         <load_address>0x3f1b03</load_address>
         <run_address>0x3f1b03</run_address>
         <size>0x29</size>
         <input_file_ref idref="fl-12"/>
      </object_component>
      <object_component id="oc-2b3">
         <name>.text:_xdc_runtime_Text_xprintf__I</name>
         <load_address>0x3f1b2c</load_address>
         <run_address>0x3f1b2c</run_address>
         <size>0x29</size>
         <input_file_ref idref="fl-24"/>
      </object_component>
      <object_component id="oc-1cf">
         <name>.text</name>
         <load_address>0x3f1b55</load_address>
         <run_address>0x3f1b55</run_address>
         <size>0x29</size>
         <input_file_ref idref="fl-3c"/>
      </object_component>
      <object_component id="oc-2b0">
         <name>.text:_ti_sysbios_family_c28_Timer_getExpiredCounts64__E</name>
         <load_address>0x3f1b7e</load_address>
         <run_address>0x3f1b7e</run_address>
         <size>0x28</size>
         <input_file_ref idref="fl-12"/>
      </object_component>
      <object_component id="oc-200">
         <name>.text:_xdc_runtime_SysMin_flush__E</name>
         <load_address>0x3f1ba6</load_address>
         <run_address>0x3f1ba6</run_address>
         <size>0x26</size>
         <input_file_ref idref="fl-23"/>
      </object_component>
      <object_component id="oc-2b1">
         <name>.text:_ti_sysbios_family_c28_Timer_getExpiredCounts__E</name>
         <load_address>0x3f1bcc</load_address>
         <run_address>0x3f1bcc</run_address>
         <size>0x25</size>
         <input_file_ref idref="fl-12"/>
      </object_component>
      <object_component id="oc-163">
         <name>.text</name>
         <load_address>0x3f1bf1</load_address>
         <run_address>0x3f1bf1</run_address>
         <size>0x24</size>
         <input_file_ref idref="fl-38"/>
      </object_component>
      <object_component id="oc-18d">
         <name>.text:_xdc_runtime_System_processAtExit__E</name>
         <load_address>0x3f1c15</load_address>
         <run_address>0x3f1c15</run_address>
         <size>0x23</size>
         <input_file_ref idref="fl-22"/>
      </object_component>
      <object_component id="oc-1ad">
         <name>.text:_ti_sysbios_knl_Swi_post__E</name>
         <load_address>0x3f1c38</load_address>
         <run_address>0x3f1c38</run_address>
         <size>0x22</size>
         <input_file_ref idref="fl-12"/>
      </object_component>
      <object_component id="oc-20f">
         <name>.text:_ti_sysbios_knl_Task_blockI__E</name>
         <load_address>0x3f1c5a</load_address>
         <run_address>0x3f1c5a</run_address>
         <size>0x22</size>
         <input_file_ref idref="fl-12"/>
      </object_component>
      <object_component id="oc-2b8">
         <name>.text:_ti_sysbios_family_c28_Timer_setPrescale__E</name>
         <load_address>0x3f1c7c</load_address>
         <run_address>0x3f1c7c</run_address>
         <size>0x20</size>
         <input_file_ref idref="fl-12"/>
      </object_component>
      <object_component id="oc-1e8">
         <name>.text:_ti_sysbios_knl_Task_allBlockedFunction__I</name>
         <load_address>0x3f1c9c</load_address>
         <run_address>0x3f1c9c</run_address>
         <size>0x20</size>
         <input_file_ref idref="fl-12"/>
      </object_component>
      <object_component id="oc-2ba">
         <name>.text:_ti_sysbios_knl_Task_exit__E</name>
         <load_address>0x3f1cbc</load_address>
         <run_address>0x3f1cbc</run_address>
         <size>0x20</size>
         <input_file_ref idref="fl-12"/>
      </object_component>
      <object_component id="oc-254">
         <name>.text:_xdc_runtime_LoggerBuf_filterOutEvent__I</name>
         <load_address>0x3f1cdc</load_address>
         <run_address>0x3f1cdc</run_address>
         <size>0x1e</size>
         <input_file_ref idref="fl-1f"/>
      </object_component>
      <object_component id="oc-197">
         <name>.text:_xdc_runtime_System_atexit__E</name>
         <load_address>0x3f1cfa</load_address>
         <run_address>0x3f1cfa</run_address>
         <size>0x1e</size>
         <input_file_ref idref="fl-22"/>
      </object_component>
      <object_component id="oc-2eb">
         <name>.text:_ti_sysbios_family_c28_TaskSupport_buildTaskStack</name>
         <load_address>0x3f1d18</load_address>
         <run_address>0x3f1d18</run_address>
         <size>0x1d</size>
         <input_file_ref idref="fl-16"/>
      </object_component>
      <object_component id="oc-26b">
         <name>.text:_ti_sysbios_gates_GateHwi_Object__create__S</name>
         <load_address>0x3f1d35</load_address>
         <run_address>0x3f1d35</run_address>
         <size>0x1d</size>
         <input_file_ref idref="fl-a"/>
      </object_component>
      <object_component id="oc-1b3">
         <name>.text:_ti_sysbios_gates_GateMutex_Object__create__S</name>
         <load_address>0x3f1d52</load_address>
         <run_address>0x3f1d52</run_address>
         <size>0x1d</size>
         <input_file_ref idref="fl-a"/>
      </object_component>
      <object_component id="oc-287">
         <name>.text:_xdc_runtime_SysMin_putch__E</name>
         <load_address>0x3f1d6f</load_address>
         <run_address>0x3f1d6f</run_address>
         <size>0x1d</size>
         <input_file_ref idref="fl-23"/>
      </object_component>
      <object_component id="oc-10e">
         <name>.text</name>
         <load_address>0x3f1d8c</load_address>
         <run_address>0x3f1d8c</run_address>
         <size>0x1d</size>
         <input_file_ref idref="fl-35"/>
      </object_component>
      <object_component id="oc-187">
         <name>.text</name>
         <load_address>0x3f1da9</load_address>
         <run_address>0x3f1da9</run_address>
         <size>0x1d</size>
         <input_file_ref idref="fl-39"/>
      </object_component>
      <object_component id="oc-21b">
         <name>.text:_ti_sysbios_knl_Semaphore_construct</name>
         <load_address>0x3f1dc6</load_address>
         <run_address>0x3f1dc6</run_address>
         <size>0x1c</size>
         <input_file_ref idref="fl-a"/>
      </object_component>
      <object_component id="oc-2e6">
         <name>.text:_ti_sysbios_family_c28_Hwi_switchAndDispatch__I</name>
         <load_address>0x3f1de2</load_address>
         <run_address>0x3f1de2</run_address>
         <size>0x1b</size>
         <input_file_ref idref="fl-13"/>
      </object_component>
      <object_component id="oc-232">
         <name>.text:_ti_sysbios_hal_Hwi_checkStack</name>
         <load_address>0x3f1dfd</load_address>
         <run_address>0x3f1dfd</run_address>
         <size>0x1b</size>
         <input_file_ref idref="fl-12"/>
      </object_component>
      <object_component id="oc-2d7">
         <name>.text:_ti_sysbios_knl_Task_processVitalTaskFlag__I</name>
         <load_address>0x3f1e18</load_address>
         <run_address>0x3f1e18</run_address>
         <size>0x1b</size>
         <input_file_ref idref="fl-12"/>
      </object_component>
      <object_component id="oc-1e7">
         <name>.text:_ti_sysbios_knl_Task_restore__E</name>
         <load_address>0x3f1e33</load_address>
         <run_address>0x3f1e33</run_address>
         <size>0x1b</size>
         <input_file_ref idref="fl-12"/>
      </object_component>
      <object_component id="oc-26e">
         <name>.text:_xdc_runtime_SysMin_output__I</name>
         <load_address>0x3f1e4e</load_address>
         <run_address>0x3f1e4e</run_address>
         <size>0x1b</size>
         <input_file_ref idref="fl-a"/>
      </object_component>
      <object_component id="oc-1c9">
         <name>.text:_ti_sysbios_hal_Hwi_initStack</name>
         <load_address>0x3f1e69</load_address>
         <run_address>0x3f1e69</run_address>
         <size>0x1a</size>
         <input_file_ref idref="fl-12"/>
      </object_component>
      <object_component id="oc-2b4">
         <name>.text:_xdc_runtime_System_avprintf__E</name>
         <load_address>0x3f1e83</load_address>
         <run_address>0x3f1e83</run_address>
         <size>0x1a</size>
         <input_file_ref idref="fl-22"/>
      </object_component>
      <object_component id="oc-1c2">
         <name>.text:_ti_sysbios_knl_Swi_restore__E</name>
         <load_address>0x3f1e9d</load_address>
         <run_address>0x3f1e9d</run_address>
         <size>0x19</size>
         <input_file_ref idref="fl-12"/>
      </object_component>
      <object_component id="oc-1f0">
         <name>.text:_xdc_runtime_Error_policyLog__I</name>
         <load_address>0x3f1eb6</load_address>
         <run_address>0x3f1eb6</run_address>
         <size>0x19</size>
         <input_file_ref idref="fl-a"/>
      </object_component>
      <object_component id="oc-1cb">
         <name>.text:_xdc_runtime_System_vprintf__E</name>
         <load_address>0x3f1ecf</load_address>
         <run_address>0x3f1ecf</run_address>
         <size>0x19</size>
         <input_file_ref idref="fl-22"/>
      </object_component>
      <object_component id="oc-202">
         <name>.text:_ti_sysbios_family_xxx_Hwi_switchAndRunFunc</name>
         <load_address>0x3f1ee8</load_address>
         <run_address>0x3f1ee8</run_address>
         <size>0x18</size>
         <input_file_ref idref="fl-13"/>
      </object_component>
      <object_component id="oc-273">
         <name>.text:_ti_sysbios_knl_Queue_construct</name>
         <load_address>0x3f1f00</load_address>
         <run_address>0x3f1f00</run_address>
         <size>0x18</size>
         <input_file_ref idref="fl-a"/>
      </object_component>
      <object_component id="oc-246">
         <name>.text:_xdc_runtime_Memory_valloc__E</name>
         <load_address>0x3f1f18</load_address>
         <run_address>0x3f1f18</run_address>
         <size>0x18</size>
         <input_file_ref idref="fl-20"/>
      </object_component>
      <object_component id="oc-241">
         <name>.text:_xdc_runtime_System_putchar__I</name>
         <load_address>0x3f1f30</load_address>
         <run_address>0x3f1f30</run_address>
         <size>0x18</size>
         <input_file_ref idref="fl-22"/>
      </object_component>
      <object_component id="oc-199">
         <name>.text:_ti_sysbios_family_c28_Timer_startup__E</name>
         <load_address>0x3f1f48</load_address>
         <run_address>0x3f1f48</run_address>
         <size>0x17</size>
         <input_file_ref idref="fl-12"/>
      </object_component>
      <object_component id="oc-191">
         <name>.text:_ti_sysbios_knl_Clock_doTick__I</name>
         <load_address>0x3f1f5f</load_address>
         <run_address>0x3f1f5f</run_address>
         <size>0x17</size>
         <input_file_ref idref="fl-a"/>
      </object_component>
      <object_component id="oc-206">
         <name>.text:_ti_sysbios_knl_Semaphore_pendTimeout__I</name>
         <load_address>0x3f1f76</load_address>
         <run_address>0x3f1f76</run_address>
         <size>0x17</size>
         <input_file_ref idref="fl-12"/>
      </object_component>
      <object_component id="oc-211">
         <name>.text:_ti_sysbios_knl_Task_unblockI__E</name>
         <load_address>0x3f1f8d</load_address>
         <run_address>0x3f1f8d</run_address>
         <size>0x17</size>
         <input_file_ref idref="fl-12"/>
      </object_component>
      <object_component id="oc-25d">
         <name>.text:_xdc_runtime_LoggerBuf_Module_startup__E</name>
         <load_address>0x3f1fa4</load_address>
         <run_address>0x3f1fa4</run_address>
         <size>0x17</size>
         <input_file_ref idref="fl-1f"/>
      </object_component>
      <object_component id="oc-25b">
         <name>.text:_xdc_runtime_SysMin_abort__E</name>
         <load_address>0x3f1fbb</load_address>
         <run_address>0x3f1fbb</run_address>
         <size>0x17</size>
         <input_file_ref idref="fl-23"/>
      </object_component>
      <object_component id="oc-196">
         <name>.text:_ti_sysbios_BIOS_atExitFunc__I</name>
         <load_address>0x3f1fd2</load_address>
         <run_address>0x3f1fd2</run_address>
         <size>0x16</size>
         <input_file_ref idref="fl-a"/>
      </object_component>
      <object_component id="oc-262">
         <name>.text:_ti_sysbios_family_c28_Timer_Module_startup__E</name>
         <load_address>0x3f1fe8</load_address>
         <run_address>0x3f1fe8</run_address>
         <size>0x16</size>
         <input_file_ref idref="fl-12"/>
      </object_component>
      <object_component id="oc-28a">
         <name>.text:_xdc_runtime_LoggerBuf_reset__E</name>
         <load_address>0x3f1ffe</load_address>
         <run_address>0x3f1ffe</run_address>
         <size>0x16</size>
         <input_file_ref idref="fl-1f"/>
      </object_component>
      <object_component id="oc-178">
         <name>.text:_ti_sysbios_BIOS_startFunc__I</name>
         <load_address>0x3f2014</load_address>
         <run_address>0x3f2014</run_address>
         <size>0x15</size>
         <input_file_ref idref="fl-a"/>
      </object_component>
      <object_component id="oc-264">
         <name>.text:_ti_sysbios_knl_Swi_Module_startup__E</name>
         <load_address>0x3f2029</load_address>
         <run_address>0x3f2029</run_address>
         <size>0x15</size>
         <input_file_ref idref="fl-12"/>
      </object_component>
      <object_component id="oc-2e7">
         <name>.text:_ti_sysbios_knl_Task_restoreHwi__E</name>
         <load_address>0x3f203e</load_address>
         <run_address>0x3f203e</run_address>
         <size>0x15</size>
         <input_file_ref idref="fl-12"/>
      </object_component>
      <object_component id="oc-2d3">
         <name>.text:_xdc_runtime_Text_printVisFxn__I</name>
         <load_address>0x3f2053</load_address>
         <run_address>0x3f2053</run_address>
         <size>0x15</size>
         <input_file_ref idref="fl-24"/>
      </object_component>
      <object_component id="oc-19f">
         <name>.text:_ti_sysbios_knl_Idle_run__E</name>
         <load_address>0x3f2068</load_address>
         <run_address>0x3f2068</run_address>
         <size>0x14</size>
         <input_file_ref idref="fl-12"/>
      </object_component>
      <object_component id="oc-1b4">
         <name>.text:_ti_sysbios_gates_GateMutex_Object__delete__S</name>
         <load_address>0x3f207c</load_address>
         <run_address>0x3f207c</run_address>
         <size>0x13</size>
         <input_file_ref idref="fl-a"/>
      </object_component>
      <object_component id="oc-26c">
         <name>.text:_ti_sysbios_gates_GateHwi_Object__delete__S</name>
         <load_address>0x3f208f</load_address>
         <run_address>0x3f208f</run_address>
         <size>0x12</size>
         <input_file_ref idref="fl-a"/>
      </object_component>
      <object_component id="oc-263">
         <name>.text:_ti_sysbios_knl_Clock_Module_startup__E</name>
         <load_address>0x3f20a1</load_address>
         <run_address>0x3f20a1</run_address>
         <size>0x12</size>
         <input_file_ref idref="fl-12"/>
      </object_component>
      <object_component id="oc-281">
         <name>.text:_xdc_runtime_LoggerBuf_Object__delete__S</name>
         <load_address>0x3f20b3</load_address>
         <run_address>0x3f20b3</run_address>
         <size>0x12</size>
         <input_file_ref idref="fl-a"/>
      </object_component>
      <object_component id="oc-237">
         <name>.text:_ti_sysbios_BIOS_errorRaiseHook__I</name>
         <load_address>0x3f20c5</load_address>
         <run_address>0x3f20c5</run_address>
         <size>0x11</size>
         <input_file_ref idref="fl-a"/>
      </object_component>
      <object_component id="oc-2cb">
         <name>.text:_xdc_runtime_HeapStd_Object__delete__S</name>
         <load_address>0x3f20d6</load_address>
         <run_address>0x3f20d6</run_address>
         <size>0x11</size>
         <input_file_ref idref="fl-a"/>
      </object_component>
      <object_component id="oc-166">
         <name>.text</name>
         <load_address>0x3f20e7</load_address>
         <run_address>0x3f20e7</run_address>
         <size>0x11</size>
         <input_file_ref idref="fl-3e"/>
      </object_component>
      <object_component id="oc-2b7">
         <name>.text:_ti_sysbios_family_c28_Timer_stop__E</name>
         <load_address>0x3f20f8</load_address>
         <run_address>0x3f20f8</run_address>
         <size>0x10</size>
         <input_file_ref idref="fl-12"/>
      </object_component>
      <object_component id="oc-20e">
         <name>.text:_ti_sysbios_knl_Task_enabled__E</name>
         <load_address>0x3f2108</load_address>
         <run_address>0x3f2108</run_address>
         <size>0x10</size>
         <input_file_ref idref="fl-12"/>
      </object_component>
      <object_component id="oc-25f">
         <name>.text:_xdc_runtime_SysMin_Module_startup__E</name>
         <load_address>0x3f2118</load_address>
         <run_address>0x3f2118</run_address>
         <size>0x10</size>
         <input_file_ref idref="fl-23"/>
      </object_component>
      <object_component id="oc-185">
         <name>.text:.bootCodeSection:_ti_catalog_c2800_init_Boot_disableWatchdog</name>
         <load_address>0x3f2128</load_address>
         <run_address>0x3f2128</run_address>
         <size>0xf</size>
         <input_file_ref idref="fl-17"/>
      </object_component>
      <object_component id="oc-19d">
         <name>.text:_ti_sysbios_BIOS_removeRTSLock__I</name>
         <load_address>0x3f2137</load_address>
         <run_address>0x3f2137</run_address>
         <size>0xf</size>
         <input_file_ref idref="fl-a"/>
      </object_component>
      <object_component id="oc-1dd">
         <name>.text:_ti_sysbios_gates_GateMutex_Instance_init__E</name>
         <load_address>0x3f2146</load_address>
         <run_address>0x3f2146</run_address>
         <size>0xf</size>
         <input_file_ref idref="fl-12"/>
      </object_component>
      <object_component id="oc-184">
         <name>.text:_xdc_runtime_Error_raiseX__E</name>
         <load_address>0x3f2155</load_address>
         <run_address>0x3f2155</run_address>
         <size>0xf</size>
         <input_file_ref idref="fl-1c"/>
      </object_component>
      <object_component id="oc-2d1">
         <name>.text:_xdc_runtime_Registry_findById__E</name>
         <load_address>0x3f2164</load_address>
         <run_address>0x3f2164</run_address>
         <size>0xf</size>
         <input_file_ref idref="fl-27"/>
      </object_component>
      <object_component id="oc-21c">
         <name>.text:_ti_sysbios_knl_Semaphore_destruct</name>
         <load_address>0x3f2173</load_address>
         <run_address>0x3f2173</run_address>
         <size>0xe</size>
         <input_file_ref idref="fl-a"/>
      </object_component>
      <object_component id="oc-297">
         <name>.text:_ti_sysbios_knl_Swi_Object__get__S</name>
         <load_address>0x3f2181</load_address>
         <run_address>0x3f2181</run_address>
         <size>0xe</size>
         <input_file_ref idref="fl-a"/>
      </object_component>
      <object_component id="oc-29a">
         <name>.text:_ti_sysbios_knl_Task_Object__get__S</name>
         <load_address>0x3f218f</load_address>
         <run_address>0x3f218f</run_address>
         <size>0xe</size>
         <input_file_ref idref="fl-a"/>
      </object_component>
      <object_component id="oc-289">
         <name>.text:_xdc_runtime_LoggerBuf_Object__get__S</name>
         <load_address>0x3f219d</load_address>
         <run_address>0x3f219d</run_address>
         <size>0xe</size>
         <input_file_ref idref="fl-a"/>
      </object_component>
      <object_component id="oc-198">
         <name>.text:_ti_sysbios_BIOS_registerRTSLock__I</name>
         <load_address>0x3f21ab</load_address>
         <run_address>0x3f21ab</run_address>
         <size>0xd</size>
         <input_file_ref idref="fl-a"/>
      </object_component>
      <object_component id="oc-1bd">
         <name>.text:_ti_sysbios_BIOS_rtsLock__I</name>
         <load_address>0x3f21b8</load_address>
         <run_address>0x3f21b8</run_address>
         <size>0xd</size>
         <input_file_ref idref="fl-a"/>
      </object_component>
      <object_component id="oc-2d5">
         <name>.text:_ti_sysbios_family_c28_Hwi_dispatchC__I</name>
         <load_address>0x3f21c5</load_address>
         <run_address>0x3f21c5</run_address>
         <size>0xd</size>
         <input_file_ref idref="fl-12"/>
      </object_component>
      <object_component id="oc-24e">
         <name>.text:_ti_sysbios_family_c28_TaskSupport_checkStack__E</name>
         <load_address>0x3f21d2</load_address>
         <run_address>0x3f21d2</run_address>
         <size>0xd</size>
         <input_file_ref idref="fl-12"/>
      </object_component>
      <object_component id="oc-231">
         <name>.text:_ti_sysbios_family_c28_TaskSupport_swap__E</name>
         <load_address>0x3f21df</load_address>
         <run_address>0x3f21df</run_address>
         <size>0xd</size>
         <input_file_ref idref="fl-16"/>
      </object_component>
      <object_component id="oc-210">
         <name>.text:_ti_sysbios_knl_Clock_enqueueI__E</name>
         <load_address>0x3f21ec</load_address>
         <run_address>0x3f21ec</run_address>
         <size>0xd</size>
         <input_file_ref idref="fl-12"/>
      </object_component>
      <object_component id="oc-274">
         <name>.text:_ti_sysbios_knl_Queue_destruct</name>
         <load_address>0x3f21f9</load_address>
         <run_address>0x3f21f9</run_address>
         <size>0xd</size>
         <input_file_ref idref="fl-a"/>
      </object_component>
      <object_component id="oc-2bb">
         <name>.text:_ti_sysbios_knl_Task_enter__I</name>
         <load_address>0x3f2206</load_address>
         <run_address>0x3f2206</run_address>
         <size>0xd</size>
         <input_file_ref idref="fl-12"/>
      </object_component>
      <object_component id="oc-2a2">
         <name>.text:_xdc_runtime_Error_check__E</name>
         <load_address>0x3f2213</load_address>
         <run_address>0x3f2213</run_address>
         <size>0xd</size>
         <input_file_ref idref="fl-1c"/>
      </object_component>
      <object_component id="oc-1f4">
         <name>.text:_xdc_runtime_System_abort__E</name>
         <load_address>0x3f2220</load_address>
         <run_address>0x3f2220</run_address>
         <size>0xd</size>
         <input_file_ref idref="fl-22"/>
      </object_component>
      <object_component id="oc-179">
         <name>.text:_ti_sysbios_BIOS_exitFunc__I</name>
         <load_address>0x3f222d</load_address>
         <run_address>0x3f222d</run_address>
         <size>0xc</size>
         <input_file_ref idref="fl-a"/>
      </object_component>
      <object_component id="oc-2e8">
         <name>.text:_ti_sysbios_family_c28_Hwi_disableIER__E</name>
         <load_address>0x3f2239</load_address>
         <run_address>0x3f2239</run_address>
         <size>0xc</size>
         <input_file_ref idref="fl-a"/>
      </object_component>
      <object_component id="oc-1b2">
         <name>.text:_ti_sysbios_gates_GateMutex_leave__E</name>
         <load_address>0x3f2245</load_address>
         <run_address>0x3f2245</run_address>
         <size>0xc</size>
         <input_file_ref idref="fl-12"/>
      </object_component>
      <object_component id="oc-2c0">
         <name>.text:_ti_sysbios_knl_Queue_put__E</name>
         <load_address>0x3f2251</load_address>
         <run_address>0x3f2251</run_address>
         <size>0xc</size>
         <input_file_ref idref="fl-12"/>
      </object_component>
      <object_component id="oc-27c">
         <name>.text:_xdc_runtime_LoggerBuf_write2__E</name>
         <load_address>0x3f225d</load_address>
         <run_address>0x3f225d</run_address>
         <size>0xc</size>
         <input_file_ref idref="fl-1f"/>
      </object_component>
      <object_component id="oc-1ce">
         <name>.text:_xdc_runtime_SysMin_exit__E</name>
         <load_address>0x3f2269</load_address>
         <run_address>0x3f2269</run_address>
         <size>0xc</size>
         <input_file_ref idref="fl-23"/>
      </object_component>
      <object_component id="oc-29d">
         <name>.text:_ti_sysbios_family_c28_Hwi_Module__startupDone__F</name>
         <load_address>0x3f2275</load_address>
         <run_address>0x3f2275</run_address>
         <size>0xb</size>
         <input_file_ref idref="fl-a"/>
      </object_component>
      <object_component id="oc-292">
         <name>.text:_ti_sysbios_family_c28_Hwi_Object__get__S</name>
         <load_address>0x3f2280</load_address>
         <run_address>0x3f2280</run_address>
         <size>0xb</size>
         <input_file_ref idref="fl-a"/>
      </object_component>
      <object_component id="oc-224">
         <name>.text:_ti_sysbios_family_c28_Hwi_enableIER__E</name>
         <load_address>0x3f228b</load_address>
         <run_address>0x3f228b</run_address>
         <size>0xb</size>
         <input_file_ref idref="fl-a"/>
      </object_component>
      <object_component id="oc-294">
         <name>.text:_ti_sysbios_family_c28_Timer_Module__startupDone__F</name>
         <load_address>0x3f2296</load_address>
         <run_address>0x3f2296</run_address>
         <size>0xb</size>
         <input_file_ref idref="fl-a"/>
      </object_component>
      <object_component id="oc-2bd">
         <name>.text:_ti_sysbios_knl_Queue_Object__get__S</name>
         <load_address>0x3f22a1</load_address>
         <run_address>0x3f22a1</run_address>
         <size>0xb</size>
         <input_file_ref idref="fl-a"/>
      </object_component>
      <object_component id="oc-2af">
         <name>.text:_xdc_runtime_LoggerBuf_Instance_finalize__E</name>
         <load_address>0x3f22ac</load_address>
         <run_address>0x3f22ac</run_address>
         <size>0xb</size>
         <input_file_ref idref="fl-1f"/>
      </object_component>
      <object_component id="oc-27b">
         <name>.text:_xdc_runtime_LoggerBuf_write1__E</name>
         <load_address>0x3f22b7</load_address>
         <run_address>0x3f22b7</run_address>
         <size>0xb</size>
         <input_file_ref idref="fl-1f"/>
      </object_component>
      <object_component id="oc-21d">
         <name>.text:_xdc_runtime_Memory_free__E</name>
         <load_address>0x3f22c2</load_address>
         <run_address>0x3f22c2</run_address>
         <size>0xb</size>
         <input_file_ref idref="fl-20"/>
      </object_component>
      <object_component id="oc-167">
         <name>.text:_xdc_runtime_System_exit__E</name>
         <load_address>0x3f22cd</load_address>
         <run_address>0x3f22cd</run_address>
         <size>0xb</size>
         <input_file_ref idref="fl-22"/>
      </object_component>
      <object_component id="oc-118">
         <name>.text</name>
         <load_address>0x3f22d8</load_address>
         <run_address>0x3f22d8</run_address>
         <size>0xb</size>
         <input_file_ref idref="fl-37"/>
      </object_component>
      <object_component id="oc-233">
         <name>.text:_xdc_runtime_Error_init__E</name>
         <load_address>0x3f22e3</load_address>
         <run_address>0x3f22e3</run_address>
         <size>0xa</size>
         <input_file_ref idref="fl-1c"/>
      </object_component>
      <object_component id="oc-27a">
         <name>.text:_xdc_runtime_LoggerBuf_write0__E</name>
         <load_address>0x3f22ed</load_address>
         <run_address>0x3f22ed</run_address>
         <size>0xa</size>
         <input_file_ref idref="fl-1f"/>
      </object_component>
      <object_component id="oc-2d4">
         <name>.text:_xdc_runtime_System_vsnprintf__E</name>
         <load_address>0x3f22f7</load_address>
         <run_address>0x3f22f7</run_address>
         <size>0xa</size>
         <input_file_ref idref="fl-22"/>
      </object_component>
      <object_component id="oc-204">
         <name>.text:_xdc_runtime_Text_ropeText__E</name>
         <load_address>0x3f2301</load_address>
         <run_address>0x3f2301</run_address>
         <size>0xa</size>
         <input_file_ref idref="fl-24"/>
      </object_component>
      <object_component id="oc-1be">
         <name>.text:_ti_sysbios_BIOS_rtsUnlock__I</name>
         <load_address>0x3f230b</load_address>
         <run_address>0x3f230b</run_address>
         <size>0x9</size>
         <input_file_ref idref="fl-a"/>
      </object_component>
      <object_component id="oc-228">
         <name>.text:_ti_sysbios_family_c28_Hwi_restoreIER__E</name>
         <load_address>0x3f2314</load_address>
         <run_address>0x3f2314</run_address>
         <size>0x9</size>
         <input_file_ref idref="fl-a"/>
      </object_component>
      <object_component id="oc-2ef">
         <name>.text:_ti_sysbios_family_c28_TaskSupport_glue</name>
         <load_address>0x3f231d</load_address>
         <run_address>0x3f231d</run_address>
         <size>0x9</size>
         <input_file_ref idref="fl-16"/>
      </object_component>
      <object_component id="oc-26d">
         <name>.text:_ti_sysbios_gates_GateHwi_Handle__label__S</name>
         <load_address>0x3f2326</load_address>
         <run_address>0x3f2326</run_address>
         <size>0x9</size>
         <input_file_ref idref="fl-a"/>
      </object_component>
      <object_component id="oc-1b5">
         <name>.text:_ti_sysbios_gates_GateMutex_Handle__label__S</name>
         <load_address>0x3f232f</load_address>
         <run_address>0x3f232f</run_address>
         <size>0x9</size>
         <input_file_ref idref="fl-a"/>
      </object_component>
      <object_component id="oc-266">
         <name>.text:_ti_sysbios_hal_Hwi_Module_startup__E</name>
         <load_address>0x3f2338</load_address>
         <run_address>0x3f2338</run_address>
         <size>0x9</size>
         <input_file_ref idref="fl-12"/>
      </object_component>
      <object_component id="oc-267">
         <name>.text:_ti_sysbios_hal_Timer_Module_startup__E</name>
         <load_address>0x3f2341</load_address>
         <run_address>0x3f2341</run_address>
         <size>0x9</size>
         <input_file_ref idref="fl-12"/>
      </object_component>
      <object_component id="oc-2bc">
         <name>.text:_ti_sysbios_knl_Task_SupportProxy_start__E</name>
         <load_address>0x3f234a</load_address>
         <run_address>0x3f234a</run_address>
         <size>0x9</size>
         <input_file_ref idref="fl-a"/>
      </object_component>
      <object_component id="oc-2be">
         <name>.text:_ti_sysbios_knl_Task_unblock__E</name>
         <load_address>0x3f2353</load_address>
         <run_address>0x3f2353</run_address>
         <size>0x9</size>
         <input_file_ref idref="fl-12"/>
      </object_component>
      <object_component id="oc-2cc">
         <name>.text:_xdc_runtime_HeapStd_Handle__label__S</name>
         <load_address>0x3f235c</load_address>
         <run_address>0x3f235c</run_address>
         <size>0x9</size>
         <input_file_ref idref="fl-a"/>
      </object_component>
      <object_component id="oc-282">
         <name>.text:_xdc_runtime_LoggerBuf_Handle__label__S</name>
         <load_address>0x3f2365</load_address>
         <run_address>0x3f2365</run_address>
         <size>0x9</size>
         <input_file_ref idref="fl-a"/>
      </object_component>
      <object_component id="oc-1a4">
         <name>.text:_xdc_runtime_Startup_exec__I</name>
         <load_address>0x3f236e</load_address>
         <run_address>0x3f236e</run_address>
         <size>0x9</size>
         <input_file_ref idref="fl-a"/>
      </object_component>
      <object_component id="oc-1b8">
         <name>.text</name>
         <load_address>0x3f2377</load_address>
         <run_address>0x3f2377</run_address>
         <size>0x9</size>
         <input_file_ref idref="fl-3d"/>
      </object_component>
      <object_component id="oc-19e">
         <name>.text:_ti_sysbios_BIOS_setThreadType__E</name>
         <load_address>0x3f2380</load_address>
         <run_address>0x3f2380</run_address>
         <size>0x8</size>
         <input_file_ref idref="fl-12"/>
      </object_component>
      <object_component id="oc-1de">
         <name>.text:_ti_sysbios_gates_GateMutex_Instance_finalize__E</name>
         <load_address>0x3f2388</load_address>
         <run_address>0x3f2388</run_address>
         <size>0x8</size>
         <input_file_ref idref="fl-12"/>
      </object_component>
      <object_component id="oc-1b0">
         <name>.text:_ti_sysbios_gates_GateMutex_query__E</name>
         <load_address>0x3f2390</load_address>
         <run_address>0x3f2390</run_address>
         <size>0x8</size>
         <input_file_ref idref="fl-12"/>
      </object_component>
      <object_component id="oc-24a">
         <name>.text:_ti_sysbios_knl_Semaphore_Instance_finalize__E</name>
         <load_address>0x3f2398</load_address>
         <run_address>0x3f2398</run_address>
         <size>0x8</size>
         <input_file_ref idref="fl-12"/>
      </object_component>
      <object_component id="oc-2a4">
         <name>.text:_xdc_runtime_IHeap_alloc</name>
         <load_address>0x3f23a0</load_address>
         <run_address>0x3f23a0</run_address>
         <size>0x8</size>
         <input_file_ref idref="fl-a"/>
      </object_component>
      <object_component id="oc-21a">
         <name>.text:_xdc_runtime_Memory_calloc__E</name>
         <load_address>0x3f23a8</load_address>
         <run_address>0x3f23a8</run_address>
         <size>0x8</size>
         <input_file_ref idref="fl-20"/>
      </object_component>
      <object_component id="oc-23d">
         <name>.text:_xdc_runtime_SysMin_ready__E</name>
         <load_address>0x3f23b0</load_address>
         <run_address>0x3f23b0</run_address>
         <size>0x8</size>
         <input_file_ref idref="fl-23"/>
      </object_component>
      <object_component id="oc-23f">
         <name>.text</name>
         <load_address>0x3f23b8</load_address>
         <run_address>0x3f23b8</run_address>
         <size>0x8</size>
         <input_file_ref idref="fl-41"/>
      </object_component>
      <object_component id="oc-162">
         <name>.text:.bootCodeSection:_ti_catalog_c2800_init_Boot_init</name>
         <load_address>0x3f23c0</load_address>
         <run_address>0x3f23c0</run_address>
         <size>0x7</size>
         <input_file_ref idref="fl-a"/>
      </object_component>
      <object_component id="oc-1ac">
         <name>.text:_ti_sysbios_knl_Queue_empty__E</name>
         <load_address>0x3f23c7</load_address>
         <run_address>0x3f23c7</run_address>
         <size>0x7</size>
         <input_file_ref idref="fl-12"/>
      </object_component>
      <object_component id="oc-2c9">
         <name>.text:_xdc_runtime_HeapStd_getStats__E</name>
         <load_address>0x3f23ce</load_address>
         <run_address>0x3f23ce</run_address>
         <size>0x7</size>
         <input_file_ref idref="fl-1e"/>
      </object_component>
      <object_component id="oc-286">
         <name>.text:_xdc_runtime_System_aprintf__E</name>
         <load_address>0x3f23d5</load_address>
         <run_address>0x3f23d5</run_address>
         <size>0x7</size>
         <input_file_ref idref="fl-a"/>
      </object_component>
      <object_component id="oc-1a5">
         <name>.text:_xdc_runtime_System_printf__E</name>
         <load_address>0x3f23dc</load_address>
         <run_address>0x3f23dc</run_address>
         <size>0x7</size>
         <input_file_ref idref="fl-a"/>
      </object_component>
      <object_component id="oc-270">
         <name>.text</name>
         <load_address>0x3f23e3</load_address>
         <run_address>0x3f23e3</run_address>
         <size>0x7</size>
         <input_file_ref idref="fl-3f"/>
      </object_component>
      <object_component id="oc-1a7">
         <name>.text:_ti_sysbios_BIOS_start__E</name>
         <load_address>0x3f23ea</load_address>
         <run_address>0x3f23ea</run_address>
         <size>0x6</size>
         <input_file_ref idref="fl-12"/>
      </object_component>
      <object_component id="oc-1e9">
         <name>.text:_ti_sysbios_family_c28_IntrinsicsSupport_maxbit__E</name>
         <load_address>0x3f23f0</load_address>
         <run_address>0x3f23f0</run_address>
         <size>0x6</size>
         <input_file_ref idref="fl-15"/>
      </object_component>
      <object_component id="oc-190">
         <name>.text:_ti_sysbios_family_c28_TimestampProvider_rolloverFunc__E</name>
         <load_address>0x3f23f6</load_address>
[...]
      </symbol>
      <symbol id="sm-803">
         <name>_ti_sysbios_family_xxx_Hwi_switchAndRunFunc</name>
         <value>0x3f1ee8</value>
         <object_component_ref idref="oc-202"/>
      </symbol>
      <symbol id="sm-8a3">
         <name>_ti_sysbios_family_c28_Hwi_dispatchTable</name>
         <value>0x3f0c35</value>
         <object_component_ref idref="oc-2b5"/>
      </symbol>
      <symbol id="sm-8a4">
         <name>_ti_sysbios_family_c28_Hwi_dispatchPie</name>
         <value>0x3f0c92</value>
         <object_component_ref idref="oc-2b5"/>
      </symbol>
      <symbol id="sm-8b0">
         <name>_ti_sysbios_family_c28_IntrinsicsSupport_maxbit__E</name>
         <value>0x3f23f0</value>
         <object_component_ref idref="oc-1e9"/>
      </symbol>
      <symbol id="sm-8c0">
         <name>_ti_sysbios_family_c28_TaskSupport_buildTaskStack</name>
         <value>0x3f1d18</value>
         <object_component_ref idref="oc-2eb"/>
      </symbol>
      <symbol id="sm-8c1">
         <name>_ti_sysbios_family_c28_TaskSupport_swap__E</name>
         <value>0x3f21df</value>
         <object_component_ref idref="oc-231"/>
      </symbol>
      <symbol id="sm-8c2">
         <name>_ti_sysbios_family_c28_TaskSupport_glue</name>
         <value>0x3f231d</value>
         <object_component_ref idref="oc-2ef"/>
      </symbol>
      <symbol id="sm-8d5">
         <name>_ti_catalog_c2800_init_Boot_configurePll2802x</name>
         <value>0x3f18ee</value>
         <object_component_ref idref="oc-186"/>
      </symbol>
      <symbol id="sm-8d6">
         <name>_ti_catalog_c2800_init_Boot_disableWatchdog</name>
         <value>0x3f2128</value>
         <object_component_ref idref="oc-185"/>
      </symbol>
      <symbol id="sm-8d7">
         <name>_ti_catalog_c2800_init_Boot_defaultLimpAbortFunction</name>
         <value>0x3f249e</value>
         <object_component_ref idref="oc-1c7"/>
      </symbol>
      <symbol id="sm-8ec">
         <name>_xdc_runtime_Assert_raise__I</name>
         <value>0x3f19d3</value>
         <object_component_ref idref="oc-1d7"/>
      </symbol>
      <symbol id="sm-90c">
         <name>_xdc_runtime_Core_deleteObject__I</name>
         <value>0x3f157e</value>
         <object_component_ref idref="oc-1df"/>
      </symbol>
      <symbol id="sm-90d">
         <name>_xdc_runtime_Core_createObject__I</name>
         <value>0x3f09eb</value>
         <object_component_ref idref="oc-1dc"/>
      </symbol>
      <symbol id="sm-925">
         <name>_xdc_runtime_Core_constructObject__I</name>
         <value>0x3f0bac</value>
         <object_component_ref idref="oc-248"/>
      </symbol>
      <symbol id="sm-933">
         <name>_xdc_runtime_Core_assignParams__I</name>
         <value>0x3f1a00</value>
         <object_component_ref idref="oc-219"/>
      </symbol>
      <symbol id="sm-95e">
         <name>_xdc_runtime_Error_getSite__E</name>
         <value>0x3f24a6</value>
         <object_component_ref idref="oc-284"/>
      </symbol>
      <symbol id="sm-95f">
         <name>_xdc_runtime_Error_print__E</name>
         <value>0x3f185f</value>
         <object_component_ref idref="oc-25a"/>
      </symbol>
      <symbol id="sm-960">
         <name>_xdc_runtime_Error_policyDefault__E</name>
         <value>0x3f1246</value>
         <object_component_ref idref="oc-1c6"/>
      </symbol>
      <symbol id="sm-961">
         <name>_xdc_runtime_Error_init__E</name>
         <value>0x3f22e3</value>
         <object_component_ref idref="oc-233"/>
      </symbol>
      <symbol id="sm-962">
         <name>_xdc_runtime_Error_raiseX__E</name>
         <value>0x3f2155</value>
         <object_component_ref idref="oc-184"/>
      </symbol>
      <symbol id="sm-963">
         <name>_xdc_runtime_Error_check__E</name>
         <value>0x3f2213</value>
         <object_component_ref idref="oc-2a2"/>
      </symbol>
      <symbol id="sm-964">
         <name>_xdc_runtime_Error_setX__E</name>
         <value>0x3f1ab0</value>
         <object_component_ref idref="oc-1ee"/>
      </symbol>
      <symbol id="sm-972">
         <name>_xdc_runtime_Gate_leaveSystem__E</name>
         <value>0x3f2414</value>
         <object_component_ref idref="oc-1bc"/>
      </symbol>
      <symbol id="sm-973">
         <name>_xdc_runtime_Gate_enterSystem__E</name>
         <value>0x3f240e</value>
         <object_component_ref idref="oc-1a8"/>
      </symbol>
      <symbol id="sm-9b4">
         <name>_xdc_runtime_HeapStd_isBlocking__E</name>
         <value>0x3f24a8</value>
         <object_component_ref idref="oc-2c8"/>
      </symbol>
      <symbol id="sm-9b5">
         <name>_xdc_runtime_HeapStd_getStats__E</name>
         <value>0x3f23ce</value>
         <object_component_ref idref="oc-2c9"/>
      </symbol>
      <symbol id="sm-9b6">
         <name>_xdc_runtime_HeapStd_free__E</name>
         <value>0x3f110d</value>
         <object_component_ref idref="oc-2c7"/>
      </symbol>
      <symbol id="sm-9b7">
         <name>_xdc_runtime_HeapStd_Instance_init__E</name>
         <value>0x3f0d3c</value>
         <object_component_ref idref="oc-2e3"/>
      </symbol>
      <symbol id="sm-9b8">
         <name>_xdc_runtime_HeapStd_alloc__E</name>
         <value>0x3f05ee</value>
         <object_component_ref idref="oc-2c6"/>
      </symbol>
      <symbol id="sm-a07">
         <name>_xdc_runtime_LoggerBuf_write0__E</name>
         <value>0x3f22ed</value>
         <object_component_ref idref="oc-27a"/>
      </symbol>
      <symbol id="sm-a08">
         <name>_xdc_runtime_LoggerBuf_Instance_init__E</name>
         <value>0x3f1890</value>
         <object_component_ref idref="oc-2ae"/>
      </symbol>
      <symbol id="sm-a09">
         <name>_xdc_runtime_LoggerBuf_Module_startup__E</name>
         <value>0x3f1fa4</value>
         <object_component_ref idref="oc-25d"/>
      </symbol>
      <symbol id="sm-a0a">
         <name>_xdc_runtime_LoggerBuf_reset__E</name>
         <value>0x3f1ffe</value>
         <object_component_ref idref="oc-28a"/>
      </symbol>
      <symbol id="sm-a0b">
         <name>_xdc_runtime_LoggerBuf_Instance_finalize__E</name>
         <value>0x3f22ac</value>
         <object_component_ref idref="oc-2af"/>
      </symbol>
      <symbol id="sm-a0c">
         <name>_xdc_runtime_LoggerBuf_write4__E</name>
         <value>0x3f0f3e</value>
         <object_component_ref idref="oc-27d"/>
      </symbol>
      <symbol id="sm-a0d">
         <name>_xdc_runtime_LoggerBuf_getFilterLevel__E</name>
         <value>0x3f15bb</value>
         <object_component_ref idref="oc-27f"/>
      </symbol>
      <symbol id="sm-a0e">
         <name>_xdc_runtime_LoggerBuf_disable__E</name>
         <value>0x3f242a</value>
         <object_component_ref idref="oc-279"/>
      </symbol>
      <symbol id="sm-a0f">
         <name>_xdc_runtime_LoggerBuf_setFilterLevel__E</name>
         <value>0x3f16ac</value>
         <object_component_ref idref="oc-27e"/>
      </symbol>
      <symbol id="sm-a10">
         <name>_xdc_runtime_LoggerBuf_write8__E</name>
         <value>0x3f0936</value>
         <object_component_ref idref="oc-236"/>
      </symbol>
      <symbol id="sm-a11">
         <name>_xdc_runtime_LoggerBuf_write2__E</name>
         <value>0x3f225d</value>
         <object_component_ref idref="oc-27c"/>
      </symbol>
      <symbol id="sm-a12">
         <name>_xdc_runtime_LoggerBuf_filterOutEvent__I</name>
         <value>0x3f1cdc</value>
         <object_component_ref idref="oc-254"/>
      </symbol>
      <symbol id="sm-a13">
         <name>_xdc_runtime_LoggerBuf_write1__E</name>
         <value>0x3f22b7</value>
         <object_component_ref idref="oc-27b"/>
      </symbol>
      <symbol id="sm-a14">
         <name>_xdc_runtime_LoggerBuf_enable__E</name>
         <value>0x3f241a</value>
         <object_component_ref idref="oc-278"/>
      </symbol>
      <symbol id="sm-a2f">
         <name>_xdc_runtime_Memory_calloc__E</name>
         <value>0x3f23a8</value>
         <object_component_ref idref="oc-21a"/>
      </symbol>
      <symbol id="sm-a30">
         <name>_xdc_runtime_Memory_free__E</name>
         <value>0x3f22c2</value>
         <object_component_ref idref="oc-21d"/>
      </symbol>
      <symbol id="sm-a31">
         <name>_xdc_runtime_Memory_valloc__E</name>
         <value>0x3f1f18</value>
         <object_component_ref idref="oc-246"/>
      </symbol>
      <symbol id="sm-a32">
         <name>_xdc_runtime_Memory_alloc__E</name>
         <value>0x3f1540</value>
         <object_component_ref idref="oc-26f"/>
      </symbol>
      <symbol id="sm-a33">
         <name>_xdc_runtime_Memory_getMaxDefaultTypeAlign__E</name>
         <value>0x3f2440</value>
         <object_component_ref idref="oc-2a3"/>
      </symbol>
      <symbol id="sm-a55">
         <name>_xdc_runtime_Startup_startMods__I</name>
         <value>0x3f102a</value>
         <object_component_ref idref="oc-1ca"/>
      </symbol>
      <symbol id="sm-a56">
         <name>_xdc_runtime_Startup_rtsDone__E</name>
         <value>0x3f2444</value>
         <object_component_ref idref="oc-194"/>
      </symbol>
      <symbol id="sm-a57">
         <name>_xdc_runtime_Startup_exec__E</name>
         <value>0x3f18bf</value>
         <object_component_ref idref="oc-164"/>
      </symbol>
      <symbol id="sm-ade">
         <name>_xdc_runtime_System_formatNum__I</name>
         <value>0x3f17fa</value>
         <object_component_ref idref="oc-240"/>
      </symbol>
      <symbol id="sm-adf">
         <name>_xdc_runtime_System_exit__E</name>
         <value>0x3f22cd</value>
         <object_component_ref idref="oc-167"/>
      </symbol>
      <symbol id="sm-ae0">
         <name>_xdc_runtime_System_exitStd__E</name>
         <value>0x3f2496</value>
         <object_component_ref idref="oc-1aa"/>
      </symbol>
      <symbol id="sm-ae1">
         <name>_xdc_runtime_System_printf_va__F</name>
         <value>0x3f1ecf</value>
         <object_component_ref idref="oc-1cb"/>
      </symbol>
      <symbol id="sm-ae2">
         <name>_xdc_runtime_System_atexit__E</name>
         <value>0x3f1cfa</value>
         <object_component_ref idref="oc-197"/>
      </symbol>
      <symbol id="sm-ae3">
         <name>_xdc_runtime_System_abortStd__E</name>
         <value>0x3f2493</value>
         <object_component_ref idref="oc-25c"/>
      </symbol>
      <symbol id="sm-ae4">
         <name>_xdc_runtime_System_putchar__I</name>
         <value>0x3f1f30</value>
         <object_component_ref idref="oc-241"/>
      </symbol>
      <symbol id="sm-ae5">
         <name>_xdc_runtime_System_snprintf_va__F</name>
         <value>0x3f22f7</value>
         <object_component_ref idref="oc-2d4"/>
      </symbol>
      <symbol id="sm-ae6">
         <name>_xdc_runtime_System_Module_startup__E</name>
         <value>0x3f2484</value>
         <object_component_ref idref="oc-25e"/>
      </symbol>
      <symbol id="sm-ae7">
         <name>_xdc_runtime_System_avprintf__E</name>
         <value>0x3f1e83</value>
         <object_component_ref idref="oc-2b4"/>
      </symbol>
      <symbol id="sm-ae8">
         <name>_xdc_runtime_System_vprintf__E</name>
         <value>0x3f1ecf</value>
         <object_component_ref idref="oc-1cb"/>
      </symbol>
      <symbol id="sm-ae9">
         <name>_xdc_runtime_System_aprintf_va__F</name>
         <value>0x3f1e83</value>
         <object_component_ref idref="oc-2b4"/>
      </symbol>
      <symbol id="sm-aea">
         <name>_xdc_runtime_System_doPrint__I</name>
         <value>0x3f0000</value>
         <object_component_ref idref="oc-1fa"/>
      </symbol>
      <symbol id="sm-aeb">
         <name>_xdc_runtime_System_processAtExit__E</name>
         <value>0x3f1c15</value>
         <object_component_ref idref="oc-18d"/>
      </symbol>
      <symbol id="sm-aec">
         <name>_xdc_runtime_System_vsnprintf__E</name>
         <value>0x3f22f7</value>
         <object_component_ref idref="oc-2d4"/>
      </symbol>
      <symbol id="sm-aed">
         <name>_xdc_runtime_System_abort__E</name>
         <value>0x3f2220</value>
         <object_component_ref idref="oc-1f4"/>
      </symbol>
      <symbol id="sm-b0b">
         <name>_xdc_runtime_SysMin_abort__E</name>
         <value>0x3f1fbb</value>
         <object_component_ref idref="oc-25b"/>
      </symbol>
      <symbol id="sm-b0c">
         <name>_xdc_runtime_SysMin_ready__E</name>
         <value>0x3f23b0</value>
         <object_component_ref idref="oc-23d"/>
      </symbol>
      <symbol id="sm-b0d">
         <name>_xdc_runtime_SysMin_flush__E</name>
         <value>0x3f1ba6</value>
         <object_component_ref idref="oc-200"/>
      </symbol>
      <symbol id="sm-b0e">
         <name>_xdc_runtime_SysMin_Module_startup__E</name>
         <value>0x3f2118</value>
         <object_component_ref idref="oc-25f"/>
      </symbol>
      <symbol id="sm-b0f">
         <name>_xdc_runtime_SysMin_putch__E</name>
         <value>0x3f1d6f</value>
         <object_component_ref idref="oc-287"/>
      </symbol>
      <symbol id="sm-b10">
         <name>_xdc_runtime_SysMin_exit__E</name>
         <value>0x3f2269</value>
         <object_component_ref idref="oc-1ce"/>
      </symbol>
      <symbol id="sm-b4a">
         <name>_xdc_runtime_Text_putLab__E</name>
         <value>0x3f14ff</value>
         <object_component_ref idref="oc-29e"/>
      </symbol>
      <symbol id="sm-b4b">
         <name>_xdc_runtime_Text_printVisFxn__I</name>
         <value>0x3f2053</value>
         <object_component_ref idref="oc-2d3"/>
      </symbol>
      <symbol id="sm-b4c">
         <name>_xdc_runtime_Text_putMod__E</name>
         <value>0x3f16e8</value>
         <object_component_ref idref="oc-2b2"/>
      </symbol>
      <symbol id="sm-b4d">
         <name>_xdc_runtime_Text_xprintf__I</name>
         <value>0x3f1b2c</value>
         <object_component_ref idref="oc-2b3"/>
      </symbol>
      <symbol id="sm-b4e">
         <name>_xdc_runtime_Text_ropeText__E</name>
         <value>0x3f2301</value>
         <object_component_ref idref="oc-204"/>
      </symbol>
      <symbol id="sm-b4f">
         <name>_xdc_runtime_Text_putSite__E</name>
         <value>0x3f12a4</value>
         <object_component_ref idref="oc-285"/>
      </symbol>
      <symbol id="sm-b5b">
         <name>___xdc__init</name>
         <value>0x3f2448</value>
         <object_component_ref idref="oc-168"/>
      </symbol>
      <symbol id="sm-b7b">
         <name>_xdc_runtime_Registry_findById__E</name>
         <value>0x3f2164</value>
         <object_component_ref idref="oc-2d1"/>
      </symbol>
      <symbol id="sm-b96">
         <name>_c_int00</name>
         <value>0x3f1179</value>
         <object_component_ref idref="oc-3a"/>
      </symbol>
      <symbol id="sm-b97">
         <name>__stack</name>
         <value>0x496</value>
         <object_component_ref idref="oc-104"/>
      </symbol>
      <symbol id="sm-ba8">
         <name>FS$$MPY</name>
         <value>0x3f1301</value>
         <object_component_ref idref="oc-109"/>
      </symbol>
      <symbol id="sm-bb9">
         <name>FS$$TOU</name>
         <value>0x3f1d8c</value>
         <object_component_ref idref="oc-10e"/>
      </symbol>
      <symbol id="sm-be5">
         <name>ULL$$MOD</name>
         <value>0x3f058c</value>
         <object_component_ref idref="oc-113"/>
      </symbol>
      <symbol id="sm-be6">
         <name>ULL$$DIV</name>
         <value>0x3f055d</value>
         <object_component_ref idref="oc-113"/>
      </symbol>
      <symbol id="sm-be7">
         <name>LL$$MOD</name>
         <value>0x3f0523</value>
         <object_component_ref idref="oc-113"/>
      </symbol>
      <symbol id="sm-be8">
         <name>LL$$DIV</name>
         <value>0x3f04e7</value>
         <object_component_ref idref="oc-113"/>
      </symbol>
      <symbol id="sm-bf4">
         <name>U$$MOD</name>
         <value>0x3f22dd</value>
         <object_component_ref idref="oc-118"/>
      </symbol>
      <symbol id="sm-bf5">
         <name>U$$DIV</name>
         <value>0x3f22d8</value>
         <object_component_ref idref="oc-118"/>
      </symbol>
      <symbol id="sm-c04">
         <name>_copy_in</name>
         <value>0x3f1bf1</value>
         <object_component_ref idref="oc-163"/>
      </symbol>
      <symbol id="sm-c16">
         <name>_memcpy</name>
         <value>0x3f1da9</value>
         <object_component_ref idref="oc-187"/>
      </symbol>
      <symbol id="sm-c23">
         <name>__system_pre_init</name>
         <value>0x3f24aa</value>
         <object_component_ref idref="oc-161"/>
      </symbol>
      <symbol id="sm-c31">
         <name>__system_post_cinit</name>
         <value>0x3f24b2</value>
         <object_component_ref idref="oc-165"/>
      </symbol>
      <symbol id="sm-c46">
         <name>C$$EXIT</name>
         <value>0x3f1b55</value>
         <object_component_ref idref="oc-1cf"/>
      </symbol>
      <symbol id="sm-c47">
         <name>_exit</name>
         <value>0x3f1b57</value>
         <object_component_ref idref="oc-1cf"/>
      </symbol>
      <symbol id="sm-c49">
         <name>___TI_cleanup_ptr</name>
         <value>0x482</value>
         <object_component_ref idref="oc-133"/>
      </symbol>
      <symbol id="sm-c4a">
         <name>___TI_enable_exit_profile_output</name>
         <value>0x480</value>
         <object_component_ref idref="oc-133"/>
      </symbol>
      <symbol id="sm-c4b">
         <name>_abort</name>
         <value>0x3f1b55</value>
         <object_component_ref idref="oc-1cf"/>
      </symbol>
      <symbol id="sm-c4d">
         <name>___TI_dtors_ptr</name>
         <value>0x484</value>
         <object_component_ref idref="oc-133"/>
      </symbol>
      <symbol id="sm-c61">
         <name>__unlock</name>
         <value>0x48e</value>
         <object_component_ref idref="oc-1e0"/>
      </symbol>
      <symbol id="sm-c62">
         <name>__lock</name>
         <value>0x48c</value>
         <object_component_ref idref="oc-1e1"/>
      </symbol>
      <symbol id="sm-c63">
         <name>__register_lock</name>
         <value>0x3f237b</value>
         <object_component_ref idref="oc-1b8"/>
      </symbol>
      <symbol id="sm-c65">
         <name>__nop</name>
         <value>0x3f237f</value>
         <object_component_ref idref="oc-1b8"/>
      </symbol>
      <symbol id="sm-c67">
         <name>__register_unlock</name>
         <value>0x3f2377</value>
         <object_component_ref idref="oc-1b8"/>
      </symbol>
      <symbol id="sm-c77">
         <name>__args_main</name>
         <value>0x3f20e7</value>
         <object_component_ref idref="oc-166"/>
      </symbol>
      <symbol id="sm-c86">
         <name>_memset</name>
         <value>0x3f23e3</value>
         <object_component_ref idref="oc-270"/>
      </symbol>
      <symbol id="sm-c9d">
         <name>_strlen</name>
         <value>0x3f23b8</value>
         <object_component_ref idref="oc-23f"/>
      </symbol>
      <symbol id="sm-cab">
         <name>_HOSTwrite</name>
         <value>0x3f1720</value>
         <object_component_ref idref="oc-2a1"/>
      </symbol>
      <symbol id="sm-cc4">
         <name>___TI_readmsg</name>
         <value>0x3f0ae2</value>
         <object_component_ref idref="oc-2c3"/>
      </symbol>
      <symbol id="sm-cc6">
         <name>C$$IO$$</name>
         <value>0x3f0add</value>
         <object_component_ref idref="oc-2c3"/>
      </symbol>
      <symbol id="sm-cc7">
         <name>__CIOBUF_</name>
         <value>0x8000</value>
         <object_component_ref idref="oc-157"/>
      </symbol>
      <symbol id="sm-cc8">
         <name>___TI_writemsg</name>
         <value>0x3f0a8a</value>
         <object_component_ref idref="oc-2c3"/>
      </symbol>
      <symbol id="sm-cd5">
         <name>_parmbuf</name>
         <value>0x466</value>
         <object_component_ref idref="oc-2c2"/>
      </symbol>
   </symbol_table>
   <title>Link successful</title>
</link_info>
