******************************************************************************
             TMS320C2000 Linker PC v20.2.5                     
******************************************************************************
>> Linked Sun Nov 27 19:04:33 2022

OUTPUT FILE NAME:   <PotBot.out>
ENTRY POINT SYMBOL: "_c_int00"  address: 003f2155


MEMORY CONFIGURATION

         name            origin    length      used     unused   attr    fill
----------------------  --------  ---------  --------  --------  ----  --------
PAGE 0:
  OTP                   003d7800   00000400  00000000  00000400  RWIX
  FLASH                 003f0000   00007f80  00004300  00003c80  RWIX
  CSM_RSVD              003f7f80   00000076  00000000  00000076  RWIX
  BEGIN                 003f7ff6   00000002  00000002  00000000  RWIX
  CSM_PWL               003f7ff8   00000008  00000000  00000008  RWIX
  IQTABLES              003fe000   00000b50  00000000  00000b50  RWIX
  IQTABLES2             003feb50   0000008c  00000000  0000008c  RWIX
  IQTABLES3             003febdc   000000aa  00000000  000000aa  RWIX
  ROM                   003ff27c   00000d44  00000000  00000d44  RWIX
  RESET                 003fffc0   00000002  00000000  00000002  RWIX
  VECTORS               003fffc2   0000003e  00000000  0000003e  RWIX

PAGE 1:
  M01SARAM              00000000   00000800  000001c2  0000063e  RWIX
  DEV_EMU               00000880   00000105  00000004  00000101  RWIX
  SYS_PWR_CTL           00000985   00000003  00000003  00000000  RWIX
  FLASH_REGS            00000a80   00000060  00000008  00000058  RWIX
  CSM                   00000ae0   00000010  00000010  00000000  RWIX
  ADC_RESULT            00000b00   00000020  00000020  00000000  RWIX
  CPU_TIMER0            00000c00   00000008  00000008  00000000  RWIX
  CPU_TIMER1            00000c08   00000008  00000008  00000000  RWIX
  CPU_TIMER2            00000c10   00000008  00000008  00000000  RWIX
  PIE_CTRL              00000ce0   00000020  0000001a  00000006  RWIX
  PIEVECT               00000d00   00000100  00000000  00000100  RWIX
  COMP1                 00006400   00000020  00000020  00000000  RWIX
  COMP2                 00006420   00000020  00000020  00000000  RWIX
  EPWM1                 00006800   00000040  00000040  00000000  RWIX
  EPWM2                 00006840   00000040  00000040  00000000  RWIX
  EPWM3                 00006880   00000040  00000040  00000000  RWIX
  EPWM4                 000068c0   00000040  00000040  00000000  RWIX
  ECAP1                 00006a00   00000020  00000020  00000000  RWIX
  GPIOCTRL              00006f80   00000040  00000040  00000000  RWIX
  GPIODAT               00006fc0   00000020  00000020  00000000  RWIX
  GPIOINT               00006fe0   00000020  0000000a  00000016  RWIX
  SYSTEM                00007010   00000020  0000001f  00000001  RWIX
  SPIA                  00007040   00000010  00000010  00000000  RWIX
  SCIA                  00007050   00000010  00000010  00000000  RWIX
  NMIINTRUPT            00007060   00000010  00000010  00000000  RWIX
  XINTRUPT              00007070   00000010  00000010  00000000  RWIX
  ADC                   00007100   00000080  00000051  0000002f  RWIX
  I2CA                  00007900   00000040  00000022  0000001e  RWIX
  L0SARAM               00008000   00001000  00000ba4  0000045c  RWIX
  PARTID                003d7fff   00000001  00000001  00000000  RWIX
  CSM_PWL               003f7ff8   00000008  00000008  00000000  RWIX


SECTION ALLOCATION MAP

 output                                  attributes/
section   page    origin      length       input sections
--------  ----  ----------  ----------   ----------------
PieVectTableFile 
*          0    00000d00    00000100     DSECT
                  00000d00    00000100     F2802x_GlobalVariableDefs.obj (PieVectTableFile)

EmuKeyVar 
*          0    00000d00    00000001     DSECT
                  00000d00    00000001     F2802x_GlobalVariableDefs.obj (EmuKeyVar)

EmuBModeVar 
*          0    00000d01    00000001     DSECT
                  00000d01    00000001     F2802x_GlobalVariableDefs.obj (EmuBModeVar)

FlashCallbackVar 
*          0    00000d02    00000002     DSECT
                  00000d02    00000002     F2802x_GlobalVariableDefs.obj (FlashCallbackVar)

FlashScalingVar 
*          0    00000d04    00000002     DSECT
                  00000d04    00000002     F2802x_GlobalVariableDefs.obj (FlashScalingVar)

.cinit     0    003f3708    000006b1     
                  003f3708    0000015f     PotBot_p28L.o28L (.cinit)
                  003f3867    00000103     PotBot_p28L.o28L (.cinit:_ti_sysbios_family_c28_Hwi_Module_State_0_dispatchTable__A)
                  003f396a    000000cb     main.obj (.cinit:_x_array)
                  003f3a35    000000cb     main.obj (.cinit:_y_array)
                  003f3b00    000000b3     PotBot_p28L.o28L (.cinit:_ti_sysbios_knl_Task_Object__table__V)
                  003f3bb3    00000043     PotBot_p28L.o28L (.cinit:_ti_sysbios_family_c28_Hwi_Object__table__V)
                  003f3bf6    00000043     PotBot_p28L.o28L (.cinit:_ti_sysbios_knl_Swi_Module_State_0_readyQ__A)
                  003f3c39    00000043     PotBot_p28L.o28L (.cinit:_ti_sysbios_knl_Task_Module_State_0_readyQ__A)
                  003f3c7c    0000003f     PotBot_p28L.o28L (.cinit:_ti_sysbios_knl_Swi_Object__table__V)
                  003f3cbb    0000003b     PotBot_p28L.o28L (.cinit:_ti_sysbios_utils_Load_Module_State_0_taskEnv__A)
                  003f3cf6    00000021     PotBot_p28L.o28L (.cinit:_ti_sysbios_knl_Semaphore_Object__table__V)
                  003f3d17    0000001b     PotBot_p28L.o28L (.cinit:_ti_sysbios_family_c28_Timer_Object__table__V)
                  003f3d32    00000017     main.obj (.cinit:_z_array)
                  003f3d49    00000015     PotBot_p28L.o28L (.cinit:_xdc_runtime_LoggerBuf_Object__table__V)
                  003f3d5e    00000011     PotBot_p28L.o28L (.cinit:_ti_sysbios_gates_GateMutex_Object__table__V)
                  003f3d6f    0000000e     rts2800_ml.lib : exit.c.obj (.cinit)
                  003f3d7d    0000000b     PotBot_p28L.o28L (.cinit:_xdc_runtime_System_Module_State_0_atexitHandlers__A)
                  003f3d88    00000009     PotBot_p28L.o28L (.cinit:_xdc_runtime_HeapStd_Object__table__V)
                  003f3d91    00000008     main.obj (.cinit)
                  003f3d99    00000005     rts2800_ml.lib : _lock.c.obj (.cinit:__lock)
                  003f3d9e    00000005                    : _lock.c.obj (.cinit:__unlock)
                  003f3da3    00000005     PotBot_p28L.o28L (.cinit:_ti_sysbios_gates_GateHwi_Object__table__V)
                  003f3da8    00000005     PotBot_p28L.o28L (.cinit:_ti_sysbios_knl_Task_Module_State_0_idleTask__A)
                  003f3dad    00000005     PotBot_p28L.o28L (.cinit:_ti_sysbios_utils_Load_Module_State_0_runningTask__A)
                  003f3db2    00000005     PotBot_p28L.o28L (.cinit:_ti_sysbios_utils_Load_Module_State_0_taskStartTime__A)
                  003f3db7    00000002     --HOLE-- [fill = 0]

.econst    0    003f3dba    0000052b     
                  003f3dba    00000100     PotBot_p28L.o28L (.econst:_ti_sysbios_family_c28_Hwi_vectors)
                  003f3eba    0000006b     PotBot_p28L.o28L (.econst:.string)
                  003f3f25    00000001     PotBot_p28L.o28L (.econst:ti_sysbios_family_c28_Hwi_Module__id__C)
                  003f3f26    00000058     ti.targets.rts2800.a28L : Error.o28L (.econst:.string)
                  003f3f7e    00000047                             : Log.o28L (.econst:.string)
                  003f3fc5    00000001     PotBot_p28L.o28L (.econst:ti_sysbios_family_c28_Hwi_Module__loggerDefined__C)
                  003f3fc6    00000031     ti.targets.rts2800.a28L : Text.o28L (.econst:.string)
                  003f3ff7    00000001     PotBot_p28L.o28L (.econst:ti_sysbios_family_c28_Hwi_NUM_INTERRUPTS_ALL__C)
                  003f3ff8    0000002a     ti.targets.rts2800.a28L : Startup.o28L (.econst:.string)
                  003f4022    0000001e     PotBot_p28L.o28L (.econst:xdc_runtime_LoggerBuf_Module__FXNS__C)
                  003f4040    00000019     ti.targets.rts2800.a28L : System.o28L (.econst:.string)
                  003f4059    00000001     PotBot_p28L.o28L (.econst:ti_sysbios_family_c28_Hwi_Object__count__C)
                  003f405a    00000018     PotBot_p28L.o28L (.econst)
                  003f4072    00000014     PotBot_p28L.o28L (.econst:xdc_runtime_HeapStd_Module__FXNS__C)
                  003f4086    00000014     PotBot_p28L.o28L (.econst:xdc_runtime_Startup_sfxnTab__A)
                  003f409a    00000012     PotBot_p28L.o28L (.econst:ti_sysbios_gates_GateHwi_Module__FXNS__C)
                  003f40ac    00000012     PotBot_p28L.o28L (.econst:ti_sysbios_gates_GateMutex_Module__FXNS__C)
                  003f40be    00000012     PotBot_p28L.o28L (.econst:xdc_runtime_LoggerBuf_Object__PARAMS__C)
                  003f40d0    00000010     main.obj (.econst:_$P$T0$1)
                  003f40e0    00000010     main.obj (.econst:_$P$T1$2)
                  003f40f0    00000010     PotBot_p28L.o28L (.econst:ti_sysbios_gates_GateHwi_Object__DESC__C)
                  003f4100    00000010     PotBot_p28L.o28L (.econst:ti_sysbios_gates_GateMutex_Object__DESC__C)
                  003f4110    00000010     PotBot_p28L.o28L (.econst:ti_sysbios_knl_Queue_Object__DESC__C)
                  003f4120    00000010     PotBot_p28L.o28L (.econst:ti_sysbios_knl_Semaphore_Object__DESC__C)
                  003f4130    00000010     PotBot_p28L.o28L (.econst:ti_sysbios_knl_Semaphore_Object__PARAMS__C)
                  003f4140    00000010     PotBot_p28L.o28L (.econst:xdc_runtime_HeapStd_Object__DESC__C)
                  003f4150    00000010     PotBot_p28L.o28L (.econst:xdc_runtime_LoggerBuf_Object__DESC__C)
                  003f4160    0000000e     PotBot_p28L.o28L (.econst:xdc_runtime_HeapStd_Object__PARAMS__C)
                  003f416e    0000000c     PotBot_p28L.o28L (.econst:ti_sysbios_gates_GateHwi_Object__PARAMS__C)
                  003f417a    0000000c     PotBot_p28L.o28L (.econst:ti_sysbios_gates_GateMutex_Object__PARAMS__C)
                  003f4186    0000000c     PotBot_p28L.o28L (.econst:ti_sysbios_knl_Queue_Object__PARAMS__C)
                  003f4192    0000000c     PotBot_p28L.o28L (.econst:ti_sysbios_knl_Swi_hooks__A)
                  003f419e    0000000c     PotBot_p28L.o28L (.econst:ti_sysbios_knl_Task_hooks__A)
                  003f41aa    0000000a     PotBot_p28L.o28L (.econst:ti_sysbios_family_c28_Hwi_hooks__A)
                  003f41b4    0000000a     PotBot_p28L.o28L (.econst:xdc_runtime_Startup_sfxnRts__A)
                  003f41be    00000006     PotBot_p28L.o28L (.econst:ti_sysbios_knl_Idle_funcList__A)
                  003f41c4    00000005     ti.targets.rts2800.a28L : Assert.o28L (.econst:.string)
                  003f41c9    00000001     PotBot_p28L.o28L (.econst:ti_sysbios_family_c28_TaskSupport_Module__id__C)
                  003f41ca    00000004     uart.obj (.econst:.string)
                  003f41ce    00000004     PotBot_p28L.o28L (.econst:ti_sysbios_family_c28_Hwi_hooks__C)
                  003f41d2    00000004     PotBot_p28L.o28L (.econst:ti_sysbios_knl_Idle_funcList__C)
                  003f41d6    00000004     PotBot_p28L.o28L (.econst:ti_sysbios_knl_Swi_hooks__C)
                  003f41da    00000004     PotBot_p28L.o28L (.econst:ti_sysbios_knl_Task_hooks__C)
                  003f41de    00000004     PotBot_p28L.o28L (.econst:xdc_runtime_Startup_firstFxns__C)
                  003f41e2    00000004     PotBot_p28L.o28L (.econst:xdc_runtime_Startup_lastFxns__C)
                  003f41e6    00000002     PotBot_p28L.o28L (.econst:ti_sysbios_family_c28_Hwi_A_badIntNum__C)
                  003f41e8    00000002     PotBot_p28L.o28L (.econst:ti_sysbios_family_c28_Hwi_A_invalidArg__C)
                  003f41ea    00000002     PotBot_p28L.o28L (.econst:ti_sysbios_family_c28_Hwi_E_unpluggedInterrupt__C)
                  003f41ec    00000002     PotBot_p28L.o28L (.econst:ti_sysbios_family_c28_Hwi_LD_end__C)
                  003f41ee    00000002     PotBot_p28L.o28L (.econst:ti_sysbios_family_c28_Hwi_LM_begin__C)
                  003f41f0    00000002     PotBot_p28L.o28L (.econst:ti_sysbios_family_c28_Hwi_Module__diagsEnabled__C)
                  003f41f2    00000002     PotBot_p28L.o28L (.econst:ti_sysbios_family_c28_Hwi_Module__diagsIncluded__C)
                  003f41f4    00000002     PotBot_p28L.o28L (.econst:ti_sysbios_family_c28_Hwi_Module__diagsMask__C)
                  003f41f6    00000002     PotBot_p28L.o28L (.econst:ti_sysbios_family_c28_Hwi_Module__loggerFxn1__C)
                  003f41f8    00000002     PotBot_p28L.o28L (.econst:ti_sysbios_family_c28_Hwi_Module__loggerFxn8__C)
                  003f41fa    00000002     PotBot_p28L.o28L (.econst:ti_sysbios_family_c28_Hwi_Module__loggerObj__C)
                  003f41fc    00000002     PotBot_p28L.o28L (.econst:ti_sysbios_family_c28_TaskSupport_E_invalidStack__C)
                  003f41fe    00000002     PotBot_p28L.o28L (.econst:ti_sysbios_family_c28_Timer_Module__diagsEnabled__C)
                  003f4200    00000002     PotBot_p28L.o28L (.econst:ti_sysbios_family_c28_Timer_Module__diagsIncluded__C)
                  003f4202    00000002     PotBot_p28L.o28L (.econst:ti_sysbios_family_c28_Timer_Module__diagsMask__C)
                  003f4204    00000002     PotBot_p28L.o28L (.econst:ti_sysbios_gates_GateMutex_A_badContext__C)
                  003f4206    00000002     PotBot_p28L.o28L (.econst:ti_sysbios_gates_GateMutex_Instance_State_sem__O)
                  003f4208    00000002     PotBot_p28L.o28L (.econst:ti_sysbios_gates_GateMutex_Module__diagsEnabled__C)
                  003f420a    00000002     PotBot_p28L.o28L (.econst:ti_sysbios_gates_GateMutex_Module__diagsIncluded__C)
                  003f420c    00000002     PotBot_p28L.o28L (.econst:ti_sysbios_gates_GateMutex_Module__diagsMask__C)
                  003f420e    00000002     PotBot_p28L.o28L (.econst:ti_sysbios_hal_Hwi_E_stackOverflow__C)
                  003f4210    00000002     PotBot_p28L.o28L (.econst:ti_sysbios_knl_Semaphore_A_badContext__C)
                  003f4212    00000002     PotBot_p28L.o28L (.econst:ti_sysbios_knl_Semaphore_A_noEvents__C)
                  003f4214    00000002     PotBot_p28L.o28L (.econst:ti_sysbios_knl_Semaphore_A_overflow__C)
                  003f4216    00000002     PotBot_p28L.o28L (.econst:ti_sysbios_knl_Semaphore_A_pendTaskDisabled__C)
                  003f4218    00000002     PotBot_p28L.o28L (.econst:ti_sysbios_knl_Semaphore_Instance_State_pendQ__O)
                  003f421a    00000002     PotBot_p28L.o28L (.econst:ti_sysbios_knl_Semaphore_LM_pend__C)
                  003f421c    00000002     PotBot_p28L.o28L (.econst:ti_sysbios_knl_Semaphore_LM_post__C)
                  003f421e    00000002     PotBot_p28L.o28L (.econst:ti_sysbios_knl_Semaphore_Module__diagsEnabled__C)
                  003f4220    00000002     PotBot_p28L.o28L (.econst:ti_sysbios_knl_Semaphore_Module__diagsIncluded__C)
                  003f4222    00000002     PotBot_p28L.o28L (.econst:ti_sysbios_knl_Semaphore_Module__diagsMask__C)
                  003f4224    00000002     PotBot_p28L.o28L (.econst:ti_sysbios_knl_Semaphore_Module__loggerFxn2__C)
                  003f4226    00000002     PotBot_p28L.o28L (.econst:ti_sysbios_knl_Semaphore_Module__loggerFxn4__C)
                  003f4228    00000002     PotBot_p28L.o28L (.econst:ti_sysbios_knl_Semaphore_Module__loggerObj__C)
                  003f422a    00000002     PotBot_p28L.o28L (.econst:ti_sysbios_knl_Swi_LD_end__C)
                  003f422c    00000002     PotBot_p28L.o28L (.econst:ti_sysbios_knl_Swi_LM_begin__C)
                  003f422e    00000002     PotBot_p28L.o28L (.econst:ti_sysbios_knl_Swi_LM_post__C)
                  003f4230    00000002     PotBot_p28L.o28L (.econst:ti_sysbios_knl_Swi_Module__diagsEnabled__C)
                  003f4232    00000002     PotBot_p28L.o28L (.econst:ti_sysbios_knl_Swi_Module__diagsIncluded__C)
                  003f4234    00000002     PotBot_p28L.o28L (.econst:ti_sysbios_knl_Swi_Module__diagsMask__C)
                  003f4236    00000002     PotBot_p28L.o28L (.econst:ti_sysbios_knl_Swi_Module__loggerFxn1__C)
                  003f4238    00000002     PotBot_p28L.o28L (.econst:ti_sysbios_knl_Swi_Module__loggerFxn4__C)
                  003f423a    00000002     PotBot_p28L.o28L (.econst:ti_sysbios_knl_Swi_Module__loggerObj__C)
                  003f423c    00000002     PotBot_p28L.o28L (.econst:ti_sysbios_knl_Task_A_badContextId__C)
                  003f423e    00000002     PotBot_p28L.o28L (.econst:ti_sysbios_knl_Task_E_spOutOfBounds__C)
                  003f4240    00000002     PotBot_p28L.o28L (.econst:ti_sysbios_knl_Task_E_stackOverflow__C)
                  003f4242    00000002     PotBot_p28L.o28L (.econst:ti_sysbios_knl_Task_LD_block__C)
                  003f4244    00000002     PotBot_p28L.o28L (.econst:ti_sysbios_knl_Task_LD_exit__C)
                  003f4246    00000002     PotBot_p28L.o28L (.econst:ti_sysbios_knl_Task_LD_ready__C)
                  003f4248    00000002     PotBot_p28L.o28L (.econst:ti_sysbios_knl_Task_LM_switch__C)
                  003f424a    00000002     PotBot_p28L.o28L (.econst:ti_sysbios_knl_Task_Module_State_inactiveQ__O)
                  003f424c    00000002     PotBot_p28L.o28L (.econst:ti_sysbios_knl_Task_Module__diagsEnabled__C)
                  003f424e    00000002     PotBot_p28L.o28L (.econst:ti_sysbios_knl_Task_Module__diagsIncluded__C)
                  003f4250    00000002     PotBot_p28L.o28L (.econst:ti_sysbios_knl_Task_Module__diagsMask__C)
                  003f4252    00000002     PotBot_p28L.o28L (.econst:ti_sysbios_knl_Task_Module__loggerFxn2__C)
                  003f4254    00000002     PotBot_p28L.o28L (.econst:ti_sysbios_knl_Task_Module__loggerFxn4__C)
                  003f4256    00000002     PotBot_p28L.o28L (.econst:ti_sysbios_knl_Task_Module__loggerObj__C)
                  003f4258    00000002     PotBot_p28L.o28L (.econst:ti_sysbios_knl_Task_Object__heap__C)
                  003f425a    00000002     PotBot_p28L.o28L (.econst:ti_sysbios_knl_Task_allBlockedFunc__C)
                  003f425c    00000002     PotBot_p28L.o28L (.econst:ti_sysbios_utils_Load_LS_cpuLoad__C)
                  003f425e    00000002     PotBot_p28L.o28L (.econst:ti_sysbios_utils_Load_LS_hwiLoad__C)
                  003f4260    00000002     PotBot_p28L.o28L (.econst:ti_sysbios_utils_Load_LS_swiLoad__C)
                  003f4262    00000002     PotBot_p28L.o28L (.econst:ti_sysbios_utils_Load_LS_taskLoad__C)
                  003f4264    00000002     PotBot_p28L.o28L (.econst:ti_sysbios_utils_Load_Module_State_taskList__O)
                  003f4266    00000002     PotBot_p28L.o28L (.econst:ti_sysbios_utils_Load_Module__diagsEnabled__C)
                  003f4268    00000002     PotBot_p28L.o28L (.econst:ti_sysbios_utils_Load_Module__diagsIncluded__C)
                  003f426a    00000002     PotBot_p28L.o28L (.econst:ti_sysbios_utils_Load_Module__diagsMask__C)
                  003f426c    00000002     PotBot_p28L.o28L (.econst:ti_sysbios_utils_Load_Module__loggerFxn1__C)
                  003f426e    00000002     PotBot_p28L.o28L (.econst:ti_sysbios_utils_Load_Module__loggerFxn2__C)
                  003f4270    00000002     PotBot_p28L.o28L (.econst:ti_sysbios_utils_Load_Module__loggerFxn4__C)
                  003f4272    00000002     PotBot_p28L.o28L (.econst:ti_sysbios_utils_Load_Module__loggerObj__C)
                  003f4274    00000002     PotBot_p28L.o28L (.econst:ti_sysbios_utils_Load_postUpdate__C)
                  003f4276    00000002     PotBot_p28L.o28L (.econst:xdc_runtime_Assert_E_assertFailed__C)
                  003f4278    00000002     PotBot_p28L.o28L (.econst:xdc_runtime_Core_A_initializedParams__C)
                  003f427a    00000002     PotBot_p28L.o28L (.econst:xdc_runtime_Core_Module__diagsEnabled__C)
                  003f427c    00000002     PotBot_p28L.o28L (.econst:xdc_runtime_Core_Module__diagsIncluded__C)
                  003f427e    00000002     PotBot_p28L.o28L (.econst:xdc_runtime_Core_Module__diagsMask__C)
                  003f4280    00000002     PotBot_p28L.o28L (.econst:xdc_runtime_Error_E_memory__C)
                  003f4282    00000002     PotBot_p28L.o28L (.econst:xdc_runtime_Error_policyFxn__C)
                  003f4284    00000002     PotBot_p28L.o28L (.econst:xdc_runtime_Error_raiseHook__C)
                  003f4286    00000002     PotBot_p28L.o28L (.econst:xdc_runtime_HeapStd_A_align__C)
                  003f4288    00000002     PotBot_p28L.o28L (.econst:xdc_runtime_HeapStd_A_invalidTotalFreeSize__C)
                  003f428a    00000002     PotBot_p28L.o28L (.econst:xdc_runtime_HeapStd_A_zeroSize__C)
                  003f428c    00000002     PotBot_p28L.o28L (.econst:xdc_runtime_HeapStd_E_noRTSMemory__C)
                  003f428e    00000002     PotBot_p28L.o28L (.econst:xdc_runtime_HeapStd_Module__diagsEnabled__C)
                  003f4290    00000002     PotBot_p28L.o28L (.econst:xdc_runtime_HeapStd_Module__diagsIncluded__C)
                  003f4292    00000002     PotBot_p28L.o28L (.econst:xdc_runtime_HeapStd_Module__diagsMask__C)
                  003f4294    00000002     PotBot_p28L.o28L (.econst:xdc_runtime_IFilterLogger_Interface__BASE__C)
                  003f4296    00000002     PotBot_p28L.o28L (.econst:xdc_runtime_IGateProvider_Interface__BASE__C)
                  003f4298    00000002     PotBot_p28L.o28L (.econst:xdc_runtime_IHeap_Interface__BASE__C)
                  003f429a    00000002     PotBot_p28L.o28L (.econst:xdc_runtime_ILogger_Interface__BASE__C)
                  003f429c    00000002     PotBot_p28L.o28L (.econst:xdc_runtime_IModule_Interface__BASE__C)
                  003f429e    00000002     PotBot_p28L.o28L (.econst:xdc_runtime_LoggerBuf_E_badLevel__C)
                  003f42a0    00000002     PotBot_p28L.o28L (.econst:xdc_runtime_LoggerBuf_Module__gateObj__C)
                  003f42a2    00000002     PotBot_p28L.o28L (.econst:xdc_runtime_LoggerBuf_statusLogger__C)
                  003f42a4    00000002     PotBot_p28L.o28L (.econst:xdc_runtime_Memory_defaultHeapInstance__C)
                  003f42a6    00000002     PotBot_p28L.o28L (.econst:xdc_runtime_Startup_execImpl__C)
                  003f42a8    00000002     PotBot_p28L.o28L (.econst:xdc_runtime_Startup_firstFxns__A)
                  003f42aa    00000002     PotBot_p28L.o28L (.econst:xdc_runtime_Startup_lastFxns__A)
                  003f42ac    00000002     PotBot_p28L.o28L (.econst:xdc_runtime_Startup_sfxnRts__C)
                  003f42ae    00000002     PotBot_p28L.o28L (.econst:xdc_runtime_Startup_sfxnTab__C)
                  003f42b0    00000002     PotBot_p28L.o28L (.econst:xdc_runtime_SysMin_bufSize__C)
                  003f42b2    00000002     PotBot_p28L.o28L (.econst:xdc_runtime_SysMin_outputFunc__C)
                  003f42b4    00000002     PotBot_p28L.o28L (.econst:xdc_runtime_System_Module__gateObj__C)
                  003f42b6    00000002     PotBot_p28L.o28L (.econst:xdc_runtime_System_abortFxn__C)
                  003f42b8    00000002     PotBot_p28L.o28L (.econst:xdc_runtime_System_exitFxn__C)
                  003f42ba    00000002     PotBot_p28L.o28L (.econst:xdc_runtime_System_extendFxn__C)
                  003f42bc    00000002     PotBot_p28L.o28L (.econst:xdc_runtime_Text_charTab__C)
                  003f42be    00000002     PotBot_p28L.o28L (.econst:xdc_runtime_Text_nodeTab__A)
                  003f42c0    00000002     PotBot_p28L.o28L (.econst:xdc_runtime_Text_visitRopeFxn__C)
                  003f42c2    00000001     PotBot_p28L.o28L (.econst:ti_sysbios_family_c28_Timer_Module__id__C)
                  003f42c3    00000001     PotBot_p28L.o28L (.econst:ti_sysbios_family_c28_Timer_startupNeeded__C)
                  003f42c4    00000001     PotBot_p28L.o28L (.econst:ti_sysbios_gates_GateMutex_Module__id__C)
                  003f42c5    00000001     PotBot_p28L.o28L (.econst:ti_sysbios_hal_Hwi_Module__id__C)
                  003f42c6    00000001     PotBot_p28L.o28L (.econst:ti_sysbios_knl_Semaphore_Module__id__C)
                  003f42c7    00000001     PotBot_p28L.o28L (.econst:ti_sysbios_knl_Semaphore_Module__loggerDefined__C)
                  003f42c8    00000001     PotBot_p28L.o28L (.econst:ti_sysbios_knl_Swi_Module__id__C)
                  003f42c9    00000001     PotBot_p28L.o28L (.econst:ti_sysbios_knl_Swi_Module__loggerDefined__C)
                  003f42ca    00000001     PotBot_p28L.o28L (.econst:ti_sysbios_knl_Swi_Object__count__C)
                  003f42cb    00000001     PotBot_p28L.o28L (.econst:ti_sysbios_knl_Swi_numConstructedSwis__C)
                  003f42cc    00000001     PotBot_p28L.o28L (.econst:ti_sysbios_knl_Task_Module__id__C)
                  003f42cd    00000001     PotBot_p28L.o28L (.econst:ti_sysbios_knl_Task_Module__loggerDefined__C)
                  003f42ce    00000001     PotBot_p28L.o28L (.econst:ti_sysbios_knl_Task_Object__count__C)
                  003f42cf    00000001     PotBot_p28L.o28L (.econst:ti_sysbios_knl_Task_numConstructedTasks__C)
                  003f42d0    00000001     PotBot_p28L.o28L (.econst:ti_sysbios_utils_Load_Module__id__C)
                  003f42d1    00000001     PotBot_p28L.o28L (.econst:ti_sysbios_utils_Load_Module__loggerDefined__C)
                  003f42d2    00000001     PotBot_p28L.o28L (.econst:ti_sysbios_utils_Load_autoAddTasks__C)
                  003f42d3    00000001     PotBot_p28L.o28L (.econst:ti_sysbios_utils_Load_updateInIdle__C)
                  003f42d4    00000001     PotBot_p28L.o28L (.econst:ti_sysbios_utils_Load_windowInMs__C)
                  003f42d5    00000001     PotBot_p28L.o28L (.econst:xdc_runtime_Core_Module__id__C)
                  003f42d6    00000001     PotBot_p28L.o28L (.econst:xdc_runtime_Error_Module__loggerDefined__C)
                  003f42d7    00000001     PotBot_p28L.o28L (.econst:xdc_runtime_Error_maxDepth__C)
                  003f42d8    00000001     PotBot_p28L.o28L (.econst:xdc_runtime_Error_policy__C)
                  003f42d9    00000001     PotBot_p28L.o28L (.econst:xdc_runtime_HeapStd_Module__id__C)
                  003f42da    00000001     PotBot_p28L.o28L (.econst:xdc_runtime_LoggerBuf_Module__id__C)
                  003f42db    00000001     PotBot_p28L.o28L (.econst:xdc_runtime_LoggerBuf_Object__count__C)
                  003f42dc    00000001     PotBot_p28L.o28L (.econst:xdc_runtime_LoggerBuf_filterByLevel__C)
                  003f42dd    00000001     PotBot_p28L.o28L (.econst:xdc_runtime_Memory_Module__id__C)
                  003f42de    00000001     PotBot_p28L.o28L (.econst:xdc_runtime_Startup_maxPasses__C)
                  003f42df    00000001     PotBot_p28L.o28L (.econst:xdc_runtime_SysMin_flushAtExit__C)
                  003f42e0    00000001     PotBot_p28L.o28L (.econst:xdc_runtime_System_maxAtexitHandlers__C)
                  003f42e1    00000001     PotBot_p28L.o28L (.econst:xdc_runtime_Text_charTab__A)
                  003f42e2    00000001     PotBot_p28L.o28L (.econst:xdc_runtime_Text_isLoaded__C)
                  003f42e3    00000001     PotBot_p28L.o28L (.econst:xdc_runtime_Text_registryModsLastId__C)
                  003f42e4    00000001     PotBot_p28L.o28L (.econst:xdc_runtime_Text_unnamedModsLastId__C)

.switch    0    003f42e6    0000001c     
                  003f42e6    0000001c     sysbios.a28L : BIOS.obj (.switch:_ti_sysbios_family_c28_Hwi_clearInterrupt__E)

.data      1    00000100    000000c2     UNINITIALIZED
                  00000100    0000004c     PotBot_p28L.o28L (.data:ti_sysbios_utils_Load_Module__state__V)
                  0000014c    00000020     PotBot_p28L.o28L (.data:ti_sysbios_knl_Task_Module__state__V)
                  0000016c    00000012     PotBot_p28L.o28L (.data:ti_sysbios_BIOS_Module__state__V)
                  0000017e    00000002     PotBot_p28L.o28L (.data:xdc_runtime_HeapStd_Module__state__V)
                  00000180    00000010     PotBot_p28L.o28L (.data:ti_sysbios_family_c28_Hwi_Module__state__V)
                  00000190    0000000c     PotBot_p28L.o28L (.data:ti_sysbios_knl_Swi_Module__state__V)
                  0000019c    00000008     PotBot_p28L.o28L (.data:ti_sysbios_family_c28_Timer_Module__state__V)
                  000001a4    00000004     PotBot_p28L.o28L (.data:ti_sysbios_family_c28_TimestampProvider_Module__state__V)
                  000001a8    00000004     PotBot_p28L.o28L (.data:xdc_runtime_Registry_Module__state__V)
                  000001ac    00000004     PotBot_p28L.o28L (.data:xdc_runtime_Startup_Module__state__V)
                  000001b0    00000004     PotBot_p28L.o28L (.data:xdc_runtime_SysMin_Module__state__V)
                  000001b4    00000004     PotBot_p28L.o28L (.data:xdc_runtime_System_Module__state__V)
                  000001b8    00000004     PotBot_p28L.o28L (.data:xdc_runtime_Text_Module__state__V)
                  000001bc    00000003     PotBot_p28L.o28L (.data:xdc_runtime_LoggerBuf_Module__state__V)
                  000001bf    00000001     PotBot_p28L.o28L (.data:xdc_runtime_Error_Module__state__V)
                  000001c0    00000002     PotBot_p28L.o28L (.data:xdc_runtime_Memory_Module__state__V)

DevEmuRegsFile 
*          1    00000880    00000004     UNINITIALIZED
                  00000880    00000004     F2802x_GlobalVariableDefs.obj (DevEmuRegsFile)

SysPwrCtrlRegsFile 
*          1    00000985    00000003     UNINITIALIZED
                  00000985    00000003     F2802x_GlobalVariableDefs.obj (SysPwrCtrlRegsFile)

FlashRegsFile 
*          1    00000a80    00000008     UNINITIALIZED
                  00000a80    00000008     F2802x_GlobalVariableDefs.obj (FlashRegsFile)

CsmRegsFile 
*          1    00000ae0    00000010     UNINITIALIZED
                  00000ae0    00000010     F2802x_GlobalVariableDefs.obj (CsmRegsFile)

AdcResultFile 
*          1    00000b00    00000020     UNINITIALIZED
                  00000b00    00000020     F2802x_GlobalVariableDefs.obj (AdcResultFile)

CpuTimer0RegsFile 
*          1    00000c00    00000008     UNINITIALIZED
                  00000c00    00000008     F2802x_GlobalVariableDefs.obj (CpuTimer0RegsFile)

CpuTimer1RegsFile 
*          1    00000c08    00000008     UNINITIALIZED
                  00000c08    00000008     F2802x_GlobalVariableDefs.obj (CpuTimer1RegsFile)

CpuTimer2RegsFile 
*          1    00000c10    00000008     UNINITIALIZED
                  00000c10    00000008     F2802x_GlobalVariableDefs.obj (CpuTimer2RegsFile)

PieCtrlRegsFile 
*          1    00000ce0    0000001a     UNINITIALIZED
                  00000ce0    0000001a     F2802x_GlobalVariableDefs.obj (PieCtrlRegsFile)

Comp1RegsFile 
*          1    00006400    00000020     UNINITIALIZED
                  00006400    00000020     F2802x_GlobalVariableDefs.obj (Comp1RegsFile)

Comp2RegsFile 
*          1    00006420    00000020     UNINITIALIZED
                  00006420    00000020     F2802x_GlobalVariableDefs.obj (Comp2RegsFile)

EPwm1RegsFile 
*          1    00006800    00000040     UNINITIALIZED
                  00006800    00000040     F2802x_GlobalVariableDefs.obj (EPwm1RegsFile)

EPwm2RegsFile 
*          1    00006840    00000040     UNINITIALIZED
                  00006840    00000040     F2802x_GlobalVariableDefs.obj (EPwm2RegsFile)

EPwm3RegsFile 
*          1    00006880    00000040     UNINITIALIZED
                  00006880    00000040     F2802x_GlobalVariableDefs.obj (EPwm3RegsFile)

EPwm4RegsFile 
*          1    000068c0    00000040     UNINITIALIZED
                  000068c0    00000040     F2802x_GlobalVariableDefs.obj (EPwm4RegsFile)

ECap1RegsFile 
*          1    00006a00    00000020     UNINITIALIZED
                  00006a00    00000020     F2802x_GlobalVariableDefs.obj (ECap1RegsFile)

GpioCtrlRegsFile 
*          1    00006f80    00000040     UNINITIALIZED
                  00006f80    00000040     F2802x_GlobalVariableDefs.obj (GpioCtrlRegsFile)

GpioDataRegsFile 
*          1    00006fc0    00000020     UNINITIALIZED
                  00006fc0    00000020     F2802x_GlobalVariableDefs.obj (GpioDataRegsFile)

GpioIntRegsFile 
*          1    00006fe0    0000000a     UNINITIALIZED
                  00006fe0    0000000a     F2802x_GlobalVariableDefs.obj (GpioIntRegsFile)

SysCtrlRegsFile 
*          1    00007010    0000001f     UNINITIALIZED
                  00007010    0000001f     F2802x_GlobalVariableDefs.obj (SysCtrlRegsFile)

SpiaRegsFile 
*          1    00007040    00000010     UNINITIALIZED
                  00007040    00000010     F2802x_GlobalVariableDefs.obj (SpiaRegsFile)

SciaRegsFile 
*          1    00007050    00000010     UNINITIALIZED
                  00007050    00000010     F2802x_GlobalVariableDefs.obj (SciaRegsFile)

NmiIntruptRegsFile 
*          1    00007060    00000010     UNINITIALIZED
                  00007060    00000010     F2802x_GlobalVariableDefs.obj (NmiIntruptRegsFile)

XIntruptRegsFile 
*          1    00007070    00000010     UNINITIALIZED
                  00007070    00000010     F2802x_GlobalVariableDefs.obj (XIntruptRegsFile)

AdcRegsFile 
*          1    00007100    00000051     UNINITIALIZED
                  00007100    00000051     F2802x_GlobalVariableDefs.obj (AdcRegsFile)

I2caRegsFile 
*          1    00007900    00000022     UNINITIALIZED
                  00007900    00000022     F2802x_GlobalVariableDefs.obj (I2caRegsFile)

PartIdRegsFile 
*          1    003d7fff    00000001     UNINITIALIZED
                  003d7fff    00000001     F2802x_GlobalVariableDefs.obj (PartIdRegsFile)

CsmPwlFile 
*          1    003f7ff8    00000008     UNINITIALIZED
                  003f7ff8    00000008     F2802x_GlobalVariableDefs.obj (CsmPwlFile)

.pinit     0    003f0000    00000000     UNINITIALIZED

.text      0    003f0000    00003708     
                  003f0000    00000253     main.obj (.text)
                  003f0253    00000234     ti.targets.rts2800.a28L : System.o28L (.text:_xdc_runtime_System_doPrint__I)
                  003f0487    0000022f     servo.obj (.text)
                  003f06b6    000001a0     sysbios.a28L : BIOS.obj (.text:_ti_sysbios_knl_Semaphore_pend__E)
                  003f0856    00000161     dsp.obj (.text)
                  003f09b7    00000151     adc.obj (.text)
                  003f0b08    0000012d     uart.obj (.text)
                  003f0c35    00000107     rts2800_ml.lib : ll_div28.asm.obj (.text)
                  003f0d3c    000000ee     ti.targets.rts2800.a28L : HeapStd.o28L (.text:_xdc_runtime_HeapStd_alloc__E)
                  003f0e2a    000000ec     sysbios.a28L : BIOS.obj (.text:_ti_sysbios_family_c28_Hwi_dispatchCore__I)
                  003f0f16    000000e0                  : BIOS.obj (.text:_ti_sysbios_family_c28_Hwi_clearInterrupt__E)
                  003f0ff6    000000d7                  : BIOS.obj (.text:_ti_sysbios_knl_Swi_run__I)
                  003f10cd    000000d6                  : BIOS.obj (.text:_ti_sysbios_utils_Load_logLoads__I)
                  003f11a3    000000bf                  : BIOS.obj (.text:_ti_sysbios_knl_Semaphore_Instance_init__E)
                  003f1262    000000bb     PotBot_p28L.o28L (.text:_xdc_runtime_System_printfExtend__I)
                  003f131d    000000b5     ti.targets.rts2800.a28L : LoggerBuf.o28L (.text:_xdc_runtime_LoggerBuf_write8__E)
                  003f13d2    000000b2     sysbios.a28L : BIOS.obj (.text:_ti_sysbios_knl_Semaphore_post__E)
                  003f1484    000000a3                  : BIOS.obj (.text:_ti_sysbios_utils_Load_updateThreadContexts__E)
                  003f1527    0000009f     ti.targets.rts2800.a28L : Core-mem.o28L (.text:_xdc_runtime_Core_createObject__I)
                  003f15c6    00000094     rts2800_ml.lib : trgmsg.c.obj (.text)
                  003f165a    0000008e     sysbios.a28L : BIOS.obj (.text:_ti_sysbios_family_c28_Hwi_enableInterrupt__E)
                  003f16e8    0000008d                  : BIOS.obj (.text:_ti_sysbios_knl_Task_startCore__E)
                  003f1775    00000089     ti.targets.rts2800.a28L : Core-smem.o28L (.text:_xdc_runtime_Core_constructObject__I)
                  003f17fe    00000085     sysbios.a28L : c28_Hwi_disp_asm.obj (.text:_ti_sysbios_family_c28_Hwi_dispatch)
                  003f1883    00000084                  : BIOS.obj (.text:_ti_sysbios_knl_Task_schedule__I)
                  003f1907    00000083     rts2800_ml.lib : fs_div28.asm.obj (.text)
                  003f198a    00000082     ti.targets.rts2800.a28L : HeapStd.o28L (.text:_xdc_runtime_HeapStd_Instance_init__E)
                  003f1a0c    00000081     sysbios.a28L : BIOS.obj (.text:_ti_sysbios_family_c28_Hwi_disableInterrupt__E)
                  003f1a8d    00000080                  : BIOS.obj (.text:_ti_sysbios_family_c28_Hwi_disablePIEIER__E)
                  003f1b0d    0000007f                  : BIOS.obj (.text:_ti_sysbios_family_c28_Hwi_enablePIEIER__E)
                  003f1b8c    0000007c                  : BIOS.obj (.text:_ti_sysbios_knl_Task_postInit__I)
                  003f1c08    00000079                  : BIOS.obj (.text:_ti_sysbios_knl_Swi_post__E)
                  003f1c81    00000079     ti.targets.rts2800.a28L : LoggerBuf.o28L (.text:_xdc_runtime_LoggerBuf_write4__E)
                  003f1cfa    00000078     rts2800_ml.lib : fs_add28.asm.obj (.text)
                  003f1d72    00000073     sysbios.a28L : BIOS.obj (.text:_ti_sysbios_knl_Task_checkStacks__E)
                  003f1de5    00000072     ti.targets.rts2800.a28L : Startup.o28L (.text:_xdc_runtime_Startup_startMods__I)
                  003f1e57    00000071     sysbios.a28L : BIOS.obj (.text:_ti_sysbios_family_c28_Hwi_Module_startup__E)
                  003f1ec8    00000071                  : BIOS.obj (.text:_ti_sysbios_gates_GateMutex_enter__E)
                  003f1f39    0000006f                  : BIOS.obj (.text:_ti_sysbios_utils_Load_updateLoads__E)
                  003f1fa8    0000006e                  : BIOS.obj (.text:_ti_sysbios_knl_Task_exit__E)
                  003f2016    0000006c     ti.targets.rts2800.a28L : HeapStd.o28L (.text:_xdc_runtime_HeapStd_free__E)
                  003f2082    0000006c     spi.obj (.text)
                  003f20ee    00000067     sysbios.a28L : BIOS.obj (.text:_ti_sysbios_knl_Task_setHookContext__E)
                  003f2155    00000067     boot.a28L : boot_cg.o28L (.text)
                  003f21bc    00000067     dev_init.obj (.text)
                  003f2223    00000066     sysbios.a28L : BIOS.obj (.text:_ti_sysbios_family_c28_Timer_stopAndClear__I)
                  003f2289    00000066                  : BIOS.obj (.text:_ti_sysbios_utils_Load_idleFxn__E)
                  003f22ef    00000061                  : BIOS.obj (.text:_ti_sysbios_knl_Task_blockI__E)
                  003f2350    0000005e     ti.targets.rts2800.a28L : Error.o28L (.text:_xdc_runtime_Error_policyDefault__E)
                  003f23ae    0000005d                             : Text.o28L (.text:_xdc_runtime_Text_putSite__E)
                  003f240b    0000005a     rts2800_ml.lib : fs_mpy28.asm.obj (.text)
                  003f2465    00000052     sysbios.a28L : BIOS.obj (.text:_ti_sysbios_knl_Task_unblockI__E)
                  003f24b7    00000051                  : BIOS.obj (.text:_ti_sysbios_utils_Load_updateCurrentThreadTime__E)
                  003f2508    0000004c                  : BIOS.obj (.text:_ti_sysbios_utils_Load_startup__E)
                  003f2554    00000047                  : BIOS.obj (.text:_ti_sysbios_knl_Task_Module_startup__E)
                  003f259b    00000041                  : BIOS.obj (.text:_ti_sysbios_knl_Swi_Module_startup__E)
                  003f25dc    00000041     ti.targets.rts2800.a28L : Text.o28L (.text:_xdc_runtime_Text_putLab__E)
                  003f261d    0000003e     sysbios.a28L : BIOS.obj (.text:_ti_sysbios_knl_Swi_postInit__I)
                  003f265b    0000003e                  : BIOS.obj (.text:_ti_sysbios_utils_Load_taskCreateHook__E)
                  003f2699    0000003e     ti.targets.rts2800.a28L : Memory.o28L (.text:_xdc_runtime_Memory_alloc__E)
                  003f26d7    0000003d     sysbios.a28L : BIOS.obj (.text:_ti_sysbios_utils_Load_addTask__E)
                  003f2714    0000003d     ti.targets.rts2800.a28L : Core-mem.o28L (.text:_xdc_runtime_Core_deleteObject__I)
                  003f2751    0000003d                             : LoggerBuf.o28L (.text:_xdc_runtime_LoggerBuf_getFilterLevel__E)
                  003f278e    0000003c     sysbios.a28L : BIOS.obj (.text:_ti_sysbios_family_c28_Hwi_postInit__I)
                  003f27ca    0000003c                  : BIOS.obj (.text:_ti_sysbios_family_c28_Timer_postInit__I)
                  003f2806    0000003c                  : BIOS.obj (.text:_ti_sysbios_knl_Swi_restoreHwi__E)
                  003f2842    0000003c     ti.targets.rts2800.a28L : LoggerBuf.o28L (.text:_xdc_runtime_LoggerBuf_setFilterLevel__E)
                  003f287e    00000038     sysbios.a28L : BIOS.obj (.text:_ti_sysbios_utils_Load_logCPULoad__I)
                  003f28b6    00000038     ti.targets.rts2800.a28L : Text.o28L (.text:_xdc_runtime_Text_putMod__E)
                  003f28ee    00000038     rts2800_ml.lib : hostwrite.c.obj (.text)
                  003f2926    00000037     sysbios.a28L : BIOS.obj (.text:_ti_sysbios_family_c28_TaskSupport_start__E)
                  003f295d    00000035     PotBot_p28L.o28L (.text:_ti_sysbios_utils_Load_hwiBeginHook__E)
                  003f2992    00000033     sysbios.a28L : BIOS.obj (.text:_ti_sysbios_utils_Load_taskSwitchHook__E)
                  003f29c5    00000033     ti.targets.rts2800.a28L : System.o28L (.text:_xdc_runtime_System_formatNum__I)
                  003f29f8    00000031     sysbios.a28L : BIOS.obj (.text:_ti_sysbios_family_c28_Timer_getFreq__E)
                  003f2a29    00000031     ti.targets.rts2800.a28L : Error.o28L (.text:_xdc_runtime_Error_print__E)
                  003f2a5a    0000002f                             : LoggerBuf.o28L (.text:_xdc_runtime_LoggerBuf_Instance_init__E)
                  003f2a89    0000002f                             : Startup.o28L (.text:_xdc_runtime_Startup_exec__E)
                  003f2ab8    0000002e     Boot.a28L : Boot.o28L (.text:.bootCodeSection:_ti_catalog_c2800_init_Boot_configurePll2802x)
                  003f2ae6    0000002e     sysbios.a28L : BIOS.obj (.text:_ti_sysbios_knl_Swi_runLoop__I)
                  003f2b14    0000002e                  : BIOS.obj (.text:_ti_sysbios_knl_Swi_schedule__I)
                  003f2b42    0000002e                  : BIOS.obj (.text:_ti_sysbios_utils_Load_swiBeginHook__E)
                  003f2b70    0000002d                  : BIOS.obj (.text:_ti_sysbios_family_c28_Hwi_getInterruptFlag__E)
                  003f2b9d    0000002d     ti.targets.rts2800.a28L : Assert.o28L (.text:_xdc_runtime_Assert_raise__I)
                  003f2bca    0000002d                             : Core-params.o28L (.text:_xdc_runtime_Core_assignParams__I)
                  003f2bf7    0000002c     sysbios.a28L : BIOS.obj (.text:_ti_sysbios_family_c28_Timer_start__E)
                  003f2c23    0000002c     PotBot_p28L.o28L (.text:_xdc_runtime_LoggerBuf_Object__create__S)
                  003f2c4f    0000002b     PotBot_p28L.o28L (.text:_xdc_runtime_HeapStd_Object__create__S)
                  003f2c7a    0000002a     ti.targets.rts2800.a28L : Error.o28L (.text:_xdc_runtime_Error_setX__E)
                  003f2ca4    0000002a     rts2800_ml.lib : l_div28.asm.obj (.text)
                  003f2cce    00000029     sysbios.a28L : BIOS.obj (.text:_ti_sysbios_family_c28_Hwi_getStackInfo__E)
                  003f2cf7    00000029                  : BIOS.obj (.text:_ti_sysbios_family_c28_Hwi_unPluggedInterrupt__I)
                  003f2d20    00000029                  : BIOS.obj (.text:_ti_sysbios_utils_Load_taskDeleteHook__E)
                  003f2d49    00000029     ti.targets.rts2800.a28L : Text.o28L (.text:_xdc_runtime_Text_xprintf__I)
                  003f2d72    00000029     rts2800_ml.lib : exit.c.obj (.text)
                  003f2d9b    00000028     sysbios.a28L : BIOS.obj (.text:_ti_sysbios_family_c28_Timer_getExpiredCounts64__E)
                  003f2dc3    00000027                  : BIOS.obj (.text:_ti_sysbios_utils_Load_hwiEndHook__E)
                  003f2dea    00000027                  : BIOS.obj (.text:_ti_sysbios_utils_Load_removeTask__E)
                  003f2e11    00000026     ti.targets.rts2800.a28L : SysMin.o28L (.text:_xdc_runtime_SysMin_flush__E)
                  003f2e37    00000025     rts2800_ml.lib : fs_toi28.asm.obj (.text)
                  003f2e5c    00000024                    : cpy_tbl.c.obj (.text)
                  003f2e80    00000023     ti.targets.rts2800.a28L : System.o28L (.text:_xdc_runtime_System_processAtExit__E)
                  003f2ea3    00000022     rts2800_ml.lib : i_div28.asm.obj (.text)
                  003f2ec5    00000020     sysbios.a28L : BIOS.obj (.text:_ti_sysbios_family_c28_Timer_setPrescale__E)
                  003f2ee5    00000020                  : BIOS.obj (.text:_ti_sysbios_knl_Task_allBlockedFunction__I)
                  003f2f05    0000001f                  : BIOS.obj (.text:_ti_sysbios_utils_Load_swiEndHook__E)
                  003f2f24    0000001e     ti.targets.rts2800.a28L : LoggerBuf.o28L (.text:_xdc_runtime_LoggerBuf_filterOutEvent__I)
                  003f2f42    0000001e                             : System.o28L (.text:_xdc_runtime_System_atexit__E)
                  003f2f60    0000001d     sysbios.a28L : c28_TaskSupport_asm.obj (.text:_ti_sysbios_family_c28_TaskSupport_buildTaskStack)
                  003f2f7d    0000001d     PotBot_p28L.o28L (.text:_ti_sysbios_gates_GateHwi_Object__create__S)
                  003f2f9a    0000001d     PotBot_p28L.o28L (.text:_ti_sysbios_gates_GateMutex_Object__create__S)
                  003f2fb7    0000001d     ti.targets.rts2800.a28L : SysMin.o28L (.text:_xdc_runtime_SysMin_putch__E)
                  003f2fd4    0000001d     rts2800_ml.lib : fs_tou28.asm.obj (.text)
                  003f2ff1    0000001d                    : memcpy.c.obj (.text)
                  003f300e    0000001c     PotBot_p28L.o28L (.text:_ti_sysbios_knl_Semaphore_construct)
                  003f302a    0000001b     sysbios.a28L : c28_Hwi_asm.obj (.text:_ti_sysbios_family_c28_Hwi_switchAndDispatch__I)
                  003f3045    0000001b                  : BIOS.obj (.text:_ti_sysbios_hal_Hwi_checkStack)
                  003f3060    0000001b                  : BIOS.obj (.text:_ti_sysbios_knl_Task_processVitalTaskFlag__I)
                  003f307b    0000001b                  : BIOS.obj (.text:_ti_sysbios_knl_Task_restore__E)
                  003f3096    0000001b     PotBot_p28L.o28L (.text:_xdc_runtime_SysMin_output__I)
                  003f30b1    0000001a     sysbios.a28L : BIOS.obj (.text:_ti_sysbios_hal_Hwi_initStack)
                  003f30cb    0000001a     ti.targets.rts2800.a28L : System.o28L (.text:_xdc_runtime_System_avprintf__E)
                  003f30e5    0000001a     rts2800_ml.lib : l_tofs28.asm.obj (.text)
                  003f30ff    00000019     sysbios.a28L : BIOS.obj (.text:_ti_sysbios_knl_Swi_restore__E)
                  003f3118    00000019     PotBot_p28L.o28L (.text:_xdc_runtime_Error_policyLog__I)
                  003f3131    00000019     ti.targets.rts2800.a28L : System.o28L (.text:_xdc_runtime_System_vprintf__E)
                  003f314a    00000018     sysbios.a28L : c28_Hwi_asm.obj (.text:_ti_sysbios_family_xxx_Hwi_switchAndRunFunc)
                  003f3162    00000018     PotBot_p28L.o28L (.text:_ti_sysbios_knl_Queue_construct)
                  003f317a    00000018     sysbios.a28L : BIOS.obj (.text:_ti_sysbios_utils_Load_getTaskLoad__E)
                  003f3192    00000018     ti.targets.rts2800.a28L : Memory.o28L (.text:_xdc_runtime_Memory_valloc__E)
                  003f31aa    00000018                             : System.o28L (.text:_xdc_runtime_System_putchar__I)
                  003f31c2    00000017     PotBot_p28L.o28L (.text:_ti_sysbios_BIOS_startFunc__I)
                  003f31d9    00000017     sysbios.a28L : BIOS.obj (.text:_ti_sysbios_family_c28_Timer_startup__E)
                  003f31f0    00000017     ti.targets.rts2800.a28L : LoggerBuf.o28L (.text:_xdc_runtime_LoggerBuf_Module_startup__E)
                  003f3207    00000017                             : SysMin.o28L (.text:_xdc_runtime_SysMin_abort__E)
                  003f321e    00000016     PotBot_p28L.o28L (.text:_ti_sysbios_BIOS_atExitFunc__I)
                  003f3234    00000016     sysbios.a28L : BIOS.obj (.text:_ti_sysbios_family_c28_Timer_Module_startup__E)
                  003f324a    00000016     ti.targets.rts2800.a28L : LoggerBuf.o28L (.text:_xdc_runtime_LoggerBuf_reset__E)
                  003f3260    00000015     sysbios.a28L : BIOS.obj (.text:_ti_sysbios_knl_Task_restoreHwi__E)
                  003f3275    00000015     ti.targets.rts2800.a28L : Text.o28L (.text:_xdc_runtime_Text_printVisFxn__I)
                  003f328a    00000014     sysbios.a28L : BIOS.obj (.text:_ti_sysbios_knl_Idle_run__E)
                  003f329e    00000013     PotBot_p28L.o28L (.text:_ti_sysbios_gates_GateMutex_Object__delete__S)
                  003f32b1    00000012     PotBot_p28L.o28L (.text:_ti_sysbios_gates_GateHwi_Object__delete__S)
                  003f32c3    00000012     PotBot_p28L.o28L (.text:_xdc_runtime_LoggerBuf_Object__delete__S)
                  003f32d5    00000011     PotBot_p28L.o28L (.text:_ti_sysbios_BIOS_errorRaiseHook__I)
                  003f32e6    00000011     PotBot_p28L.o28L (.text:_xdc_runtime_HeapStd_Object__delete__S)
                  003f32f7    00000011     rts2800_ml.lib : args_main.c.obj (.text)
                  003f3308    00000010     sysbios.a28L : BIOS.obj (.text:_ti_sysbios_family_c28_Timer_stop__E)
                  003f3318    00000010                  : BIOS.obj (.text:_ti_sysbios_family_c28_TimestampProvider_get64__E)
                  003f3328    00000010                  : BIOS.obj (.text:_ti_sysbios_knl_Task_enabled__E)
                  003f3338    00000010     ti.targets.rts2800.a28L : SysMin.o28L (.text:_xdc_runtime_SysMin_Module_startup__E)
                  003f3348    0000000f     Boot.a28L : Boot.o28L (.text:.bootCodeSection:_ti_catalog_c2800_init_Boot_disableWatchdog)
                  003f3357    0000000f     PotBot_p28L.o28L (.text:_ti_sysbios_BIOS_removeRTSLock__I)
                  003f3366    0000000f     sysbios.a28L : BIOS.obj (.text:_ti_sysbios_gates_GateMutex_Instance_init__E)
                  003f3375    0000000f                  : BIOS.obj (.text:_ti_sysbios_utils_Load_getGlobalHwiLoad__E)
                  003f3384    0000000f                  : BIOS.obj (.text:_ti_sysbios_utils_Load_getGlobalSwiLoad__E)
                  003f3393    0000000f     ti.targets.rts2800.a28L : Error.o28L (.text:_xdc_runtime_Error_raiseX__E)
                  003f33a2    0000000f                             : Registry.o28L (.text:_xdc_runtime_Registry_findById__E)
                  003f33b1    0000000e     PotBot_p28L.o28L (.text:_ti_sysbios_knl_Semaphore_destruct)
                  003f33bf    0000000e     PotBot_p28L.o28L (.text:_ti_sysbios_knl_Swi_Object__get__S)
                  003f33cd    0000000e     PotBot_p28L.o28L (.text:_ti_sysbios_knl_Task_Object__get__S)
                  003f33db    0000000e     PotBot_p28L.o28L (.text:_xdc_runtime_LoggerBuf_Object__get__S)
                  003f33e9    0000000d     PotBot_p28L.o28L (.text:_ti_sysbios_BIOS_registerRTSLock__I)
                  003f33f6    0000000d     PotBot_p28L.o28L (.text:_ti_sysbios_BIOS_rtsLock__I)
                  003f3403    0000000d     sysbios.a28L : BIOS.obj (.text:_ti_sysbios_family_c28_Hwi_dispatchC__I)
                  003f3410    0000000d                  : BIOS.obj (.text:_ti_sysbios_family_c28_TaskSupport_checkStack__E)
                  003f341d    0000000d                  : c28_TaskSupport_asm.obj (.text:_ti_sysbios_family_c28_TaskSupport_swap__E)
                  003f342a    0000000d     PotBot_p28L.o28L (.text:_ti_sysbios_knl_Queue_destruct)
                  003f3437    0000000d     sysbios.a28L : BIOS.obj (.text:_ti_sysbios_knl_Task_enter__I)
                  003f3444    0000000d     ti.targets.rts2800.a28L : Error.o28L (.text:_xdc_runtime_Error_check__E)
                  003f3451    0000000d                             : System.o28L (.text:_xdc_runtime_System_abort__E)
                  003f345e    0000000c     PotBot_p28L.o28L (.text:_ti_sysbios_BIOS_exitFunc__I)
                  003f346a    0000000c     PotBot_p28L.o28L (.text:_ti_sysbios_family_c28_Hwi_disableIER__E)
                  003f3476    0000000c     sysbios.a28L : BIOS.obj (.text:_ti_sysbios_family_c28_TimestampProvider_get32__E)
                  003f3482    0000000c                  : BIOS.obj (.text:_ti_sysbios_gates_GateMutex_leave__E)
                  003f348e    0000000c                  : BIOS.obj (.text:_ti_sysbios_knl_Queue_put__E)
                  003f349a    0000000c     ti.targets.rts2800.a28L : LoggerBuf.o28L (.text:_xdc_runtime_LoggerBuf_write2__E)
                  003f34a6    0000000c                             : SysMin.o28L (.text:_xdc_runtime_SysMin_exit__E)
                  003f34b2    0000000b     PotBot_p28L.o28L (.text:_ti_sysbios_family_c28_Hwi_Module__startupDone__F)
                  003f34bd    0000000b     PotBot_p28L.o28L (.text:_ti_sysbios_family_c28_Hwi_Object__get__S)
                  003f34c8    0000000b     PotBot_p28L.o28L (.text:_ti_sysbios_family_c28_Hwi_enableIER__E)
                  003f34d3    0000000b     PotBot_p28L.o28L (.text:_ti_sysbios_family_c28_Timer_Module__startupDone__F)
                  003f34de    0000000b     PotBot_p28L.o28L (.text:_ti_sysbios_knl_Queue_Object__get__S)
                  003f34e9    0000000b     sysbios.a28L : BIOS.obj (.text:_ti_sysbios_knl_Task_unblock__E)
                  003f34f4    0000000b     ti.targets.rts2800.a28L : LoggerBuf.o28L (.text:_xdc_runtime_LoggerBuf_Instance_finalize__E)
                  003f34ff    0000000b                             : LoggerBuf.o28L (.text:_xdc_runtime_LoggerBuf_write1__E)
                  003f350a    0000000b                             : Memory.o28L (.text:_xdc_runtime_Memory_free__E)
                  003f3515    0000000b                             : System.o28L (.text:_xdc_runtime_System_exit__E)
                  003f3520    0000000a                             : Error.o28L (.text:_xdc_runtime_Error_init__E)
                  003f352a    0000000a                             : LoggerBuf.o28L (.text:_xdc_runtime_LoggerBuf_write0__E)
                  003f3534    0000000a                             : System.o28L (.text:_xdc_runtime_System_vsnprintf__E)
                  003f353e    0000000a                             : Text.o28L (.text:_xdc_runtime_Text_ropeText__E)
                  003f3548    00000009     PotBot_p28L.o28L (.text:_ti_sysbios_BIOS_rtsUnlock__I)
                  003f3551    00000009     PotBot_p28L.o28L (.text:_ti_sysbios_family_c28_Hwi_restoreIER__E)
                  003f355a    00000009     sysbios.a28L : c28_TaskSupport_asm.obj (.text:_ti_sysbios_family_c28_TaskSupport_glue)
                  003f3563    00000009     PotBot_p28L.o28L (.text:_ti_sysbios_gates_GateHwi_Handle__label__S)
                  003f356c    00000009     PotBot_p28L.o28L (.text:_ti_sysbios_gates_GateMutex_Handle__label__S)
                  003f3575    00000009     sysbios.a28L : BIOS.obj (.text:_ti_sysbios_hal_Hwi_Module_startup__E)
                  003f357e    00000009                  : BIOS.obj (.text:_ti_sysbios_hal_Timer_Module_startup__E)
                  003f3587    00000009     PotBot_p28L.o28L (.text:_ti_sysbios_knl_Task_SupportProxy_start__E)
                  003f3590    00000009     PotBot_p28L.o28L (.text:_xdc_runtime_HeapStd_Handle__label__S)
                  003f3599    00000009     PotBot_p28L.o28L (.text:_xdc_runtime_LoggerBuf_Handle__label__S)
                  003f35a2    00000009     PotBot_p28L.o28L (.text:_xdc_runtime_Startup_exec__I)
                  003f35ab    00000009     rts2800_ml.lib : _lock.c.obj (.text)
                  003f35b4    00000008     sysbios.a28L : BIOS.obj (.text:_ti_sysbios_BIOS_setThreadType__E)
                  003f35bc    00000008                  : BIOS.obj (.text:_ti_sysbios_gates_GateMutex_Instance_finalize__E)
                  003f35c4    00000008                  : BIOS.obj (.text:_ti_sysbios_gates_GateMutex_query__E)
                  003f35cc    00000008                  : BIOS.obj (.text:_ti_sysbios_knl_Semaphore_Instance_finalize__E)
                  003f35d4    00000008                  : BIOS.obj (.text:_ti_sysbios_knl_Task_getHookContext__E)
                  003f35dc    00000008     PotBot_p28L.o28L (.text:_xdc_runtime_IHeap_alloc)
                  003f35e4    00000008     ti.targets.rts2800.a28L : Memory.o28L (.text:_xdc_runtime_Memory_calloc__E)
                  003f35ec    00000008                             : SysMin.o28L (.text:_xdc_runtime_SysMin_ready__E)
                  003f35f4    00000008     rts2800_ml.lib : strlen.c.obj (.text)
                  003f35fc    00000007     PotBot_p28L.o28L (.text:.bootCodeSection:_ti_catalog_c2800_init_Boot_init)
                  003f3603    00000007     ti.targets.rts2800.a28L : HeapStd.o28L (.text:_xdc_runtime_HeapStd_getStats__E)
                  003f360a    00000007     PotBot_p28L.o28L (.text:_xdc_runtime_System_aprintf__E)
                  003f3611    00000007     PotBot_p28L.o28L (.text:_xdc_runtime_System_printf__E)
                  003f3618    00000007     rts2800_ml.lib : memset.c.obj (.text)
                  003f361f    00000006     sysbios.a28L : BIOS.obj (.text:_ti_sysbios_BIOS_start__E)
                  003f3625    00000006                  : c28_IntrinsicsSupport_asm.obj (.text:_ti_sysbios_family_c28_IntrinsicsSupport_maxbit__E)
                  003f362b    00000006                  : BIOS.obj (.text:_ti_sysbios_family_c28_TimestampProvider_rolloverFunc__E)
                  003f3631    00000006                  : BIOS.obj (.text:_ti_sysbios_family_c28_TimestampProvider_startTimer__E)
                  003f3637    00000006                  : BIOS.obj (.text:_ti_sysbios_knl_Swi_disable__E)
                  003f363d    00000006                  : BIOS.obj (.text:_ti_sysbios_knl_Task_disable__E)
                  003f3643    00000006     ti.targets.rts2800.a28L : Gate.o28L (.text:_xdc_runtime_Gate_enterSystem__E)
                  003f3649    00000006                             : Gate.o28L (.text:_xdc_runtime_Gate_leaveSystem__E)
                  003f364f    00000006                             : LoggerBuf.o28L (.text:_xdc_runtime_LoggerBuf_enable__E)
                  003f3655    00000005     sysbios.a28L : BIOS.obj (.text:_ti_sysbios_family_c28_Hwi_switchFromBootStack__E)
                  003f365a    00000005                  : BIOS.obj (.text:_ti_sysbios_gates_GateHwi_enter__E)
                  003f365f    00000005     ti.targets.rts2800.a28L : LoggerBuf.o28L (.text:_xdc_runtime_LoggerBuf_disable__E)
                  003f3664    00000005     dev_init.obj (.text:retain)
                  003f3669    00000005     rts2800_ml.lib : strcpy.c.obj (.text)
                  003f366e    00000004     PotBot_p28L.o28L (.text:_ti_sysbios_family_c28_Hwi_disable__E)
                  003f3672    00000004     PotBot_p28L.o28L (.text:_ti_sysbios_family_c28_Hwi_startup__E)
                  003f3676    00000004     sysbios.a28L : BIOS.obj (.text:_ti_sysbios_family_c28_TimestampProvider_getFreq__E)
                  003f367a    00000004                  : BIOS.obj (.text:_ti_sysbios_knl_Swi_startup__E)
                  003f367e    00000004                  : BIOS.obj (.text:_ti_sysbios_utils_Load_taskRegHook__E)
                  003f3682    00000004     PotBot_p28L.o28L (.text:_xdc_runtime_IHeap_free)
                  003f3686    00000004     ti.targets.rts2800.a28L : Memory.o28L (.text:_xdc_runtime_Memory_getMaxDefaultTypeAlign__E)
                  003f368a    00000004                             : Startup.o28L (.text:_xdc_runtime_Startup_rtsDone__E)
                  003f368e    00000003                             : xdc_noinit.o28L (.text:___xdc__init)
                  003f3691    00000003     PotBot_p28L.o28L (.text:_ti_catalog_c2800_init_Boot_limpAbort)
                  003f3694    00000003     PotBot_p28L.o28L (.text:_ti_sysbios_BIOS_RtsGateProxy_enter__E)
                  003f3697    00000003     PotBot_p28L.o28L (.text:_ti_sysbios_BIOS_RtsGateProxy_leave__E)
                  003f369a    00000003     sysbios.a28L : c28_Hwi_asm.obj (.text:_ti_sysbios_family_c28_Hwi_getIFR__I)
                  003f369d    00000003     PotBot_p28L.o28L (.text:_ti_sysbios_family_c28_Hwi_restore__E)
                  003f36a0    00000003     sysbios.a28L : BIOS.obj (.text:_ti_sysbios_family_c28_TimestampProvider_Module_startup__E)
                  003f36a3    00000003                  : BIOS.obj (.text:_ti_sysbios_gates_GateHwi_leave__E)
                  003f36a6    00000003     PotBot_p28L.o28L (.text:_ti_sysbios_hal_Hwi_HwiProxy_getStackInfo__E)
                  003f36a9    00000003     PotBot_p28L.o28L (.text:_ti_sysbios_hal_Hwi_HwiProxy_switchFromBootStack__E)
                  003f36ac    00000003     sysbios.a28L : BIOS.obj (.text:_ti_sysbios_hal_Hwi_startup__E)
                  003f36af    00000003                  : BIOS.obj (.text:_ti_sysbios_knl_Idle_loop__E)
                  003f36b2    00000003                  : BIOS.obj (.text:_ti_sysbios_knl_Queue_Instance_init__E)
                  003f36b5    00000003     PotBot_p28L.o28L (.text:_ti_sysbios_knl_Task_SupportProxy_checkStack__E)
                  003f36b8    00000003     PotBot_p28L.o28L (.text:_ti_sysbios_knl_Task_SupportProxy_swap__E)
                  003f36bb    00000003     sysbios.a28L : BIOS.obj (.text:_ti_sysbios_knl_Task_startup__E)
                  003f36be    00000003     PotBot_p28L.o28L (.text:_ti_sysbios_utils_Load_update__E)
                  003f36c1    00000003     PotBot_p28L.o28L (.text:_xdc_runtime_LoggerBuf_Module_GateProxy_enter__E)
                  003f36c4    00000003     PotBot_p28L.o28L (.text:_xdc_runtime_LoggerBuf_Module_GateProxy_leave__E)
                  003f36c7    00000003     PotBot_p28L.o28L (.text:_xdc_runtime_LoggerBuf_TimestampProxy_get64__E)
                  003f36ca    00000003     PotBot_p28L.o28L (.text:_xdc_runtime_System_Module_GateProxy_enter__E)
                  003f36cd    00000003     PotBot_p28L.o28L (.text:_xdc_runtime_System_Module_GateProxy_leave__E)
                  003f36d0    00000003     ti.targets.rts2800.a28L : System.o28L (.text:_xdc_runtime_System_Module_startup__E)
                  003f36d3    00000003     PotBot_p28L.o28L (.text:_xdc_runtime_System_SupportProxy_abort__E)
                  003f36d6    00000003     PotBot_p28L.o28L (.text:_xdc_runtime_System_SupportProxy_exit__E)
                  003f36d9    00000003     PotBot_p28L.o28L (.text:_xdc_runtime_System_SupportProxy_putch__E)
                  003f36dc    00000003     PotBot_p28L.o28L (.text:_xdc_runtime_System_SupportProxy_ready__E)
                  003f36df    00000003     ti.targets.rts2800.a28L : System.o28L (.text:_xdc_runtime_System_abortStd__E)
                  003f36e2    00000003                             : System.o28L (.text:_xdc_runtime_System_exitStd__E)
                  003f36e5    00000003     PotBot_p28L.o28L (.text:_xdc_runtime_Text_visitRope__I)
                  003f36e8    00000003     PotBot_p28L.o28L (.text:_xdc_runtime_Timestamp_SupportProxy_get32__E)
                  003f36eb    00000003     PotBot_p28L.o28L (.text:_xdc_runtime_Timestamp_SupportProxy_getFreq__E)
                  003f36ee    00000003     ti.targets.rts2800.a28L : Timestamp.o28L (.text:_xdc_runtime_Timestamp_get32__E)
                  003f36f1    00000003                             : Timestamp.o28L (.text:_xdc_runtime_Timestamp_getFreq__E)
                  003f36f4    00000002     PotBot_p28L.o28L (.text:_malloc)
                  003f36f6    00000002     Boot.a28L : Boot.o28L (.text:_ti_catalog_c2800_init_Boot_defaultLimpAbortFunction)
                  003f36f8    00000002     PotBot_p28L.o28L (.text:_ti_sysbios_family_c28_TaskSupport_Module__startupDone__S)
                  003f36fa    00000002     sysbios.a28L : BIOS.obj (.text:_ti_sysbios_gates_GateHwi_query__E)
                  003f36fc    00000002     ti.targets.rts2800.a28L : Error.o28L (.text:_xdc_runtime_Error_getSite__E)
                  003f36fe    00000002                             : HeapStd.o28L (.text:_xdc_runtime_HeapStd_isBlocking__E)
                  003f3700    00000002     rts2800_ml.lib : pre_init.c.obj (.text)
                  003f3702    00000001     PotBot_p28L.o28L (.text:_free)
                  003f3703    00000001     sysbios.a28L : BIOS.obj (.text:_ti_sysbios_BIOS_linkedWithIncorrectBootLibrary__E)
                  003f3704    00000001     PotBot_p28L.o28L (.text:_ti_sysbios_BIOS_nullFunc__I)
                  003f3705    00000001     sysbios.a28L : c28_Hwi_asm.obj (.text:_ti_sysbios_family_c28_Hwi_interruptReturn__I)
                  003f3706    00000001                  : BIOS.obj (.text:_ti_sysbios_gates_GateHwi_Instance_init__E)
                  003f3707    00000001     rts2800_ml.lib : startup.c.obj (.text)

ramfuncs   1    00008000    00000000     UNINITIALIZED

.stack     1    00000000    00000100     UNINITIALIZED
                  00000000    00000100     --HOLE--

.ebss      1    00008000    00000a84     UNINITIALIZED
                  00008000    00000400     PotBot_p28L.o28L (.ebss:taskStackSection)
                  00008400    00000100     PotBot_p28L.o28L (.ebss:_ti_sysbios_family_c28_Hwi_Module_State_0_dispatchTable__A)
                  00008500    000000c8     main.obj (.ebss:_x_array)
                  000085c8    00000038     PotBot_p28L.o28L (.ebss:_ti_sysbios_utils_Load_Module_State_0_taskEnv__A)
                  00008600    000000c8     main.obj (.ebss:_y_array)
                  000086c8    0000001e     PotBot_p28L.o28L (.ebss:_ti_sysbios_knl_Semaphore_Object__table__V)
                  000086e6    0000001a     main.obj (.ebss)
                  00008700    000000b0     PotBot_p28L.o28L (.ebss:_ti_sysbios_knl_Task_Object__table__V)
                  000087b0    0000000e     uart.obj (.ebss:___uart_c_buffer_string)
                  000087be    00000002     rts2800_ml.lib : _lock.c.obj (.ebss:__lock)
                  000087c0    00000080     PotBot_p28L.o28L (.ebss:_xdc_runtime_SysMin_Module_State_0_outbuf__A)
                  00008840    00000050     PotBot_p28L.o28L (.ebss)
                  00008890    00000018     PotBot_p28L.o28L (.ebss:_ti_sysbios_family_c28_Timer_Object__table__V)
                  000088a8    00000014     main.obj (.ebss:_z_array)
                  000088bc    00000002     rts2800_ml.lib : _lock.c.obj (.ebss:__unlock)
                  000088be    00000002     PotBot_p28L.o28L (.ebss:_ti_sysbios_family_c28_Hwi_Instance_State_0_hookEnv__A)
                  000088c0    00000040     PotBot_p28L.o28L (.ebss:_ti_sysbios_family_c28_Hwi_Object__table__V)
                  00008900    00000040     PotBot_p28L.o28L (.ebss:_ti_sysbios_knl_Swi_Module_State_0_readyQ__A)
                  00008940    00000040     PotBot_p28L.o28L (.ebss:_ti_sysbios_knl_Task_Module_State_0_readyQ__A)
                  00008980    00000040     PotBot_p28L.o28L (.ebss:_xdc_runtime_LoggerBuf_Instance_State_0_entryArr__A)
                  000089c0    0000003c     PotBot_p28L.o28L (.ebss:_ti_sysbios_knl_Swi_Object__table__V)
                  000089fc    00000002     PotBot_p28L.o28L (.ebss:_ti_sysbios_family_c28_Hwi_Instance_State_1_hookEnv__A)
                  000089fe    00000002     PotBot_p28L.o28L (.ebss:_ti_sysbios_family_c28_Hwi_Instance_State_2_hookEnv__A)
                  00008a00    00000012     PotBot_p28L.o28L (.ebss:_xdc_runtime_LoggerBuf_Object__table__V)
                  00008a12    0000000e     main.obj (.ebss:_buffer_string)
                  00008a20    0000000e     main.obj (.ebss:_completed_string)
                  00008a2e    0000000e     PotBot_p28L.o28L (.ebss:_ti_sysbios_gates_GateMutex_Object__table__V)
                  00008a3c    00000002     PotBot_p28L.o28L (.ebss:_ti_sysbios_family_c28_Hwi_Instance_State_3_hookEnv__A)
                  00008a3e    00000002     PotBot_p28L.o28L (.ebss:_ti_sysbios_gates_GateHwi_Object__table__V)
                  00008a40    00000008     servo.obj (.ebss:___servos_c_pwm_max)
                  00008a48    00000008     servo.obj (.ebss:___servos_c_pwm_min)
                  00008a50    00000008     rts2800_ml.lib : hostopen.c.obj (.ebss:_parmbuf)
                  00008a58    00000008     PotBot_p28L.o28L (.ebss:_xdc_runtime_System_Module_State_0_atexitHandlers__A)
                  00008a60    00000006     PotBot_p28L.o28L (.ebss:_xdc_runtime_HeapStd_Object__table__V)
                  00008a66    00000006     rts2800_ml.lib : exit.c.obj (.ebss)
                  00008a6c    00000002     PotBot_p28L.o28L (.ebss:_ti_sysbios_knl_Swi_Instance_State_0_hookEnv__A)
                  00008a6e    00000002     PotBot_p28L.o28L (.ebss:_ti_sysbios_knl_Swi_Instance_State_1_hookEnv__A)
                  00008a70    00000002     PotBot_p28L.o28L (.ebss:_ti_sysbios_knl_Swi_Instance_State_2_hookEnv__A)
                  00008a72    00000002     PotBot_p28L.o28L (.ebss:_ti_sysbios_knl_Task_Instance_State_0_hookEnv__A)
                  00008a74    00000002     PotBot_p28L.o28L (.ebss:_ti_sysbios_knl_Task_Instance_State_1_hookEnv__A)
                  00008a76    00000002     PotBot_p28L.o28L (.ebss:_ti_sysbios_knl_Task_Instance_State_2_hookEnv__A)
                  00008a78    00000002     PotBot_p28L.o28L (.ebss:_ti_sysbios_knl_Task_Instance_State_3_hookEnv__A)
                  00008a7a    00000002     PotBot_p28L.o28L (.ebss:_ti_sysbios_knl_Task_Module_State_0_idleTask__A)
                  00008a7c    00000002     PotBot_p28L.o28L (.ebss:_ti_sysbios_utils_Load_Module_State_0_runningTask__A)
                  00008a7e    00000002     PotBot_p28L.o28L (.ebss:_ti_sysbios_utils_Load_Module_State_0_taskStartTime__A)
                  00008a80    00000002     adc.obj (.ebss)
                  00008a82    00000001     servo.obj (.ebss)
                  00008a83    00000001     uart.obj (.ebss)

.cio       1    00008ac0    00000120     UNINITIALIZED
                  00008ac0    00000120     rts2800_ml.lib : trgmsg.c.obj (.cio)

.ti_catalog_c2800_init_begin 
*          0    003f7ff6    00000002     
                  003f7ff6    00000002     Boot.a28L : Boot_asm.o28L (.ti_catalog_c2800_init_begin)

xdc.meta   0    00000000    000000dc     COPY SECTION
                  00000000    000000dc     PotBot_p28L.o28L (xdc.meta)

xdc.noload 
*          0    00000000    00000000     COPY SECTION

.binit     0    003d7800    00000000     

MODULE SUMMARY

       Module                          code    initialized data   uninitialized data
       ------                          ----    ----------------   ------------------
    .\
       main.obj                        595     469                474               
       F2802x_GlobalVariableDefs.obj   0       0                  790               
       servo.obj                       559     0                  17                
       dsp.obj                         353     0                  0                 
       adc.obj                         337     0                  2                 
       uart.obj                        301     4                  15                
       dev_init.obj                    108     0                  0                 
       spi.obj                         108     0                  0                 
    +--+-------------------------------+-------+------------------+--------------------+
       Total:                          2361    473                1298              
                                                                                    
    C:\Users\jbate\workspace_v10\PotBot\Debug\configPkg\package\cfg\
       PotBot_p28L.o28L                994     2257               2360              
    +--+-------------------------------+-------+------------------+--------------------+
       Total:                          994     2257               2360              
                                                                                    
    C:\Users\jbate\workspace_v10\PotBot\src\sysbios\sysbios.a28L
       BIOS.obj                        5914    28                 0                 
       c28_Hwi_disp_asm.obj            133     0                  0                 
       c28_Hwi_asm.obj                 55      0                  0                 
       c28_TaskSupport_asm.obj         51      0                  0                 
       c28_IntrinsicsSupport_asm.obj   6       0                  0                 
    +--+-------------------------------+-------+------------------+--------------------+
       Total:                          6159    28                 0                 
                                                                                    
    C:\ti\bios_6_83_00_18\packages\ti\catalog\c2800\init\lib\Boot.a28L
       Boot.o28L                       63      0                  0                 
       Boot_asm.o28L                   2       0                  0                 
    +--+-------------------------------+-------+------------------+--------------------+
       Total:                          65      0                  0                 
                                                                                    
    C:\ti\bios_6_83_00_18\packages\ti\targets\rts2800\lib\boot.a28L
       boot_cg.o28L                    103     0                  0                 
    +--+-------------------------------+-------+------------------+--------------------+
       Total:                          103     0                  0                 
                                                                                    
    C:\ti\bios_6_83_00_18\packages\ti\targets\rts2800\lib\ti.targets.rts2800.a28L
       System.o28L                     798     25                 0                 
       LoggerBuf.o28L                  600     0                  0                 
       HeapStd.o28L                    485     0                  0                 
       Text.o28L                       286     49                 0                 
       Error.o28L                      225     88                 0                 
       Core-mem.o28L                   220     0                  0                 
       Startup.o28L                    165     42                 0                 
       Core-smem.o28L                  137     0                  0                 
       SysMin.o28L                     126     0                  0                 
       Memory.o28L                     109     0                  0                 
       Log.o28L                        0       71                 0                 
       Assert.o28L                     45      5                  0                 
       Core-params.o28L                45      0                  0                 
       Registry.o28L                   15      0                  0                 
       Gate.o28L                       12      0                  0                 
       Timestamp.o28L                  6       0                  0                 
       xdc_noinit.o28L                 3       0                  0                 
    +--+-------------------------------+-------+------------------+--------------------+
       Total:                          3277    280                0                 
                                                                                    
    C:\ti\ccs1040\ccs\tools\compiler\ti-cgt-c2000_20.2.5.LTS\lib\rts2800_ml.lib
       trgmsg.c.obj                    148     0                  288               
       ll_div28.asm.obj                263     0                  0                 
       fs_div28.asm.obj                131     0                  0                 
       fs_add28.asm.obj                120     0                  0                 
       fs_mpy28.asm.obj                90      0                  0                 
       exit.c.obj                      41      14                 6                 
       hostwrite.c.obj                 56      0                  0                 
       l_div28.asm.obj                 42      0                  0                 
       fs_toi28.asm.obj                37      0                  0                 
       cpy_tbl.c.obj                   36      0                  0                 
       i_div28.asm.obj                 34      0                  0                 
       fs_tou28.asm.obj                29      0                  0                 
       memcpy.c.obj                    29      0                  0                 
       l_tofs28.asm.obj                26      0                  0                 
       _lock.c.obj                     9       10                 4                 
       args_main.c.obj                 17      0                  0                 
       hostopen.c.obj                  0       0                  8                 
       strlen.c.obj                    8       0                  0                 
       memset.c.obj                    7       0                  0                 
       strcpy.c.obj                    5       0                  0                 
       pre_init.c.obj                  2       0                  0                 
       startup.c.obj                   1       0                  0                 
    +--+-------------------------------+-------+------------------+--------------------+
       Total:                          1131    24                 306               
                                                                                    
       Stack:                          0       0                  256               
    +--+-------------------------------+-------+------------------+--------------------+
       Grand Total:                    14090   3062               4220              


GLOBAL DATA SYMBOLS: SORTED BY DATA PAGE

address     data page           name
--------    ----------------    ----
00000000       0 (00000000)     ___ISA__
00000000       0 (00000000)     __stack
00000011       0 (00000000)     ___TARG__
00000035       0 (00000000)     ___PLAT__

0000005b       1 (00000040)     ___TRDR__

00000082       2 (00000080)     ___ASM__

00000100       4 (00000100)     _ti_sysbios_utils_Load_Module__state__V

0000014c       5 (00000140)     _ti_sysbios_knl_Task_Module__state__V
0000016c       5 (00000140)     _ti_sysbios_BIOS_Module__state__V
0000017e       5 (00000140)     _xdc_runtime_HeapStd_Module__state__V

00000180       6 (00000180)     _ti_sysbios_family_c28_Hwi_Module__state__V
00000190       6 (00000180)     _ti_sysbios_knl_Swi_Module__state__V
0000019c       6 (00000180)     _ti_sysbios_family_c28_Timer_Module__state__V
[...]
0     003f4234  _ti_sysbios_knl_Swi_Module__diagsMask__C                  
0     003f4236  _ti_sysbios_knl_Swi_Module__loggerFxn1__C                 
0     003f4238  _ti_sysbios_knl_Swi_Module__loggerFxn4__C                 
0     003f423a  _ti_sysbios_knl_Swi_Module__loggerObj__C                  
0     003f423c  _ti_sysbios_knl_Task_A_badContextId__C                    
0     003f423e  _ti_sysbios_knl_Task_E_spOutOfBounds__C                   
0     003f4240  _ti_sysbios_knl_Task_E_stackOverflow__C                   
0     003f4242  _ti_sysbios_knl_Task_LD_block__C                          
0     003f4244  _ti_sysbios_knl_Task_LD_exit__C                           
0     003f4246  _ti_sysbios_knl_Task_LD_ready__C                          
0     003f4248  _ti_sysbios_knl_Task_LM_switch__C                         
0     003f424a  _ti_sysbios_knl_Task_Module_State_inactiveQ__O            
0     003f424c  _ti_sysbios_knl_Task_Module__diagsEnabled__C              
0     003f424e  _ti_sysbios_knl_Task_Module__diagsIncluded__C             
0     003f4250  _ti_sysbios_knl_Task_Module__diagsMask__C                 
0     003f4252  _ti_sysbios_knl_Task_Module__loggerFxn2__C                
0     003f4254  _ti_sysbios_knl_Task_Module__loggerFxn4__C                
0     003f4256  _ti_sysbios_knl_Task_Module__loggerObj__C                 
0     003f4258  _ti_sysbios_knl_Task_Object__heap__C                      
0     003f425a  _ti_sysbios_knl_Task_allBlockedFunc__C                    
0     003f425c  _ti_sysbios_utils_Load_LS_cpuLoad__C                      
0     003f425e  _ti_sysbios_utils_Load_LS_hwiLoad__C                      
0     003f4260  _ti_sysbios_utils_Load_LS_swiLoad__C                      
0     003f4262  _ti_sysbios_utils_Load_LS_taskLoad__C                     
0     003f4264  _ti_sysbios_utils_Load_Module_State_taskList__O           
0     003f4266  _ti_sysbios_utils_Load_Module__diagsEnabled__C            
0     003f4268  _ti_sysbios_utils_Load_Module__diagsIncluded__C           
0     003f426a  _ti_sysbios_utils_Load_Module__diagsMask__C               
0     003f426c  _ti_sysbios_utils_Load_Module__loggerFxn1__C              
0     003f426e  _ti_sysbios_utils_Load_Module__loggerFxn2__C              
0     003f4270  _ti_sysbios_utils_Load_Module__loggerFxn4__C              
0     003f4272  _ti_sysbios_utils_Load_Module__loggerObj__C               
0     003f4274  _ti_sysbios_utils_Load_postUpdate__C                      
0     003f4276  _xdc_runtime_Assert_E_assertFailed__C                     
0     003f4278  _xdc_runtime_Core_A_initializedParams__C                  
0     003f427a  _xdc_runtime_Core_Module__diagsEnabled__C                 
0     003f427c  _xdc_runtime_Core_Module__diagsIncluded__C                
0     003f427e  _xdc_runtime_Core_Module__diagsMask__C                    
0     003f4280  _xdc_runtime_Error_E_memory__C                            
0     003f4282  _xdc_runtime_Error_policyFxn__C                           
0     003f4284  _xdc_runtime_Error_raiseHook__C                           
0     003f4286  _xdc_runtime_HeapStd_A_align__C                           
0     003f4288  _xdc_runtime_HeapStd_A_invalidTotalFreeSize__C            
0     003f428a  _xdc_runtime_HeapStd_A_zeroSize__C                        
0     003f428c  _xdc_runtime_HeapStd_E_noRTSMemory__C                     
0     003f428e  _xdc_runtime_HeapStd_Module__diagsEnabled__C              
0     003f4290  _xdc_runtime_HeapStd_Module__diagsIncluded__C             
0     003f4292  _xdc_runtime_HeapStd_Module__diagsMask__C                 
0     003f4294  _xdc_runtime_IFilterLogger_Interface__BASE__C             
0     003f4296  _xdc_runtime_IGateProvider_Interface__BASE__C             
0     003f4298  _xdc_runtime_IHeap_Interface__BASE__C                     
0     003f429a  _xdc_runtime_ILogger_Interface__BASE__C                   
0     003f429c  _xdc_runtime_IModule_Interface__BASE__C                   
0     003f429e  _xdc_runtime_LoggerBuf_E_badLevel__C                      
0     003f42a0  _xdc_runtime_LoggerBuf_Module__gateObj__C                 
0     003f42a2  _xdc_runtime_LoggerBuf_statusLogger__C                    
0     003f42a4  _xdc_runtime_Memory_defaultHeapInstance__C                
0     003f42a6  _xdc_runtime_Startup_execImpl__C                          
0     003f42a8  _xdc_runtime_Startup_firstFxns__A                         
0     003f42aa  _xdc_runtime_Startup_lastFxns__A                          
0     003f42ac  _xdc_runtime_Startup_sfxnRts__C                           
0     003f42ae  _xdc_runtime_Startup_sfxnTab__C                           
0     003f42b0  _xdc_runtime_SysMin_bufSize__C                            
0     003f42b2  _xdc_runtime_SysMin_outputFunc__C                         
0     003f42b4  _xdc_runtime_System_Module__gateObj__C                    
0     003f42b6  _xdc_runtime_System_abortFxn__C                           
0     003f42b8  _xdc_runtime_System_exitFxn__C                            
0     003f42ba  _xdc_runtime_System_extendFxn__C                          
0     003f42bc  _xdc_runtime_Text_charTab__C                              
0     003f42be  _xdc_runtime_Text_nodeTab__A                              
0     003f42c0  _xdc_runtime_Text_visitRopeFxn__C                         
0     003f42c2  _ti_sysbios_family_c28_Timer_Module__id__C                
0     003f42c3  _ti_sysbios_family_c28_Timer_startupNeeded__C             
0     003f42c4  _ti_sysbios_gates_GateMutex_Module__id__C                 
0     003f42c5  _ti_sysbios_hal_Hwi_Module__id__C                         
0     003f42c6  _ti_sysbios_knl_Semaphore_Module__id__C                   
0     003f42c7  _ti_sysbios_knl_Semaphore_Module__loggerDefined__C        
0     003f42c8  _ti_sysbios_knl_Swi_Module__id__C                         
0     003f42c9  _ti_sysbios_knl_Swi_Module__loggerDefined__C              
0     003f42ca  _ti_sysbios_knl_Swi_Object__count__C                      
0     003f42cb  _ti_sysbios_knl_Swi_numConstructedSwis__C                 
0     003f42cc  _ti_sysbios_knl_Task_Module__id__C                        
0     003f42cd  _ti_sysbios_knl_Task_Module__loggerDefined__C             
0     003f42ce  _ti_sysbios_knl_Task_Object__count__C                     
0     003f42cf  _ti_sysbios_knl_Task_numConstructedTasks__C               
0     003f42d0  _ti_sysbios_utils_Load_Module__id__C                      
0     003f42d1  _ti_sysbios_utils_Load_Module__loggerDefined__C           
0     003f42d2  _ti_sysbios_utils_Load_autoAddTasks__C                    
0     003f42d3  _ti_sysbios_utils_Load_updateInIdle__C                    
0     003f42d4  _ti_sysbios_utils_Load_windowInMs__C                      
0     003f42d5  _xdc_runtime_Core_Module__id__C                           
0     003f42d6  _xdc_runtime_Error_Module__loggerDefined__C               
0     003f42d7  _xdc_runtime_Error_maxDepth__C                            
0     003f42d8  _xdc_runtime_Error_policy__C                              
0     003f42d9  _xdc_runtime_HeapStd_Module__id__C                        
0     003f42da  _xdc_runtime_LoggerBuf_Module__id__C                      
0     003f42db  _xdc_runtime_LoggerBuf_Object__count__C                   
0     003f42dc  _xdc_runtime_LoggerBuf_filterByLevel__C                   
0     003f42dd  _xdc_runtime_Memory_Module__id__C                         
0     003f42de  _xdc_runtime_Startup_maxPasses__C                         
0     003f42df  _xdc_runtime_SysMin_flushAtExit__C                        
0     003f42e0  _xdc_runtime_System_maxAtexitHandlers__C                  
0     003f42e1  _xdc_runtime_Text_charTab__A                              
0     003f42e2  _xdc_runtime_Text_isLoaded__C                             
0     003f42e3  _xdc_runtime_Text_registryModsLastId__C                   
0     003f42e4  _xdc_runtime_Text_unnamedModsLastId__C                    
0     003f7ff6  _ti_catalog_c2800_init_Boot_entry                         
1     00000000  __stack                                                   
1     00000100  .data                                                     
1     00000100  __STACK_END                                               
1     00000100  ___data__                                                 
1     00000100  _ti_sysbios_utils_Load_Module__state__V                   
1     0000014c  _ti_sysbios_knl_Task_Module__state__V                     
1     0000016c  _ti_sysbios_BIOS_Module__state__V                         
1     0000017e  _xdc_runtime_HeapStd_Module__state__V                     
1     00000180  _ti_sysbios_family_c28_Hwi_Module__state__V               
1     00000190  _ti_sysbios_knl_Swi_Module__state__V                      
1     0000019c  _ti_sysbios_family_c28_Timer_Module__state__V             
1     000001a4  _ti_sysbios_family_c28_TimestampProvider_Module__state__V 
1     000001a8  _xdc_runtime_Registry_Module__state__V                    
1     000001ac  _xdc_runtime_Startup_Module__state__V                     
1     000001b0  _xdc_runtime_SysMin_Module__state__V                      
1     000001b4  _xdc_runtime_System_Module__state__V                      
1     000001b8  _xdc_runtime_Text_Module__state__V                        
1     000001bc  _xdc_runtime_LoggerBuf_Module__state__V                   
1     000001bf  _xdc_runtime_Error_Module__state__V                       
1     000001c0  _xdc_runtime_Memory_Module__state__V                      
1     000001c2  ___edata__                                                
1     000001c2  edata                                                     
1     00000880  _DevEmuRegs                                               
1     00000985  _SysPwrCtrlRegs                                           
1     00000a80  _FlashRegs                                                
1     00000ae0  _CsmRegs                                                  
1     00000b00  _AdcResult                                                
1     00000c00  _CpuTimer0Regs                                            
1     00000c08  _CpuTimer1Regs                                            
1     00000c10  _CpuTimer2Regs                                            
1     00000ce0  _PieCtrlRegs                                              
1     00006400  _Comp1Regs                                                
1     00006420  _Comp2Regs                                                
1     00006800  _EPwm1Regs                                                
1     00006840  _EPwm2Regs                                                
1     00006880  _EPwm3Regs                                                
1     000068c0  _EPwm4Regs                                                
1     00006a00  _ECap1Regs                                                
1     00006f80  _GpioCtrlRegs                                             
1     00006fc0  _GpioDataRegs                                             
1     00006fe0  _GpioIntRegs                                              
1     00007010  _SysCtrlRegs                                              
1     00007040  _SpiaRegs                                                 
1     00007050  _SciaRegs                                                 
1     00007060  _NmiIntruptRegs                                           
1     00007070  _XIntruptRegs                                             
1     00007100  _AdcRegs                                                  
1     00007900  _I2caRegs                                                 
1     00008000  _RamfuncsLoadEnd                                          
1     00008000  _RamfuncsLoadStart                                        
1     00008000  _RamfuncsRunStart                                         
1     00008000  _ti_sysbios_knl_Task_Instance_State_0_stack__A            
1     00008100  _ti_sysbios_knl_Task_Instance_State_1_stack__A            
1     00008200  _ti_sysbios_knl_Task_Instance_State_2_stack__A            
1     00008300  _ti_sysbios_knl_Task_Instance_State_3_stack__A            
1     00008400  _ti_sysbios_family_c28_Hwi_Module_State_0_dispatchTable__A
1     00008500  _x_array                                                  
1     000085c8  _ti_sysbios_utils_Load_Module_State_0_taskEnv__A          
1     00008600  _y_array                                                  
1     000086c8  _ti_sysbios_knl_Semaphore_Object__table__V                
1     000086e6  _test_counter                                             
1     000086e7  _asdf_test                                                
1     000086e8  _adsf_test_2                                              
1     000086e9  _x                                                        
1     000086ea  _y                                                        
1     000086eb  _z                                                        
1     000086ec  _x_adc_next                                               
1     000086ed  _y_adc_next                                               
1     000086ee  _z_switch_next                                            
1     000086ef  _x_uart_next                                              
1     000086f0  _y_uart_next                                              
1     000086f1  _z_uart_next                                              
1     000086f2  _fir_N                                                    
1     000086f3  _x_counter                                                
1     000086f4  _y_counter                                                
1     000086f5  _z_counter                                                
1     000086f6  _buffer_index                                             
1     000086f7  _buffer_string_ready                                      
1     000086f8  _joint_1                                                  
1     000086f9  _joint_2                                                  
1     000086fa  _sample_select                                            
1     000086fb  _swi_counter                                              
1     000086fc  _c2000_temp                                               
1     000086fe  _real_temp                                                
1     00008700  _ti_sysbios_knl_Task_Object__table__V                     
1     000087b0  ___uart_c_buffer_string                                   
1     000087be  __lock                                                    
1     000087c0  _xdc_runtime_SysMin_Module_State_0_outbuf__A              
1     00008840  _ti_sysbios_utils_Load_Module__root__V                    
1     00008842  ___xdc__init__addr                                        
1     00008844  _ti_sysbios_family_c28_Hwi_Module__root__V                
1     00008848  _ti_sysbios_family_c28_Timer_Module__root__V              
1     0000884c  _ti_sysbios_gates_GateHwi_Module__root__V                 
1     00008850  _ti_sysbios_gates_GateMutex_Module__root__V               
1     00008854  _ti_sysbios_hal_Hwi_Module__root__V                       
1     00008858  _ti_sysbios_hal_Timer_Module__root__V                     
1     0000885c  _ti_sysbios_knl_Queue_Module__root__V                     
1     00008860  _ti_sysbios_knl_Semaphore_Module__root__V                 
1     00008864  _ti_sysbios_knl_Swi_Module__root__V                       
1     00008868  _ti_sysbios_knl_Task_Module__root__V                      
1     0000886c  _xdc_runtime_HeapStd_Module__root__V                      
1     00008870  _xdc_runtime_LoggerBuf_Module__root__V                    
1     00008880  _xdc_runtime_Error_IgnoreBlock                            
1     00008890  _ti_sysbios_family_c28_Timer_Object__table__V             
1     000088a8  _z_array                                                  
1     000088bc  __unlock                                                  
1     000088be  _ti_sysbios_family_c28_Hwi_Instance_State_0_hookEnv__A    
1     000088c0  _ti_sysbios_family_c28_Hwi_Object__table__V               
1     00008900  _ti_sysbios_knl_Swi_Module_State_0_readyQ__A              
1     00008940  _ti_sysbios_knl_Task_Module_State_0_readyQ__A             
1     00008980  _xdc_runtime_LoggerBuf_Instance_State_0_entryArr__A       
1     000089c0  _ti_sysbios_knl_Swi_Object__table__V                      
1     000089fc  _ti_sysbios_family_c28_Hwi_Instance_State_1_hookEnv__A    
1     000089fe  _ti_sysbios_family_c28_Hwi_Instance_State_2_hookEnv__A    
1     00008a00  _xdc_runtime_LoggerBuf_Object__table__V                   
1     00008a12  _buffer_string                                            
1     00008a20  _completed_string                                         
1     00008a2e  _ti_sysbios_gates_GateMutex_Object__table__V              
1     00008a3c  _ti_sysbios_family_c28_Hwi_Instance_State_3_hookEnv__A    
1     00008a3e  _ti_sysbios_gates_GateHwi_Object__table__V                
1     00008a40  ___servos_c_pwm_max                                       
1     00008a48  ___servos_c_pwm_min                                       
1     00008a50  _parmbuf                                                  
1     00008a58  _xdc_runtime_System_Module_State_0_atexitHandlers__A      
1     00008a60  _xdc_runtime_HeapStd_Object__table__V                     
1     00008a66  ___TI_enable_exit_profile_output                          
1     00008a68  ___TI_cleanup_ptr                                         
1     00008a6a  ___TI_dtors_ptr                                           
1     00008a6c  _ti_sysbios_knl_Swi_Instance_State_0_hookEnv__A           
1     00008a6e  _ti_sysbios_knl_Swi_Instance_State_1_hookEnv__A           
1     00008a70  _ti_sysbios_knl_Swi_Instance_State_2_hookEnv__A           
1     00008a72  _ti_sysbios_knl_Task_Instance_State_0_hookEnv__A          
1     00008a74  _ti_sysbios_knl_Task_Instance_State_1_hookEnv__A          
1     00008a76  _ti_sysbios_knl_Task_Instance_State_2_hookEnv__A          
1     00008a78  _ti_sysbios_knl_Task_Instance_State_3_hookEnv__A          
1     00008a7a  _ti_sysbios_knl_Task_Module_State_0_idleTask__A           
1     00008a7c  _ti_sysbios_utils_Load_Module_State_0_runningTask__A      
1     00008a7e  _ti_sysbios_utils_Load_Module_State_0_taskStartTime__A    
1     00008a80  ___adc_c_temp_slope                                       
1     00008a81  ___adc_c_temp_offset                                      
1     00008a82  _input_conv                                               
1     00008a83  ___uart_c_buffer_index                                    
1     00008ac0  __CIOBUF_                                                 
1     003d7fff  _PartIdRegs                                               
1     003f7ff8  _CsmPwl                                                   
abs   00000000  _RamfuncsLoadSize                                         
abs   00000001  _xdc_rov_runtime_Mon__checksum                            
abs   00000001  _xdc_rov_runtime_Mon__write                               
abs   00000001  _xdc_runtime_Startup__EXECFXN__C                          
abs   00000001  _xdc_runtime_Startup__RESETFXN__C                         
abs   00000100  __STACK_SIZE                                              
abs   ffffffff  ___TI_pprof_out_hndl                                      
abs   ffffffff  ___TI_prof_data_size                                      
abs   ffffffff  ___TI_prof_data_start                                     
abs   ffffffff  ___binit__                                                
abs   ffffffff  ___c_args__                                               
abs   ffffffff  ___pinit__                                                
abs   ffffffff  binit                                                     
abs   ffffffff  pinit                                                     

[711 symbols]
