<?xml version="1.0" encoding="ISO-8859-1" ?>
<link_info>
   <banner>TMS320C2000 Linker PC v20.2.5.LTS</banner>
   <copyright>Copyright (c) 1996-2018 Texas Instruments Incorporated</copyright>
   <link_time>0x637deaec</link_time>
   <link_errors>0x0</link_errors>
   <output_file>PotBot.out</output_file>
   <entry_point>
      <name>_c_int00</name>
      <address>0x3f1931</address>
   </entry_point>
   <input_file_list>
      <input_file id="fl-2">
         <path>.\</path>
         <kind>object</kind>
         <file>F2802x_GlobalVariableDefs.obj</file>
         <name>F2802x_GlobalVariableDefs.obj</name>
      </input_file>
      <input_file id="fl-3">
         <path>.\</path>
         <kind>object</kind>
         <file>adc.obj</file>
         <name>adc.obj</name>
      </input_file>
      <input_file id="fl-4">
         <path>.\</path>
         <kind>object</kind>
         <file>dev_init.obj</file>
         <name>dev_init.obj</name>
      </input_file>
      <input_file id="fl-5">
         <path>.\</path>
         <kind>object</kind>
         <file>dsp.obj</file>
         <name>dsp.obj</name>
      </input_file>
      <input_file id="fl-6">
         <path>.\</path>
         <kind>object</kind>
         <file>main.obj</file>
         <name>main.obj</name>
      </input_file>
      <input_file id="fl-7">
         <path>.\</path>
         <kind>object</kind>
         <file>servo.obj</file>
         <name>servo.obj</name>
      </input_file>
      <input_file id="fl-8">
         <path>.\</path>
         <kind>object</kind>
         <file>uart.obj</file>
         <name>uart.obj</name>
      </input_file>
      <input_file id="fl-c">
         <path>C:\Users\jbate\workspace_v10\PotBot\Debug\configPkg\package\cfg\</path>
         <kind>object</kind>
         <file>PotBot_p28L.o28L</file>
         <name>PotBot_p28L.o28L</name>
      </input_file>
      <input_file id="fl-13">
         <kind>object</kind>
         <file>&lt;internal&gt;</file>
         <name>&lt;internal&gt;</name>
      </input_file>
      <input_file id="fl-14">
         <path>C:\Users\jbate\workspace_v10\PotBot\src\sysbios\</path>
         <kind>archive</kind>
         <file>sysbios.a28L</file>
         <name>BIOS.obj</name>
      </input_file>
      <input_file id="fl-15">
         <path>C:\Users\jbate\workspace_v10\PotBot\src\sysbios\</path>
         <kind>archive</kind>
         <file>sysbios.a28L</file>
         <name>c28_Hwi_asm.obj</name>
      </input_file>
      <input_file id="fl-16">
         <path>C:\Users\jbate\workspace_v10\PotBot\src\sysbios\</path>
         <kind>archive</kind>
         <file>sysbios.a28L</file>
         <name>c28_Hwi_disp_asm.obj</name>
      </input_file>
      <input_file id="fl-17">
         <path>C:\Users\jbate\workspace_v10\PotBot\src\sysbios\</path>
         <kind>archive</kind>
         <file>sysbios.a28L</file>
         <name>c28_IntrinsicsSupport_asm.obj</name>
      </input_file>
      <input_file id="fl-18">
         <path>C:\Users\jbate\workspace_v10\PotBot\src\sysbios\</path>
         <kind>archive</kind>
         <file>sysbios.a28L</file>
         <name>c28_TaskSupport_asm.obj</name>
      </input_file>
      <input_file id="fl-19">
         <path>C:\ti\bios_6_83_00_18\packages\ti\catalog\c2800\init\lib\</path>
         <kind>archive</kind>
         <file>Boot.a28L</file>
         <name>Boot.o28L</name>
      </input_file>
      <input_file id="fl-1a">
         <path>C:\ti\bios_6_83_00_18\packages\ti\targets\rts2800\lib\</path>
         <kind>archive</kind>
         <file>ti.targets.rts2800.a28L</file>
         <name>Assert.o28L</name>
      </input_file>
      <input_file id="fl-1b">
         <path>C:\ti\bios_6_83_00_18\packages\ti\targets\rts2800\lib\</path>
         <kind>archive</kind>
         <file>ti.targets.rts2800.a28L</file>
         <name>Core-mem.o28L</name>
      </input_file>
      <input_file id="fl-1c">
         <path>C:\ti\bios_6_83_00_18\packages\ti\targets\rts2800\lib\</path>
         <kind>archive</kind>
         <file>ti.targets.rts2800.a28L</file>
         <name>Core-smem.o28L</name>
      </input_file>
      <input_file id="fl-1d">
         <path>C:\ti\bios_6_83_00_18\packages\ti\targets\rts2800\lib\</path>
         <kind>archive</kind>
         <file>ti.targets.rts2800.a28L</file>
         <name>Core-params.o28L</name>
      </input_file>
      <input_file id="fl-1e">
         <path>C:\ti\bios_6_83_00_18\packages\ti\targets\rts2800\lib\</path>
         <kind>archive</kind>
         <file>ti.targets.rts2800.a28L</file>
         <name>Error.o28L</name>
      </input_file>
      <input_file id="fl-1f">
         <path>C:\ti\bios_6_83_00_18\packages\ti\targets\rts2800\lib\</path>
         <kind>archive</kind>
         <file>ti.targets.rts2800.a28L</file>
         <name>Gate.o28L</name>
      </input_file>
      <input_file id="fl-20">
         <path>C:\ti\bios_6_83_00_18\packages\ti\targets\rts2800\lib\</path>
         <kind>archive</kind>
         <file>ti.targets.rts2800.a28L</file>
         <name>HeapStd.o28L</name>
      </input_file>
      <input_file id="fl-21">
         <path>C:\ti\bios_6_83_00_18\packages\ti\targets\rts2800\lib\</path>
         <kind>archive</kind>
         <file>ti.targets.rts2800.a28L</file>
         <name>LoggerBuf.o28L</name>
      </input_file>
      <input_file id="fl-22">
         <path>C:\ti\bios_6_83_00_18\packages\ti\targets\rts2800\lib\</path>
         <kind>archive</kind>
         <file>ti.targets.rts2800.a28L</file>
         <name>Memory.o28L</name>
      </input_file>
      <input_file id="fl-23">
         <path>C:\ti\bios_6_83_00_18\packages\ti\targets\rts2800\lib\</path>
         <kind>archive</kind>
         <file>ti.targets.rts2800.a28L</file>
         <name>Startup.o28L</name>
      </input_file>
      <input_file id="fl-24">
         <path>C:\ti\bios_6_83_00_18\packages\ti\targets\rts2800\lib\</path>
         <kind>archive</kind>
         <file>ti.targets.rts2800.a28L</file>
         <name>System.o28L</name>
      </input_file>
      <input_file id="fl-25">
         <path>C:\ti\bios_6_83_00_18\packages\ti\targets\rts2800\lib\</path>
         <kind>archive</kind>
         <file>ti.targets.rts2800.a28L</file>
         <name>SysMin.o28L</name>
      </input_file>
      <input_file id="fl-26">
         <path>C:\ti\bios_6_83_00_18\packages\ti\targets\rts2800\lib\</path>
         <kind>archive</kind>
         <file>ti.targets.rts2800.a28L</file>
         <name>Text.o28L</name>
      </input_file>
      <input_file id="fl-27">
         <path>C:\ti\bios_6_83_00_18\packages\ti\targets\rts2800\lib\</path>
         <kind>archive</kind>
         <file>ti.targets.rts2800.a28L</file>
         <name>xdc_noinit.o28L</name>
      </input_file>
      <input_file id="fl-28">
         <path>C:\ti\bios_6_83_00_18\packages\ti\targets\rts2800\lib\</path>
         <kind>archive</kind>
         <file>ti.targets.rts2800.a28L</file>
         <name>Log.o28L</name>
      </input_file>
      <input_file id="fl-29">
         <path>C:\ti\bios_6_83_00_18\packages\ti\targets\rts2800\lib\</path>
         <kind>archive</kind>
         <file>ti.targets.rts2800.a28L</file>
         <name>Registry.o28L</name>
      </input_file>
      <input_file id="fl-2a">
         <path>C:\ti\bios_6_83_00_18\packages\ti\targets\rts2800\lib\</path>
         <kind>archive</kind>
         <file>boot.a28L</file>
         <name>boot_cg.o28L</name>
      </input_file>
      <input_file id="fl-36">
         <path>C:\ti\ccs1040\ccs\tools\compiler\ti-cgt-c2000_20.2.5.LTS\lib\</path>
         <kind>archive</kind>
         <file>rts2800_ml.lib</file>
         <name>fs_add28.asm.obj</name>
      </input_file>
      <input_file id="fl-37">
         <path>C:\ti\ccs1040\ccs\tools\compiler\ti-cgt-c2000_20.2.5.LTS\lib\</path>
         <kind>archive</kind>
         <file>rts2800_ml.lib</file>
         <name>fs_div28.asm.obj</name>
      </input_file>
      <input_file id="fl-38">
         <path>C:\ti\ccs1040\ccs\tools\compiler\ti-cgt-c2000_20.2.5.LTS\lib\</path>
         <kind>archive</kind>
         <file>rts2800_ml.lib</file>
         <name>fs_mpy28.asm.obj</name>
      </input_file>
      <input_file id="fl-39">
         <path>C:\ti\ccs1040\ccs\tools\compiler\ti-cgt-c2000_20.2.5.LTS\lib\</path>
         <kind>archive</kind>
         <file>rts2800_ml.lib</file>
         <name>fs_tou28.asm.obj</name>
      </input_file>
      <input_file id="fl-3a">
         <path>C:\ti\ccs1040\ccs\tools\compiler\ti-cgt-c2000_20.2.5.LTS\lib\</path>
         <kind>archive</kind>
         <file>rts2800_ml.lib</file>
         <name>ll_div28.asm.obj</name>
      </input_file>
      <input_file id="fl-3b">
         <path>C:\ti\ccs1040\ccs\tools\compiler\ti-cgt-c2000_20.2.5.LTS\lib\</path>
         <kind>archive</kind>
         <file>rts2800_ml.lib</file>
         <name>l_tofs28.asm.obj</name>
      </input_file>
      <input_file id="fl-3c">
         <path>C:\ti\ccs1040\ccs\tools\compiler\ti-cgt-c2000_20.2.5.LTS\lib\</path>
         <kind>archive</kind>
         <file>rts2800_ml.lib</file>
         <name>l_div28.asm.obj</name>
      </input_file>
      <input_file id="fl-3d">
         <path>C:\ti\ccs1040\ccs\tools\compiler\ti-cgt-c2000_20.2.5.LTS\lib\</path>
         <kind>archive</kind>
         <file>rts2800_ml.lib</file>
         <name>cpy_tbl.c.obj</name>
      </input_file>
      <input_file id="fl-3e">
         <path>C:\ti\ccs1040\ccs\tools\compiler\ti-cgt-c2000_20.2.5.LTS\lib\</path>
         <kind>archive</kind>
         <file>rts2800_ml.lib</file>
         <name>memcpy.c.obj</name>
      </input_file>
      <input_file id="fl-3f">
         <path>C:\ti\ccs1040\ccs\tools\compiler\ti-cgt-c2000_20.2.5.LTS\lib\</path>
         <kind>archive</kind>
         <file>rts2800_ml.lib</file>
         <name>pre_init.c.obj</name>
      </input_file>
      <input_file id="fl-40">
         <path>C:\ti\ccs1040\ccs\tools\compiler\ti-cgt-c2000_20.2.5.LTS\lib\</path>
         <kind>archive</kind>
         <file>rts2800_ml.lib</file>
         <name>startup.c.obj</name>
      </input_file>
      <input_file id="fl-41">
         <path>C:\ti\ccs1040\ccs\tools\compiler\ti-cgt-c2000_20.2.5.LTS\lib\</path>
         <kind>archive</kind>
         <file>rts2800_ml.lib</file>
         <name>exit.c.obj</name>
      </input_file>
      <input_file id="fl-42">
         <path>C:\ti\ccs1040\ccs\tools\compiler\ti-cgt-c2000_20.2.5.LTS\lib\</path>
         <kind>archive</kind>
         <file>rts2800_ml.lib</file>
         <name>_lock.c.obj</name>
      </input_file>
      <input_file id="fl-43">
         <path>C:\ti\ccs1040\ccs\tools\compiler\ti-cgt-c2000_20.2.5.LTS\lib\</path>
         <kind>archive</kind>
         <file>rts2800_ml.lib</file>
         <name>args_main.c.obj</name>
      </input_file>
      <input_file id="fl-44">
         <path>C:\ti\ccs1040\ccs\tools\compiler\ti-cgt-c2000_20.2.5.LTS\lib\</path>
         <kind>archive</kind>
         <file>rts2800_ml.lib</file>
         <name>memset.c.obj</name>
      </input_file>
      <input_file id="fl-45">
         <path>C:\ti\ccs1040\ccs\tools\compiler\ti-cgt-c2000_20.2.5.LTS\lib\</path>
         <kind>archive</kind>
         <file>rts2800_ml.lib</file>
         <name>strcmp.c.obj</name>
      </input_file>
      <input_file id="fl-46">
         <path>C:\ti\ccs1040\ccs\tools\compiler\ti-cgt-c2000_20.2.5.LTS\lib\</path>
         <kind>archive</kind>
         <file>rts2800_ml.lib</file>
         <name>strcpy.c.obj</name>
      </input_file>
      <input_file id="fl-47">
         <path>C:\ti\ccs1040\ccs\tools\compiler\ti-cgt-c2000_20.2.5.LTS\lib\</path>
         <kind>archive</kind>
         <file>rts2800_ml.lib</file>
         <name>strlen.c.obj</name>
      </input_file>
      <input_file id="fl-48">
         <path>C:\ti\ccs1040\ccs\tools\compiler\ti-cgt-c2000_20.2.5.LTS\lib\</path>
         <kind>archive</kind>
         <file>rts2800_ml.lib</file>
         <name>hostwrite.c.obj</name>
      </input_file>
      <input_file id="fl-49">
         <path>C:\ti\ccs1040\ccs\tools\compiler\ti-cgt-c2000_20.2.5.LTS\lib\</path>
         <kind>archive</kind>
         <file>rts2800_ml.lib</file>
         <name>trgmsg.c.obj</name>
      </input_file>
      <input_file id="fl-4a">
         <path>C:\ti\ccs1040\ccs\tools\compiler\ti-cgt-c2000_20.2.5.LTS\lib\</path>
         <kind>archive</kind>
         <file>rts2800_ml.lib</file>
         <name>hostopen.c.obj</name>
      </input_file>
   </input_file_list>
   <object_component_list>
      <object_component id="oc-5c">
         <name>PieVectTableFile</name>
         <uninitialized>true</uninitialized>
         <run_address>0xd00</run_address>
         <size>0x100</size>
         <input_file_ref idref="fl-2"/>
      </object_component>
      <object_component id="oc-3d">
         <name>EmuKeyVar</name>
         <uninitialized>true</uninitialized>
         <run_address>0xd00</run_address>
         <size>0x1</size>
         <input_file_ref idref="fl-2"/>
      </object_component>
      <object_component id="oc-3e">
         <name>EmuBModeVar</name>
         <uninitialized>true</uninitialized>
         <run_address>0xd01</run_address>
         <size>0x1</size>
         <input_file_ref idref="fl-2"/>
      </object_component>
      <object_component id="oc-40">
         <name>FlashCallbackVar</name>
         <uninitialized>true</uninitialized>
         <run_address>0xd02</run_address>
         <size>0x2</size>
         <input_file_ref idref="fl-2"/>
      </object_component>
      <object_component id="oc-3f">
         <name>FlashScalingVar</name>
         <uninitialized>true</uninitialized>
         <run_address>0xd04</run_address>
         <size>0x2</size>
         <input_file_ref idref="fl-2"/>
      </object_component>
      <object_component id="oc-42">
         <name>DevEmuRegsFile</name>
         <uninitialized>true</uninitialized>
         <run_address>0x880</run_address>
         <size>0x4</size>
         <input_file_ref idref="fl-2"/>
      </object_component>
      <object_component id="oc-41">
         <name>SysPwrCtrlRegsFile</name>
         <uninitialized>true</uninitialized>
         <run_address>0x985</run_address>
         <size>0x3</size>
         <input_file_ref idref="fl-2"/>
      </object_component>
      <object_component id="oc-47">
         <name>FlashRegsFile</name>
         <uninitialized>true</uninitialized>
         <run_address>0xa80</run_address>
         <size>0x8</size>
         <input_file_ref idref="fl-2"/>
      </object_component>
      <object_component id="oc-49">
         <name>CsmRegsFile</name>
         <uninitialized>true</uninitialized>
         <run_address>0xae0</run_address>
         <size>0x10</size>
         <input_file_ref idref="fl-2"/>
      </object_component>
      <object_component id="oc-50">
         <name>AdcResultFile</name>
         <uninitialized>true</uninitialized>
         <run_address>0xb00</run_address>
         <size>0x20</size>
         <input_file_ref idref="fl-2"/>
      </object_component>
      <object_component id="oc-43">
         <name>CpuTimer0RegsFile</name>
         <uninitialized>true</uninitialized>
         <run_address>0xc00</run_address>
         <size>0x8</size>
         <input_file_ref idref="fl-2"/>
      </object_component>
      <object_component id="oc-44">
         <name>CpuTimer1RegsFile</name>
         <uninitialized>true</uninitialized>
         <run_address>0xc08</run_address>
         <size>0x8</size>
         <input_file_ref idref="fl-2"/>
      </object_component>
      <object_component id="oc-45">
         <name>CpuTimer2RegsFile</name>
         <uninitialized>true</uninitialized>
         <run_address>0xc10</run_address>
         <size>0x8</size>
         <input_file_ref idref="fl-2"/>
      </object_component>
      <object_component id="oc-4e">
         <name>PieCtrlRegsFile</name>
         <uninitialized>true</uninitialized>
         <run_address>0xce0</run_address>
         <size>0x1a</size>
         <input_file_ref idref="fl-2"/>
      </object_component>
      <object_component id="oc-53">
         <name>ECap1RegsFile</name>
         <uninitialized>true</uninitialized>
         <run_address>0x6a00</run_address>
         <size>0x20</size>
         <input_file_ref idref="fl-2"/>
      </object_component>
      <object_component id="oc-5a">
         <name>GpioCtrlRegsFile</name>
         <uninitialized>true</uninitialized>
         <run_address>0x6f80</run_address>
         <size>0x40</size>
         <input_file_ref idref="fl-2"/>
      </object_component>
      <object_component id="oc-54">
         <name>GpioDataRegsFile</name>
         <uninitialized>true</uninitialized>
         <run_address>0x6fc0</run_address>
         <size>0x20</size>
         <input_file_ref idref="fl-2"/>
      </object_component>
      <object_component id="oc-48">
         <name>GpioIntRegsFile</name>
         <uninitialized>true</uninitialized>
         <run_address>0x6fe0</run_address>
         <size>0xa</size>
         <input_file_ref idref="fl-2"/>
      </object_component>
      <object_component id="oc-4f">
         <name>SysCtrlRegsFile</name>
         <uninitialized>true</uninitialized>
         <run_address>0x7010</run_address>
         <size>0x1f</size>
         <input_file_ref idref="fl-2"/>
      </object_component>
      <object_component id="oc-4c">
         <name>SpiaRegsFile</name>
         <uninitialized>true</uninitialized>
         <run_address>0x7040</run_address>
         <size>0x10</size>
         <input_file_ref idref="fl-2"/>
      </object_component>
      <object_component id="oc-4b">
         <name>SciaRegsFile</name>
         <uninitialized>true</uninitialized>
         <run_address>0x7050</run_address>
         <size>0x10</size>
         <input_file_ref idref="fl-2"/>
      </object_component>
      <object_component id="oc-4a">
         <name>NmiIntruptRegsFile</name>
         <uninitialized>true</uninitialized>
         <run_address>0x7060</run_address>
         <size>0x10</size>
         <input_file_ref idref="fl-2"/>
      </object_component>
      <object_component id="oc-4d">
         <name>XIntruptRegsFile</name>
         <uninitialized>true</uninitialized>
         <run_address>0x7070</run_address>
         <size>0x10</size>
         <input_file_ref idref="fl-2"/>
      </object_component>
      <object_component id="oc-5b">
         <name>AdcRegsFile</name>
         <uninitialized>true</uninitialized>
         <run_address>0x7100</run_address>
         <size>0x51</size>
         <input_file_ref idref="fl-2"/>
      </object_component>
      <object_component id="oc-55">
         <name>I2caRegsFile</name>
         <uninitialized>true</uninitialized>
         <run_address>0x7900</run_address>
         <size>0x22</size>
         <input_file_ref idref="fl-2"/>
      </object_component>
      <object_component id="oc-51">
         <name>Comp1RegsFile</name>
         <uninitialized>true</uninitialized>
         <run_address>0x6400</run_address>
         <size>0x20</size>
         <input_file_ref idref="fl-2"/>
      </object_component>
      <object_component id="oc-52">
         <name>Comp2RegsFile</name>
         <uninitialized>true</uninitialized>
         <run_address>0x6420</run_address>
         <size>0x20</size>
         <input_file_ref idref="fl-2"/>
      </object_component>
      <object_component id="oc-56">
         <name>EPwm1RegsFile</name>
         <uninitialized>true</uninitialized>
         <run_address>0x6800</run_address>
         <size>0x40</size>
         <input_file_ref idref="fl-2"/>
      </object_component>
      <object_component id="oc-57">
         <name>EPwm2RegsFile</name>
         <uninitialized>true</uninitialized>
         <run_address>0x6840</run_address>
         <size>0x40</size>
         <input_file_ref idref="fl-2"/>
      </object_component>
      <object_component id="oc-58">
         <name>EPwm3RegsFile</name>
         <uninitialized>true</uninitialized>
         <run_address>0x6880</run_address>
         <size>0x40</size>
         <input_file_ref idref="fl-2"/>
      </object_component>
      <object_component id="oc-59">
         <name>EPwm4RegsFile</name>
         <uninitialized>true</uninitialized>
         <run_address>0x68c0</run_address>
         <size>0x40</size>
         <input_file_ref idref="fl-2"/>
      </object_component>
      <object_component id="oc-46">
         <name>CsmPwlFile</name>
         <uninitialized>true</uninitialized>
         <run_address>0x3f7ff8</run_address>
         <size>0x8</size>
         <input_file_ref idref="fl-2"/>
      </object_component>
      <object_component id="oc-3c">
         <name>PartIdRegsFile</name>
         <uninitialized>true</uninitialized>
         <run_address>0x3d7fff</run_address>
         <size>0x1</size>
         <input_file_ref idref="fl-2"/>
      </object_component>
      <object_component id="oc-83">
         <name>.cinit</name>
         <load_address>0x3f2b3f</load_address>
         <run_address>0x3f2b3f</run_address>
         <size>0x10c</size>
         <input_file_ref idref="fl-c"/>
      </object_component>
      <object_component id="oc-192">
         <name>.cinit:_ti_sysbios_family_c28_Hwi_Module_State_0_dispatchTable__A</name>
         <load_address>0x3f2c4b</load_address>
         <run_address>0x3f2c4b</run_address>
         <size>0x103</size>
         <input_file_ref idref="fl-c"/>
      </object_component>
      <object_component id="oc-1c5">
         <name>.cinit:_x_array</name>
         <load_address>0x3f2d4e</load_address>
         <run_address>0x3f2d4e</run_address>
         <size>0xcb</size>
         <input_file_ref idref="fl-6"/>
      </object_component>
      <object_component id="oc-1c7">
         <name>.cinit:_y_array</name>
         <load_address>0x3f2e19</load_address>
         <run_address>0x3f2e19</run_address>
         <size>0xcb</size>
         <input_file_ref idref="fl-6"/>
      </object_component>
      <object_component id="oc-97">
         <name>.cinit:_ti_sysbios_knl_Task_Object__table__V</name>
         <load_address>0x3f2ee4</load_address>
         <run_address>0x3f2ee4</run_address>
         <size>0xab</size>
         <input_file_ref idref="fl-c"/>
      </object_component>
      <object_component id="oc-19c">
         <name>.cinit:_ti_sysbios_family_c28_Hwi_Object__table__V</name>
         <load_address>0x3f2f8f</load_address>
         <run_address>0x3f2f8f</run_address>
         <size>0x43</size>
         <input_file_ref idref="fl-c"/>
      </object_component>
      <object_component id="oc-190">
         <name>.cinit:_ti_sysbios_knl_Swi_Module_State_0_readyQ__A</name>
         <load_address>0x3f2fd2</load_address>
         <run_address>0x3f2fd2</run_address>
         <size>0x43</size>
         <input_file_ref idref="fl-c"/>
      </object_component>
      <object_component id="oc-198">
         <name>.cinit:_ti_sysbios_knl_Task_Module_State_0_readyQ__A</name>
         <load_address>0x3f3015</load_address>
         <run_address>0x3f3015</run_address>
         <size>0x43</size>
         <input_file_ref idref="fl-c"/>
      </object_component>
      <object_component id="oc-18f">
         <name>.cinit:_ti_sysbios_knl_Swi_Object__table__V</name>
         <load_address>0x3f3058</load_address>
         <run_address>0x3f3058</run_address>
         <size>0x3f</size>
         <input_file_ref idref="fl-c"/>
      </object_component>
      <object_component id="oc-19e">
         <name>.cinit:_ti_sysbios_knl_Semaphore_Object__table__V</name>
         <load_address>0x3f3097</load_address>
         <run_address>0x3f3097</run_address>
         <size>0x21</size>
         <input_file_ref idref="fl-c"/>
      </object_component>
      <object_component id="oc-188">
         <name>.cinit:_ti_sysbios_family_c28_Timer_Object__table__V</name>
         <load_address>0x3f30b8</load_address>
         <run_address>0x3f30b8</run_address>
         <size>0x1b</size>
         <input_file_ref idref="fl-c"/>
      </object_component>
      <object_component id="oc-1cb">
         <name>.cinit:_z_array</name>
         <load_address>0x3f30d3</load_address>
         <run_address>0x3f30d3</run_address>
         <size>0x17</size>
         <input_file_ref idref="fl-6"/>
      </object_component>
      <object_component id="oc-25c">
         <name>.cinit:_xdc_runtime_LoggerBuf_Object__table__V</name>
         <load_address>0x3f30ea</load_address>
         <run_address>0x3f30ea</run_address>
         <size>0x15</size>
         <input_file_ref idref="fl-c"/>
      </object_component>
      <object_component id="oc-194">
         <name>.cinit:_ti_sysbios_gates_GateMutex_Object__table__V</name>
         <load_address>0x3f30ff</load_address>
         <run_address>0x3f30ff</run_address>
         <size>0x11</size>
         <input_file_ref idref="fl-c"/>
      </object_component>
      <object_component id="oc-14b">
         <name>.cinit</name>
         <load_address>0x3f3110</load_address>
         <run_address>0x3f3110</run_address>
         <size>0xe</size>
         <input_file_ref idref="fl-41"/>
      </object_component>
      <object_component id="oc-18b">
         <name>.cinit:_xdc_runtime_System_Module_State_0_atexitHandlers__A</name>
         <load_address>0x3f311e</load_address>
         <run_address>0x3f311e</run_address>
         <size>0xb</size>
         <input_file_ref idref="fl-c"/>
      </object_component>
      <object_component id="oc-293">
         <name>.cinit:_xdc_runtime_HeapStd_Object__table__V</name>
         <load_address>0x3f3129</load_address>
         <run_address>0x3f3129</run_address>
         <size>0x9</size>
         <input_file_ref idref="fl-c"/>
      </object_component>
      <object_component id="oc-1e2">
         <name>.cinit:__lock</name>
         <load_address>0x3f3132</load_address>
         <run_address>0x3f3132</run_address>
         <size>0x5</size>
         <input_file_ref idref="fl-42"/>
      </object_component>
      <object_component id="oc-1e3">
         <name>.cinit:__unlock</name>
         <load_address>0x3f3137</load_address>
         <run_address>0x3f3137</run_address>
         <size>0x5</size>
         <input_file_ref idref="fl-42"/>
      </object_component>
      <object_component id="oc-234">
         <name>.cinit:_ti_sysbios_gates_GateHwi_Object__table__V</name>
         <load_address>0x3f313c</load_address>
         <run_address>0x3f313c</run_address>
         <size>0x5</size>
         <input_file_ref idref="fl-c"/>
      </object_component>
      <object_component id="oc-19a">
         <name>.cinit:_ti_sysbios_knl_Task_Module_State_0_idleTask__A</name>
         <load_address>0x3f3141</load_address>
         <run_address>0x3f3141</run_address>
         <size>0x5</size>
         <input_file_ref idref="fl-c"/>
      </object_component>
      <object_component id="oc-2ed">
         <name>.text:_xdc_runtime_System_doPrint__I</name>
         <load_address>0x3f0000</load_address>
         <run_address>0x3f0000</run_address>
         <size>0x234</size>
         <input_file_ref idref="fl-24"/>
      </object_component>
      <object_component id="oc-1a1">
         <name>.text</name>
         <load_address>0x3f0234</load_address>
         <run_address>0x3f0234</run_address>
         <size>0x1f8</size>
         <input_file_ref idref="fl-6"/>
      </object_component>
      <object_component id="oc-1c0">
         <name>.text</name>
         <load_address>0x3f042c</load_address>
         <run_address>0x3f042c</run_address>
         <size>0x1d6</size>
         <input_file_ref idref="fl-7"/>
      </object_component>
      <object_component id="oc-1ce">
         <name>.text:_ti_sysbios_knl_Semaphore_pend__E</name>
         <load_address>0x3f0602</load_address>
         <run_address>0x3f0602</run_address>
         <size>0x164</size>
         <input_file_ref idref="fl-14"/>
      </object_component>
      <object_component id="oc-1c8">
         <name>.text</name>
         <load_address>0x3f0766</load_address>
         <run_address>0x3f0766</run_address>
         <size>0x15c</size>
         <input_file_ref idref="fl-5"/>
      </object_component>
      <object_component id="oc-1c1">
         <name>.text</name>
         <load_address>0x3f08c2</load_address>
         <run_address>0x3f08c2</run_address>
         <size>0x151</size>
         <input_file_ref idref="fl-3"/>
      </object_component>
      <object_component id="oc-1bc">
         <name>.text</name>
         <load_address>0x3f0a13</load_address>
         <run_address>0x3f0a13</run_address>
         <size>0x12d</size>
         <input_file_ref idref="fl-8"/>
      </object_component>
      <object_component id="oc-127">
         <name>.text</name>
         <load_address>0x3f0b40</load_address>
         <run_address>0x3f0b40</run_address>
         <size>0x107</size>
         <input_file_ref idref="fl-3a"/>
      </object_component>
      <object_component id="oc-2dd">
         <name>.text:_xdc_runtime_HeapStd_alloc__E</name>
         <load_address>0x3f0c47</load_address>
         <run_address>0x3f0c47</run_address>
         <size>0xee</size>
         <input_file_ref idref="fl-20"/>
      </object_component>
      <object_component id="oc-21a">
         <name>.text:_ti_sysbios_family_c28_Hwi_clearInterrupt__E</name>
         <load_address>0x3f0d35</load_address>
         <run_address>0x3f0d35</run_address>
         <size>0xe0</size>
         <input_file_ref idref="fl-14"/>
      </object_component>
      <object_component id="oc-269">
         <name>.text:_ti_sysbios_knl_Semaphore_Instance_init__E</name>
         <load_address>0x3f0e15</load_address>
         <run_address>0x3f0e15</run_address>
         <size>0xbf</size>
         <input_file_ref idref="fl-14"/>
      </object_component>
      <object_component id="oc-30b">
         <name>.text:_xdc_runtime_System_printfExtend__I</name>
         <load_address>0x3f0ed4</load_address>
         <run_address>0x3f0ed4</run_address>
         <size>0xbb</size>
         <input_file_ref idref="fl-c"/>
      </object_component>
      <object_component id="oc-25d">
         <name>.text:_xdc_runtime_LoggerBuf_write8__E</name>
         <load_address>0x3f0f8f</load_address>
         <run_address>0x3f0f8f</run_address>
         <size>0xb5</size>
         <input_file_ref idref="fl-21"/>
      </object_component>
      <object_component id="oc-211">
         <name>.text:_xdc_runtime_Core_createObject__I</name>
         <load_address>0x3f1044</load_address>
         <run_address>0x3f1044</run_address>
         <size>0x9f</size>
         <input_file_ref idref="fl-1b"/>
      </object_component>
      <object_component id="oc-2da">
         <name>.text</name>
         <load_address>0x3f10e3</load_address>
         <run_address>0x3f10e3</run_address>
         <size>0x94</size>
         <input_file_ref idref="fl-49"/>
      </object_component>
      <object_component id="oc-21b">
         <name>.text:_ti_sysbios_family_c28_Hwi_enableInterrupt__E</name>
         <load_address>0x3f1177</load_address>
         <run_address>0x3f1177</run_address>
         <size>0x8e</size>
         <input_file_ref idref="fl-14"/>
      </object_component>
      <object_component id="oc-268">
         <name>.text:_xdc_runtime_Core_constructObject__I</name>
         <load_address>0x3f1205</load_address>
         <run_address>0x3f1205</run_address>
         <size>0x89</size>
         <input_file_ref idref="fl-1c"/>
      </object_component>
      <object_component id="oc-2cd">
         <name>.text:_ti_sysbios_family_c28_Hwi_dispatch</name>
         <load_address>0x3f128e</load_address>
         <run_address>0x3f128e</run_address>
         <size>0x85</size>
         <input_file_ref idref="fl-16"/>
      </object_component>
      <object_component id="oc-118">
         <name>.text</name>
         <load_address>0x3f1313</load_address>
         <run_address>0x3f1313</run_address>
         <size>0x83</size>
         <input_file_ref idref="fl-37"/>
      </object_component>
      <object_component id="oc-2fc">
         <name>.text:_xdc_runtime_HeapStd_Instance_init__E</name>
         <load_address>0x3f1396</load_address>
         <run_address>0x3f1396</run_address>
         <size>0x82</size>
         <input_file_ref idref="fl-20"/>
      </object_component>
      <object_component id="oc-2ef">
         <name>.text:_ti_sysbios_family_c28_Hwi_disableInterrupt__E</name>
         <load_address>0x3f1418</load_address>
         <run_address>0x3f1418</run_address>
         <size>0x81</size>
         <input_file_ref idref="fl-14"/>
      </object_component>
      <object_component id="oc-24d">
         <name>.text:_ti_sysbios_family_c28_Hwi_disablePIEIER__E</name>
         <load_address>0x3f1499</load_address>
         <run_address>0x3f1499</run_address>
         <size>0x80</size>
         <input_file_ref idref="fl-14"/>
      </object_component>
      <object_component id="oc-24c">
         <name>.text:_ti_sysbios_family_c28_Hwi_enablePIEIER__E</name>
         <load_address>0x3f1519</load_address>
         <run_address>0x3f1519</run_address>
         <size>0x7f</size>
         <input_file_ref idref="fl-14"/>
      </object_component>
      <object_component id="oc-1c9">
         <name>.text:_ti_sysbios_knl_Semaphore_post__E</name>
         <load_address>0x3f1598</load_address>
         <run_address>0x3f1598</run_address>
         <size>0x7d</size>
         <input_file_ref idref="fl-14"/>
      </object_component>
      <object_component id="oc-29a">
         <name>.text:_xdc_runtime_LoggerBuf_write4__E</name>
         <load_address>0x3f1615</load_address>
         <run_address>0x3f1615</run_address>
         <size>0x79</size>
         <input_file_ref idref="fl-21"/>
      </object_component>
      <object_component id="oc-113">
         <name>.text</name>
         <load_address>0x3f168e</load_address>
         <run_address>0x3f168e</run_address>
         <size>0x78</size>
         <input_file_ref idref="fl-36"/>
      </object_component>
      <object_component id="oc-21e">
         <name>.text:_ti_sysbios_knl_Task_checkStacks__E</name>
         <load_address>0x3f1706</load_address>
         <run_address>0x3f1706</run_address>
         <size>0x73</size>
         <input_file_ref idref="fl-14"/>
      </object_component>
      <object_component id="oc-204">
         <name>.text:_xdc_runtime_Startup_startMods__I</name>
         <load_address>0x3f1779</load_address>
         <run_address>0x3f1779</run_address>
         <size>0x72</size>
         <input_file_ref idref="fl-23"/>
      </object_component>
      <object_component id="oc-1da">
         <name>.text:_ti_sysbios_gates_GateMutex_enter__E</name>
         <load_address>0x3f17eb</load_address>
         <run_address>0x3f17eb</run_address>
         <size>0x71</size>
         <input_file_ref idref="fl-14"/>
      </object_component>
      <object_component id="oc-2de">
         <name>.text:_xdc_runtime_HeapStd_free__E</name>
         <load_address>0x3f185c</load_address>
         <run_address>0x3f185c</run_address>
         <size>0x6c</size>
         <input_file_ref idref="fl-20"/>
      </object_component>
      <object_component id="oc-1bb">
         <name>.text</name>
         <load_address>0x3f18c8</load_address>
         <run_address>0x3f18c8</run_address>
         <size>0x69</size>
         <input_file_ref idref="fl-4"/>
      </object_component>
      <object_component id="oc-3a">
         <name>.text</name>
         <load_address>0x3f1931</load_address>
         <run_address>0x3f1931</run_address>
         <size>0x67</size>
         <input_file_ref idref="fl-2a"/>
      </object_component>
      <object_component id="oc-2ce">
         <name>.text:_ti_sysbios_family_c28_Timer_stopAndClear__I</name>
         <load_address>0x3f1998</load_address>
         <run_address>0x3f1998</run_address>
         <size>0x66</size>
         <input_file_ref idref="fl-14"/>
      </object_component>
      <object_component id="oc-200">
         <name>.text:_xdc_runtime_Error_policyDefault__E</name>
         <load_address>0x3f19fe</load_address>
         <run_address>0x3f19fe</run_address>
         <size>0x5e</size>
         <input_file_ref idref="fl-1e"/>
      </object_component>
      <object_component id="oc-2a2">
         <name>.text:_xdc_runtime_Text_putSite__E</name>
         <load_address>0x3f1a5c</load_address>
         <run_address>0x3f1a5c</run_address>
         <size>0x5d</size>
         <input_file_ref idref="fl-26"/>
      </object_component>
      <object_component id="oc-11d">
         <name>.text</name>
         <load_address>0x3f1ab9</load_address>
         <run_address>0x3f1ab9</run_address>
         <size>0x5a</size>
         <input_file_ref idref="fl-38"/>
      </object_component>
      <object_component id="oc-30d">
         <name>.text:_ti_sysbios_family_c28_Hwi_dispatchCore__I</name>
         <load_address>0x3f1b13</load_address>
         <run_address>0x3f1b13</run_address>
         <size>0x4d</size>
         <input_file_ref idref="fl-14"/>
      </object_component>
      <object_component id="oc-2b2">
         <name>.text:_ti_sysbios_knl_Task_postInit__I</name>
         <load_address>0x3f1b60</load_address>
         <run_address>0x3f1b60</run_address>
         <size>0x48</size>
         <input_file_ref idref="fl-14"/>
      </object_component>
      <object_component id="oc-281">
         <name>.text:_ti_sysbios_family_c28_Hwi_Module_startup__E</name>
         <load_address>0x3f1ba8</load_address>
         <run_address>0x3f1ba8</run_address>
         <size>0x47</size>
         <input_file_ref idref="fl-14"/>
      </object_component>
      <object_component id="oc-30f">
         <name>.text:_xdc_runtime_Text_putLab__E</name>
         <load_address>0x3f1bef</load_address>
         <run_address>0x3f1bef</run_address>
         <size>0x41</size>
         <input_file_ref idref="fl-26"/>
      </object_component>
      <object_component id="oc-28c">
         <name>.text:_xdc_runtime_Memory_alloc__E</name>
         <load_address>0x3f1c30</load_address>
         <run_address>0x3f1c30</run_address>
         <size>0x3e</size>
         <input_file_ref idref="fl-22"/>
      </object_component>
      <object_component id="oc-214">
         <name>.text:_xdc_runtime_Core_deleteObject__I</name>
         <load_address>0x3f1c6e</load_address>
         <run_address>0x3f1c6e</run_address>
         <size>0x3d</size>
         <input_file_ref idref="fl-1b"/>
      </object_component>
      <object_component id="oc-29c">
         <name>.text:_xdc_runtime_LoggerBuf_getFilterLevel__E</name>
         <load_address>0x3f1cab</load_address>
         <run_address>0x3f1cab</run_address>
         <size>0x3d</size>
         <input_file_ref idref="fl-21"/>
      </object_component>
      <object_component id="oc-2ac">
         <name>.text:_ti_sysbios_family_c28_Timer_postInit__I</name>
         <load_address>0x3f1ce8</load_address>
         <run_address>0x3f1ce8</run_address>
         <size>0x3c</size>
         <input_file_ref idref="fl-14"/>
      </object_component>
      <object_component id="oc-310">
         <name>.text:_ti_sysbios_knl_Swi_restoreHwi__E</name>
         <load_address>0x3f1d24</load_address>
         <run_address>0x3f1d24</run_address>
         <size>0x3c</size>
         <input_file_ref idref="fl-14"/>
      </object_component>
      <object_component id="oc-257">
         <name>.text:_ti_sysbios_knl_Swi_run__I</name>
         <load_address>0x3f1d60</load_address>
         <run_address>0x3f1d60</run_address>
         <size>0x3c</size>
         <input_file_ref idref="fl-14"/>
      </object_component>
      <object_component id="oc-29b">
         <name>.text:_xdc_runtime_LoggerBuf_setFilterLevel__E</name>
         <load_address>0x3f1d9c</load_address>
         <run_address>0x3f1d9c</run_address>
         <size>0x3c</size>
         <input_file_ref idref="fl-21"/>
      </object_component>
      <object_component id="oc-2c8">
         <name>.text:_xdc_runtime_Text_putMod__E</name>
         <load_address>0x3f1dd8</load_address>
         <run_address>0x3f1dd8</run_address>
         <size>0x38</size>
         <input_file_ref idref="fl-26"/>
      </object_component>
      <object_component id="oc-2b8">
         <name>.text</name>
         <load_address>0x3f1e10</load_address>
         <run_address>0x3f1e10</run_address>
         <size>0x38</size>
         <input_file_ref idref="fl-48"/>
      </object_component>
      <object_component id="oc-2f1">
         <name>.text:_ti_sysbios_family_c28_TaskSupport_start__E</name>
         <load_address>0x3f1e48</load_address>
         <run_address>0x3f1e48</run_address>
         <size>0x37</size>
         <input_file_ref idref="fl-14"/>
      </object_component>
      <object_component id="oc-1ec">
         <name>.text:_ti_sysbios_knl_Task_startCore__E</name>
         <load_address>0x3f1e7f</load_address>
         <run_address>0x3f1e7f</run_address>
         <size>0x35</size>
         <input_file_ref idref="fl-14"/>
      </object_component>
      <object_component id="oc-301">
         <name>.text:_xdc_runtime_System_formatNum__I</name>
         <load_address>0x3f1eb4</load_address>
         <run_address>0x3f1eb4</run_address>
         <size>0x33</size>
         <input_file_ref idref="fl-24"/>
      </object_component>
      <object_component id="oc-284">
         <name>.text:_ti_sysbios_knl_Task_Module_startup__E</name>
         <load_address>0x3f1ee7</load_address>
         <run_address>0x3f1ee7</run_address>
         <size>0x32</size>
         <input_file_ref idref="fl-14"/>
      </object_component>
      <object_component id="oc-27a">
         <name>.text:_xdc_runtime_Error_print__E</name>
         <load_address>0x3f1f19</load_address>
         <run_address>0x3f1f19</run_address>
         <size>0x31</size>
         <input_file_ref idref="fl-1e"/>
      </object_component>
      <object_component id="oc-2c5">
         <name>.text:_xdc_runtime_LoggerBuf_Instance_init__E</name>
         <load_address>0x3f1f4a</load_address>
         <run_address>0x3f1f4a</run_address>
         <size>0x2f</size>
         <input_file_ref idref="fl-21"/>
      </object_component>
      <object_component id="oc-182">
         <name>.text:_xdc_runtime_Startup_exec__E</name>
         <load_address>0x3f1f79</load_address>
         <run_address>0x3f1f79</run_address>
         <size>0x2f</size>
         <input_file_ref idref="fl-23"/>
      </object_component>
      <object_component id="oc-1a7">
         <name>.text:.bootCodeSection:_ti_catalog_c2800_init_Boot_configurePll2802x</name>
         <load_address>0x3f1fa8</load_address>
         <run_address>0x3f1fa8</run_address>
         <size>0x2e</size>
         <input_file_ref idref="fl-19"/>
      </object_component>
      <object_component id="oc-221">
         <name>.text:_ti_sysbios_knl_Swi_runLoop__I</name>
         <load_address>0x3f1fd6</load_address>
         <run_address>0x3f1fd6</run_address>
         <size>0x2e</size>
         <input_file_ref idref="fl-14"/>
      </object_component>
      <object_component id="oc-1f1">
         <name>.text:_ti_sysbios_knl_Swi_schedule__I</name>
         <load_address>0x3f2004</load_address>
         <run_address>0x3f2004</run_address>
         <size>0x2e</size>
         <input_file_ref idref="fl-14"/>
      </object_component>
      <object_component id="oc-226">
         <name>.text:_ti_sysbios_knl_Task_schedule__I</name>
         <load_address>0x3f2032</load_address>
         <run_address>0x3f2032</run_address>
         <size>0x2e</size>
         <input_file_ref idref="fl-14"/>
      </object_component>
      <object_component id="oc-2e5">
         <name>.text:_ti_sysbios_family_c28_Hwi_getInterruptFlag__E</name>
         <load_address>0x3f2060</load_address>
         <run_address>0x3f2060</run_address>
         <size>0x2d</size>
         <input_file_ref idref="fl-14"/>
      </object_component>
      <object_component id="oc-1f8">
         <name>.text:_xdc_runtime_Assert_raise__I</name>
         <load_address>0x3f208d</load_address>
         <run_address>0x3f208d</run_address>
         <size>0x2d</size>
         <input_file_ref idref="fl-1a"/>
      </object_component>
      <object_component id="oc-23f">
         <name>.text:_xdc_runtime_Core_assignParams__I</name>
         <load_address>0x3f20ba</load_address>
         <run_address>0x3f20ba</run_address>
         <size>0x2d</size>
         <input_file_ref idref="fl-1d"/>
      </object_component>
      <object_component id="oc-1e9">
         <name>.text:_ti_sysbios_family_c28_Timer_start__E</name>
         <load_address>0x3f20e7</load_address>
         <run_address>0x3f20e7</run_address>
         <size>0x2c</size>
         <input_file_ref idref="fl-14"/>
      </object_component>
      <object_component id="oc-29d">
         <name>.text:_xdc_runtime_LoggerBuf_Object__create__S</name>
         <load_address>0x3f2113</load_address>
         <run_address>0x3f2113</run_address>
         <size>0x2c</size>
         <input_file_ref idref="fl-c"/>
      </object_component>
      <object_component id="oc-2e1">
         <name>.text:_xdc_runtime_HeapStd_Object__create__S</name>
         <load_address>0x3f213f</load_address>
         <run_address>0x3f213f</run_address>
         <size>0x2b</size>
         <input_file_ref idref="fl-c"/>
      </object_component>
      <object_component id="oc-228">
         <name>.text:_xdc_runtime_Error_setX__E</name>
         <load_address>0x3f216a</load_address>
         <run_address>0x3f216a</run_address>
         <size>0x2a</size>
         <input_file_ref idref="fl-1e"/>
      </object_component>
      <object_component id="oc-131">
         <name>.text</name>
         <load_address>0x3f2194</load_address>
         <run_address>0x3f2194</run_address>
         <size>0x2a</size>
         <input_file_ref idref="fl-3c"/>
      </object_component>
      <object_component id="oc-261">
         <name>.text:_ti_sysbios_family_c28_Hwi_getStackInfo__E</name>
         <load_address>0x3f21be</load_address>
         <run_address>0x3f21be</run_address>
         <size>0x29</size>
         <input_file_ref idref="fl-14"/>
      </object_component>
      <object_component id="oc-9e">
         <name>.text:_ti_sysbios_family_c28_Hwi_unPluggedInterrupt__I</name>
         <load_address>0x3f21e7</load_address>
         <run_address>0x3f21e7</run_address>
         <size>0x29</size>
         <input_file_ref idref="fl-14"/>
      </object_component>
      <object_component id="oc-2c9">
         <name>.text:_xdc_runtime_Text_xprintf__I</name>
         <load_address>0x3f2210</load_address>
         <run_address>0x3f2210</run_address>
         <size>0x29</size>
         <input_file_ref idref="fl-26"/>
      </object_component>
      <object_component id="oc-208">
         <name>.text</name>
         <load_address>0x3f2239</load_address>
         <run_address>0x3f2239</run_address>
         <size>0x29</size>
         <input_file_ref idref="fl-41"/>
      </object_component>
      <object_component id="oc-2c7">
         <name>.text:_ti_sysbios_family_c28_Timer_getExpiredCounts64__E</name>
         <load_address>0x3f2262</load_address>
         <run_address>0x3f2262</run_address>
         <size>0x28</size>
         <input_file_ref idref="fl-14"/>
      </object_component>
      <object_component id="oc-238">
         <name>.text:_xdc_runtime_SysMin_flush__E</name>
         <load_address>0x3f228a</load_address>
         <run_address>0x3f228a</run_address>
         <size>0x26</size>
         <input_file_ref idref="fl-25"/>
      </object_component>
      <object_component id="oc-181">
         <name>.text</name>
         <load_address>0x3f22b0</load_address>
         <run_address>0x3f22b0</run_address>
         <size>0x24</size>
         <input_file_ref idref="fl-3d"/>
      </object_component>
      <object_component id="oc-1ac">
         <name>.text:_xdc_runtime_System_processAtExit__E</name>
         <load_address>0x3f22d4</load_address>
         <run_address>0x3f22d4</run_address>
         <size>0x23</size>
         <input_file_ref idref="fl-24"/>
      </object_component>
      <object_component id="oc-1c3">
         <name>.text:_ti_sysbios_knl_Swi_post__E</name>
         <load_address>0x3f22f7</load_address>
         <run_address>0x3f22f7</run_address>
         <size>0x22</size>
         <input_file_ref idref="fl-14"/>
      </object_component>
      <object_component id="oc-1fe">
         <name>.text:_ti_sysbios_knl_Task_blockI__E</name>
         <load_address>0x3f2319</load_address>
         <run_address>0x3f2319</run_address>
         <size>0x22</size>
         <input_file_ref idref="fl-14"/>
      </object_component>
      <object_component id="oc-2d0">
         <name>.text:_ti_sysbios_family_c28_Timer_setPrescale__E</name>
         <load_address>0x3f233b</load_address>
         <run_address>0x3f233b</run_address>
         <size>0x20</size>
         <input_file_ref idref="fl-14"/>
      </object_component>
      <object_component id="oc-21c">
         <name>.text:_ti_sysbios_knl_Task_allBlockedFunction__I</name>
         <load_address>0x3f235b</load_address>
         <run_address>0x3f235b</run_address>
         <size>0x20</size>
         <input_file_ref idref="fl-14"/>
      </object_component>
      <object_component id="oc-2d1">
         <name>.text:_ti_sysbios_knl_Task_exit__E</name>
         <load_address>0x3f237b</load_address>
         <run_address>0x3f237b</run_address>
         <size>0x20</size>
         <input_file_ref idref="fl-14"/>
      </object_component>
      <object_component id="oc-274">
         <name>.text:_xdc_runtime_LoggerBuf_filterOutEvent__I</name>
         <load_address>0x3f239b</load_address>
         <run_address>0x3f239b</run_address>
         <size>0x1e</size>
         <input_file_ref idref="fl-21"/>
      </object_component>
      <object_component id="oc-1b3">
         <name>.text:_xdc_runtime_System_atexit__E</name>
         <load_address>0x3f23b9</load_address>
         <run_address>0x3f23b9</run_address>
         <size>0x1e</size>
         <input_file_ref idref="fl-24"/>
      </object_component>
      <object_component id="oc-308">
         <name>.text:_ti_sysbios_family_c28_TaskSupport_buildTaskStack</name>
         <load_address>0x3f23d7</load_address>
         <run_address>0x3f23d7</run_address>
         <size>0x1d</size>
         <input_file_ref idref="fl-18"/>
      </object_component>
      <object_component id="oc-288">
         <name>.text:_ti_sysbios_gates_GateHwi_Object__create__S</name>
         <load_address>0x3f23f4</load_address>
         <run_address>0x3f23f4</run_address>
         <size>0x1d</size>
         <input_file_ref idref="fl-c"/>
      </object_component>
      <object_component id="oc-1dc">
         <name>.text:_ti_sysbios_gates_GateMutex_Object__create__S</name>
         <load_address>0x3f2411</load_address>
         <run_address>0x3f2411</run_address>
         <size>0x1d</size>
         <input_file_ref idref="fl-c"/>
      </object_component>
      <object_component id="oc-2a5">
         <name>.text:_xdc_runtime_SysMin_putch__E</name>
         <load_address>0x3f242e</load_address>
         <run_address>0x3f242e</run_address>
         <size>0x1d</size>
         <input_file_ref idref="fl-25"/>
      </object_component>
      <object_component id="oc-122">
         <name>.text</name>
         <load_address>0x3f244b</load_address>
         <run_address>0x3f244b</run_address>
         <size>0x1d</size>
         <input_file_ref idref="fl-39"/>
      </object_component>
      <object_component id="oc-1a8">
         <name>.text</name>
         <load_address>0x3f2468</load_address>
         <run_address>0x3f2468</run_address>
         <size>0x1d</size>
         <input_file_ref idref="fl-3e"/>
      </object_component>
      <object_component id="oc-241">
         <name>.text:_ti_sysbios_knl_Semaphore_construct</name>
         <load_address>0x3f2485</load_address>
         <run_address>0x3f2485</run_address>
         <size>0x1c</size>
         <input_file_ref idref="fl-c"/>
      </object_component>
      <object_component id="oc-303">
         <name>.text:_ti_sysbios_family_c28_Hwi_switchAndDispatch__I</name>
         <load_address>0x3f24a1</load_address>
         <run_address>0x3f24a1</run_address>
         <size>0x1b</size>
         <input_file_ref idref="fl-15"/>
      </object_component>
      <object_component id="oc-259">
         <name>.text:_ti_sysbios_hal_Hwi_checkStack</name>
         <load_address>0x3f24bc</load_address>
         <run_address>0x3f24bc</run_address>
         <size>0x1b</size>
         <input_file_ref idref="fl-14"/>
      </object_component>
      <object_component id="oc-2f0">
         <name>.text:_ti_sysbios_knl_Task_processVitalTaskFlag__I</name>
         <load_address>0x3f24d7</load_address>
         <run_address>0x3f24d7</run_address>
         <size>0x1b</size>
         <input_file_ref idref="fl-14"/>
      </object_component>
      <object_component id="oc-1fa">
         <name>.text:_ti_sysbios_knl_Task_restore__E</name>
         <load_address>0x3f24f2</load_address>
         <run_address>0x3f24f2</run_address>
         <size>0x1b</size>
         <input_file_ref idref="fl-14"/>
      </object_component>
      <object_component id="oc-28b">
         <name>.text:_xdc_runtime_SysMin_output__I</name>
         <load_address>0x3f250d</load_address>
         <run_address>0x3f250d</run_address>
         <size>0x1b</size>
         <input_file_ref idref="fl-c"/>
      </object_component>
      <object_component id="oc-203">
         <name>.text:_ti_sysbios_hal_Hwi_initStack</name>
         <load_address>0x3f2528</load_address>
         <run_address>0x3f2528</run_address>
         <size>0x1a</size>
         <input_file_ref idref="fl-14"/>
      </object_component>
      <object_component id="oc-2cb">
         <name>.text:_xdc_runtime_System_avprintf__E</name>
         <load_address>0x3f2542</load_address>
         <run_address>0x3f2542</run_address>
         <size>0x1a</size>
         <input_file_ref idref="fl-24"/>
      </object_component>
      <object_component id="oc-12c">
         <name>.text</name>
         <load_address>0x3f255c</load_address>
         <run_address>0x3f255c</run_address>
         <size>0x1a</size>
         <input_file_ref idref="fl-3b"/>
      </object_component>
      <object_component id="oc-1eb">
         <name>.text:_ti_sysbios_knl_Swi_restore__E</name>
         <load_address>0x3f2576</load_address>
         <run_address>0x3f2576</run_address>
         <size>0x19</size>
         <input_file_ref idref="fl-14"/>
      </object_component>
      <object_component id="oc-22a">
         <name>.text:_xdc_runtime_Error_policyLog__I</name>
         <load_address>0x3f258f</load_address>
         <run_address>0x3f258f</run_address>
         <size>0x19</size>
         <input_file_ref idref="fl-c"/>
      </object_component>
      <object_component id="oc-2cc">
         <name>.text:_xdc_runtime_System_vprintf__E</name>
         <load_address>0x3f25a8</load_address>
         <run_address>0x3f25a8</run_address>
         <size>0x19</size>
         <input_file_ref idref="fl-24"/>
      </object_component>
      <object_component id="oc-222">
         <name>.text:_ti_sysbios_family_xxx_Hwi_switchAndRunFunc</name>
         <load_address>0x3f25c1</load_address>
         <run_address>0x3f25c1</run_address>
         <size>0x18</size>
         <input_file_ref idref="fl-15"/>
      </object_component>
      <object_component id="oc-290">
         <name>.text:_ti_sysbios_knl_Queue_construct</name>
         <load_address>0x3f25d9</load_address>
         <run_address>0x3f25d9</run_address>
         <size>0x18</size>
         <input_file_ref idref="fl-c"/>
      </object_component>
      <object_component id="oc-266">
         <name>.text:_xdc_runtime_Memory_valloc__E</name>
         <load_address>0x3f25f1</load_address>
         <run_address>0x3f25f1</run_address>
         <size>0x18</size>
         <input_file_ref idref="fl-22"/>
      </object_component>
      <object_component id="oc-302">
         <name>.text:_xdc_runtime_System_putchar__I</name>
         <load_address>0x3f2609</load_address>
         <run_address>0x3f2609</run_address>
         <size>0x18</size>
         <input_file_ref idref="fl-24"/>
      </object_component>
      <object_component id="oc-1b5">
         <name>.text:_ti_sysbios_family_c28_Timer_startup__E</name>
         <load_address>0x3f2621</load_address>
         <run_address>0x3f2621</run_address>
         <size>0x17</size>
         <input_file_ref idref="fl-14"/>
      </object_component>
      <object_component id="oc-1f9">
         <name>.text:_ti_sysbios_knl_Task_unblockI__E</name>
         <load_address>0x3f2638</load_address>
         <run_address>0x3f2638</run_address>
         <size>0x17</size>
         <input_file_ref idref="fl-14"/>
      </object_component>
      <object_component id="oc-27d">
         <name>.text:_xdc_runtime_LoggerBuf_Module_startup__E</name>
         <load_address>0x3f264f</load_address>
         <run_address>0x3f264f</run_address>
         <size>0x17</size>
         <input_file_ref idref="fl-21"/>
      </object_component>
      <object_component id="oc-27b">
         <name>.text:_xdc_runtime_SysMin_abort__E</name>
         <load_address>0x3f2666</load_address>
         <run_address>0x3f2666</run_address>
         <size>0x17</size>
         <input_file_ref idref="fl-25"/>
      </object_component>
      <object_component id="oc-1b2">
         <name>.text:_ti_sysbios_BIOS_atExitFunc__I</name>
         <load_address>0x3f267d</load_address>
         <run_address>0x3f267d</run_address>
         <size>0x16</size>
         <input_file_ref idref="fl-c"/>
      </object_component>
      <object_component id="oc-282">
         <name>.text:_ti_sysbios_family_c28_Timer_Module_startup__E</name>
         <load_address>0x3f2693</load_address>
         <run_address>0x3f2693</run_address>
         <size>0x16</size>
         <input_file_ref idref="fl-14"/>
      </object_component>
      <object_component id="oc-2a8">
         <name>.text:_xdc_runtime_LoggerBuf_reset__E</name>
         <load_address>0x3f26a9</load_address>
         <run_address>0x3f26a9</run_address>
         <size>0x16</size>
         <input_file_ref idref="fl-21"/>
      </object_component>
      <object_component id="oc-195">
         <name>.text:_ti_sysbios_BIOS_startFunc__I</name>
         <load_address>0x3f26bf</load_address>
         <run_address>0x3f26bf</run_address>
         <size>0x15</size>
         <input_file_ref idref="fl-c"/>
      </object_component>
      <object_component id="oc-283">
         <name>.text:_ti_sysbios_knl_Swi_Module_startup__E</name>
         <load_address>0x3f26d4</load_address>
         <run_address>0x3f26d4</run_address>
         <size>0x15</size>
         <input_file_ref idref="fl-14"/>
      </object_component>
      <object_component id="oc-304">
         <name>.text:_ti_sysbios_knl_Task_restoreHwi__E</name>
         <load_address>0x3f26e9</load_address>
         <run_address>0x3f26e9</run_address>
         <size>0x15</size>
         <input_file_ref idref="fl-14"/>
      </object_component>
      <object_component id="oc-2ea">
         <name>.text:_xdc_runtime_Text_printVisFxn__I</name>
         <load_address>0x3f26fe</load_address>
         <run_address>0x3f26fe</run_address>
         <size>0x15</size>
         <input_file_ref idref="fl-26"/>
      </object_component>
      <object_component id="oc-1cf">
         <name>.text:_ti_sysbios_knl_Idle_run__E</name>
         <load_address>0x3f2713</load_address>
         <run_address>0x3f2713</run_address>
         <size>0x14</size>
         <input_file_ref idref="fl-14"/>
      </object_component>
      <object_component id="oc-1dd">
         <name>.text:_ti_sysbios_gates_GateMutex_Object__delete__S</name>
         <load_address>0x3f2727</load_address>
         <run_address>0x3f2727</run_address>
         <size>0x13</size>
         <input_file_ref idref="fl-c"/>
      </object_component>
      <object_component id="oc-289">
         <name>.text:_ti_sysbios_gates_GateHwi_Object__delete__S</name>
         <load_address>0x3f273a</load_address>
         <run_address>0x3f273a</run_address>
         <size>0x12</size>
         <input_file_ref idref="fl-c"/>
      </object_component>
      <object_component id="oc-29e">
         <name>.text:_xdc_runtime_LoggerBuf_Object__delete__S</name>
         <load_address>0x3f274c</load_address>
         <run_address>0x3f274c</run_address>
         <size>0x12</size>
         <input_file_ref idref="fl-c"/>
      </object_component>
      <object_component id="oc-25e">
         <name>.text:_ti_sysbios_BIOS_errorRaiseHook__I</name>
         <load_address>0x3f275e</load_address>
         <run_address>0x3f275e</run_address>
         <size>0x11</size>
         <input_file_ref idref="fl-c"/>
      </object_component>
      <object_component id="oc-2e2">
         <name>.text:_xdc_runtime_HeapStd_Object__delete__S</name>
         <load_address>0x3f276f</load_address>
         <run_address>0x3f276f</run_address>
         <size>0x11</size>
         <input_file_ref idref="fl-c"/>
      </object_component>
      <object_component id="oc-184">
         <name>.text</name>
         <load_address>0x3f2780</load_address>
         <run_address>0x3f2780</run_address>
         <size>0x11</size>
         <input_file_ref idref="fl-43"/>
      </object_component>
      <object_component id="oc-2cf">
         <name>.text:_ti_sysbios_family_c28_Timer_stop__E</name>
         <load_address>0x3f2791</load_address>
         <run_address>0x3f2791</run_address>
         <size>0x10</size>
         <input_file_ref idref="fl-14"/>
      </object_component>
      <object_component id="oc-2a0">
         <name>.text:_ti_sysbios_family_c28_TimestampProvider_get64__E</name>
         <load_address>0x3f27a1</load_address>
         <run_address>0x3f27a1</run_address>
         <size>0x10</size>
         <input_file_ref idref="fl-14"/>
      </object_component>
      <object_component id="oc-1fd">
         <name>.text:_ti_sysbios_knl_Task_enabled__E</name>
         <load_address>0x3f27b1</load_address>
         <run_address>0x3f27b1</run_address>
         <size>0x10</size>
         <input_file_ref idref="fl-14"/>
      </object_component>
      <object_component id="oc-27f">
         <name>.text:_xdc_runtime_SysMin_Module_startup__E</name>
         <load_address>0x3f27c1</load_address>
         <run_address>0x3f27c1</run_address>
         <size>0x10</size>
         <input_file_ref idref="fl-25"/>
      </object_component>
      <object_component id="oc-1a6">
         <name>.text:.bootCodeSection:_ti_catalog_c2800_init_Boot_disableWatchdog</name>
         <load_address>0x3f27d1</load_address>
         <run_address>0x3f27d1</run_address>
         <size>0xf</size>
         <input_file_ref idref="fl-19"/>
      </object_component>
      <object_component id="oc-1b9">
         <name>.text:_ti_sysbios_BIOS_removeRTSLock__I</name>
         <load_address>0x3f27e0</load_address>
         <run_address>0x3f27e0</run_address>
         <size>0xf</size>
         <input_file_ref idref="fl-c"/>
      </object_component>
      <object_component id="oc-212">
         <name>.text:_ti_sysbios_gates_GateMutex_Instance_init__E</name>
         <load_address>0x3f27ef</load_address>
         <run_address>0x3f27ef</run_address>
         <size>0xf</size>
         <input_file_ref idref="fl-14"/>
      </object_component>
      <object_component id="oc-1a5">
         <name>.text:_xdc_runtime_Error_raiseX__E</name>
         <load_address>0x3f27fe</load_address>
         <run_address>0x3f27fe</run_address>
         <size>0xf</size>
         <input_file_ref idref="fl-1e"/>
      </object_component>
      <object_component id="oc-2e8">
         <name>.text:_xdc_runtime_Registry_findById__E</name>
         <load_address>0x3f280d</load_address>
         <run_address>0x3f280d</run_address>
         <size>0xf</size>
         <input_file_ref idref="fl-29"/>
      </object_component>
      <object_component id="oc-242">
         <name>.text:_ti_sysbios_knl_Semaphore_destruct</name>
         <load_address>0x3f281c</load_address>
         <run_address>0x3f281c</run_address>
         <size>0xe</size>
         <input_file_ref idref="fl-c"/>
      </object_component>
      <object_component id="oc-2ae">
         <name>.text:_ti_sysbios_knl_Swi_Object__get__S</name>
         <load_address>0x3f282a</load_address>
         <run_address>0x3f282a</run_address>
         <size>0xe</size>
         <input_file_ref idref="fl-c"/>
      </object_component>
      <object_component id="oc-2b1">
         <name>.text:_ti_sysbios_knl_Task_Object__get__S</name>
         <load_address>0x3f2838</load_address>
         <run_address>0x3f2838</run_address>
         <size>0xe</size>
         <input_file_ref idref="fl-c"/>
      </object_component>
      <object_component id="oc-2a7">
         <name>.text:_xdc_runtime_LoggerBuf_Object__get__S</name>
         <load_address>0x3f2846</load_address>
         <run_address>0x3f2846</run_address>
         <size>0xe</size>
         <input_file_ref idref="fl-c"/>
      </object_component>
      <object_component id="oc-1b4">
         <name>.text:_ti_sysbios_BIOS_registerRTSLock__I</name>
         <load_address>0x3f2854</load_address>
         <run_address>0x3f2854</run_address>
         <size>0xd</size>
         <input_file_ref idref="fl-c"/>
      </object_component>
      <object_component id="oc-1e6">
         <name>.text:_ti_sysbios_BIOS_rtsLock__I</name>
         <load_address>0x3f2861</load_address>
         <run_address>0x3f2861</run_address>
         <size>0xd</size>
         <input_file_ref idref="fl-c"/>
      </object_component>
      <object_component id="oc-2ee">
         <name>.text:_ti_sysbios_family_c28_Hwi_dispatchC__I</name>
         <load_address>0x3f286e</load_address>
         <run_address>0x3f286e</run_address>
         <size>0xd</size>
         <input_file_ref idref="fl-14"/>
      </object_component>
      <object_component id="oc-26e">
         <name>.text:_ti_sysbios_family_c28_TaskSupport_checkStack__E</name>
         <load_address>0x3f287b</load_address>
         <run_address>0x3f287b</run_address>
         <size>0xd</size>
         <input_file_ref idref="fl-14"/>
      </object_component>
      <object_component id="oc-256">
         <name>.text:_ti_sysbios_family_c28_TaskSupport_swap__E</name>
         <load_address>0x3f2888</load_address>
         <run_address>0x3f2888</run_address>
         <size>0xd</size>
         <input_file_ref idref="fl-18"/>
      </object_component>
      <object_component id="oc-291">
         <name>.text:_ti_sysbios_knl_Queue_destruct</name>
         <load_address>0x3f2895</load_address>
         <run_address>0x3f2895</run_address>
         <size>0xd</size>
         <input_file_ref idref="fl-c"/>
      </object_component>
      <object_component id="oc-2d2">
         <name>.text:_ti_sysbios_knl_Task_enter__I</name>
         <load_address>0x3f28a2</load_address>
         <run_address>0x3f28a2</run_address>
         <size>0xd</size>
         <input_file_ref idref="fl-14"/>
      </object_component>
      <object_component id="oc-2b9">
         <name>.text:_xdc_runtime_Error_check__E</name>
         <load_address>0x3f28af</load_address>
         <run_address>0x3f28af</run_address>
         <size>0xd</size>
         <input_file_ref idref="fl-1e"/>
      </object_component>
      <object_component id="oc-22e">
         <name>.text:_xdc_runtime_System_abort__E</name>
         <load_address>0x3f28bc</load_address>
         <run_address>0x3f28bc</run_address>
         <size>0xd</size>
         <input_file_ref idref="fl-24"/>
      </object_component>
      <object_component id="oc-196">
         <name>.text:_ti_sysbios_BIOS_exitFunc__I</name>
         <load_address>0x3f28c9</load_address>
         <run_address>0x3f28c9</run_address>
         <size>0xc</size>
         <input_file_ref idref="fl-c"/>
      </object_component>
      <object_component id="oc-305">
         <name>.text:_ti_sysbios_family_c28_Hwi_disableIER__E</name>
         <load_address>0x3f28d5</load_address>
         <run_address>0x3f28d5</run_address>
         <size>0xc</size>
         <input_file_ref idref="fl-c"/>
      </object_component>
      <object_component id="oc-1db">
         <name>.text:_ti_sysbios_gates_GateMutex_leave__E</name>
         <load_address>0x3f28e1</load_address>
         <run_address>0x3f28e1</run_address>
         <size>0xc</size>
         <input_file_ref idref="fl-14"/>
      </object_component>
      <object_component id="oc-2d7">
         <name>.text:_ti_sysbios_knl_Queue_put__E</name>
         <load_address>0x3f28ed</load_address>
         <run_address>0x3f28ed</run_address>
         <size>0xc</size>
         <input_file_ref idref="fl-14"/>
      </object_component>
      <object_component id="oc-299">
         <name>.text:_xdc_runtime_LoggerBuf_write2__E</name>
         <load_address>0x3f28f9</load_address>
         <run_address>0x3f28f9</run_address>
         <size>0xc</size>
         <input_file_ref idref="fl-21"/>
      </object_component>
      <object_component id="oc-207">
         <name>.text:_xdc_runtime_SysMin_exit__E</name>
         <load_address>0x3f2905</load_address>
         <run_address>0x3f2905</run_address>
         <size>0xc</size>
         <input_file_ref idref="fl-25"/>
      </object_component>
      <object_component id="oc-2b4">
         <name>.text:_ti_sysbios_family_c28_Hwi_Module__startupDone__F</name>
         <load_address>0x3f2911</load_address>
         <run_address>0x3f2911</run_address>
         <size>0xb</size>
         <input_file_ref idref="fl-c"/>
      </object_component>
      <object_component id="oc-2ab">
         <name>.text:_ti_sysbios_family_c28_Hwi_Object__get__S</name>
         <load_address>0x3f291c</load_address>
         <run_address>0x3f291c</run_address>
         <size>0xb</size>
         <input_file_ref idref="fl-c"/>
      </object_component>
      <object_component id="oc-24a">
         <name>.text:_ti_sysbios_family_c28_Hwi_enableIER__E</name>
         <load_address>0x3f2927</load_address>
         <run_address>0x3f2927</run_address>
         <size>0xb</size>
         <input_file_ref idref="fl-c"/>
      </object_component>
      <object_component id="oc-2b5">
         <name>.text:_ti_sysbios_family_c28_Timer_Module__startupDone__F</name>
         <load_address>0x3f2932</load_address>
         <run_address>0x3f2932</run_address>
         <size>0xb</size>
         <input_file_ref idref="fl-c"/>
      </object_component>
      <object_component id="oc-2d4">
         <name>.text:_ti_sysbios_knl_Queue_Object__get__S</name>
         <load_address>0x3f293d</load_address>
         <run_address>0x3f293d</run_address>
         <size>0xb</size>
         <input_file_ref idref="fl-c"/>
      </object_component>
      <object_component id="oc-2c6">
         <name>.text:_xdc_runtime_LoggerBuf_Instance_finalize__E</name>
         <load_address>0x3f2948</load_address>
         <run_address>0x3f2948</run_address>
         <size>0xb</size>
         <input_file_ref idref="fl-21"/>
      </object_component>
      <object_component id="oc-298">
         <name>.text:_xdc_runtime_LoggerBuf_write1__E</name>
         <load_address>0x3f2953</load_address>
         <run_address>0x3f2953</run_address>
         <size>0xb</size>
         <input_file_ref idref="fl-21"/>
      </object_component>
      <object_component id="oc-243">
         <name>.text:_xdc_runtime_Memory_free__E</name>
         <load_address>0x3f295e</load_address>
         <run_address>0x3f295e</run_address>
         <size>0xb</size>
         <input_file_ref idref="fl-22"/>
      </object_component>
      <object_component id="oc-185">
         <name>.text:_xdc_runtime_System_exit__E</name>
         <load_address>0x3f2969</load_address>
         <run_address>0x3f2969</run_address>
         <size>0xb</size>
         <input_file_ref idref="fl-24"/>
      </object_component>
      <object_component id="oc-25a">
         <name>.text:_xdc_runtime_Error_init__E</name>
         <load_address>0x3f2974</load_address>
         <run_address>0x3f2974</run_address>
         <size>0xa</size>
         <input_file_ref idref="fl-1e"/>
      </object_component>
      <object_component id="oc-297">
         <name>.text:_xdc_runtime_LoggerBuf_write0__E</name>
         <load_address>0x3f297e</load_address>
         <run_address>0x3f297e</run_address>
         <size>0xa</size>
         <input_file_ref idref="fl-21"/>
      </object_component>
      <object_component id="oc-2eb">
         <name>.text:_xdc_runtime_System_vsnprintf__E</name>
         <load_address>0x3f2988</load_address>
         <run_address>0x3f2988</run_address>
         <size>0xa</size>
         <input_file_ref idref="fl-24"/>
      </object_component>
      <object_component id="oc-224">
         <name>.text:_xdc_runtime_Text_ropeText__E</name>
         <load_address>0x3f2992</load_address>
         <run_address>0x3f2992</run_address>
         <size>0xa</size>
         <input_file_ref idref="fl-26"/>
      </object_component>
      <object_component id="oc-1e7">
         <name>.text:_ti_sysbios_BIOS_rtsUnlock__I</name>
         <load_address>0x3f299c</load_address>
         <run_address>0x3f299c</run_address>
         <size>0x9</size>
         <input_file_ref idref="fl-c"/>
      </object_component>
      <object_component id="oc-24e">
         <name>.text:_ti_sysbios_family_c28_Hwi_restoreIER__E</name>
         <load_address>0x3f29a5</load_address>
         <run_address>0x3f29a5</run_address>
         <size>0x9</size>
         <input_file_ref idref="fl-c"/>
      </object_component>
      <object_component id="oc-30e">
         <name>.text:_ti_sysbios_family_c28_TaskSupport_glue</name>
         <load_address>0x3f29ae</load_address>
         <run_address>0x3f29ae</run_address>
         <size>0x9</size>
         <input_file_ref idref="fl-18"/>
      </object_component>
      <object_component id="oc-28a">
         <name>.text:_ti_sysbios_gates_GateHwi_Handle__label__S</name>
         <load_address>0x3f29b7</load_address>
         <run_address>0x3f29b7</run_address>
         <size>0x9</size>
         <input_file_ref idref="fl-c"/>
      </object_component>
      <object_component id="oc-1de">
         <name>.text:_ti_sysbios_gates_GateMutex_Handle__label__S</name>
         <load_address>0x3f29c0</load_address>
         <run_address>0x3f29c0</run_address>
         <size>0x9</size>
         <input_file_ref idref="fl-c"/>
      </object_component>
      <object_component id="oc-285">
         <name>.text:_ti_sysbios_hal_Hwi_Module_startup__E</name>
         <load_address>0x3f29c9</load_address>
         <run_address>0x3f29c9</run_address>
         <size>0x9</size>
         <input_file_ref idref="fl-14"/>
      </object_component>
      <object_component id="oc-286">
         <name>.text:_ti_sysbios_hal_Timer_Module_startup__E</name>
         <load_address>0x3f29d2</load_address>
         <run_address>0x3f29d2</run_address>
         <size>0x9</size>
         <input_file_ref idref="fl-14"/>
      </object_component>
      <object_component id="oc-2d3">
         <name>.text:_ti_sysbios_knl_Task_SupportProxy_start__E</name>
         <load_address>0x3f29db</load_address>
         <run_address>0x3f29db</run_address>
         <size>0x9</size>
         <input_file_ref idref="fl-c"/>
      </object_component>
      <object_component id="oc-2d5">
         <name>.text:_ti_sysbios_knl_Task_unblock__E</name>
         <load_address>0x3f29e4</load_address>
         <run_address>0x3f29e4</run_address>
         <size>0x9</size>
         <input_file_ref idref="fl-14"/>
      </object_component>
      <object_component id="oc-2e3">
         <name>.text:_xdc_runtime_HeapStd_Handle__label__S</name>
         <load_address>0x3f29ed</load_address>
         <run_address>0x3f29ed</run_address>
         <size>0x9</size>
         <input_file_ref idref="fl-c"/>
      </object_component>
      <object_component id="oc-29f">
         <name>.text:_xdc_runtime_LoggerBuf_Handle__label__S</name>
         <load_address>0x3f29f6</load_address>
         <run_address>0x3f29f6</run_address>
         <size>0x9</size>
         <input_file_ref idref="fl-c"/>
      </object_component>
      <object_component id="oc-1d4">
         <name>.text:_xdc_runtime_Startup_exec__I</name>
         <load_address>0x3f29ff</load_address>
         <run_address>0x3f29ff</run_address>
         <size>0x9</size>
         <input_file_ref idref="fl-c"/>
      </object_component>
      <object_component id="oc-1e1">
         <name>.text</name>
         <load_address>0x3f2a08</load_address>
         <run_address>0x3f2a08</run_address>
         <size>0x9</size>
         <input_file_ref idref="fl-42"/>
      </object_component>
      <object_component id="oc-1ba">
         <name>.text:_ti_sysbios_BIOS_setThreadType__E</name>
         <load_address>0x3f2a11</load_address>
         <run_address>0x3f2a11</run_address>
         <size>0x8</size>
         <input_file_ref idref="fl-14"/>
      </object_component>
      <object_component id="oc-213">
         <name>.text:_ti_sysbios_gates_GateMutex_Instance_finalize__E</name>
         <load_address>0x3f2a19</load_address>
         <run_address>0x3f2a19</run_address>
         <size>0x8</size>
         <input_file_ref idref="fl-14"/>
      </object_component>
      <object_component id="oc-1d9">
         <name>.text:_ti_sysbios_gates_GateMutex_query__E</name>
         <load_address>0x3f2a21</load_address>
         <run_address>0x3f2a21</run_address>
         <size>0x8</size>
         <input_file_ref idref="fl-14"/>
      </object_component>
      <object_component id="oc-26a">
         <name>.text:_ti_sysbios_knl_Semaphore_Instance_finalize__E</name>
         <load_address>0x3f2a29</load_address>
         <run_address>0x3f2a29</run_address>
         <size>0x8</size>
         <input_file_ref idref="fl-14"/>
      </object_component>
      <object_component id="oc-2bb">
         <name>.text:_xdc_runtime_IHeap_alloc</name>
         <load_address>0x3f2a31</load_address>
         <run_address>0x3f2a31</run_address>
         <size>0x8</size>
         <input_file_ref idref="fl-c"/>
      </object_component>
      <object_component id="oc-240">
         <name>.text:_xdc_runtime_Memory_calloc__E</name>
         <load_address>0x3f2a39</load_address>
         <run_address>0x3f2a39</run_address>
         <size>0x8</size>
         <input_file_ref idref="fl-22"/>
      </object_component>
      <object_component id="oc-2ff">
         <name>.text:_xdc_runtime_SysMin_ready__E</name>
         <load_address>0x3f2a41</load_address>
         <run_address>0x3f2a41</run_address>
         <size>0x8</size>
         <input_file_ref idref="fl-25"/>
      </object_component>
      <object_component id="oc-2ca">
         <name>.text</name>
         <load_address>0x3f2a49</load_address>
         <run_address>0x3f2a49</run_address>
         <size>0x8</size>
         <input_file_ref idref="fl-47"/>
      </object_component>
      <object_component id="oc-180">
         <name>.text:.bootCodeSection:_ti_catalog_c2800_init_Boot_init</name>
         <load_address>0x3f2a51</load_address>
         <run_address>0x3f2a51</run_address>
         <size>0x7</size>
         <input_file_ref idref="fl-c"/>
      </object_component>
      <object_component id="oc-2e0">
         <name>.text:_xdc_runtime_HeapStd_getStats__E</name>
         <load_address>0x3f2a58</load_address>
         <run_address>0x3f2a58</run_address>
         <size>0x7</size>
         <input_file_ref idref="fl-20"/>
      </object_component>
      <object_component id="oc-2a3">
         <name>.text:_xdc_runtime_System_aprintf__E</name>
         <load_address>0x3f2a5f</load_address>
         <run_address>0x3f2a5f</run_address>
         <size>0x7</size>
         <input_file_ref idref="fl-c"/>
      </object_component>
      <object_component id="oc-2a4">
[...]
         <value>0x3f2888</value>
         <object_component_ref idref="oc-256"/>
      </symbol>
      <symbol id="sm-957">
         <name>_ti_sysbios_family_c28_TaskSupport_glue</name>
         <value>0x3f29ae</value>
         <object_component_ref idref="oc-30e"/>
      </symbol>
      <symbol id="sm-96a">
         <name>_ti_catalog_c2800_init_Boot_configurePll2802x</name>
         <value>0x3f1fa8</value>
         <object_component_ref idref="oc-1a7"/>
      </symbol>
      <symbol id="sm-96b">
         <name>_ti_catalog_c2800_init_Boot_disableWatchdog</name>
         <value>0x3f27d1</value>
         <object_component_ref idref="oc-1a6"/>
      </symbol>
      <symbol id="sm-96c">
         <name>_ti_catalog_c2800_init_Boot_defaultLimpAbortFunction</name>
         <value>0x3f2b2d</value>
         <object_component_ref idref="oc-201"/>
      </symbol>
      <symbol id="sm-981">
         <name>_xdc_runtime_Assert_raise__I</name>
         <value>0x3f208d</value>
         <object_component_ref idref="oc-1f8"/>
      </symbol>
      <symbol id="sm-9a1">
         <name>_xdc_runtime_Core_deleteObject__I</name>
         <value>0x3f1c6e</value>
         <object_component_ref idref="oc-214"/>
      </symbol>
      <symbol id="sm-9a2">
         <name>_xdc_runtime_Core_createObject__I</name>
         <value>0x3f1044</value>
         <object_component_ref idref="oc-211"/>
      </symbol>
      <symbol id="sm-9ba">
         <name>_xdc_runtime_Core_constructObject__I</name>
         <value>0x3f1205</value>
         <object_component_ref idref="oc-268"/>
      </symbol>
      <symbol id="sm-9c8">
         <name>_xdc_runtime_Core_assignParams__I</name>
         <value>0x3f20ba</value>
         <object_component_ref idref="oc-23f"/>
      </symbol>
      <symbol id="sm-9f3">
         <name>_xdc_runtime_Error_getSite__E</name>
         <value>0x3f2b33</value>
         <object_component_ref idref="oc-2a1"/>
      </symbol>
      <symbol id="sm-9f4">
         <name>_xdc_runtime_Error_print__E</name>
         <value>0x3f1f19</value>
         <object_component_ref idref="oc-27a"/>
      </symbol>
      <symbol id="sm-9f5">
         <name>_xdc_runtime_Error_policyDefault__E</name>
         <value>0x3f19fe</value>
         <object_component_ref idref="oc-200"/>
      </symbol>
      <symbol id="sm-9f6">
         <name>_xdc_runtime_Error_init__E</name>
         <value>0x3f2974</value>
         <object_component_ref idref="oc-25a"/>
      </symbol>
      <symbol id="sm-9f7">
         <name>_xdc_runtime_Error_raiseX__E</name>
         <value>0x3f27fe</value>
         <object_component_ref idref="oc-1a5"/>
      </symbol>
      <symbol id="sm-9f8">
         <name>_xdc_runtime_Error_check__E</name>
         <value>0x3f28af</value>
         <object_component_ref idref="oc-2b9"/>
      </symbol>
      <symbol id="sm-9f9">
         <name>_xdc_runtime_Error_setX__E</name>
         <value>0x3f216a</value>
         <object_component_ref idref="oc-228"/>
      </symbol>
      <symbol id="sm-a07">
         <name>_xdc_runtime_Gate_leaveSystem__E</name>
         <value>0x3f2a9e</value>
         <object_component_ref idref="oc-1e5"/>
      </symbol>
      <symbol id="sm-a08">
         <name>_xdc_runtime_Gate_enterSystem__E</name>
         <value>0x3f2a98</value>
         <object_component_ref idref="oc-1d5"/>
      </symbol>
      <symbol id="sm-a49">
         <name>_xdc_runtime_HeapStd_isBlocking__E</name>
         <value>0x3f2b35</value>
         <object_component_ref idref="oc-2df"/>
      </symbol>
      <symbol id="sm-a4a">
         <name>_xdc_runtime_HeapStd_getStats__E</name>
         <value>0x3f2a58</value>
         <object_component_ref idref="oc-2e0"/>
      </symbol>
      <symbol id="sm-a4b">
         <name>_xdc_runtime_HeapStd_free__E</name>
         <value>0x3f185c</value>
         <object_component_ref idref="oc-2de"/>
      </symbol>
      <symbol id="sm-a4c">
         <name>_xdc_runtime_HeapStd_Instance_init__E</name>
         <value>0x3f1396</value>
         <object_component_ref idref="oc-2fc"/>
      </symbol>
      <symbol id="sm-a4d">
         <name>_xdc_runtime_HeapStd_alloc__E</name>
         <value>0x3f0c47</value>
         <object_component_ref idref="oc-2dd"/>
      </symbol>
      <symbol id="sm-a9c">
         <name>_xdc_runtime_LoggerBuf_write0__E</name>
         <value>0x3f297e</value>
         <object_component_ref idref="oc-297"/>
      </symbol>
      <symbol id="sm-a9d">
         <name>_xdc_runtime_LoggerBuf_Instance_init__E</name>
         <value>0x3f1f4a</value>
         <object_component_ref idref="oc-2c5"/>
      </symbol>
      <symbol id="sm-a9e">
         <name>_xdc_runtime_LoggerBuf_Module_startup__E</name>
         <value>0x3f264f</value>
         <object_component_ref idref="oc-27d"/>
      </symbol>
      <symbol id="sm-a9f">
         <name>_xdc_runtime_LoggerBuf_reset__E</name>
         <value>0x3f26a9</value>
         <object_component_ref idref="oc-2a8"/>
      </symbol>
      <symbol id="sm-aa0">
         <name>_xdc_runtime_LoggerBuf_Instance_finalize__E</name>
         <value>0x3f2948</value>
         <object_component_ref idref="oc-2c6"/>
      </symbol>
      <symbol id="sm-aa1">
         <name>_xdc_runtime_LoggerBuf_write4__E</name>
         <value>0x3f1615</value>
         <object_component_ref idref="oc-29a"/>
      </symbol>
      <symbol id="sm-aa2">
         <name>_xdc_runtime_LoggerBuf_getFilterLevel__E</name>
         <value>0x3f1cab</value>
         <object_component_ref idref="oc-29c"/>
      </symbol>
      <symbol id="sm-aa3">
         <name>_xdc_runtime_LoggerBuf_disable__E</name>
         <value>0x3f2ab4</value>
         <object_component_ref idref="oc-296"/>
      </symbol>
      <symbol id="sm-aa4">
         <name>_xdc_runtime_LoggerBuf_setFilterLevel__E</name>
         <value>0x3f1d9c</value>
         <object_component_ref idref="oc-29b"/>
      </symbol>
      <symbol id="sm-aa5">
         <name>_xdc_runtime_LoggerBuf_write8__E</name>
         <value>0x3f0f8f</value>
         <object_component_ref idref="oc-25d"/>
      </symbol>
      <symbol id="sm-aa6">
         <name>_xdc_runtime_LoggerBuf_write2__E</name>
         <value>0x3f28f9</value>
         <object_component_ref idref="oc-299"/>
      </symbol>
      <symbol id="sm-aa7">
         <name>_xdc_runtime_LoggerBuf_filterOutEvent__I</name>
         <value>0x3f239b</value>
         <object_component_ref idref="oc-274"/>
      </symbol>
      <symbol id="sm-aa8">
         <name>_xdc_runtime_LoggerBuf_write1__E</name>
         <value>0x3f2953</value>
         <object_component_ref idref="oc-298"/>
      </symbol>
      <symbol id="sm-aa9">
         <name>_xdc_runtime_LoggerBuf_enable__E</name>
         <value>0x3f2aa4</value>
         <object_component_ref idref="oc-295"/>
      </symbol>
      <symbol id="sm-ac4">
         <name>_xdc_runtime_Memory_calloc__E</name>
         <value>0x3f2a39</value>
         <object_component_ref idref="oc-240"/>
      </symbol>
      <symbol id="sm-ac5">
         <name>_xdc_runtime_Memory_free__E</name>
         <value>0x3f295e</value>
         <object_component_ref idref="oc-243"/>
      </symbol>
      <symbol id="sm-ac6">
         <name>_xdc_runtime_Memory_valloc__E</name>
         <value>0x3f25f1</value>
         <object_component_ref idref="oc-266"/>
      </symbol>
      <symbol id="sm-ac7">
         <name>_xdc_runtime_Memory_alloc__E</name>
         <value>0x3f1c30</value>
         <object_component_ref idref="oc-28c"/>
      </symbol>
      <symbol id="sm-ac8">
         <name>_xdc_runtime_Memory_getMaxDefaultTypeAlign__E</name>
         <value>0x3f2acf</value>
         <object_component_ref idref="oc-2ba"/>
      </symbol>
      <symbol id="sm-aea">
         <name>_xdc_runtime_Startup_startMods__I</name>
         <value>0x3f1779</value>
         <object_component_ref idref="oc-204"/>
      </symbol>
      <symbol id="sm-aeb">
         <name>_xdc_runtime_Startup_rtsDone__E</name>
         <value>0x3f2ad3</value>
         <object_component_ref idref="oc-1b0"/>
      </symbol>
      <symbol id="sm-aec">
         <name>_xdc_runtime_Startup_exec__E</name>
         <value>0x3f1f79</value>
         <object_component_ref idref="oc-182"/>
      </symbol>
      <symbol id="sm-b73">
         <name>_xdc_runtime_System_formatNum__I</name>
         <value>0x3f1eb4</value>
         <object_component_ref idref="oc-301"/>
      </symbol>
      <symbol id="sm-b74">
         <name>_xdc_runtime_System_exit__E</name>
         <value>0x3f2969</value>
         <object_component_ref idref="oc-185"/>
      </symbol>
      <symbol id="sm-b75">
         <name>_xdc_runtime_System_exitStd__E</name>
         <value>0x3f2b25</value>
         <object_component_ref idref="oc-1d7"/>
      </symbol>
      <symbol id="sm-b76">
         <name>_xdc_runtime_System_printf_va__F</name>
         <value>0x3f25a8</value>
         <object_component_ref idref="oc-2cc"/>
      </symbol>
      <symbol id="sm-b77">
         <name>_xdc_runtime_System_atexit__E</name>
         <value>0x3f23b9</value>
         <object_component_ref idref="oc-1b3"/>
      </symbol>
      <symbol id="sm-b78">
         <name>_xdc_runtime_System_abortStd__E</name>
         <value>0x3f2b22</value>
         <object_component_ref idref="oc-27c"/>
      </symbol>
      <symbol id="sm-b79">
         <name>_xdc_runtime_System_putchar__I</name>
         <value>0x3f2609</value>
         <object_component_ref idref="oc-302"/>
      </symbol>
      <symbol id="sm-b7a">
         <name>_xdc_runtime_System_snprintf_va__F</name>
         <value>0x3f2988</value>
         <object_component_ref idref="oc-2eb"/>
      </symbol>
      <symbol id="sm-b7b">
         <name>_xdc_runtime_System_Module_startup__E</name>
         <value>0x3f2b13</value>
         <object_component_ref idref="oc-27e"/>
      </symbol>
      <symbol id="sm-b7c">
         <name>_xdc_runtime_System_avprintf__E</name>
         <value>0x3f2542</value>
         <object_component_ref idref="oc-2cb"/>
      </symbol>
      <symbol id="sm-b7d">
         <name>_xdc_runtime_System_vprintf__E</name>
         <value>0x3f25a8</value>
         <object_component_ref idref="oc-2cc"/>
      </symbol>
      <symbol id="sm-b7e">
         <name>_xdc_runtime_System_aprintf_va__F</name>
         <value>0x3f2542</value>
         <object_component_ref idref="oc-2cb"/>
      </symbol>
      <symbol id="sm-b7f">
         <name>_xdc_runtime_System_doPrint__I</name>
         <value>0x3f0000</value>
         <object_component_ref idref="oc-2ed"/>
      </symbol>
      <symbol id="sm-b80">
         <name>_xdc_runtime_System_processAtExit__E</name>
         <value>0x3f22d4</value>
         <object_component_ref idref="oc-1ac"/>
      </symbol>
      <symbol id="sm-b81">
         <name>_xdc_runtime_System_vsnprintf__E</name>
         <value>0x3f2988</value>
         <object_component_ref idref="oc-2eb"/>
      </symbol>
      <symbol id="sm-b82">
         <name>_xdc_runtime_System_abort__E</name>
         <value>0x3f28bc</value>
         <object_component_ref idref="oc-22e"/>
      </symbol>
      <symbol id="sm-ba0">
         <name>_xdc_runtime_SysMin_abort__E</name>
         <value>0x3f2666</value>
         <object_component_ref idref="oc-27b"/>
      </symbol>
      <symbol id="sm-ba1">
         <name>_xdc_runtime_SysMin_ready__E</name>
         <value>0x3f2a41</value>
         <object_component_ref idref="oc-2ff"/>
      </symbol>
      <symbol id="sm-ba2">
         <name>_xdc_runtime_SysMin_flush__E</name>
         <value>0x3f228a</value>
         <object_component_ref idref="oc-238"/>
      </symbol>
      <symbol id="sm-ba3">
         <name>_xdc_runtime_SysMin_Module_startup__E</name>
         <value>0x3f27c1</value>
         <object_component_ref idref="oc-27f"/>
      </symbol>
      <symbol id="sm-ba4">
         <name>_xdc_runtime_SysMin_putch__E</name>
         <value>0x3f242e</value>
         <object_component_ref idref="oc-2a5"/>
      </symbol>
      <symbol id="sm-ba5">
         <name>_xdc_runtime_SysMin_exit__E</name>
         <value>0x3f2905</value>
         <object_component_ref idref="oc-207"/>
      </symbol>
      <symbol id="sm-bdf">
         <name>_xdc_runtime_Text_putLab__E</name>
         <value>0x3f1bef</value>
         <object_component_ref idref="oc-30f"/>
      </symbol>
      <symbol id="sm-be0">
         <name>_xdc_runtime_Text_printVisFxn__I</name>
         <value>0x3f26fe</value>
         <object_component_ref idref="oc-2ea"/>
      </symbol>
      <symbol id="sm-be1">
         <name>_xdc_runtime_Text_putMod__E</name>
         <value>0x3f1dd8</value>
         <object_component_ref idref="oc-2c8"/>
      </symbol>
      <symbol id="sm-be2">
         <name>_xdc_runtime_Text_xprintf__I</name>
         <value>0x3f2210</value>
         <object_component_ref idref="oc-2c9"/>
      </symbol>
      <symbol id="sm-be3">
         <name>_xdc_runtime_Text_ropeText__E</name>
         <value>0x3f2992</value>
         <object_component_ref idref="oc-224"/>
      </symbol>
      <symbol id="sm-be4">
         <name>_xdc_runtime_Text_putSite__E</name>
         <value>0x3f1a5c</value>
         <object_component_ref idref="oc-2a2"/>
      </symbol>
      <symbol id="sm-bf0">
         <name>___xdc__init</name>
         <value>0x3f2ad7</value>
         <object_component_ref idref="oc-186"/>
      </symbol>
      <symbol id="sm-c10">
         <name>_xdc_runtime_Registry_findById__E</name>
         <value>0x3f280d</value>
         <object_component_ref idref="oc-2e8"/>
      </symbol>
      <symbol id="sm-c2b">
         <name>_c_int00</name>
         <value>0x3f1931</value>
         <object_component_ref idref="oc-3a"/>
      </symbol>
      <symbol id="sm-c2c">
         <name>__stack</name>
         <value>0x0</value>
         <object_component_ref idref="oc-10e"/>
      </symbol>
      <symbol id="sm-c46">
         <name>FS$$ADD</name>
         <value>0x3f1693</value>
         <object_component_ref idref="oc-113"/>
      </symbol>
      <symbol id="sm-c47">
         <name>FS$$SUB</name>
         <value>0x3f168e</value>
         <object_component_ref idref="oc-113"/>
      </symbol>
      <symbol id="sm-c58">
         <name>FS$$DIV</name>
         <value>0x3f1313</value>
         <object_component_ref idref="oc-118"/>
      </symbol>
      <symbol id="sm-c69">
         <name>FS$$MPY</name>
         <value>0x3f1ab9</value>
         <object_component_ref idref="oc-11d"/>
      </symbol>
      <symbol id="sm-c7a">
         <name>FS$$TOU</name>
         <value>0x3f244b</value>
         <object_component_ref idref="oc-122"/>
      </symbol>
      <symbol id="sm-ca6">
         <name>ULL$$MOD</name>
         <value>0x3f0be5</value>
         <object_component_ref idref="oc-127"/>
      </symbol>
      <symbol id="sm-ca7">
         <name>ULL$$DIV</name>
         <value>0x3f0bb6</value>
         <object_component_ref idref="oc-127"/>
      </symbol>
      <symbol id="sm-ca8">
         <name>LL$$MOD</name>
         <value>0x3f0b7c</value>
         <object_component_ref idref="oc-127"/>
      </symbol>
      <symbol id="sm-ca9">
         <name>LL$$DIV</name>
         <value>0x3f0b40</value>
         <object_component_ref idref="oc-127"/>
      </symbol>
      <symbol id="sm-cb8">
         <name>L$$TOFS</name>
         <value>0x3f255c</value>
         <object_component_ref idref="oc-12c"/>
      </symbol>
      <symbol id="sm-cc4">
         <name>UL$$MOD</name>
         <value>0x3f21b8</value>
         <object_component_ref idref="oc-131"/>
      </symbol>
      <symbol id="sm-cc5">
         <name>L$$MOD</name>
         <value>0x3f21a3</value>
         <object_component_ref idref="oc-131"/>
      </symbol>
      <symbol id="sm-cc6">
         <name>L$$DIV</name>
         <value>0x3f2194</value>
         <object_component_ref idref="oc-131"/>
      </symbol>
      <symbol id="sm-cc7">
         <name>UL$$DIV</name>
         <value>0x3f21b1</value>
         <object_component_ref idref="oc-131"/>
      </symbol>
      <symbol id="sm-cd6">
         <name>_copy_in</name>
         <value>0x3f22b0</value>
         <object_component_ref idref="oc-181"/>
      </symbol>
      <symbol id="sm-ce8">
         <name>_memcpy</name>
         <value>0x3f2468</value>
         <object_component_ref idref="oc-1a8"/>
      </symbol>
      <symbol id="sm-cf5">
         <name>__system_pre_init</name>
         <value>0x3f2b37</value>
         <object_component_ref idref="oc-17f"/>
      </symbol>
      <symbol id="sm-d03">
         <name>__system_post_cinit</name>
         <value>0x3f2b3e</value>
         <object_component_ref idref="oc-183"/>
      </symbol>
      <symbol id="sm-d18">
         <name>C$$EXIT</name>
         <value>0x3f2239</value>
         <object_component_ref idref="oc-208"/>
      </symbol>
      <symbol id="sm-d19">
         <name>_exit</name>
         <value>0x3f223b</value>
         <object_component_ref idref="oc-208"/>
      </symbol>
      <symbol id="sm-d1b">
         <name>___TI_cleanup_ptr</name>
         <value>0x88bc</value>
         <object_component_ref idref="oc-14c"/>
      </symbol>
      <symbol id="sm-d1c">
         <name>___TI_enable_exit_profile_output</name>
         <value>0x88ba</value>
         <object_component_ref idref="oc-14c"/>
      </symbol>
      <symbol id="sm-d1d">
         <name>_abort</name>
         <value>0x3f2239</value>
         <object_component_ref idref="oc-208"/>
      </symbol>
      <symbol id="sm-d1f">
         <name>___TI_dtors_ptr</name>
         <value>0x88be</value>
         <object_component_ref idref="oc-14c"/>
      </symbol>
      <symbol id="sm-d33">
         <name>__unlock</name>
         <value>0x86fc</value>
         <object_component_ref idref="oc-215"/>
      </symbol>
      <symbol id="sm-d34">
         <name>__lock</name>
         <value>0x85fe</value>
         <object_component_ref idref="oc-216"/>
      </symbol>
      <symbol id="sm-d35">
         <name>__register_lock</name>
         <value>0x3f2a0c</value>
         <object_component_ref idref="oc-1e1"/>
      </symbol>
      <symbol id="sm-d37">
         <name>__nop</name>
         <value>0x3f2a10</value>
         <object_component_ref idref="oc-1e1"/>
      </symbol>
      <symbol id="sm-d39">
         <name>__register_unlock</name>
         <value>0x3f2a08</value>
         <object_component_ref idref="oc-1e1"/>
      </symbol>
      <symbol id="sm-d49">
         <name>__args_main</name>
         <value>0x3f2780</value>
         <object_component_ref idref="oc-184"/>
      </symbol>
      <symbol id="sm-d58">
         <name>_memset</name>
         <value>0x3f2a6d</value>
         <object_component_ref idref="oc-28d"/>
      </symbol>
      <symbol id="sm-d6f">
         <name>_strcpy</name>
         <value>0x3f2abe</value>
         <object_component_ref idref="oc-1cd"/>
      </symbol>
      <symbol id="sm-d7d">
         <name>_strlen</name>
         <value>0x3f2a49</value>
         <object_component_ref idref="oc-2ca"/>
      </symbol>
      <symbol id="sm-d8b">
         <name>_HOSTwrite</name>
         <value>0x3f1e10</value>
         <object_component_ref idref="oc-2b8"/>
      </symbol>
      <symbol id="sm-da4">
         <name>___TI_readmsg</name>
         <value>0x3f113b</value>
         <object_component_ref idref="oc-2da"/>
      </symbol>
      <symbol id="sm-da6">
         <name>C$$IO$$</name>
         <value>0x3f1136</value>
         <object_component_ref idref="oc-2da"/>
      </symbol>
      <symbol id="sm-da7">
         <name>__CIOBUF_</name>
         <value>0x8a40</value>
         <object_component_ref idref="oc-175"/>
      </symbol>
      <symbol id="sm-da8">
         <name>___TI_writemsg</name>
         <value>0x3f10e3</value>
         <object_component_ref idref="oc-2da"/>
      </symbol>
      <symbol id="sm-db5">
         <name>_parmbuf</name>
         <value>0x8a16</value>
         <object_component_ref idref="oc-2d9"/>
      </symbol>
   </symbol_table>
   <title>Link successful</title>
</link_info>
